
> usamo-guide@0.1.0 build
> node -e "require('fs').copyFileSync('content/problems.schema.json','static/problems.schema.json')" && gatsby build

node.exe : fatal: --unshallow on a complete repository does not make sense
At line:1 char:1
+ & "C:\Program Files\nodejs/node.exe" "C:\Program Files\nodejs/node_mo ...
+ ~~~~~~~~~~~~~~~~~~~~~~~~~~~~~~~~~~~~~~~~~~~~~~~~~~~~~~~~~~~~~~~~~~~~~
    + CategoryInfo          : NotSpecified: (fatal: --unshal... not make sense 
   :String) [], RemoteException
    + FullyQualifiedErrorId : NativeCommandError
 
warn Git fetch failed. Ignore this if developing or building locally.

[2K[1A[2K[Gsuccess compile gatsby files - 4.388s

[2K[1A[2K[Gsuccess load gatsby config - 0.069s

[2K[1A[2K[Gsuccess load plugins - 1.046s

[2K[1A[2K[Gwarn gatsby-plugin-react-helmet: Gatsby now has built-in support for modifying
the document head. Learn more at https://gatsby.dev/gatsby-head

[2K[1A[2K[Gsuccess onPreInit - 0.015s

[2K[1A[2K[Gsuccess initialize cache - 0.047s

[2K[1A[2K[Gsuccess copy gatsby files - 0.345s

[2K[1A[2K[Gsuccess Compiling Gatsby Functions - 0.832s

[2K[1A[2K[Gsuccess onPreBootstrap - 0.854s

[2K[1A[2K[Gsuccess createSchemaCustomization - 0.011s

[2K[1A[2K[Gsuccess Checking for changed pages - 0.001s

[2K[1A[2K[Gsuccess source and transform nodes - 3.019s

[2K[1A[2K[Ginfo Writing GraphQL type definitions to
C:/Coding/USAMO/usaco-guide/.cache/schema.gql

[2K[1A[2K[Gsuccess building schema - 1.093s

[2K[1A[2K[G
 ERROR #11321  PLUGIN

"gatsby-node.js" threw an error while running the createPages lifecycle:

The problem
algebra-algebraic-expressions-polynomials-symmetric-functions-auto-0120 is in
both extraProblems.json and in another module at the same time. Remove this
problem from extraProblems.json.

[0m[31m[1m>[22m[39m[90m 1 |[39m [33m![39m[36mfunction[39m(e[33m,[39mt[33m,[39mn[33m,[39mr){[36mvar[39m i[33m=[39m[32m"undefined"[39m[33m!=[39m[36mtypeof[39m
globalThis[33m?[39mglobalThis[33m:[39m[32m"undefined"[39m[33m!=[39m[36mtypeof[39m self[33m?[39mself[33m:[39m[32m"undefined"[39m[33m!=[39m[36mtypeof[39m
window[33m?[39mwindow[33m:[39m[32m"undefined"[39m[33m!=[39m[36mtypeof[39m global[33m?[39mglobal[33m:[39m{}[33m,[39ms[33m=[39m[32m"function"[39m[33m==[39m[36mtypeof[39m
i[r][33m&&[39mi[r][33m,[39ma[33m=[39ms[33m.[39mcache[33m||[39m{}[33m,[39mo[33m=[39m[32m"undefined"[39m[33m!=[39m[36mtypeof[39m module[33m&&[39m[32m"function"[39m[33m==[39m[36mtypeof[39m
module[33m.[39mrequire[33m&&[39mmodule[33m.[39mrequire[33m.[39mbind(module)[33m;[39m[36mfunction[39m
u(t[33m,[39mn){[36mif[39m([33m![39ma[t]){[36mif[39m([33m![39me[t]){[36mvar[39m l[33m=[39m[32m"function"[39m[33m==[39m[36mtypeof[39m i[r][33m&&[39mi[r][33m;[39m[36mif[39m([33m![39mn[33m&&[39ml)[36mreturn[39m
l(t[33m,[39m[33m![39m[35m0[39m)[33m;[39m[36mif[39m(s)[36mreturn[39m s(t[33m,[39m[33m![39m[35m0[39m)[33m;[39m[36mif[39m(o[33m&&[39m[32m"string"[39m[33m==[39m[36mtypeof[39m t)[36mreturn[39m o(t)[33m;[39m[36mvar[39m c[33m=[39m[36mnew[39m
[33mError[39m([32m"Cannot find module '"[39m[33m+[39mt[33m+[39m[32m"'"[39m)[33m;[39m[36mthrow[39m
c[33m.[39mcode[33m=[39m[32m"MODULE_NOT_FOUND"[39m[33m,[39mc}h[33m.[39mresolve[33m=[39m[36mfunction[39m(n){[36mvar[39m r[33m=[39me[t][[35m1[39m][n][33m;[39m[36mreturn[39m
[36mnull[39m[33m!=[39mr[33m?[39mr[33m:[39mn}[33m,[39mh[33m.[39mcache[33m=[39m{}[33m;[39m[36mvar[39m p[33m=[39ma[t][33m=[39m[36mnew[39m
u[33m.[39m[33mModule[39m(t)[33m;[39me[t][[35m0[39m][33m.[39mcall(p[33m.[39mexports[33m,[39mh[33m,[39mp[33m,[39mp[33m.[39mexports[33m,[39m[36mthis[39m)}[36mreturn[39m
a[t][33m.[39mexports[33m;[39m[36mfunction[39m h(e){[36mvar[39m t[33m=[39mh[33m.[39mresolve(e)[33m;[39m[36mreturn[39m[33m![39m[35m1[39m[33m===[39mt[33m?[39m{}[33m:[39mu(t)}}u[33m.[39misParcelRe
quire[33m=[39m[33m![39m[35m0[39m[33m,[39mu[33m.[39m[33mModule[39m[33m=[39m[36mfunction[39m(e){[36mthis[39m[33m.[39mid[33m=[39me[33m,[39m[36mthis[39m[33m.[39mbundle[33m=[39mu[33m,[39m[36mthis[39m[33m.[39mexports[33m=[39m{}}[33m,[39mu[33m.[39mmodules
[33m=[39me[33m,[39mu[33m.[39mcache[33m=[39ma[33m,[39mu[33m.[39mparent[33m=[39ms[33m,[39mu[33m.[39mregister[33m=[39m[36mfunction[39m(t[33m,[39mn){e[t][33m=[39m[[36mfunction[39m(e[33m,[39mt){t[33m.[39mexports[33m=[39mn
}[33m,[39m{}]}[33m,[39m[33mObject[39m[33m.[39mdefineProperty(u[33m,[39m[32m"root"[39m[33m,[39m{[36mget[39m[33m:[39m[36mfunction[39m(){[36mreturn[39m
i[r]}})[33m,[39mi[r][33m=[39mu[33m;[39m[36mfor[39m([36mvar[39m l[33m=[39m[35m0[39m[33m;[39ml[33m<[39m[33mt[39m[33m.[39mlength[33m;[39ml[33m++[39m)u(t[l])[33m;[39m[36mif[39m(n){[36mvar[39m
c[33m=[39mu(n)[33m;[39m[32m"object"[39m[33m==[39m[36mtypeof[39m exports[33m&&[39m[32m"undefined"[39m[33m!=[39m[36mtypeof[39m
module[33m?[39mmodule[33m.[39mexports[33m=[39mc[33m:[39m[32m"function"[39m[33m==[39m[36mtypeof[39m
define[33m&&[39mdefine[33m.[39mamd[33m&&[39mdefine([36mfunction[39m(){[36mreturn[39m c})}}({li0r4[33m:[39m[[36mfunction[39m(e[33m,[39mt[33m,[39mn){[36mvar[39m
r[33m=[39me([32m"@parcel/transformer-js/src/esmodule-helpers.js"[39m)[33m,[39mi[33m=[39me([32m"child_process"[39m)[33m,[39ms[33m=[39me([32m"[39m
[32mfs"[39m)[33m,[39ma[33m=[39mr[33m.[39minteropDefault(s)[33m,[39mo[33m=[39me([32m"path"[39m)[33m,[39mu[33m=[39mr[33m.[39minteropDefault(o)[33m,[39ml[33m=[39me([32m"./content/orde[39m
[32mring"[39m)[33m,[39mc[33m=[39me([32m"./graphql-types"[39m)[33m,[39mp[33m=[39me([32m"./src/gatsby/create-xdm-node"[39m)[33m,[39mh[33m=[39me([32m"./src/mod[39m
[32mels/problem"[39m)[33m,[39md[33m=[39me([32m"path"[39m)[33m.[39mresolve(__dirname[33m,[39m[32m"../.."[39m)[33m;[39m[36mconst[39m
f[33m=[39m{[32m"1_Foundations"[39m[33m:[39m[32m"foundations"[39m[33m,[39m[32m"2_Intermediate"[39m[33m:[39m[32m"intermediate"[39m[33m,[39m[32m"3_Advanced"[39m[33m:[39m[32m"a[39m
[32mdvanced"[39m[33m,[39m[32m"4_USAMO"[39m[33m:[39m[32m"usamo"[39m}[33m;[39m[36mfunction[39m m(e){[36mconst[39m
t[33m=[39me[33m.[39mreplace([35m/\\/g[39m[33m,[39m[32m"/"[39m)[33m;[39m[36mconst[39m[n][33m=[39mt[33m.[39msplit([32m"/"[39m)[33m;[39m[36mreturn[39m f[n][33m?[39m[33m?[39m[36mnull[39m}[36mfunction[39m
g(e){[36mconst[39m t[33m=[39me[33m.[39mmatch([35m/^---\r?\n([\s\S]*?)\r?\n---/[39m)[33m;[39m[36mif[39m([33m![39mt)[36mreturn[39m [36mnull[39m[33m;[39m[36mconst[39m
n[33m=[39mt[[35m1[39m][33m.[39mmatch([35m/^id:\s*['\"]?([^'\"\n]+)['\"]?\s*$/m[39m)[33m;[39m[36mreturn[39m
n[33m?[39mn[[35m1[39m][33m.[39mtrim()[33m:[39m[36mnull[39m}[36mconst[39m x[33m=[39m[36mfunction[39m(){[36mconst[39m
e[33m=[39mu[33m.[39m[36mdefault[39m[33m.[39mjoin(d[33m,[39m[32m"content"[39m)[33m,[39mt[33m=[39m{}[33m,[39mn[33m=[39mr[33m=>[39m{[36mconst[39m
i[33m=[39ma[33m.[39m[36mdefault[39m[33m.[39mreaddirSync(r[33m,[39m{withFileTypes[33m:[39m[33m![39m[35m0[39m})[33m;[39m[36mfor[39m([36mconst[39m s [36mof[39m i){[36mconst[39m
i[33m=[39mu[33m.[39m[36mdefault[39m[33m.[39mjoin(r[33m,[39ms[33m.[39mname)[33m;[39m[36mif[39m(s[33m.[39misDirectory()){n(i)[33m;[39m[36mcontinue[39m}[36mif[39m([33m![39ms[33m.[39misFile()[33m||[39m[33m![39ms[33m.[39m
[33m[39mname[33m.[39mendsWith([32m".mdx"[39m))[36mcontinue[39m[33m;[39m[36mconst[39m
o[33m=[39mm(u[33m.[39m[36mdefault[39m[33m.[39mrelative(e[33m,[39mi))[33m;[39m[36mif[39m([33m![39mo)[36mcontinue[39m[33m;[39m[36mconst[39m
l[33m=[39mg(a[33m.[39m[36mdefault[39m[33m.[39mreadFileSync(i[33m,[39m[32m"utf8"[39m))[33m;[39ml[33m&&[39m(t[l][33m=[39mo)}}[33m;[39m[36mreturn[39m
a[33m.[39m[36mdefault[39m[33m.[39mexistsSync(e)[33m&&[39mn(e)[33m,[39mt}()[33m,[39my[33m=[39m{[33m...[39ml[33m.[39mmoduleIDToSectionMap[33m,[39m[33m...[39mx}[33m;[39m[36mlet[39m
v[33m=[39m[36mnull[39m[33m;[39m[36mfunction[39m [33mA[39m(){[36mif[39m([36mnull[39m[33m!==[39mv)[36mreturn[39m v[33m;[39m[36mtry[39m{([35m0[39m[33m,[39mi[33m.[39mexecSync)([32m"git rev-parse [39m
[32m--is-inside-work-tree"[39m[33m,[39m{stdio[33m:[39m[32m"ignore"[39m})[33m,[39mv[33m=[39m[33m![39m[35m0[39m}[36mcatch[39m{v[33m=[39m[33m![39m[35m1[39m}[36mreturn[39m
v}[36mif[39m([33mA[39m())[36mtry[39m{([35m0[39m[33m,[39mi[33m.[39mexecSync)([32m"git fetch --unshallow"[39m)}[36mcatch[39m(e){console[33m.[39mwarn([32m"Git [39m
[32mfetch failed. Ignore this if developing or building locally."[39m)}[36mlet[39m
b[33m=[39ma[33m.[39m[36mdefault[39m[33m.[39mcreateWriteStream([32m"ids.log"[39m[33m,[39m{flags[33m:[39m[32m"a"[39m})[33m;[39mn[33m.[39monCreateNode[33m=[39m[36masync[39m
e[33m=>[39m{[36mconst[39m{node[33m:[39mt[33m,[39mactions[33m:[39mn[33m,[39mloadNodeContent[33m:[39mr[33m,[39mcreateContentDigest[33m:[39ms[33m,[39mcreateNodeId[33m:[39m
[33m[39mo}[33m=[39me[33m,[39m{createNodeField[33m:[39mc[33m,[39mcreateNode[33m:[39mf[33m,[39mcreateParentChildLink[33m:[39mg}[33m=[39mn[33m;[39m[36mif[39m([32m"File"[39m[33m===[39mt[33m.[39min
ternal[33m.[39mtype[33m&&[39m[32m".mdx"[39m[33m===[39mt[33m.[39mext){[36mconst[39m n[33m=[39m[36mawait[39m
r(t)[33m,[39mi[33m=[39m[36mawait[39m([35m0[39m[33m,[39mp[33m.[39mcreateXdmNode)({id[33m:[39mo([32m`${t.id} >>> [39m
[32mXdm`[39m)[33m,[39mnode[33m:[39mt[33m,[39mcontent[33m:[39mn}[33m,[39me)[33m;[39mf(i)[33m,[39mg({parent[33m:[39mt[33m,[39mchild[33m:[39mi})}[36mconst[39m x[33m=[39m[32m"application/json"[39m
[32m[39m[33m===[39mt[33m.[39minternal[33m.[39mmediaType[33m&&[39m[32m"content"[39m[33m===[39mt[33m.[39msourceInstanceName[33m&&[39mt[33m.[39mrelativePath[33m.[39mendsWi
th([32m"extraProblems.json"[39m)[33m;[39m[36mif[39m([32m"application/json"[39m[33m===[39mt[33m.[39minternal[33m.[39mmediaType[33m&&[39m[32m"content"[39m
[32m[39m[33m===[39mt[33m.[39msourceInstanceName[33m&&[39m(t[33m.[39mrelativePath[33m.[39mendsWith([32m".problems.json"[39m)[33m||[39mx)){[36mconst[39m
e[33m=[39m[36mawait[39m r(t)[33m;[39m[36mlet[39m n[33m;[39m[36mtry[39m{n[33m=[39m[33mJSON[39m[33m.[39mparse(e)}[36mcatch[39m{[36mconst[39m e[33m=[39mt[33m.[39mabsolutePath[33m?[39m[32m`file [39m
[32m${t.absolutePath}`[39m[33m:[39m[32m`in node ${t.id}`[39m[33m;[39m[36mthrow[39m [36mnew[39m [33mError[39m([32m`Unable to parse JSON: [39m
[32m${e}`[39m)}[36mconst[39m i[33m=[39mn[33m.[39m[33mMODULE_ID[39m[33m;[39m[36mif[39m([33m![39mi[33m&&[39m[33m![39mx)[36mthrow[39m [36mnew[39m [33mError[39m([32m"Module ID not found in [39m
[32mproblem JSON file: "[39m[33m+[39mt[33m.[39mabsolutePath)[33m;[39m[36mconst[39m
a[33m=[39mm(t[33m.[39mrelativePath)[33m,[39mu[33m=[39mi[33m&&[39my[i][33m||[39ma[33m,[39mc[33m=[39mi[33m?[39m{[33m...[39my[33m,[39m[33m...[39mu[33m?[39m{[i][33m:[39mu}[33m:[39m{}}[33m:[39my[33m;[39m[36mif[39m([33m![39mx[33m&&[39m[33m![39mu)[36mthrow[39m
[36mnew[39m [33mError[39m([32m".problems.json moduleId cannot be resolved from content ordering or [39m
[32mfile path: "[39m[33m+[39mi[33m+[39m[32m", path: "[39m[33m+[39mt[33m.[39mabsolutePath)[33m;[39m[36mif[39m([33mObject[39m[33m.[39mkeys(n)[33m.[39mforEach(e[33m=>[39m{[36mif[39m([32m"MODU[39m
[32mLE_ID"[39m[33m!==[39me)[36mtry[39m{n[e][33m.[39mforEach(n[33m=>[39m{[36mif[39m([33m![39mn[33m.[39mstatement[33m||[39m[33m![39mn[33m.[39mstatement[33m.[39mtrim())[36mthrow[39m [36mnew[39m
[33mError[39m([32m`Problem "${n.uniqueId}" (${n.name}) is missing a required statement [39m
[32mfield. All problems must include their full problem statement in Markdown [39m
[32mformat. File: [39m
[32m${t.absolutePath}`[39m)[33m;[39mprocess[33m.[39menv[33m.[39m[33mCI[39m[33m&&[39mb[33m.[39mwrite(n[33m.[39muniqueId[33m+[39m[32m"\n"[39m)[33m,[39m[36mfunction[39m(e[33m,[39mn){[36mconst[39m
 r[33m=[39m{[33m...[39me[33m,[39mid[33m:[39mn[33m,[39mchildren[33m:[39m[][33m,[39mparent[33m:[39mt[33m.[39mid[33m,[39minternal[33m:[39m{contentDigest[33m:[39ms(e)[33m,[39mtype[33m:[39m[32m"Problem[39m
[32mInfo"[39m}}[33m;[39mf(r)[33m,[39mg({parent[33m:[39mt[33m,[39mchild[33m:[39mr})}({[33m...[39m([35m0[39m[33m,[39mh[33m.[39mgetProblemInfo)(n[33m,[39m{[33m...[39ml[33m,[39mmoduleIDToS
ectionMap[33m:[39mc})[33m,[39mmodule[33m:[39mi}[33m,[39mo([32m`${t.id} ${e} ${n.uniqueId} >>> [39m
[32mProblemInfo`[39m))})}[36mcatch[39m(t){[36mthrow[39m console[33m.[39merror([32m"Failed to create problem info [39m
[32mfor"[39m[33m,[39mn[e])[33m,[39m[36mnew[39m [33mError[39m(t)}})[33m,[39mi){[36mconst[39m e[33m=[39mo([32m`${t.id} >>> ModuleProblemLists`[39m)[33m,[39mr[33m=[39m{pro
blemLists[33m:[39m[33mObject[39m[33m.[39mkeys(n)[33m.[39mfilter(e[33m=>[39m[32m"MODULE_ID"[39m[33m!==[39me)[33m.[39mmap(e[33m=>[39m({listId[33m:[39me[33m,[39mproblems[33m:[39mn
[e][33m.[39mmap(e[33m=>[39m({[33m...[39m([35m0[39m[33m,[39mh[33m.[39mgetProblemInfo)(e[33m,[39m{[33m...[39ml[33m,[39mmoduleIDToSectionMap[33m:[39mc})}))}))[33m,[39mmodu
leId[33m:[39mi}[33m,[39ma[33m=[39m{[33m...[39mr[33m,[39mid[33m:[39me[33m,[39mchildren[33m:[39m[][33m,[39mparent[33m:[39mt[33m.[39mid[33m,[39minternal[33m:[39m{contentDigest[33m:[39ms(r)[33m,[39mtype[33m:[39m[32m"[39m
[32mModuleProblemLists"[39m}}[33m;[39mf(a)[33m,[39mg({parent[33m:[39mt[33m,[39mchild[33m:[39ma})}}[36melse[39m
[36mif[39m([32m"Xdm"[39m[33m===[39mt[33m.[39minternal[33m.[39mtype[33m&&[39mt[33m.[39mfileAbsolutePath[33m.[39mincludes([32m"content"[39m)){[36mif[39m([33m![39mt[33m.[39mfrontm
atter[33m?[39m[33m.[39mid[33m||[39m[33m![39mt[33m.[39mfrontmatter[33m?[39m[33m.[39mtitle)[36mreturn[39m[33m;[39m[36mconst[39m e[33m=[39mu[33m.[39m[36mdefault[39m[33m.[39mjoin(d[33m,[39m[32m"content"[39m)[33m,[39mn[33m=[39mu[33m.[39m
[33m[39m[36mdefault[39m[33m.[39mrelative(e[33m,[39mt[33m.[39mfileAbsolutePath)[33m,[39mr[33m=[39my[t[33m.[39mfrontmatter[33m.[39mid][33m||[39mm(n)[33m;[39m[36mif[39m([33m![39mr)[36mreturn[39m
[36mvoid[39m console[33m.[39mwarn([32m"Skipping content MDX without recognized section directory: [39m
[32m"[39m[33m+[39mt[33m.[39mabsolutePath)[33m;[39mc({name[33m:[39m[32m"division"[39m[33m,[39mnode[33m:[39mt[33m,[39mvalue[33m:[39mr})[33m;[39m[36mconst[39m
s[33m=[39m[36mfunction[39m(e){[36mif[39m([33mA[39m())[36mtry[39m{[36mreturn[39m([35m0[39m[33m,[39mi[33m.[39mexecSync)([32m`git log -1 --pretty=format:%aI [39m
[32m${e}`[39m)[33m.[39mtoString()}[36mcatch[39m{}[36mtry[39m{[36mreturn[39m
a[33m.[39m[36mdefault[39m[33m.[39mstatSync(e)[33m.[39mmtime[33m.[39mtoISOString()}[36mcatch[39m{[36mreturn[39m
[36mnull[39m}}(t[33m.[39mfileAbsolutePath)[33m;[39ms[33m&&[39mc({node[33m:[39mt[33m,[39mname[33m:[39m[32m"gitAuthorTime"[39m[33m,[39mvalue[33m:[39ms})}}[33m,[39mn[33m.[39monCre
ateWebpackConfig[33m=[39m({actions[33m:[39me})[33m=>[39m{e[33m.[39msetWebpackConfig({cache[33m:[39m[33m![39m[35m1[39m})}[33m,[39mn[33m.[39mcreatePages[33m=[39m[36ma[39m
[36msync[39m({graphql[33m:[39me[33m,[39mactions[33m:[39mt[33m,[39mreporter[33m:[39mn})[33m=>[39m{[36mconst[39m{createPage[33m:[39mr[33m,[39mcreateRedirect[33m:[39mi}[33m=[39mt[33m;[39m
[33m[39m(a[33m.[39m[36mdefault[39m[33m.[39mreadFileSync([32m"./src/redirects.txt"[39m)[33m+[39m[32m""[39m)[33m.[39msplit([32m"\n"[39m)[33m.[39mfilter(e[33m=>[39m[32m""[39m[33m!=[39me)[33m.[39m
[33m[39mfilter(e[33m=>[39m[32m"#"[39m[33m!==[39me[33m.[39mcharAt([35m0[39m))[33m.[39mmap(e[33m=>[39m{[36mconst[39m t[33m=[39me[33m.[39msplit([32m"\t"[39m)[33m;[39m[36mreturn[39m{[36mfrom[39m[33m:[39mt[[35m0[39m][33m,[39mto[33m:[39mt
[[35m1[39m]}})[33m.[39mforEach(({[36mfrom[39m[33m:[39me[33m,[39mto[33m:[39mt})[33m=>[39m{i({fromPath[33m:[39me[33m,[39mtoPath[33m:[39mt[33m,[39misPermanent[33m:[39m[33m![39m[35m0[39m})})[33m;[39m[36mconst[39m
 s[33m=[39m[36mawait[39m e([32m'\n    query CreatePagesQuery {\n      modules: allXdm(\n        [39m
[32mfilter: {\n          fileAbsolutePath: { regex: "/content/" }\n          fields:[39m
[32m { division: { ne: null } }\n        }\n      ) {\n        edges {\n          [39m
[32mnode {\n            frontmatter {\n              id\n              redirects\n  [39m
[32m            prerequisites\n            }\n            fields {\n              [39m
[32mdivision\n            }\n            fileAbsolutePath\n          }\n        }\n [39m
[32m     }\n      problems: allProblemInfo {\n        edges {\n          node {\n   [39m
[32m         uniqueId\n            name\n            url\n            tags\n        [39m
[32m    source\n            solution {\n              kind\n              label\n   [39m
[32m           labelTooltip\n              sketch\n              url\n              [39m
[32mhasHints\n            }\n            difficulty\n            module {\n         [39m
[32m     frontmatter {\n                id\n              }\n            }\n        [39m
[32m  }\n        }\n      }\n    }\n  '[39m)[33m;[39m[36mif[39m(s[33m.[39merrors)[36mreturn[39m [36mvoid[39m n[33m.[39mpanicOnBuild([32m'≡ƒÜ¿
[39mERROR: Loading "createPages" query'[39m)[33m;[39m[36mconst[39m o[33m=[39ms[33m.[39mdata[33m.[39mproblems[33m.[39medges[33m;[39m[36mlet[39m
[23mc[33m=[39m{}[33m,[39mp[33m=[39m{}[33m,[39md[33m=[39m{}[33m,[39mf[33m=[39m[[32m"https://usamoguide.com/"[39m][33m;[39mo[33m.[39mforEach(({node[33m:[39me})[33m=>[39m{[36mlet[39m
[23mt[33m=[39m([35m0[39m[33m,[39mh[33m.[39mgetProblemURL)(e)[33m;[39m[36mif[39m(c[33m.[39mhasOwnProperty(t)[33m&&[39mc[t][33m!==[39me[33m.[39muniqueId)[36mthrow[39m [36mnew[39m
[23m[33mError[39m([32m`The problems ${c[t]} and ${e.uniqueId} have the same
[23mslugs!`[39m)[33m;[39m[36mif[39m(p[33m.[39mhasOwnProperty(e[33m.[39muniqueId)){[36mconst[39m
[23mt[33m=[39me[33m,[39mn[33m=[39mp[e[33m.[39muniqueId][33m;[39m[36mif[39m([33m![39mt[33m.[39mmodule[33m||[39m[33m![39mn[33m.[39mmodule)[36mthrow[39m [36mnew[39m [33mError[39m([32m`The problem
[23m${e.uniqueId} is in both extraProblems.json and in another module at the same
[23mtime. Remove this problem from extraProblems.json.`[39m)[33m;[39m[36mif[39m(t[33m.[39mname[33m!==[39mn[33m.[39mname[33m||[39mt[33m.[39murl[33m!=
[23m=[39mn[33m.[39murl[33m||[39mt[33m.[39msource[33m!==[39mn[33m.[39msource)[36mthrow[39m [36mnew[39m [33mError[39m([32m`The problem ${e.uniqueId} appears
[23min both ${e.module.frontmatter.id} and ${p[e.uniqueId].module.frontmatter.id}
[23mbut has different information! They need to have the same name / url / source.`[39m)
[23m}[36mif[39m(d[33m.[39mhasOwnProperty(e[33m.[39murl)[33m&&[39md[e[33m.[39murl][33m!==[39me[33m.[39muniqueId[33m&&[39m[33m![39mf[33m.[39mincludes(e[33m.[39murl))[36mthrow[39m [36mnew[39m
[23m [33mError[39m([32m`The URL ${e.url} is assigned to both problem unique ID ${d[e.url]} and
[23m${e.uniqueId}. Is this correct? (If this is correct, add the URL to
[23m\`urlsThatCanHaveMultipleUniqueIDs\` in
[23mgatsby-node.ts)`[39m)[33m;[39mc[t][33m=[39me[33m.[39muniqueId[33m,[39mp[e[33m.[39muniqueId][33m=[39me[33m,[39md[e[33m.[39murl][33m=[39me[33m.[39muniqueId})[33m;[39m[36mconst[39m
[23mm[33m=[39mu[33m.[39m[36mdefault[39m[33m.[39mresolve([32m"./src/templates/problemTemplate.tsx"[39m)[33m,[39mg[33m=[39m[36mnew[39m
[23m[33mSet[39m[33m;[39mo[33m.[39mforEach(({node[33m:[39me})[33m=>[39m{g[33m.[39mhas(e[33m.[39muniqueId)[33m||[39m(g[33m.[39madd(e[33m.[39muniqueId)[33m,[39mr({path[33m:[39m([35m0[39m[33m,[39mh[33m.[39mge
[23mtProblemURL)(e)[33m,[39mcomponent[33m:[39mm[33m,[39mcontext[33m:[39m{uniqueId[33m:[39me[33m.[39muniqueId}}))})[33m;[39m[36mconst[39m
[23mx[33m=[39mu[33m.[39m[36mdefault[39m[33m.[39mresolve([32m"./src/templates/moduleTemplate.tsx"[39m)[33m;[39ms[33m.[39mdata[33m.[39mmodules[33m.[39medges[33m.[39mf
[23morEach(({node[33m:[39me})[33m=>[39m{[36mif[39m([33m![39me[33m.[39mfields[33m?[39m[33m.[39mdivision)[36mreturn[39m[33m;[39m[36mconst[39m t[33m=[39m[32m`/${e.fields.division}
[23m/${e.frontmatter.id}`[39m[33m;[39m[36mif[39m(e[33m.[39mfrontmatter[33m.[39mredirects[33m&&[39me[33m.[39mfrontmatter[33m.[39mredirects[33m.[39mforEac
[23mh(e[33m=>[39m{i({fromPath[33m:[39me[33m,[39mtoPath[33m:[39mt[33m,[39mredirectInBrowser[33m:[39m[33m![39m[35m0[39m[33m,[39misPermanent[33m:[39m[33m![39m[35m0[39m})})[33m,[39mr({path[33m:[39mt[33m,[39mc
[23momponent[33m:[39mx[33m,[39mcontext[33m:[39m{id[33m:[39me[33m.[39mfrontmatter[33m.[39mid}})[33m,[39me[33m.[39mfrontmatter[33m.[39mprerequisites)[36mfor[39m([36mconst[39m
[23m t [36mof[39m e[33m.[39mfrontmatter[33m.[39mprerequisites)t [36min[39m y[33m||[39mconsole[33m.[39mwarn([32m"Module
[23m"[39m[33m+[39me[33m.[39mfileAbsolutePath[33m+[39m[32m': Prerequisite "'[39m[33m+[39mt[33m+[39m[32m'" is not a module'[39m)})[33m;[39m[36mconst[39m
[23mv[33m=[39mu[33m.[39m[36mdefault[39m[33m.[39mresolve([32m"./src/templates/syllabusTemplate.tsx"[39m)[33m;[39ml[33m.[39m[33mSECTIONS[39m[33m.[39mforEach(e
[23m[33m=>[39m{r({path[33m:[39m[32m`/${e}`[39m[33m,[39mcomponent[33m:[39mv[33m,[39mcontext[33m:[39m{division[33m:[39me}})})}[33m,[39mn[33m.[39mcreateSchemaCustomiza
[23mtion[33m=[39m({actions[33m:[39me})[33m=>[39m{[36mconst[39m{createTypes[33m:[39mt}[33m=[39me[33m;[39mt(c[33m.[39mtypeDefs)}[33m,[39mn[33m.[39monCreateWebpackConf
[23mig[33m=[39m({actions[33m:[39me[33m,[39mstage[33m:[39mt[33m,[39mloaders[33m:[39mn[33m,[39mplugins[33m:[39mr})[33m=>[39m{e[33m.[39msetWebpackConfig({resolve[33m:[39m{alia
[23ms[33m:[39m{path[33m:[39mu[33m.[39m[36mdefault[39m[33m.[39mresolve([32m"path-browserify"[39m)}[33m,[39mfallback[33m:[39m{fs[33m:[39m[33m![39m[35m1[39m}}[33m,[39mmodule[33m:[39m{rules[33m:[39m[{
[23mtest[33m:[39m[35m/\.mdx$/[39m[33m,[39muse[33m:[39m[n[33m.[39mjs()[33m,[39m{loader[33m:[39mu[33m.[39m[36mdefault[39m[33m.[39mresolve(d[33m,[39m[32m"src/gatsby/webpack-xdm.js
[23m"[39m)[33m,[39moptions[33m:[39m{}}]}]}})[33m,[39m[32m"build-javascript"[39m[33m!==[39mt[33m&&[39m[32m"develop"[39m[33m!==[39mt[33m||[39me[33m.[39msetWebpackConfig({
[23mplugins[33m:[39m[r[33m.[39mprovide({process[33m:[39m[32m"process/browser"[39m})]})[33m,[39m[32m"develop"[39m[33m===[39mt[33m&&[39me[33m.[39msetWebpackCo
[23mnfig({cache[33m:[39m[33m![39m[35m1[39m[33m,[39mdevServer[33m:[39m{hot[33m:[39m[33m![39m[35m1[39m[33m,[39mliveReload[33m:[39m[33m![39m[35m0[39m}})[33m,[39m[32m"build-html"[39m[33m!==[39mt[33m&&[39m[32m"develop-htm
[23ml"[39m[33m!==[39mt[33m||[39me[33m.[39msetWebpackConfig({module[33m:[39m{rules[33m:[39m[]}})}[33m,[39mn[33m.[39monPostBuild[33m=[39m[36masync[39m({graphql[33m:[39me[33m,
[23m[39mreporter[33m:[39mt})[33m=>[39m{[36mconst[39m n[33m=[39m[36mawait[39m e([32m"\n    query SitemapQuery {\n      site {\n
[23m  siteMetadata {\n          siteUrl\n        }\n      }\n      allSitePage {\n
[23m      nodes {\n          path\n        }\n      }\n    }\n
[23m"[39m)[33m;[39m[36mif[39m(n[33m.[39merrors)[36mreturn[39m [36mvoid[39m t[33m.[39mpanicOnBuild([32m"Failed to generate sitemap."[39m)[33m;[39m[36mconst[39m
[23mr[33m=[39mprocess[33m.[39menv[33m.[39m[33mSITE_URL[39m[33m||[39m(process[33m.[39menv[33m.[39m[33mVERCEL_BRANCH_URL[39m[33m?[39m[32m`https://${process.env.VE
[23mRCEL_BRANCH_URL}`[39m[33m:[39m[32m""[39m)[33m||[39m(process[33m.[39menv[33m.[39m[33mVERCEL_URL[39m[33m?[39m[32m`https://${process.env.VERCEL_URL
[23m}`[39m[33m:[39m[32m""[39m)[33m||[39m(process[33m.[39menv[33m.[39m[33mVERCEL_PROJECT_PRODUCTION_URL[39m[33m?[39m[32m`https://${process.env.VERCEL
[23m_PROJECT_PRODUCTION_URL}`[39m[33m:[39m[32m""[39m)[33m||[39m[32m"http://localhost:8000"[39m[33m||[39mn[33m.[39mdata[33m?[39m[33m.[39msite[33m?[39m[33m.[39msiteMetada
[23mta[33m?[39m[33m.[39msiteUrl[33m,[39mi[33m=[39m(n[33m.[39mdata[33m?[39m[33m.[39mallSitePage[33m?[39m[33m.[39mnodes[33m||[39m[])[33m.[39mmap(e[33m=>[39me[33m?[39m[33m.[39mpath)[33m.[39mfilter([33mBoolean[39m)[33m.[39mf
[23milter(e[33m=>[39m[33m![39me[33m.[39mstartsWith([32m"/api/"[39m)[33m&&[39m[32m"/dev-404-page/"[39m[33m!==[39me)[33m,[39ms[33m=[39m[33mArray[39m[33m.[39m[36mfrom[39m([36mnew[39m
[23m[33mSet[39m(i))[33m,[39mo[33m=[39m[[32m'<?xml version="1.0" encoding="UTF-8"?>'[39m[33m,[39m[32m'<urlset xmlns="http://www.s
[23mitemaps.org/schemas/sitemap/0.9">'[39m[33m,[39m[33m...[39m(s[33m.[39mlength[33m?[39ms[33m:[39m[[32m"/"[39m])[33m.[39mmap(e[33m=>[39m[32m`
[23m<url><loc>${r}${e}</loc></url>`[39m)[33m,[39m[32m"</urlset>"[39m][33m,[39ml[33m=[39mu[33m.[39m[36mdefault[39m[33m.[39mjoin(process[33m.[39mcwd()[33m,[39m[32m"pu
[23mblic"[39m)[33m;[39ma[33m.[39m[36mdefault[39m[33m.[39mexistsSync(l)[33m||[39ma[33m.[39m[36mdefault[39m[33m.[39mmkdirSync(l[33m,[39m{recursive[33m:[39m[33m![39m[35m0[39m})[33m,[39ma[33m.[39m[36mdefault[39m[33m.
[23m[39mwriteFileSync(u[33m.[39m[36mdefault[39m[33m.[39mjoin(l[33m,[39m[32m"sitemap.xml"[39m)[33m,[39mo[33m.[39mjoin([32m"\n"[39m))[33m,[39mt[33m.[39minfo([32m`Sitemap
[23mwritten to ${u.default.join(l,"sitemap.xml")}`[39m)}}[33m,[39m{[32m"./content/ordering"[39m[33m:[39m[32m"f3k4J"[39m[33m,
[23m[39m[32m"./graphql-types"[39m[33m:[39m[32m"cNUjC"[39m[33m,[39m[32m"./src/gatsby/create-xdm-node"[39m[33m:[39m[32m"kO1Iz"[39m[33m,[39m[32m"./src/models/p
[23mroblem"[39m[33m:[39m[32m"8fvLR"[39m[33m,[39m[32m"@parcel/transformer-js/src/esmodule-helpers.js"[39m[33m:[39m[32m"iuhht"[39m}][33m,[39mf3k4J
[23m[33m:[39m[[36mfunction[39m(e[33m,[39mt[33m,[39mn){[36mvar[39m
[23mr[33m=[39me([32m"@parcel/transformer-js/src/esmodule-helpers.js"[39m)[33m;[39mr[33m.[39mdefineInteropFlag(n)[33m,[39mr[33m.[39m[36me
[23mxport[39m(n[33m,[39m[32m"SECTIONS"[39m[33m,[39m()[33m=>[39ms)[33m,[39mr[33m.[39m[36mexport[39m(n[33m,[39m[32m"SECTION_LABELS"[39m[33m,[39m()[33m=>[39ma)[33m,[39mr[33m.[39m[36mexport[39m(n[33m,[39m[32m"SECTION
[23m_SEO_DESCRIPTION"[39m[33m,[39m()[33m=>[39mo)[33m,[39mr[33m.[39m[36mexport[39m(n[33m,[39m[32m"SECTION_SEO_TITLES"[39m[33m,[39m()[33m=>[39mu)[33m,[39mr[33m.[39m[36mexport[39m(n[33m,[39m[32m"modu
[23mleIDToSectionMap"[39m[33m,[39m()[33m=>[39ml)[33m,[39mr[33m.[39m[36mexport[39m(n[33m,[39m[32m"moduleIDToURLMap"[39m[33m,[39m()[33m=>[39mc)[33m;[39m[36mconst[39m
[23mi[33m=[39m{foundations[33m:[39m[{name[33m:[39m[32m"Arithmetic"[39m[33m,[39mdescription[33m:[39m[32m"Speed, mental math, and fluency
[23mwith core numerical operations."[39m[33m,[39mitems[33m:[39m[[32m"arithmetic-nt-basics"[39m[33m,[39m[32m"fraction-decimal
[23m-percent"[39m[33m,[39m[32m"proportional-reasoning"[39m[33m,[39m[32m"kinematics-rates"[39m[33m,[39m[32m"estimation-bounding"[39m[33m,[39m[32m"abs
[23molute-value-integers"[39m]}[33m,[39m{name[33m:[39m[32m"Data"[39m[33m,[39mdescription[33m:[39m[32m"Interpreting data, central
[23mtendency, and organizing information
[23mvisually."[39m[33m,[39mitems[33m:[39m[[32m"mean-median-mode-harmonic"[39m[33m,[39m[32m"chart-graph-interpretation"[39m[33m,[39m[32m"venn
[23m-diagrams-sets"[39m]}[33m,[39m{name[33m:[39m[32m"Algebra"[39m[33m,[39mdescription[33m:[39m[32m"Translating problems into
[23mequations, solving systems, and pattern recognition."[39m[33m,[39mitems[33m:[39m[[32m"algebra-basics"[39m[33m,[39m[32m"w
[23mord-problems"[39m[33m,[39m[32m"word-problem-translation"[39m[33m,[39m[32m"linear-equations-inequalities"[39m[33m,[39m[32m"system
[23ms-equations"[39m[33m,[39m[32m"defined-operations"[39m[33m,[39m[32m"arithmetic-sequences"[39m[33m,[39m[32m"exponent-rules"[39m[33m,[39m[32m"polyn
[23momial-factoring-identities"[39m[33m,[39m[32m"quadratic-identities"[39m[33m,[39m[32m"cubic-factorizations"[39m[33m,[39m[32m"sfft-
[23mfactoring"[39m[33m,[39m[32m"extremal-principle"[39m[33m,[39m[32m"quadratic-formula"[39m[33m,[39m[32m"substitution-techniques"[39m[33m,[39m[32m"g
[23meometric-sequences"[39m]}[33m,[39m{name[33m:[39m[32m"Geometry"[39m[33m,[39mdescription[33m:[39m[32m"Angles, triangles, circles,
[23mand spatial reasoning for contest problems."[39m[33m,[39mitems[33m:[39m[[32m"geometry-basics"[39m[33m,[39m[32m"angle-cha
[23msing-parallel-lines"[39m[33m,[39m[32m"triangle-fundamentals"[39m[33m,[39m[32m"right-triangles"[39m[33m,[39m[32m"triangle-congrue
[23mnce-similarty"[39m[33m,[39m[32m"special-quadrilaterals"[39m[33m,[39m[32m"circle-angles"[39m[33m,[39m[32m"composite-figures-shade
[23md-areas"[39m[33m,[39m[32m"coordinate-geometry-basics"[39m[33m,[39m[32m"triangle-angle-sum"[39m[33m,[39m[32m"triangle-area-formul
[23mas"[39m[33m,[39m[32m"special-triangles"[39m[33m,[39m[32m"special-right-triangles"[39m[33m,[39m[32m"similarity-basics"[39m[33m,[39m[32m"proportio
[23mnality-thales"[39m[33m,[39m[32m"line-equations"[39m]}[33m,[39m{name[33m:[39m[32m"Number Theory"[39m[33m,[39mdescription[33m:[39m[32m"Primes,
[23mdivisibility, modular arithmetic, and integer
[23mproperties."[39m[33m,[39mitems[33m:[39m[[32m"divisibility-primes"[39m[33m,[39m[32m"divisibility-rules"[39m[33m,[39m[32m"gcd-and-lcm"[39m[33m,[39m[32m"di
[23mvisor-counting-formulas"[39m[33m,[39m[32m"modular-arithmetic-intro"[39m[33m,[39m[32m"units-digit-periodicity"[39m[33m,[39m[32m"b
[23mase-number-systems"[39m[33m,[39m[32m"linear-diophantine-equations"[39m]}[33m,[39m{name[33m:[39m[32m"Combinatorics and
[23mProbability"[39m[33m,[39mdescription[33m:[39m[32m"Counting techniques, probability fundamentals, and
[23mstrategic enumeration."[39m[33m,[39mitems[33m:[39m[[32m"counting-fundamentals"[39m[33m,[39m[32m"permutations-combination
[23ms"[39m[33m,[39m[32m"systematic-casework"[39m[33m,[39m[32m"complementary-counting"[39m[33m,[39m[32m"intro-probability"[39m[33m,[39m[32m"geometric
[23m-probability-intro"[39m[33m,[39m[32m"inclusion-exclusion"[39m[33m,[39m[32m"stars-and-bars"[39m[33m,[39m[32m"pascals-triangle-bin
[23momial-theorem"[39m[33m,[39m[32m"pigeonhole-principles"[39m]}][33m,[39mintermediate[33m:[39m[{name[33m:[39m[32m"Advanced
[23mAlgebra"[39m[33m,[39mdescription[33m:[39m[32m"Quadratics, systems, and polynomial identities for AMC
[23m10/12."[39m[33m,[39mitems[33m:[39m[[32m"advanced-algebra"[39m[33m,[39m[32m"higher-power-factorizations"[39m[33m,[39m[32m"sophie-germain-
[23midentity"[39m[33m,[39m[32m"newton-sums"[39m[33m,[39m[32m"symmetric-polynomials"[39m[33m,[39m[32m"symmetric-identity"[39m[33m,[39m[32m"sum-formul
[23mas-powers"[39m[33m,[39m[32m"vieta-formulas"[39m[33m,[39m[32m"polynomial-manipulations"[39m[33m,[39m[32m"telescoping"[39m]}[33m,[39m{name[33m:[39m[32m"Fu
[23mnctional Equations"[39m[33m,[39mdescription[33m:[39m[32m"Standard substitutions and symmetry-based
[23mapproaches."[39m[33m,[39mitems[33m:[39m[[32m"functional-equations"[39m]}[33m,[39m{name[33m:[39m[32m"Counting &
[23mCasework"[39m[33m,[39mdescription[33m:[39m[32m"Multi-step counting with careful case analysis."[39m[33m,[39mitems[33m:[39m[[32m"
[23madvanced-counting"[39m]}[33m,[39m{name[33m:[39m[32m"Probability"[39m[33m,[39mdescription[33m:[39m[32m"Conditional probability,
[23mgeometric probability, and expected value."[39m[33m,[39mitems[33m:[39m[[32m"probability-intermediate"[39m[33m,[39m[32m"g
[23meometric-probability"[39m[33m,[39m[32m"expected-value"[39m]}[33m,[39m{name[33m:[39m[32m"Number
[23mTheory"[39m[33m,[39mdescription[33m:[39m[32m"Modular arithmetic, CRT, and divisibility
[23mtechniques."[39m[33m,[39mitems[33m:[39m[[32m"modular-arithmetic"[39m[33m,[39m[32m"number-theory-intermediate"[39m[33m,[39m[32m"chinese-r
[23memainder-theorem"[39m[33m,[39m[32m"chicken-mcnugget"[39m]}[33m,[39m{name[33m:[39m[32m"Euclidean
[23mGeometry"[39m[33m,[39mdescription[33m:[39m[32m"Circle theorems, power of a point, and cyclic
[23mquadrilaterals."[39m[33m,[39mitems[33m:[39m[[32m"euclidean-geometry"[39m[33m,[39m[32m"power-of-a-point"[39m[33m,[39m[32m"cyclic-quadrila
[23mterals"[39m[33m,[39m[32m"tangent-lines"[39m[33m,[39m[32m"tangent-circles"[39m[33m,[39m[32m"arc-and-chord"[39m[33m,[39m[32m"triangle-medians-cent
[23mroid"[39m[33m,[39m[32m"angle-bisectors"[39m[33m,[39m[32m"altitudes-orthocenter"[39m]}[33m,[39m{name[33m:[39m[32m"Coordinate
[23mGeometry"[39m[33m,[39mdescription[33m:[39m[32m"Analytic methods, Shoelace formula, and coordinate-based
[23mproofs."[39m[33m,[39mitems[33m:[39m[[32m"coordinate-geometry"[39m[33m,[39m[32m"shoelace-formula"[39m]}[33m,[39m{name[33m:[39m[32m"Inequalities"[39m[33m,
[23m[39mdescription[33m:[39m[32m"Algebraic and geometric inequality
[23mtechniques."[39m[33m,[39mitems[33m:[39m[[32m"inequalities"[39m[33m,[39m[32m"amgm-inequality"[39m[33m,[39m[32m"cauchy-schwarz"[39m[33m,[39m[32m"inequalit
[23mies-foundations"[39m]}[33m,[39m{name[33m:[39m[32m"Sequences & Series"[39m[33m,[39mdescription[33m:[39m[32m"Convergence,
[23mrecursive formulas, and summation methods."[39m[33m,[39mitems[33m:[39m[[32m"sequences-series"[39m]}[33m,[39m{name[33m:[39m[32m"T
[23mrigonometry"[39m[33m,[39mdescription[33m:[39m[32m"Identities, equations, and unit circle
[23mapplications."[39m[33m,[39mitems[33m:[39m[[32m"trig-unit-circle"[39m[33m,[39m[32m"trig-identities"[39m[33m,[39m[32m"trig-angle-addition"
[23m[39m[33m,[39m[32m"trig-product-sum"[39m[33m,[39m[32m"trig-equations"[39m[33m,[39m[32m"trig-inverse-functions"[39m[33m,[39m[32m"trig-triangle-law
[23ms"[39m[33m,[39m[32m"trig-patterns"[39m[33m,[39m[32m"law-of-sines"[39m[33m,[39m[32m"law-of-cosines"[39m]}[33m,[39m{name[33m:[39m[32m"Complex
[23mNumbers"[39m[33m,[39mdescription[33m:[39m[32m"Algebraic and geometric interpretation of complex
[23mnumbers."[39m[33m,[39mitems[33m:[39m[[32m"complex-basics"[39m[33m,[39m[32m"complex-algebra"[39m[33m,[39m[32m"complex-conjugates"[39m[33m,[39m[32m"comple
[23mx-plane"[39m[33m,[39m[32m"complex-polar-form"[39m[33m,[39m[32m"complex-geometry"[39m[33m,[39m[32m"roots-of-unity"[39m[33m,[39m[32m"roots-of-unit
[23my-advanced"[39m[33m,[39m[32m"complex-trigonometry"[39m]}[33m,[39m{name[33m:[39m[32m"Geometry
[23mExtensions"[39m[33m,[39mdescription[33m:[39m[32m"Additional geometric structures."[39m[33m,[39mitems[33m:[39m[[32m"regular-polyg
[23mons"[39m[33m,[39m[32m"three-d-geometry"[39m]}][33m,[39madvanced[33m:[39m[{name[33m:[39m[32m"Strong Number
[23mTheory"[39m[33m,[39mdescription[33m:[39m[32m"Lifting the exponent, orders, and deeper divisibility
[23marguments."[39m[33m,[39mitems[33m:[39m[[32m"number-theory-advanced"[39m]}[33m,[39m{name[33m:[39m[32m"Advanced
[23mCounting"[39m[33m,[39mdescription[33m:[39m[32m"Generating functions, bijections, and harder
[23mcombinatorial arguments."[39m[33m,[39mitems[33m:[39m[[32m"counting-advanced"[39m]}[33m,[39m{name[33m:[39m[32m"Polynomials &
[23mRoots"[39m[33m,[39mdescription[33m:[39m[32m"Root bounding, irreducibility, and polynomial
[23mmanipulation."[39m[33m,[39mitems[33m:[39m[[32m"polynomials-roots"[39m]}[33m,[39m{name[33m:[39m[32m"Complex
[23mNumbers"[39m[33m,[39mdescription[33m:[39m[32m"Advanced complex number techniques for AIME geometry and
[23malgebra."[39m[33m,[39mitems[33m:[39m[[32m"complex-numbers"[39m]}[33m,[39m{name[33m:[39m[32m"Advanced
[23mGeometry"[39m[33m,[39mdescription[33m:[39m[32m"Projective methods, inversions, homothety, and spiral
[23msimilarity."[39m[33m,[39mitems[33m:[39m[[32m"geometry-advanced"[39m[33m,[39m[32m"sphere-geometry"[39m[33m,[39m[32m"angle-chasing"[39m[33m,[39m[32m"homot
[23mhety-spiral-similarity"[39m]}[33m,[39m{name[33m:[39m[32m"Trig in Contests"[39m[33m,[39mdescription[33m:[39m[32m"Contest-specific
[23m trig tricks and identities."[39m[33m,[39mitems[33m:[39m[[32m"trig-contests"[39m]}[33m,[39m{name[33m:[39m[32m"Inequalities (AIME
[23m Level)"[39m[33m,[39mdescription[33m:[39m[32m"Multi-variable and advanced inequality
[23mmethods."[39m[33m,[39mitems[33m:[39m[[32m"inequalities-advanced"[39m]}[33m,[39m{name[33m:[39m[32m"Generating
[23mFunctions"[39m[33m,[39mdescription[33m:[39m[32m"Using formal power series to solve counting
[23mproblems."[39m[33m,[39mitems[33m:[39m[[32m"generating-functions"[39m]}[33m,[39m{name[33m:[39m[32m"Functional Equations
[23m(AIME)"[39m[33m,[39mdescription[33m:[39m[32m"Harder functional equations requiring injectivity and
[23mCauchy-type
[23manalysis."[39m[33m,[39mitems[33m:[39m[[32m"functional-equations-advanced"[39m]}][33m,[39musamo[33m:[39m[{name[33m:[39m[32m"Proof
[23mWriting"[39m[33m,[39mitems[33m:[39m[[32m"proof-writing-basics"[39m]}[33m,[39m{name[33m:[39m[32m"Induction and Extremal
[23mPrinciple"[39m[33m,[39mitems[33m:[39m[[32m"induction-extremal"[39m]}[33m,[39m{name[33m:[39m[32m"Graph Theory
[23m(Intro)"[39m[33m,[39mitems[33m:[39m[[32m"graph-theory-intro"[39m]}[33m,[39m{name[33m:[39m[32m"Advanced
[23mInequalities"[39m[33m,[39mitems[33m:[39m[[32m"inequalities-olympiad"[39m]}[33m,[39m{name[33m:[39m[32m"Olympiad Number
[23mTheory"[39m[33m,[39mitems[33m:[39m[[32m"olympiad-number-theory"[39m[33m,[39m[32m"vieta-root-jumping"[39m]}[33m,[39m{name[33m:[39m[32m"Olympiad
[23mGeometry"[39m[33m,[39mitems[33m:[39m[[32m"olympiad-geometry"[39m]}[33m,[39m{name[33m:[39m[32m"Strategy and
[23mWriteups"[39m[33m,[39mitems[33m:[39m[[32m"strategy-writeup"[39m]}]}[33m;[39mn[33m.[39m[36mdefault[39m[33m=[39mi[33m;[39m[36mconst[39m
[23ms[33m=[39m[33mObject[39m[33m.[39mkeys(i)[33m,[39ma[33m=[39m{foundations[33m:[39m[32m"Foundations (AMC 8)"[39m[33m,[39mintermediate[33m:[39m[32m"Intermediate
[23m (AMC 10-12)"[39m[33m,[39madvanced[33m:[39m[32m"Advanced (AIME)"[39m[33m,[39musamo[33m:[39m[32m"Olympiad
[23m(USA(J)MO)"[39m}[33m,[39mo[33m=[39m{foundations[33m:[39m[32m"AMC 8 preparation: arithmetic, data analysis,
[23malgebra, geometry, number theory, combinatorics, and
[23mprobability."[39m[33m,[39mintermediate[33m:[39m[32m"AMC 10/12 topics: algebra, functional equations,
[23mcounting, probability, number theory, geometry, inequalities, and
[23msequences."[39m[33m,[39madvanced[33m:[39m[32m"AIME-level techniques: advanced number theory, counting,
[23mpolynomials, complex numbers, geometry, trig, inequalities, and generating
[23mfunctions."[39m[33m,[39musamo[33m:[39m[32m"USAMO preparation: proof writing, induction, extremal
[23marguments, olympiad number theory and geometry, and contest
[23mstrategy."[39m}[33m,[39mu[33m=[39m{foundations[33m:[39m[32m"Foundations (AMC 8)"[39m[33m,[39mintermediate[33m:[39m[32m"Intermediate (AMC
[23m 10-12)"[39m[33m,[39madvanced[33m:[39m[32m"Advanced (AIME)"[39m[33m,[39musamo[33m:[39m[32m"Olympiad (USA(J)MO)"[39m}[33m,[39ml[33m=[39m{}[33m;[39ms[33m.[39mforEach(
[23me[33m=>[39m{i[e][33m.[39mforEach(t[33m=>[39m{t[33m.[39mitems[33m.[39mforEach(t[33m=>[39m{l[t][33m=[39me})})})[33m;[39m[36mconst[39m
[23mc[33m=[39m{}[33m;[39ms[33m.[39mforEach(e[33m=>[39m{i[e][33m.[39mforEach(t[33m=>[39m{t[33m.[39mitems[33m.[39mforEach(t[33m=>[39m{c[t][33m=[39m[32m`/${e}/${t}`[39m})})})}
[23m[33m,[39m{[32m"@parcel/transformer-js/src/esmodule-helpers.js"[39m[33m:[39m[32m"iuhht"[39m}][33m,[39miuhht[33m:[39m[[36mfunction[39m(e[33m,[39mt
[23m[33m,[39mn){n[33m.[39minteropDefault[33m=[39m[36mfunction[39m(e){[36mreturn[39m
[23me[33m&&[39me[33m.[39m__esModule[33m?[39me[33m:[39m{[36mdefault[39m[33m:[39me}}[33m,[39mn[33m.[39mdefineInteropFlag[33m=[39m[36mfunction[39m(e){[33mObject[39m[33m.[39mdefineProp
[23merty(e[33m,[39m[32m"__esModule"[39m[33m,[39m{value[33m:[39m[33m![39m[35m0[39m})}[33m,[39mn[33m.[39mexportAll[33m=[39m[36mfunction[39m(e[33m,[39mt){[36mreturn[39m
[23m[33mObject[39m[33m.[39mkeys(e)[33m.[39mforEach([36mfunction[39m(n){[32m"default"[39m[33m===[39mn[33m||[39m[32m"__esModule"[39m[33m===[39mn[33m||[39mt[33m.[39mhasOwnProp
[23merty(n)[33m||[39m[33mObject[39m[33m.[39mdefineProperty(t[33m,[39mn[33m,[39m{enumerable[33m:[39m[33m![39m[35m0[39m[33m,[39m[36mget[39m[33m:[39m[36mfunction[39m(){[36mreturn[39m
[23me[n]}})})[33m,[39mt}[33m,[39mn[33m.[39m[36mexport[39m[33m=[39m[36mfunction[39m(e[33m,[39mt[33m,[39mn){[33mObject[39m[33m.[39mdefineProperty(e[33m,[39mt[33m,[39m{enumerable[33m:[39m[33m![39m[35m0[39m[33m,[39m[36mg
[23met[39m[33m:[39mn})}}[33m,[39m{}][33m,[39mcNUjC[33m:[39m[[36mfunction[39m(e[33m,[39mt[33m,[39mn){[36mvar[39m r[33m=[39me([32m"@parcel/transformer-js/src/esmodule
[23m-helpers.js"[39m)[33m;[39mr[33m.[39mdefineInteropFlag(n)[33m,[39mr[33m.[39m[36mexport[39m(n[33m,[39m[32m"typeDefs"[39m[33m,[39m()[33m=>[39mi)[33m;[39m[36mconst[39m i[33m=[39m[32m'\n
[23m type Xdm implements Node {\n      body: String\n      fileAbsolutePath:
[23mString\n      frontmatter: XdmFrontmatter!\n      isIncomplete: Boolean\n
[23mcppOc: Int\n      javaOc: Int\n      pyOc: Int\n      toc: TableOfContents\n
[23m  mdast: String\n      fields: XdmFields\n    }\n\n    type XdmFields {\n
[23mdivision: String\n      gitAuthorTime: String\n    }\n\n    type XdmFrontmatter
[23mimplements Node {\n      id: String\n      title: String!\n      author:
[23mString\n      contributors: String\n      description: String\n
[23mprerequisites: [String]\n      redirects: [String]\n      frequency: Int\n
[23m}\n\n    type Heading {\n      depth: Int\n      value: String\n      slug:
[23mString\n    }\n\n    type TableOfContents {\n      cpp: [Heading]\n      java:
[23m[Heading]\n      py: [Heading]\n    }\n\n    type ModuleProblemLists implements
[23mNode {\n      moduleId: String\n      problemLists: [ModuleProblemList]\n
[23m}\n\n    type ModuleProblemList {\n      listId: String!\n      problems:
[23m[ModuleProblemInfo]\n    }\n\n    type ProblemInteraction {\n      type:
[23mString!\n      correct: String\n      choices: [String!]\n      correctIndex:
[23mInt\n    }\n\n    type ProblemSolutionReveal {\n      mode: String!\n      url:
[23mString\n      markdown: String\n    }\n\n    type ProblemInfo implements Node
[23m{\n      uniqueId: String!\n      name: String!\n      url: String!\n
[23msource: String!\n      sourceDescription: String\n      isStarred: Boolean!\n
[23m   difficulty: String\n      tags: [String!]!\n      solution:
[23mProblemSolutionInfo\n      statement: String\n      author: String\n
[23minteraction: ProblemInteraction!\n      solutionReveal: ProblemSolutionReveal!\n
[23m      inModule: Boolean!\n      module: Xdm @link(by: "frontmatter.id")\n
[23m}\n\n    type ModuleProblemInfo {\n      uniqueId: String!\n      name:
[23mString!\n      url: String!\n      source: String!\n      sourceDescription:
[23mString\n      isStarred: Boolean!\n      difficulty: String\n      tags:
[23m[String!]!\n      solution: ProblemSolutionInfo\n      statement: String\n
[23mauthor: String\n      interaction: ProblemInteraction!\n      solutionReveal:
[23mProblemSolutionReveal!\n    }\n\n    type ProblemSolutionInfo {\n      kind:
[23mString!\n      label: String\n      labelTooltip: String\n      url: String\n
[23m   sketch: String\n      hasHints:Boolean\n    }\n  '[39m}[33m,[39m{[32m"@parcel/transformer-js/
[23msrc/esmodule-helpers.js"[39m[33m:[39m[32m"iuhht"[39m}][33m,[39mkO1Iz[33m:[39m[[36mfunction[39m(e[33m,[39mt[33m,[39mn){[36mvar[39m
[23mr[33m=[39me([32m"@parcel/transformer-js/src/esmodule-helpers.js"[39m)[33m;[39mr[33m.[39mdefineInteropFlag(n)[33m,[39mr[33m.[39m[36me
[23mxport[39m(n[33m,[39m[32m"createXdmNode"[39m[33m,[39m()[33m=>[39m[33mO[39m)[33m;[39m[36mvar[39m i[33m=[39me([32m"gatsby-core-utils"[39m)[33m,[39ms[33m=[39me([32m"gray-matter"[39m)[33m,[39ma
[23m[33m=[39mr[33m.[39minteropDefault(s)[33m,[39mo[33m=[39me([32m"path"[39m)[33m,[39mu[33m=[39mr[33m.[39minteropDefault(o)[33m,[39ml[33m=[39me([32m"rehype-raw"[39m)[33m,[39mc[33m=[39mr[33m.[39mint
[23meropDefault(l)[33m,[39mp[33m=[39me([32m"remark-autolink-headings"[39m)[33m,[39mh[33m=[39mr[33m.[39minteropDefault(p)[33m,[39md[33m=[39me([32m"remark
[23m-external-links"[39m)[33m,[39mf[33m=[39mr[33m.[39minteropDefault(d)[33m,[39mm[33m=[39me([32m"remark-frontmatter"[39m)[33m,[39mg[33m=[39mr[33m.[39minteropDef
[23mault(m)[33m,[39mx[33m=[39me([32m"remark-gfm"[39m)[33m,[39my[33m=[39mr[33m.[39minteropDefault(x)[33m,[39mv[33m=[39me([32m"remark-math"[39m)[33m,[39m[33mA[39m[33m=[39mr[33m.[39minteropDe
[23mfault(v)[33m,[39mb[33m=[39me([32m"remark-mdx-frontmatter"[39m)[33m,[39m[33mE[39m[33m=[39me([32m"remark-slug"[39m)[33m,[39m[33mC[39m[33m=[39mr[33m.[39minteropDefault([33mE[39m)[33m,
[23m[39m[33mF[39m[33m=[39me([32m"../mdx-plugins/extract-mdast"[39m)[33m,[39mw[33m=[39mr[33m.[39minteropDefault([33mF[39m)[33m,[39mk[33m=[39me([32m"../mdx-plugins/re
[23mhype-math"[39m)[33m,[39m[33mD[39m[33m=[39mr[33m.[39minteropDefault(k)[33m,[39m[33mS[39m[33m=[39me([32m"../mdx-plugins/rehype-snippets"[39m)[33m,[39m[33mB[39m[33m=[39mr[33m.[39minte
[23mropDefault([33mS[39m)[33m,[39m_[33m=[39me([32m"../mdx-plugins/remark-toc"[39m)[33m,[39m[33mT[39m[33m=[39mr[33m.[39minteropDefault(_)[33m,[39m[33mI[39m[33m=[39me([32m"./wrap
[23mped-gatsby-img-plugin"[39m)[33m,[39m[33mP[39m[33m=[39mr[33m.[39minteropDefault([33mI[39m)[33m,[39m[33mL[39m[33m=[39me([32m"./xdm"[39m)[33m;[39m[36masync[39m [36mfunction[39m
[23m[33mO[39m({id[33m:[39me[33m,[39mnode[33m:[39mt[33m,[39mcontent[33m:[39mn}[33m,[39mr){[36mlet[39m
[23ms[33m,[39mo[33m=[39m{id[33m:[39me[33m,[39mchildren[33m:[39m[][33m,[39mparent[33m:[39mt[33m.[39mid[33m,[39minternal[33m:[39m{content[33m:[39mn[33m,[39mtype[33m:[39m[32m"Xdm"[39m}}[33m;[39m[36mconst[39m
[23ml[33m=[39m{}[33m,[39mp[33m=[39m{data[33m:[39m[36mnull[39m}[33m,[39md[33m=[39m([35m0[39m[33m,[39m[33mP[39m[33m.[39m[36mdefault[39m)({[33m...[39mr[33m,[39mxdmNode[33m:[39mo})[33m;[39m[36mtry[39m{s[33m=[39m[36mawait[39m
[23m[33mL[39m[33m.[39mxdm[33m.[39mcompile(n[33m.[39mreplace([35m/<!--/g[39m[33m,[39m[32m"{/* "[39m)[33m.[39mreplace([35m/-->/g[39m[33m,[39m[32m"*/}"[39m)[33m,[39m{remarkPlugins[33m:[39m[y[33m.
[23m[39m[36mdefault[39m[33m,[39m[[33mA[39m[33m.[39m[36mdefault[39m[33m,[39m{singleDollarTextMath[33m:[39m[33m![39m[35m0[39m}][33m,[39mg[33m.[39m[36mdefault[39m[33m,[39mb[33m.[39mremarkMdxFrontmatter[33m,[39m[
[23mw[33m.[39m[36mdefault[39m[33m,[39m{mdast[33m:[39mp}][33m,[39mf[33m.[39m[36mdefault[39m[33m,[39m[[33mT[39m[33m.[39m[36mdefault[39m[33m,[39m{tableOfContents[33m:[39ml}][33m,[39m[33mC[39m[33m.[39m[36mdefault[39m[33m,[39m[h[33m.[39m[36mdefa
[23mult[39m[33m,[39m{linkProperties[33m:[39m{ariaHidden[33m:[39m[32m"true"[39m[33m,[39mtabIndex[33m:[39m[33m-[39m[35m1[39m[33m,[39mclassName[33m:[39m[32m"anchor
[23mbefore"[39m}[33m,[39mcontent[33m:[39m{type[33m:[39m[32m"mdxJsxFlowElement"[39m[33m,[39mname[33m:[39m[32m"HeaderLink"[39m}}][33m,[39md][33m,[39mrehypePlugins
[23m[33m:[39m[[c[33m.[39m[36mdefault[39m[33m,[39m{passThrough[33m:[39m[[32m"mdxjsEsm"[39m[33m,[39m[32m"mdxFlowExpression"[39m[33m,[39m[32m"mdxTextExpression"[39m[33m,[39m[32m"m
[23mdxJsxFlowElement"[39m[33m,[39m[32m"mdxJsxTextElement"[39m]}][33m,[39m[33mD[39m[33m.[39m[36mdefault[39m[33m,[39m[33mB[39m[33m.[39m[36mdefault[39m][33m,[39moutputFormat[33m:[39m[32m"func
[23mtion-body"[39m})[33m,[39ms[33m=[39m[33mString[39m(s)}[36mcatch[39m(e){[36mthrow[39m e[33m.[39mmessage[33m+=[39m[32m`${t.absolutePath}:
[23m${e.message}`[39m[33m,[39me}[36mconst[39m{data[33m:[39mm}[33m=[39m([35m0[39m[33m,[39ma[33m.[39m[36mdefault[39m)(n)[33m,[39mx[33m=[39mt[33m.[39mabsolutePath[33m?[39mu[33m.[39m[36mdefault[39m[33m.[39mparse(
[23mt[33m.[39mabsolutePath)[33m.[39mname[33m:[39mt[33m.[39mname[33m||[39m[32m"untitled"[39m[33m,[39mv[33m=[39mx[33m.[39mtoLowerCase()[33m.[39mtrim()[33m.[39mreplace([35m/[^a-z0
[23m-9]+/g[39m[33m,[39m[32m"-"[39m)[33m.[39mreplace([35m/^-+|-+$/g[39m[33m,[39m[32m""[39m)[33m||[39m[32m"untitled"[39m[33m;[39m[36mreturn[39m m[33m.[39mtitle[33m&&[39m[32m"string"[39m[33m==[39m[36mtypeof[39m
[23mm[33m.[39mtitle[33m||[39m(m[33m.[39mtitle[33m=[39mx)[33m,[39mm[33m.[39mid[33m&&[39m[32m"string"[39m[33m==[39m[36mtypeof[39m
[23mm[33m.[39mid[33m||[39m(m[33m.[39mid[33m=[39mv)[33m,[39mo[33m=[39m{[33m...[39mo[33m,[39mbody[33m:[39ms[33m,[39mfrontmatter[33m:[39mm[33m,[39misIncomplete[33m:[39m[33m-[39m[35m1[39m[33m!==[39mn[33m.[39mindexOf([32m"<Incomp
[23mleteSection"[39m)[33m,[39mtoc[33m:[39ml[33m,[39mmdast[33m:[39mp[33m.[39mdata}[33m,[39m[32m"File"[39m[33m===[39mt[33m.[39minternal[33m.[39mtype[33m&&[39m(o[33m.[39mfileAbsolutePath[33m=
[23m[39mt[33m.[39mabsolutePath)[33m,[39mo[33m.[39minternal[33m.[39mcontentDigest[33m=[39m([35m0[39m[33m,[39mi[33m.[39mcreateContentDigest)(o)[33m,[39mo}}[33m,[39m{[32m"../m
[23mdx-plugins/extract-mdast"[39m[33m:[39m[32m"6rClf"[39m[33m,[39m[32m"../mdx-plugins/rehype-math"[39m[33m:[39m[32m"4Csp9"[39m[33m,[39m[32m"../mdx-p
[23mlugins/rehype-snippets"[39m[33m:[39m[32m"9gX3M"[39m[33m,[39m[32m"../mdx-plugins/remark-toc"[39m[33m:[39m[32m"ImfkI"[39m[33m,[39m[32m"./wrapped-g
[23matsby-img-plugin"[39m[33m:[39m[32m"hn6z2"[39m[33m,[39m[32m"./xdm"[39m[33m:[39m[32m"liXnN"[39m[33m,[39m[32m"@parcel/transformer-js/src/esmodule-h
[23melpers.js"[39m[33m:[39m[32m"iuhht"[39m}][33m,[39m[32m"6rClf"[39m[33m:[39m[[36mfunction[39m(e[33m,[39mt[33m,[39mn){t[33m.[39mexports[33m=[39m({mdast[33m:[39me})[33m=>[39mt[33m=>[39m{e[33m.[39mdata[33m=
[23m[39m[33mJSON[39m[33m.[39mstringify(t)}}[33m,[39m{}][33m,[39m[32m"4Csp9"[39m[33m:[39m[[36mfunction[39m(e[33m,[39mt[33m,[39mn){[36mconst[39m r[33m=[39me([32m"unist-util-visit"[39m)[33m.[39mv
[23misit[33m||[39me([32m"unist-util-visit"[39m)[33m,[39mi[33m=[39me([32m"katex"[39m)[33m.[39mrenderToString[33m,[39ms[33m=[39me([32m"unified"[39m)[33m,[39ma[33m=[39me([32m"rehy
[23mpe-parse"[39m)[33m,[39m{toText[33m:[39mo}[33m=[39me([32m"hast-util-to-text"[39m)[33m,[39mu[33m=[39m[33mObject[39m[33m.[39massign[33m,[39ml[33m=[39m(s()[33m.[39muse(a[33m,[39m{fragm
[23ment[33m:[39m[33m![39m[35m0[39m[33m,[39mposition[33m:[39m[33m![39m[35m1[39m})[33m,[39m[32m"rehype-katex"[39m)[33m;[39mt[33m.[39mexports[33m=[39me[33m=>[39m{[36mconst[39m
[23mt[33m=[39me[33m||[39m{}[33m,[39mn[33m=[39mt[33m.[39mthrowOnError[33m||[39m[33m![39m[35m1[39m[33m;[39m[36mreturn[39m
[23m[36mfunction[39m(e[33m,[39ms){r(e[33m,[39m[32m"element"[39m[33m,[39m[36mfunction[39m(e){[36mconst[39m r[33m=[39me[33m.[39mproperties[33m.[39mclassName[33m||[39m[][33m,[39ma[33m=[39mr[33m.[39mi
[23mncludes([32m"math-inline"[39m)[33m,[39mc[33m=[39mr[33m.[39mincludes([32m"math-display"[39m)[33m;[39m[36mif[39m([33m![39ma[33m&&[39m[33m![39mc)[36mreturn[39m[33m;[39m[36mconst[39m
[23mp[33m=[39mo(e)[33m;[39m[36mlet[39m h[33m;[39m[36mtry[39m{h[33m=[39mi(p[33m,[39mu({}[33m,[39mt[33m,[39m{displayMode[33m:[39mc[33m,[39mthrowOnError[33m:[39m[33m![39m[35m0[39m}))}[36mcatch[39m(r){[36mconst[39m
[23ma[33m=[39mn[33m?[39m[32m"fail"[39m[33m:[39m[32m"message"[39m[33m,[39mo[33m=[39m[l[33m,[39mr[33m.[39mname[33m.[39mtoLowerCase()][33m.[39mjoin([32m":"[39m)[33m;[39m[36mif[39m([32m"function"[39m[33m!=[39m[36mtypeof[39m
[23ms[a])[36mthrow[39m r[33m;[39ms[a](r[33m.[39mmessage[33m,[39me[33m.[39mposition[33m,[39mo)[33m,[39mh[33m=[39mi(p[33m,[39mu({}[33m,[39mt[33m,[39m{displayMode[33m:[39mc[33m,[39mthrowOnErr
[23mor[33m:[39m[33m![39m[35m1[39m[33m,[39mstrict[33m:[39m[32m"ignore"[39m}))}[36mif[39m([32m"div"[39m[33m===[39me[33m.[39mtagName)e[33m.[39mtagName[33m=[39m[32m"MATHDIV"[39m[33m;[39m[36melse[39m{[36mif[39m([32m"span"
[23m[39m[33m!==[39me[33m.[39mtagName)[36mthrow[39m [36mnew[39m [33mError[39m([32m"Unknown tag encountered in rehype-math.js:
[23m"[39m[33m+[39me[33m.[39mtagName)[33m;[39me[33m.[39mtagName[33m=[39m[32m"MATHSPAN"[39m}e[33m.[39mchildren[33m=[39m[{type[33m:[39m[32m"text"[39m[33m,[39mvalue[33m:[39mh}][33m,[39me[33m.[39mpropertie
[23ms[33m.[39mlatex[33m=[39mp})}}}[33m,[39m{}][33m,[39m[32m"9gX3M"[39m[33m:[39m[[36mfunction[39m(e[33m,[39mt[33m,[39mn){[32m"use strict"[39m[33m;[39m[36mconst[39m r[33m=[39me([32m"unist-util-v
[23misit"[39m)[33m.[39mvisit[33m||[39me([32m"unist-util-visit"[39m)[33m,[39mi[33m=[39m(e([32m"hast-util-to-string"[39m)[33m,[39m{[32m"Benq
[23mTemplate"[39m[33m:[39m[32m'//BeginCodeSnip{Benq Template}\n#include <bits/stdc++.h>\nusing
[23mnamespace std;\n\nusing ll = long long;\nusing db = long double; // or double,
[23mif TL is tight\nusing str = string; // yay python!\n\nusing pi =
[23mpair<int,int>;\nusing pl = pair<ll,ll>;\nusing pd = pair<db,db>;\n\nusing vi =
[23mvector<int>;\nusing vb = vector<bool>;\nusing vl = vector<ll>;\nusing vd =
[23mvector<db>;\nusing vs = vector<str>;\nusing vpi = vector<pi>;\nusing vpl =
[23mvector<pl>;\nusing vpd = vector<pd>;\n\n#define tcT template<class T\n#define
[23mtcTU tcT, class U\n// ^ lol this makes everything look weird but I\'ll try
[23mit\ntcT> using V = vector<T>;\ntcT, size_t SZ> using AR = array<T,SZ>;\ntcT>
[23musing PR = pair<T,T>;\n\n// pairs\n#define mp make_pair\n#define f
[23mfirst\n#define s second\n\n// vectors\n// oops size(x), rbegin(x), rend(x) need
[23mC++17\n#define sz(x) int((x).size())\n#define bg(x) begin(x)\n#define all(x)
[23mbg(x), end(x)\n#define rall(x) x.rbegin(), x.rend()\n#define sor(x)
[23msort(all(x))\n#define rsz resize\n#define ins insert\n#define ft
[23mfront()\n#define bk back()\n#define pb push_back\n#define eb
[23memplace_back\n#define pf push_front\n#define rtn return\n\n#define lb
[23mlower_bound\n#define ub upper_bound\ntcT> int lwb(V<T>& a, const T& b) { return
[23mint(lb(all(a),b)-bg(a)); }\n\n// loops\n#define FOR(i,a,b) for (int i = (a); i <
[23m (b); ++i)\n#define F0R(i,a) FOR(i,0,a)\n#define ROF(i,a,b) for (int i = (b)-1;
[23mi >= (a); --i)\n#define R0F(i,a) ROF(i,0,a)\n#define rep(a) F0R(_,a)\n#define
[23meach(a,x) for (auto& a: x)\n\nconst int MOD = 1e9+7; // 998244353;\nconst int MX
[23m = 2e5+5;\nconst ll INF = 1e18; // not too close to LLONG_MAX\nconst db PI =
[23macos((db)-1);\nconst int dx[4] = {1,0,-1,0}, dy[4] = {0,1,0,-1}; // for every
[23mgrid problem!!\nmt19937 rng((uint32_t)chrono::steady_clock::now().time_since_epo
[23mch().count());\ntemplate<class T> using pqg =
[23mpriority_queue<T,vector<T>,greater<T>>;\n\n// bitwise ops\n// also see
[23mhttps://gcc.gnu.org/onlinedocs/gcc/Other-Builtins.html\nconstexpr int pct(int x)
[23m { return __builtin_popcount(x); } // # of bits set\nconstexpr int bits(int x) {
[23m // assert(x >= 0); // keep C++11 compatible\n\treturn x == 0 ? 0 :
[23m31-__builtin_clz(x); } // floor(log2(x))\nconstexpr int p2(int x) { return 1<<x;
[23m }\nconstexpr int msk2(int x) { return p2(x)-1; }\n\nll cdiv(ll a, ll b) {
[23mreturn a/b+((a^b)>0&&a%b); } // divide a by b rounded up\nll fdiv(ll a, ll b) {
[23mreturn a/b-((a^b)<0&&a%b); } // divide a by b rounded down\n\ntcT> bool ckmin(T&
[23m a, const T& b) {\n\treturn b < a ? a = b, 1 : 0; } // set a = min(a,b)\ntcT>
[23mbool ckmax(T& a, const T& b) {\n\treturn a < b ? a = b, 1 : 0; }\n\ntcTU> T
[23mfstTrue(T lo, T hi, U f) {\n\thi ++; assert(lo <= hi); // assuming f is
[23mincreasing\n\twhile (lo < hi) { // find first index such that f is true\n\t\tT
[23mmid = lo+(hi-lo)/2;\n\t\tf(mid) ? hi = mid : lo = mid+1;\n\t}\n\treturn
[23mlo;\n}\ntcTU> T lstTrue(T lo, T hi, U f) {\n\tlo --; assert(lo <= hi); //
[23massuming f is decreasing\n\twhile (lo < hi) { // find first index such that f is
[23m true\n\t\tT mid = lo+(hi-lo+1)/2;\n\t\tf(mid) ? lo = mid : hi =
[23mmid-1;\n\t}\n\treturn lo;\n}\ntcT> void remDup(vector<T>& v) { // sort and
[23mremove duplicates\n\tsort(all(v)); v.erase(unique(all(v)),end(v)); }\ntcTU> void
[23m erase(T& t, const U& u) { // don\'t erase\n\tauto it = t.find(u); assert(it !=
[23mend(t));\n\tt.erase(it); } // element that doesn\'t exist from
[23m(multi)set\n\n#define tcTUU tcT, class ...U\n\ninline namespace Helpers
[23m{\n\t//////////// is_iterable\n\t// https://stackoverflow.com/questions/13830158
[23m/check-if-a-variable-type-is-iterable\n\t// this gets used only when we can call
[23m begin() and end() on that type\n\ttcT, class = void> struct is_iterable :
[23mfalse_type {};\n\ttcT> struct is_iterable<T,
[23mvoid_t<decltype(begin(declval<T>())),\n\t
[23mdecltype(end(declval<T>()))\n\t                                 >\n\t
[23m            > : true_type {};\n\ttcT> constexpr bool is_iterable_v =
[23mis_iterable<T>::value;\n\n\t//////////// is_readable\n\ttcT, class = void>
[23mstruct is_readable : false_type {};\n\ttcT> struct is_readable<T,\n\t
[23mtypename std::enable_if_t<\n\t            is_same_v<decltype(cin >>
[23mdeclval<T&>()), istream&>\n\t        >\n\t    > : true_type {};\n\ttcT>
[23mconstexpr bool is_readable_v = is_readable<T>::value;\n\n\t////////////
[23mis_printable\n\t// // https://nafe.es/posts/2020-02-29-is-printable/\n\ttcT,
[23mclass = void> struct is_printable : false_type {};\n\ttcT> struct
[23mis_printable<T,\n\t        typename std::enable_if_t<\n\t
[23mis_same_v<decltype(cout << declval<T>()), ostream&>\n\t        >\n\t    > :
[23mtrue_type {};\n\ttcT> constexpr bool is_printable_v =
[23mis_printable<T>::value;\n}\n\ninline namespace Input {\n\ttcT> constexpr bool
[23mneeds_input_v = !is_readable_v<T> && is_iterable_v<T>;\n\ttcTUU> void re(T& t,
[23mU&... u);\n\ttcTU> void re(pair<T,U>& p); // pairs\n\n\t// re: read\n\ttcT>
[23mtypename enable_if<is_readable_v<T>,void>::type re(T& x) { cin >> x; } //
[23mdefault\n\ttcT> void re(complex<T>& c) { T a,b; re(a,b); c = {a,b}; } //
[23mcomplex\n\ttcT> typename enable_if<needs_input_v<T>,void>::type re(T& i); // ex.
[23m vectors, arrays\n\ttcTU> void re(pair<T,U>& p) { re(p.f,p.s); }\n\ttcT>
[23mtypename enable_if<needs_input_v<T>,void>::type re(T& i) {\n\t\teach(x,i) re(x);
[23m }\n\ttcTUU> void re(T& t, U&... u) { re(t); re(u...); } // read
[23mmultiple\n\n\t// rv: resize and read vectors\n\tvoid rv(size_t) {}\n\ttcTUU>
[23mvoid rv(size_t N, V<T>& t, U&... u);\n\ttemplate<class...U> void rv(size_t,
[23msize_t N2, U&... u);\n\ttcTUU> void rv(size_t N, V<T>& t, U&... u)
[23m{\n\t\tt.rsz(N); re(t);\n\t\trv(N,u...); }\n\ttemplate<class...U> void
[23mrv(size_t, size_t N2, U&... u) {\n\t\trv(N2,u...); }\n\n\t// dumb shortcuts to
[23mread in ints\n\tvoid decrement() {} // subtract one from each\n\ttcTUU> void
[23mdecrement(T& t, U&... u) { --t; decrement(u...); }\n\t#define ints(...) int
[23m__VA_ARGS__; re(__VA_ARGS__);\n\t#define int1(...) ints(__VA_ARGS__);
[23mdecrement(__VA_ARGS__);\n}\n\ninline namespace ToString {\n\ttcT> constexpr bool
[23m needs_output_v = !is_printable_v<T> && is_iterable_v<T>;\n\n\t// ts: string
[23mrepresentation to print\n\ttcT> typename enable_if<is_printable_v<T>,str>::type
[23mts(T v) {\n\t\tstringstream ss; ss << fixed << setprecision(15) <<
[23mv;\n\t\treturn ss.str(); } // default\n\ttcT> str bit_vec(T t) { // bit vector
[23mto string\n\t\tstr res = "{"; F0R(i,sz(t)) res += ts(t[i]);\n\t\tres += "}";
[23mreturn res; }\n\tstr ts(V<bool> v) { return bit_vec(v); }\n\ttemplate<size_t SZ>
[23m str ts(bitset<SZ> b) { return bit_vec(b); } // bit vector\n\ttcTU> str
[23mts(pair<T,U> p); // pairs\n\ttcT> typename
[23menable_if<needs_output_v<T>,str>::type ts(T v); // vectors, arrays\n\ttcTU> str
[23mts(pair<T,U> p) { return "("+ts(p.f)+", "+ts(p.s)+")"; }\n\ttcT> typename
[23menable_if<is_iterable_v<T>,str>::type ts_sep(T v, str sep) {\n\t\t// convert
[23mcontainer to string w/ separator sep\n\t\tbool fst = 1; str res = "";\n\t\tfor
[23m(const auto& x: v) {\n\t\t\tif (!fst) res += sep;\n\t\t\tfst = 0; res +=
[23mts(x);\n\t\t}\n\t\treturn res;\n\t}\n\ttcT> typename
[23menable_if<needs_output_v<T>,str>::type ts(T v) {\n\t\treturn "{"+ts_sep(v,",
[23m")+"}"; }\n\n\t// for nested DS\n\ttemplate<int, class T> typename
[23menable_if<!needs_output_v<T>,vs>::type\n\t  ts_lev(const T& v) { return {ts(v)};
[23m }\n\ttemplate<int lev, class T> typename
[23menable_if<needs_output_v<T>,vs>::type\n\t  ts_lev(const T& v) {\n\t\tif (lev ==
[23m0 || !sz(v)) return {ts(v)};\n\t\tvs res;\n\t\tfor (const auto& t: v)
[23m{\n\t\t\tif (sz(res)) res.bk += ",";\n\t\t\tvs tmp =
[23mts_lev<lev-1>(t);\n\t\t\tres.ins(end(res),all(tmp));\n\t\t}\n\t\tF0R(i,sz(res))
[23m{\n\t\t\tstr bef = " "; if (i == 0) bef = "{";\n\t\t\tres[i] =
[23mbef+res[i];\n\t\t}\n\t\tres.bk += "}";\n\t\treturn res;\n\t}\n}\n\ninline
[23mnamespace Output {\n\ttemplate<class T> void pr_sep(ostream& os, str, const T&
[23mt) { os << ts(t); }\n\ttemplate<class T, class... U> void pr_sep(ostream& os,
[23mstr sep, const T& t, const U&... u) {\n\t\tpr_sep(os,sep,t); os << sep;
[23mpr_sep(os,sep,u...); }\n\t// print w/ no spaces\n\ttemplate<class ...T> void
[23mpr(const T&... t) { pr_sep(cout,"",t...); }\n\t// print w/ spaces, end with
[23mnewline\n\tvoid ps() { cout << "\\n"; }\n\ttemplate<class ...T> void ps(const
[23mT&... t) { pr_sep(cout," ",t...); ps(); }\n\t// debug to cerr\n\ttemplate<class
[23m...T> void dbg_out(const T&... t) {\n\t\tpr_sep(cerr," | ",t...); cerr << endl;
[23m}\n\tvoid loc_info(int line, str names) {\n\t\tcerr << "Line(" << line << ") ->
[23m[" << names << "]: "; }\n\ttemplate<int lev, class T> void dbgl_out(const T& t)
[23m{\n\t\tcerr << "\\n\\n" << ts_sep(ts_lev<lev>(t),"\\n") << "\\n" << endl;
[23m}\n\t#ifdef LOCAL\n\t\t#define dbg(...) loc_info(__LINE__,#__VA_ARGS__),
[23mdbg_out(__VA_ARGS__)\n\t\t#define dbgl(lev,x) loc_info(__LINE__,#x),
[23mdbgl_out<lev>(x)\n\t#else // don\'t actually submit with this\n\t\t#define
[23mdbg(...) 0\n\t\t#define dbgl(lev,x) 0\n\t#endif\n}\n\ninline namespace FileIO
[23m{\n\tvoid setIn(str s)  { freopen(s.c_str(), "r", stdin); }\n\tvoid setOut(str
[23ms) { freopen(s.c_str(), "w", stdout); }\n\tvoid setIO(str s = "")
[23m{\n\t\tcin.tie(0)->sync_with_stdio(0); // unsync C / C++ I/O streams\n\t\t//
[23mcin.exceptions(cin.failbit);\n\t\t// throws exception when do smth
[23millegal\n\t\t// ex. try to read letter into int\n\t\tif (sz(s)) setIn(s+".in"),
[23msetOut(s+".out");\n\t}\n}\n//EndCodeSnip'[39m[33m,[39m[33mKattio[39m[33m:[39m[32m'//BeginCodeSnip{Kattio}\nstati
[23mc class Kattio extends PrintWriter {\n\tprivate BufferedReader r;\n\tprivate
[23mStringTokenizer st;\n\t// standard input\n\tpublic Kattio() { this(System.in,
[23mSystem.out); }\n\tpublic Kattio(InputStream i, OutputStream o)
[23m{\n\t\tsuper(o);\n\t\tr = new BufferedReader(new
[23mInputStreamReader(i));\n\t}\n\t// contest-style file input\n\tpublic
[23mKattio(String problemName) throws IOException {\n\t\tsuper(problemName +
[23m".out");\n\t\tr = new BufferedReader(new FileReader(problemName +
[23m".in"));\n\t}\n\t// returns null if no more input\n\tpublic String next()
[23m{\n\t\ttry {\n\t\t\twhile (st == null || !st.hasMoreTokens())\n\t\t\t\tst = new
[23mStringTokenizer(r.readLine());\n\t\t\treturn st.nextToken();\n\t\t} catch
[23m(Exception e) { }\n\t\treturn null;\n\t}\n\tpublic int nextInt() { return
[23mInteger.parseInt(next()); }\n\tpublic double nextDouble() { return
[23mDouble.parseDouble(next()); }\n\tpublic long nextLong() { return
[23mLong.parseLong(next()); }\n}\n//EndCodeSnip'[39m[33m,[39m[32m"CPP Short
[23mTemplate"[39m[33m:[39m[32m'//BeginCodeSnip{C++ Short Template}\n#include <bits/stdc++.h> // see
[23m/general/running-code-locally\nusing namespace std;\n\nusing ll = long
[23mlong;\n\nusing vi = vector<int>;\n#define pb push_back\n#define all(x) begin(x),
[23m end(x)\n#define sz(x) (int) (x).size()\n\nusing pi = pair<int,int>;\n#define f
[23mfirst\n#define s second\n#define mp make_pair\n\nvoid setIO(string name = "")
[23m{\n\tcin.tie(0)->sync_with_stdio(0); // see /general/fast-io\n\tif (sz(name))
[23m{\n\t\tfreopen((name + ".in").c_str(), "r", stdin); // see
[23m/general/input-output\n\t\tfreopen((name + ".out").c_str(), "w",
[23mstdout);\n\t}\n}\n//EndCodeSnip'[39m})[33m;[39mt[33m.[39mexports[33m=[39me[33m=>[39m{[36mreturn[39m
[23me[33m=[39me[33m||[39m{}[33m,[39me[33m=>[39m{r(e[33m,[39m[32m"element"[39m[33m,[39mt)}[33m;[39m[36mfunction[39m t(e[33m,[39mt[33m,[39mn){[36mif[39m([33m![39mn[33m||[39m[32m"pre"[39m[33m!==[39mn[33m.[39mtagName[33m||[39m[32m"code"
[23m[39m[33m!==[39me[33m.[39mtagName)[36mreturn[39m[33m;[39m[36mif[39m([35m1[39m[33m!==[39me[33m.[39mchildren[33m.[39mlength)[36mthrow[39m[32m"Expected only one child for a
[23m code block"[39m[33m;[39m[36mconst[39m r[33m=[39m[][33m;[39m[36mfor[39m([36mconst[39m t [36mof[39m e[33m.[39mchildren[[35m0[39m][33m.[39mvalue[33m.[39msplit([32m"\n"[39m)){[36mlet[39m
[23me[33m=[39m[33m![39m[35m1[39m[33m;[39m[36mfor[39m([36mconst[39m n [36mof[39m [33mObject[39m[33m.[39mkeys(i)){[36mconst[39m s[33m=[39mt[33m.[39mmatch([36mnew[39m
[23m[33mRegExp[39m([32m`^(\\s*).*?(CodeSnip\\{${n}\\})`[39m))[33m;[39m[36mif[39m(s){[36mfor[39m([36mconst[39m e [36mof[39m
[23mi[n][33m.[39msplit([32m"\n"[39m))r[33m.[39mpush([32m`${s[1]}${e}`[39m)[33m;[39me[33m=[39m[33m![39m[35m0[39m[33m;[39m[36mbreak[39m}}e[33m||[39mr[33m.[39mpush(t)}e[33m.[39mchildren[[35m0[39m][33m.[39mva
[23mlue[33m=[39mr[33m.[39mjoin([32m"\n"[39m)}}}[33m,[39m{}][33m,[39m[33mImfkI[39m[33m:[39m[[36mfunction[39m(e[33m,[39mt[33m,[39mn){[36mconst[39m
[23mr[33m=[39me([32m"./mdast-to-string"[39m)[33m,[39mi[33m=[39me([32m"mdast-util-to-string"[39m)[33m,[39ms[33m=[39me([32m"github-slugger"[39m)[33m;[39mt[33m.[39mexp
[23morts[33m=[39m({tableOfContents[33m:[39me})[33m=>[39m{e[33m.[39mcpp[33m=[39m[][33m,[39me[33m.[39mjava[33m=[39m[][33m,[39me[33m.[39mpy[33m=[39m[][33m;[39m[36mconst[39m t[33m=[39m[36mnew[39m s[33m;[39m[36mfunction[39m
[23mn(s[33m,[39ma[33m=[39m[36mnull[39m){[36mif[39m([32m"heading"[39m[33m===[39ms[33m.[39mtype){[36mconst[39m
[23mn[33m=[39m{depth[33m:[39ms[33m.[39mdepth[33m,[39mvalue[33m:[39mr(s)[33m,[39mslug[33m:[39mt[33m.[39mslug(i(s)[33m,[39m[33m![39m[35m1[39m)}[33m;[39m[36mnull[39m[33m!==[39ma[33m?[39me[a][33m.[39mpush(n)[33m:[39m(e[33m.[39mcpp[33m.[39mp
[23mush(n)[33m,[39me[33m.[39mjava[33m.[39mpush(n)[33m,[39me[33m.[39mpy[33m.[39mpush(n))}[36melse[39m
[23m[36mif[39m([32m"CPPSection"[39m[33m===[39ms[33m.[39mname){[36mif[39m([36mnull[39m[33m!==[39ma)[36mthrow[39m [36mnew[39m [33mError[39m([32m"Error generating table of
[23m contents -- nested language sections is not allowed."[39m)[33m;[39ma[33m=[39m[32m"cpp"[39m}[36melse[39m
[23m[36mif[39m([32m"JavaSection"[39m[33m===[39ms[33m.[39mname){[36mif[39m([36mnull[39m[33m!==[39ma)[36mthrow[39m [36mnew[39m [33mError[39m([32m"Error generating table
[23mof contents -- nested language sections is not allowed."[39m)[33m;[39ma[33m=[39m[32m"java"[39m}[36melse[39m
[23m[36mif[39m([32m"PySection"[39m[33m===[39ms[33m.[39mname){[36mif[39m([36mnull[39m[33m!==[39ma)[36mthrow[39m [36mnew[39m [33mError[39m([32m"Error generating table of
[23mcontents -- nested language sections is not
[23mallowed."[39m)[33m;[39ma[33m=[39m[32m"py"[39m}[36mif[39m([32m"Spoiler"[39m[33m!==[39ms[33m.[39mname)[36mfor[39m([36mlet[39m e [36mof[39m
[23ms[33m.[39mchildren[33m||[39m[])n(e[33m,[39ma)}[36mreturn[39m
[23me[33m=>[39m{n(e)}}}[33m,[39m{[32m"./mdast-to-string"[39m[33m:[39m[32m"6GuiP"[39m}][33m,[39m[32m"6GuiP"[39m[33m:[39m[[36mfunction[39m(e[33m,[39mt[33m,[39mn){[36mconst[39m
[23mr[33m=[39me([32m"katex"[39m)[33m;[39mt[33m.[39mexports[33m=[39ms[33m;[39m[36mconst[39m i[33m=[39me[33m=>[39me[33m.[39mreplace([35m/[&<>'"]/g[39m[33m,[39me[33m=>[39m({[32m"&"[39m[33m:[39m[32m"&amp;"[39m[33m,[39m[32m"<"[39m[33m:[39m[32m"&
[23mlt;"[39m[33m,[39m[32m">"[39m[33m:[39m[32m"&gt;"[39m[33m,[39m[32m"'"[39m[33m:[39m[32m"&#39;"[39m[33m,[39m[32m'"'[39m[33m:[39m[32m"&quot;"[39m}[e]))[33m;[39m[36mfunction[39m
[23ms(e){[36mif[39m(e[33m&&[39m[32m"inlineMath"[39m[33m===[39me[33m.[39mtype)[36mreturn[39m r[33m.[39mrenderToString(e[33m.[39mvalue)[33m;[39m[36mconst[39m
[23mt[33m=[39me[33m&&[39m(e[33m.[39mvalue[33m||[39me[33m.[39malt[33m||[39me[33m.[39mtitle)[33m;[39m[36mreturn[39m e[33m&&[39m((t[33m?[39mi(t)[33m:[39m[36mnull[39m)[33m||[39m[32m"children"[39m[36min[39m
[23me[33m&&[39ma(e[33m.[39mchildren)[33m||[39m[32m"length"[39m[36min[39m e[33m&&[39ma(e))[33m||[39m[32m""[39m}[36mfunction[39m a(e){[36mconst[39m t[33m=[39m[][33m;[39m[36mlet[39m
[23mn[33m=[39m[33m-[39m[35m1[39m[33m;[39m[36mfor[39m([33m;[39m[33m++[39mn[33m<[39m[33me[39m[33m.[39mlength[33m;[39m)t[n][33m=[39ms(e[n])[33m;[39m[36mreturn[39m
[23mt[33m.[39mjoin([32m""[39m)}}[33m,[39m{}][33m,[39mhn6z2[33m:[39m[[36mfunction[39m(e[33m,[39mt[33m,[39mn){t[33m.[39mexports[33m=[39mt[33m=>[39m(({xdmNode[33m:[39mt[33m,[39mgetNode[33m:[39mn[33m,[39mgetN
[23modesByType[33m:[39mr[33m,[39mreporter[33m:[39mi[33m,[39mcache[33m:[39ms[33m,[39mpathPrefix[33m:[39ma[33m,[39m[33m...[39mo})[33m=>[39m{[36masync[39m [36mfunction[39m u(u){[36mconst[39m
[23ml[33m=[39m(c[33m=[39me([32m"./custom-gatsby-img.js"[39m))[33m&&[39m[32m"object"[39m[33m==[39m[36mtypeof[39m c[33m&&[39m[32m"default"[39m[36min[39m
[23mc[33m?[39mc[33m.[39m[36mdefault[39m[33m:[39mc[33m;[39m[36mvar[39m c[33m;[39m[36mreturn[39m [36mawait[39m
[23ml({markdownAST[33m:[39mu[33m,[39mmarkdownNode[33m:[39mt[33m,[39mgetNode[33m:[39mn[33m,[39mgetNodesByType[33m:[39mr[33m,[39m[36mget[39m files(){[36mreturn[39m
[23mr([32m"File"[39m)}[33m,[39mpathPrefix[33m:[39ma[33m,[39mreporter[33m:[39mi[33m,[39mcache[33m:[39ms[33m,[39m[33m...[39mo}[33m,[39m{maxWidth[33m:[39m[35m832[39m[33m,[39mquality[33m:[39m[35m100[39m[33m,[39mdisab
[23mleBgImageOnAlpha[33m:[39m[33m![39m[35m0[39m})[33m,[39mu}[36mreturn[39m[()[33m=>[39mu[33m,[39m{}]})(t)}[33m,[39m{[32m"./custom-gatsby-img.js"[39m[33m:[39m[32m"uVwg9"
[23m[39m}][33m,[39muVwg9[33m:[39m[[36mfunction[39m(e[33m,[39mt[33m,[39mn){[36mconst[39m{[33mDEFAULT_OPTIONS[39m[33m:[39mr[33m,[39m[33mEMPTY_ALT[39m[33m:[39mi[33m,[39mimageClass[33m:[39ms[33m,[39mimage
[23mBackgroundClass[33m:[39ma[33m,[39mimageWrapperClass[33m:[39mo}[33m=[39me([32m"./gatsby-img-constants"[39m)[33m,[39mu[33m=[39me([32m"unist-ut
[23mil-visit-parents"[39m)[33m,[39ml[33m=[39me([32m"mdast-util-definitions"[39m)[33m,[39mc[33m=[39me([32m"path"[39m)[33m,[39mp[33m=[39me([32m"query-string"[39m)
[23m[33m,[39mh[33m=[39me([32m"is-relative-url"[39m)[33m,[39md[33m=[39me([32m"lodash"[39m)[33m,[39m{fluid[33m:[39mf[33m,[39mstats[33m:[39mm[33m,[39mtraceSVG[33m:[39mg}[33m=[39me([32m"gatsby-plu
[23mgin-sharp"[39m)[33m,[39mx[33m=[39me([32m"bluebird"[39m)[33m,[39my[33m=[39me([32m"cheerio"[39m)[33m,[39m{slash[33m:[39mv}[33m=[39me([32m"gatsby-core-utils"[39m)[33m,[39m[33mA[39m[33m=[39me(
[23m[32m"chalk"[39m)[33m;[39mt[33m.[39mexports[33m=[39m({files[33m:[39mt[33m,[39mmarkdownNode[33m:[39mn[33m,[39mmarkdownAST[33m:[39mb[33m,[39mpathPrefix[33m:[39m[33mE[39m[33m,[39mgetNode[33m:[39m[33mC
[23m[39m[33m,[39mreporter[33m:[39m[33mF[39m[33m,[39mcache[33m:[39mw[33m,[39mcompiler[33m:[39mk}[33m,[39m[33mD[39m)[33m=>[39m{[36mconst[39m [33mS[39m[33m=[39md[33m.[39mdefaults({}[33m,[39m[33mD[39m[33m,[39m{pathPrefix[33m:[39m[33mE[39m}[33m,[39mr)[33m,[39m[33mB
[23m[39m[33m=[39m({children[33m:[39me})[33m=>[39me[33m.[39msome(e[33m=>[39m[32m"html"[39m[33m===[39me[33m.[39mtype[33m&&[39m[33m![39m[33m![39me[33m.[39mvalue[33m.[39mmatch([35m/<a
[23m/[39m)[33m||[39m[32m"link"[39m[33m===[39me[33m.[39mtype)[33m,[39m_[33m=[39ml(b)[33m,[39m[33mT[39m[33m=[39m[][33m;[39mu(b[33m,[39m[[32m"html"[39m[33m,[39m[32m"jsx"[39m][33m,[39m(e[33m,[39mt)[33m=>[39m{[36mconst[39m
[23mn[33m=[39mt[33m.[39msome([33mB[39m)[33m;[39m[33mT[39m[33m.[39mpush({node[33m:[39me[33m,[39minLink[33m:[39mn})})[33m;[39m[36mconst[39m
[23m[33mI[39m[33m=[39m[][33m;[39mu(b[33m,[39m[[32m"image"[39m[33m,[39m[32m"imageReference"[39m][33m,[39m(e[33m,[39mt)[33m=>[39m{[36mconst[39m
[23mn[33m=[39mt[33m.[39msome([33mB[39m)[33m;[39m[33mI[39m[33m.[39mpush({node[33m:[39me[33m,[39minLink[33m:[39mn})})[33m;[39m[36mconst[39m [33mP[39m[33m=[39me[33m=>[39m{[36mconst[39m{url[33m:[39mt[33m,[39mquery[33m:[39mn}[33m=[39mp[33m.[39mparse
[23mUrl(e)[33m;[39m[36mreturn[39m{ext[33m:[39mc[33m.[39mextname(t)[33m.[39msplit([32m"."[39m)[33m.[39mpop()[33m,[39murl[33m:[39mt[33m,[39mquery[33m:[39mn}}[33m,[39m[33mL[39m[33m=[39m[36masync[39m
[23m[36mfunction[39m(r[33m,[39mu[33m,[39ml[33m,[39mp[33m=[39m{}){[36mconst[39m h[33m=[39m[33mC[39m(n[33m.[39mparent)[33m;[39m[36mlet[39m y[33m;[39m[36mif[39m([33m![39mh[33m||[39m[33m![39mh[33m.[39mdir)[36mreturn[39m
[23m[36mnull[39m[33m;[39my[33m=[39mv(c[33m.[39mjoin(h[33m.[39mdir[33m,[39m[33mP[39m(r[33m.[39murl)[33m.[39murl))[33m;[39m[36mconst[39m b[33m=[39md[33m.[39mfind(t[33m,[39me[33m=>[39me[33m&&[39me[33m.[39mabsolutePath[33m?[39me[33m.[39mabs
[23molutePath[33m===[39my[33m:[39m[36mnull[39m)[33m;[39m[36mif[39m([33m![39mb[33m||[39m[33m![39mb[33m.[39mabsolutePath)[36mreturn[39m u()[33m;[39m[36mconst[39m [33mE[39m[33m=[39m[36mawait[39m
[23mf({file[33m:[39mb[33m,[39margs[33m:[39m[33mS[39m[33m,[39mreporter[33m:[39m[33mF[39m[33m,[39mcache[33m:[39mw})[33m;[39m[36mif[39m([33m![39m[33mE[39m)[36mreturn[39m u()[33m;[39m[36mconst[39m
[23m[33mD[39m[33m=[39m[33mE[39m[33m.[39moriginalImg[33m,[39m[33mB[39m[33m=[39m[33mE[39m[33m.[39msrc[33m,[39m_[33m=[39m[33mE[39m[33m.[39msrcSet[33m,[39m[33mT[39m[33m=[39m[33mE[39m[33m.[39mpresentationWidth[33m,[39m[33mI[39m[33m=[39m[33mP[39m(r[33m.[39murl)[33m.[39murl[33m.[39msplit([32m"/
[23m"[39m)[33m,[39m[33mL[39m[33m=[39m[33mI[39m[[33mI[39m[33m.[39mlength[33m-[39m[35m1[39m][33m.[39mreplace([35m/\.[^/.]+$/[39m[33m,[39m[32m""[39m)[33m.[39mreplace([35m/[^A-Z0-9]/gi[39m[33m,[39m[32m"
[23m"[39m)[33m,[39m[33mO[39m[33m=[39mr[33m.[39malt[33m===[39mi[33m?[39m[32m""[39m[33m:[39md[33m.[39mescape(p[33m.[39malt[33m?[39mp[33m.[39malt[33m:[39mr[33m.[39malt[33m?[39mr[33m.[39malt[33m:[39m[33mL[39m)[33m,[39m[33mN[39m[33m=[39mr[33m.[39mtitle[33m?[39md[33m.[39mescape(r[33m.[39mtitle
[23m)[33m:[39m[33mO[39m[33m,[39m[33mM[39m[33m=[39m[33mS[39m[33m.[39mloading[33m;[39m[[32m"lazy"[39m[33m,[39m[32m"eager"[39m[33m,[39m[32m"auto"[39m][33m.[39mincludes([33mM[39m)[33m||[39m[33mF[39m[33m.[39mwarn([33mF[39m[33m.[39mstripIndent([32m`\n
[23m     ${A.bold(M)} is an invalid value for the ${A.bold("loading")} option.
[23mPlease pass one of "lazy", "eager" or "auto".\n      `[39m))[33m;[39m[36mconst[39m j[33m=[39m[32m"\n      width:
[23m 100%;\n      height: 100%;\n      margin: 0;\n      vertical-align: middle;\n
[23m    position: absolute;\n      top: 0;\n      left:
[23m0;"[39m[33m.[39mreplace([35m/\s*(\S+:)\s*/g[39m[33m,[39m[32m"$1"[39m)[33m;[39m[36mlet[39m [33mR[39m[33m=[39m[32m`\n      <img\n        class="${s}"\n
[23m     alt="${O}"\n        title="${N}"\n        src="${B}"\n
[23msrcset="${_}"\n        sizes="${E.sizes}"\n        style="${j}"\n
[23mloading="${M}"\n      />\n    `[39m[33m.[39mtrim()[33m;[39m[36mconst[39m
[23m[33mV[39m[33m=[39m[{propertyName[33m:[39m[32m"withAvif"[39m[33m,[39mformat[33m:[39m[32m"AVIF"[39m}[33m,[39m{propertyName[33m:[39m[32m"withWebp"[39m[33m,[39mformat[33m:[39m[32m"WEBP
[23m"[39m}][33m.[39mfilter(({propertyName[33m:[39me})[33m=>[39m[33mS[39m[e])[33m;[39m[36mif[39m([33mV[39m[33m.[39mlength){[36mconst[39m
[23me[33m=[39m[33mV[39m[33m.[39mmap([36masync[39m({format[33m:[39me[33m,[39mpropertyName[33m:[39mt})[33m=>[39m{[36mconst[39m n[33m=[39m[36mawait[39m
[23mf({file[33m:[39mb[33m,[39margs[33m:[39md[33m.[39mdefaults({toFormat[33m:[39me}[33m,[39m[33m![39m[35m0[39m[33m===[39m[33mS[39m[t][33m?[39m{}[33m:[39m[33mS[39m[t][33m,[39m[33mS[39m)[33m,[39mreporter[33m:[39m[33mF[39m})[33m;[39m[36mreturn[39m
[23mn[33m?[39m[32m`\n            <source\n              srcset="${n.srcSet}"\n
[23msizes="${n.sizes}"\n              type="${n.srcSetType}"\n            />\n
[23m    `[39m[33m.[39mtrim()[33m:[39m[36mnull[39m})[33m,[39mt[33m=[39m([36mawait[39m x[33m.[39mall(e))[33m.[39mfilter(e[33m=>[39m[36mnull[39m[33m!==[39me)[33m;[39m[36mif[39m([33m![39mt[33m.[39mlength)[36mreturn[39m
[23mu()[33m;[39m[33mR[39m[33m=[39m[32m`\n        <picture>\n          ${t.join("")}\n          <source\n
[23m    srcset="${_}"\n            sizes="${E.sizes}"\n
[23mtype="${E.srcSetType}"\n          />\n          <img\n            class="${s}"\n
[23m            src="${B}"\n            alt="${O}"\n            title="${N}"\n
[23m      loading="${M}"\n            style="${j}"\n          />\n
[23m</picture>\n      `[39m[33m.[39mtrim()}[36mlet[39m [33mJ[39m[33m=[39m[33mE[39m[33m.[39mbase64[33m;[39m[36mif[39m([33mS[39m[33m.[39mtracedSVG){[36mlet[39m t[33m=[39m[32m"object"[39m[33m==[39m[36mtypeof[39m
[23m [33mS[39m[33m.[39mtracedSVG[33m?[39m[33mS[39m[33m.[39mtracedSVG[33m:[39m{}[33m;[39m[36mconst[39m{[33mPotrace[39m[33m:[39mn}[33m=[39me([32m"potrace"[39m)[33m,[39mr[33m=[39m[33mObject[39m[33m.[39mkeys(t)[33m;[39mt[33m=[39mr[33m.[39mr
[23meduce((e[33m,[39mr)[33m=>[39m{[36mconst[39m i[33m=[39mt[r][33m;[39m[36mreturn[39m
[23me[r][33m=[39mn[33m.[39mhasOwnProperty(i)[33m?[39mn[i][33m:[39mi[33m,[39me}[33m,[39m{})[33m;[39m[33mJ[39m[33m=[39m([36mawait[39m
[23mg({file[33m:[39mb[33m,[39margs[33m:[39mt[33m,[39mfileArgs[33m:[39mt[33m,[39mcache[33m:[39mw[33m,[39mreporter[33m:[39m[33mF[39m}))[33m.[39mreplace([35m/'/g[39m[33m,[39m[32m"\\'"[39m)}[36mconst[39m
[23m[33mU[39m[33m=[39m[35m1[39m[33m/[39m[33mE[39m[33m.[39maspectRatio[33m*[39m[35m100[39m[33m+[39m[32m"%"[39m[33m,[39mz[33m=[39m[32m"function"[39m[33m==[39m[36mtypeof[39m [33mS[39m[33m.[39mwrapperStyle[33m?[39m[33mS[39m[33m.[39mwrapperStyle([33mE[39m)[33m:
[23m[39m[33mS[39m[33m.[39mwrapperStyle[33m,[39mq[33m=[39m[33mS[39m[33m.[39mshowCaptions[33m&&[39m[36mawait[39m([36masync[39m(e[33m,[39mt)[33m=>[39m{[36mconst[39m n[33m=[39m(()[33m=>[39m{[36mconst[39m
[23mn[33m=[39m[33mArray[39m[33m.[39misArray([33mS[39m[33m.[39mshowCaptions)[33m?[39m[33mS[39m[33m.[39mshowCaptions[33m:[39m[33m![39m[35m0[39m[33m===[39m[33mS[39m[33m.[39mshowCaptions[33m&&[39m[[32m"title"[39m[33m,[39m[32m"al
[23mt"[39m][33m;[39m[36mif[39m(n)[36mfor[39m([36mconst[39m r [36mof[39m n)[36mswitch[39m(r){[36mcase[39m[32m"title"[39m[33m:[39m[36mif[39m(e[33m.[39mtitle)[36mreturn[39m
[23me[33m.[39mtitle[33m;[39m[36mbreak[39m[33m;[39m[36mcase[39m[32m"alt"[39m[33m:[39m[36mif[39m(t[33m.[39malt)[36mreturn[39m t[33m.[39malt[33m;[39m[36mif[39m(e[33m.[39malt)[36mreturn[39m
[23me[33m.[39malt}[36mreturn[39m[32m""[39m})()[33m;[39m[36mreturn[39m [33mS[39m[33m.[39mmarkdownCaptions[33m&&[39mk[33m?[39mk[33m.[39mgenerateHTML([36mawait[39m
[23mk[33m.[39mparseString(n))[33m:[39md[33m.[39mescape(n)})(r[33m,[39mp)[33m;[39m[36mlet[39m [33mX[39m[33m=[39m[33m![39m[35m1[39m[33m;[39m[36mif[39m([33mS[39m[33m.[39mdisableBgImageOnAlpha){[36mconst[39m
[23me[33m=[39m[36mawait[39m
[23mm({file[33m:[39mb[33m,[39mreporter[33m:[39m[33mF[39m})[33m;[39me[33m&&[39me[33m.[39misTransparent[33m&&[39m([33mX[39m[33m=[39m[33m![39m[35m0[39m)}[33mS[39m[33m.[39mdisableBgImage[33m&&[39m([33mX[39m[33m=[39m[33m![39m[35m0[39m)[33m;[39m[36mlet[39m
[23m$[33m=[39m[32m`\n  <span\n    class="${a}"\n    style="padding-bottom: ${U}; position:
[23mrelative; bottom: 0; left: 0;${X?"":` background-image: url('${J}');
[23mbackground-size: cover;`} display: block;"\n  ></span>\n  ${R}\n
[23m`[39m[33m.[39mtrim()[33m;[39m[36mreturn[39m[33m![39ml[33m&&[39m[33mS[39m[33m.[39mlinkImagesToOriginal[33m&&[39m($[33m=[39m[32m`\n  <a\n
[23mclass="gatsby-resp-image-link"\n    href="${D}"\n    style="display: block"\n
[23m target="_blank"\n    rel="noopener"\n  >\n    ${$}\n  </a>\n    `[39m[33m.[39mtrim())[33m,[39m$[33m=[39m[32m`\n
[23m    <span\n      class="${o}"\n      style="position: relative; display: block;
[23mmargin-left: auto; margin-right: auto; max-width: ${T}px; ${q?"":z}"\n    >\n
[23m   ${$}\n    </span>\n    `[39m[33m.[39mtrim()[33m,[39mq[33m&&[39m($[33m=[39m[32m`\n  <figure
[23mclass="gatsby-resp-image-figure" style="${z}">\n    ${$}\n    <figcaption
[23mclass="gatsby-resp-image-figcaption">${q}</figcaption>\n  </figure>\n
[23m`[39m[33m.[39mtrim())[33m,[39m$}[33m;[39m[36mreturn[39m x[33m.[39mall([33mI[39m[33m.[39mmap(({node[33m:[39me[33m,[39minLink[33m:[39mt})[33m=>[39m[36mnew[39m x(n[33m=>[39m{[36mconst[39m r[33m=[39m{}[33m;[39m[36mlet[39m
[23mi[33m;[39m[36mif[39m([33m![39me[33m.[39mhasOwnProperty([32m"url"[39m)[33m&&[39me[33m.[39mhasOwnProperty([32m"identifier"[39m)[33m&&[39m(i[33m=[39me[33m,[39me[33m=[39m_(i[33m.[39midenti
[23mfier)[33m,[39mr[33m.[39malt[33m=[39mi[33m.[39malt[33m,[39m[33m![39me))[36mreturn[39m n()[33m;[39m[36mconst[39m s[33m=[39m[33mP[39m(e[33m.[39murl)[33m.[39mext[33m;[39m[36mreturn[39m
[23mh(e[33m.[39murl)[33m&&[39m[32m"gif"[39m[33m!==[39ms[33m&&[39m[32m"svg"[39m[33m!==[39ms[33m?[39m[33mL[39m(e[33m,[39mn[33m,[39mt[33m,[39mr)[33m.[39mthen(t[33m=>[39m(t[33m&&[39m(i[33m&&[39m(e[33m=[39mi)[33m,[39me[33m.[39mtype[33m=[39m[32m"html"[39m[33m,[39me[33m.
[23m[39mvalue[33m=[39mt)[33m,[39mn(e)))[33m:[39mn()})))[33m.[39mthen(e[33m=>[39mx[33m.[39mall([33mT[39m[33m.[39mmap(({node[33m:[39me[33m,[39minLink[33m:[39mt})[33m=>[39m[36mnew[39m
[23mx([36masync[39m(n[33m,[39mr)[33m=>[39m{[36mif[39m([33m![39me[33m.[39mvalue)[36mreturn[39m n()[33m;[39m[36mconst[39m
[23mi[33m=[39my[33m.[39mload(e[33m.[39mvalue)[33m;[39m[36mif[39m([35m0[39m[33m===[39mi([32m"img"[39m)[33m.[39mlength)[36mreturn[39m n()[33m;[39m[36mconst[39m
[23ms[33m=[39m[][33m;[39mi([32m"img"[39m)[33m.[39meach([36mfunction[39m(){s[33m.[39mpush(i([36mthis[39m))})[33m;[39m[36mfor[39m([36mconst[39m e [36mof[39m s){[36mconst[39m r[33m=[39m{}[33m;[39m[36mif[39m(
[23mr[33m.[39murl[33m=[39me[33m.[39mattr([32m"src"[39m)[33m,[39mr[33m.[39mtitle[33m=[39me[33m.[39mattr([32m"title"[39m)[33m,[39mr[33m.[39malt[33m=[39me[33m.[39mattr([32m"alt"[39m)[33m,[39m[33m![39mr[33m.[39murl)[36mreturn[39m
[23mn()[33m;[39m[36mconst[39m i[33m=[39m[33mP[39m(r[33m.[39murl)[33m.[39mext[33m;[39m[36mif[39m(h(r[33m.[39murl)[33m&&[39m[32m"gif"[39m[33m!==[39mi[33m&&[39m[32m"svg"[39m[33m!==[39mi){[36mconst[39m i[33m=[39m[36mawait[39m
[23m[33mL[39m(r[33m,[39mn[33m,[39mt)[33m;[39m[36mif[39m([33m![39mi)[36mreturn[39m n()[33m;[39me[33m.[39mreplaceWith(i)}}[36mreturn[39m e[33m.[39mtype[33m=[39m[32m"html"[39m[33m,[39me[33m.[39mvalue[33m=[39mi([32m"body
[23m"[39m)[33m.[39mhtml()[33m,[39mn(e)})))[33m.[39mthen(t[33m=>[39me[33m.[39mconcat(t)[33m.[39mfilter(e[33m=>[39m[33m![39m[33m![39me)))}}[33m,[39m{[32m"./gatsby-img-constan
[23mts"[39m[33m:[39m[32m"9Dnbl"[39m}][33m,[39m[32m"9Dnbl"[39m[33m:[39m[[36mfunction[39m(e[33m,[39mt[33m,[39mn){n[33m.[39m[33mDEFAULT_OPTIONS[39m[33m=[39m{maxWidth[33m:[39m[35m650[39m[33m,[39mwrapperSt
[23myle[33m:[39m[32m""[39m[33m,[39mbackgroundColor[33m:[39m[32m"white"[39m[33m,[39mlinkImagesToOriginal[33m:[39m[33m![39m[35m0[39m[33m,[39mshowCaptions[33m:[39m[33m![39m[35m1[39m[33m,[39mmarkdownC
[23maptions[33m:[39m[33m![39m[35m1[39m[33m,[39mwithWebp[33m:[39m[33m![39m[35m1[39m[33m,[39mwithAvif[33m:[39m[33m![39m[35m1[39m[33m,[39mtracedSVG[33m:[39m[33m![39m[35m1[39m[33m,[39mloading[33m:[39m[32m"lazy"[39m[33m,[39mdisableBgImageOnA
[23mlpha[33m:[39m[33m![39m[35m1[39m[33m,[39mdisableBgImage[33m:[39m[33m![39m[35m1[39m}[33m,[39mn[33m.[39m[33mEMPTY_ALT[39m[33m=[39m[32m"GATSBY_EMPTY_ALT"[39m[33m,[39mn[33m.[39mimageClass[33m=[39m[32m"gatsby-r
[23mesp-image-image"[39m[33m,[39mn[33m.[39mimageWrapperClass[33m=[39m[32m"gatsby-resp-image-wrapper"[39m[33m,[39mn[33m.[39mimageBackgrou
[23mndClass[33m=[39m[32m"gatsby-resp-image-background-image"[39m}[33m,[39m{}][33m,[39mliXnN[33m:[39m[[36mfunction[39m(e[33m,[39mt[33m,[39mn){[90m/*! For
[29m license information please see bundle.js.LICENSE.txt */[39m(()[33m=>[39m{[36mvar[39m
[23me[33m=[39m{[35m5977[39m[33m:[39m(e[33m,[39mt[33m,[39mn)[33m=>[39m{[32m"use strict"[39m[33m;[39m[36mconst[39m r[33m=[39mn([35m3325[39m)[33m,[39mi[33m=[39m[35m/^[\da-fA-F]+$/[39m[33m,[39ms[33m=[39m[35m/^\d+$/[39m[33m,[39ma[33m=[39m[36mnew[39m
[23m [33mWeakMap[39m[33m;[39m[36mfunction[39m o(e){e[33m=[39me[33m.[39m[33mParser[39m[33m.[39macorn[33m||[39me[33m;[39m[36mlet[39m t[33m=[39ma[33m.[39m[36mget[39m(e)[33m;[39m[36mif[39m([33m![39mt){[36mconst[39m
[23mn[33m=[39me[33m.[39mtokTypes[33m,[39mr[33m=[39me[33m.[39m[33mTokContext[39m[33m,[39mi[33m=[39me[33m.[39m[33mTokenType[39m[33m,[39ms[33m=[39m[36mnew[39m r([32m"<tag"[39m[33m,[39m[33m![39m[35m1[39m)[33m,[39mo[33m=[39m[36mnew[39m
[23mr([32m"</tag"[39m[33m,[39m[33m![39m[35m1[39m)[33m,[39mu[33m=[39m[36mnew[39m
[23mr([32m"<tag>...</tag>"[39m[33m,[39m[33m![39m[35m0[39m[33m,[39m[33m![39m[35m0[39m)[33m,[39ml[33m=[39m{tc_oTag[33m:[39ms[33m,[39mtc_cTag[33m:[39mo[33m,[39mtc_expr[33m:[39mu}[33m,[39mc[33m=[39m{jsxName[33m:[39m[36mnew[39m
[23mi([32m"jsxName"[39m)[33m,[39mjsxText[33m:[39m[36mnew[39m i([32m"jsxText"[39m[33m,[39m{beforeExpr[33m:[39m[33m![39m[35m0[39m})[33m,[39mjsxTagStart[33m:[39m[36mnew[39m
[23mi([32m"jsxTagStart"[39m[33m,[39m{startsExpr[33m:[39m[33m![39m[35m0[39m})[33m,[39mjsxTagEnd[33m:[39m[36mnew[39m
[23mi([32m"jsxTagEnd"[39m)}[33m;[39mc[33m.[39mjsxTagStart[33m.[39mupdateContext[33m=[39m[36mfunction[39m(){[36mthis[39m[33m.[39mcontext[33m.[39mpush(u)[33m,[39m[36mthis
[23m[39m[33m.[39mcontext[33m.[39mpush(s)[33m,[39m[36mthis[39m[33m.[39mexprAllowed[33m=[39m[33m![39m[35m1[39m}[33m,[39mc[33m.[39mjsxTagEnd[33m.[39mupdateContext[33m=[39m[36mfunction[39m(e){[36mlet[39m
[23mt[33m=[39m[36mthis[39m[33m.[39mcontext[33m.[39mpop()[33m;[39mt[33m===[39ms[33m&&[39me[33m===[39mn[33m.[39mslash[33m||[39mt[33m===[39mo[33m?[39m([36mthis[39m[33m.[39mcontext[33m.[39mpop()[33m,[39m[36mthis[39m[33m.[39mexprAllo
[23mwed[33m=[39m[36mthis[39m[33m.[39mcurContext()[33m===[39mu)[33m:[39m[36mthis[39m[33m.[39mexprAllowed[33m=[39m[33m![39m[35m0[39m}[33m,[39mt[33m=[39m{tokContexts[33m:[39ml[33m,[39mtokTypes[33m:[39mc}[33m,[39ma[33m.[39m[36ms
[23met[39m(e[33m,[39mt)}[36mreturn[39m t}[36mfunction[39m u(e){[36mreturn[39m e[33m?[39m[32m"JSXIdentifier"[39m[33m===[39me[33m.[39mtype[33m?[39me[33m.[39mname[33m:[39m[32m"JSXName
[23mspacedName"[39m[33m===[39me[33m.[39mtype[33m?[39me[33m.[39mnamespace[33m.[39mname[33m+[39m[32m":"[39m[33m+[39me[33m.[39mname[33m.[39mname[33m:[39m[32m"JSXMemberExpression"[39m[33m===[39me[33m.
[23m[39mtype[33m?[39mu(e[33m.[39mobject)[33m+[39m[32m"."[39m[33m+[39mu(e[33m.[39mproperty)[33m:[39m[36mvoid[39m [35m0[39m[33m:[39me}e[33m.[39mexports[33m=[39m[36mfunction[39m(e){[36mreturn[39m
[23me[33m=[39me[33m||[39m{}[33m,[39m[36mfunction[39m(t){[36mreturn[39m [36mfunction[39m(e[33m,[39mt){[36mconst[39m
[23ma[33m=[39mt[33m.[39macorn[33m||[39mn([35m1234[39m)[33m,[39ml[33m=[39mo(a)[33m,[39mc[33m=[39ma[33m.[39mtokTypes[33m,[39mp[33m=[39ml[33m.[39mtokTypes[33m,[39mh[33m=[39ma[33m.[39mtokContexts[33m,[39md[33m=[39ml[33m.[39mtokConte
[23mxts[33m.[39mtc_oTag[33m,[39mf[33m=[39ml[33m.[39mtokContexts[33m.[39mtc_cTag[33m,[39mm[33m=[39ml[33m.[39mtokContexts[33m.[39mtc_expr[33m,[39mg[33m=[39ma[33m.[39misNewLine[33m,[39mx[33m=[39ma[33m.[39mis
[23mIdentifierStart[33m,[39my[33m=[39ma[33m.[39misIdentifierChar[33m;[39m[36mreturn[39m [36mclass[39m [36mextends[39m t{[36mstatic[39m [36mget[39m
[23macornJsx(){[36mreturn[39m l}jsx_readToken(){[36mlet[39m e[33m=[39m[32m""[39m[33m,[39mt[33m=[39m[36mthis[39m[33m.[39mpos[33m;[39m[36mfor[39m([33m;[39m[33m;[39m){[36mthis[39m[33m.[39mpos[33m>=[39m[36mthis[39m[33m.[39mi
[23mnput[33m.[39mlength[33m&&[39m[36mthis[39m[33m.[39mraise([36mthis[39m[33m.[39mstart[33m,[39m[32m"Unterminated JSX contents"[39m)[33m;[39m[36mlet[39m
[23mn[33m=[39m[36mthis[39m[33m.[39minput[33m.[39mcharCodeAt([36mthis[39m[33m.[39mpos)[33m;[39m[36mswitch[39m(n){[36mcase[39m [35m60[39m[33m:[39m[36mcase[39m [35m123[39m[33m:[39m[36mreturn[39m
[23m[36mthis[39m[33m.[39mpos[33m===[39m[36mthis[39m[33m.[39mstart[33m?[39m[35m60[39m[33m===[39mn[33m&&[39m[36mthis[39m[33m.[39mexprAllowed[33m?[39m([33m++[39m[36mthis[39m[33m.[39mpos[33m,[39m[36mthis[39m[33m.[39mfinishToken(p[33m.[39mjs
[23mxTagStart))[33m:[39m[36mthis[39m[33m.[39mgetTokenFromCode(n)[33m:[39m(e[33m+=[39m[36mthis[39m[33m.[39minput[33m.[39mslice(t[33m,[39m[36mthis[39m[33m.[39mpos)[33m,[39m[36mthis[39m[33m.[39mfinis
[23mhToken(p[33m.[39mjsxText[33m,[39me))[33m;[39m[36mcase[39m [35m38[39m[33m:[39me[33m+=[39m[36mthis[39m[33m.[39minput[33m.[39mslice(t[33m,[39m[36mthis[39m[33m.[39mpos)[33m,[39me[33m+=[39m[36mthis[39m[33m.[39mjsx_readEnt
[23mity()[33m,[39mt[33m=[39m[36mthis[39m[33m.[39mpos[33m;[39m[36mbreak[39m[33m;[39m[36mcase[39m [35m62[39m[33m:[39m[36mcase[39m [35m125[39m[33m:[39m[36mthis[39m[33m.[39mraise([36mthis[39m[33m.[39mpos[33m,[39m[32m"Unexpected token
[23m`"[39m[33m+[39m[36mthis[39m[33m.[39minput[[36mthis[39m[33m.[39mpos][33m+[39m[32m"`. Did you mean `"[39m[33m+[39m([35m62[39m[33m===[39mn[33m?[39m[32m"&gt;"[39m[33m:[39m[32m"&rbrace;"[39m)[33m+[39m[32m'` or
[23m`{"'[39m[33m+[39m[36mthis[39m[33m.[39minput[[36mthis[39m[33m.[39mpos][33m+[39m[32m'"}`?'[39m)[33m;[39m[36mdefault[39m[33m:[39mg(n)[33m?[39m(e[33m+=[39m[36mthis[39m[33m.[39minput[33m.[39mslice(t[33m,[39m[36mthis[39m[33m.[39mpos)[33m,
[23m[39me[33m+=[39m[36mthis[39m[33m.[39mjsx_readNewLine([33m![39m[35m0[39m)[33m,[39mt[33m=[39m[36mthis[39m[33m.[39mpos)[33m:[39m[33m++[39m[36mthis[39m[33m.[39mpos}}}jsx_readNewLine(e){[36mlet[39m
[23mt[33m,[39mn[33m=[39m[36mthis[39m[33m.[39minput[33m.[39mcharCodeAt([36mthis[39m[33m.[39mpos)[33m;[39m[36mreturn[39m[33m++[39m[36mthis[39m[33m.[39mpos[33m,[39m[35m13[39m[33m===[39mn[33m&&[39m[35m10[39m[33m===[39m[36mthis[39m[33m.[39minput[33m.[39mcha
[23mrCodeAt([36mthis[39m[33m.[39mpos)[33m?[39m([33m++[39m[36mthis[39m[33m.[39mpos[33m,[39mt[33m=[39me[33m?[39m[32m"\n"[39m[33m:[39m[32m"\r\n"[39m)[33m:[39mt[33m=[39m[33mString[39m[33m.[39mfromCharCode(n)[33m,[39m[36mthis[39m[33m.[39mopt
[23mions[33m.[39mlocations[33m&&[39m([33m++[39m[36mthis[39m[33m.[39mcurLine[33m,[39m[36mthis[39m[33m.[39mlineStart[33m=[39m[36mthis[39m[33m.[39mpos)[33m,[39mt}jsx_readString(e){[36mlet[39m
[23m t[33m=[39m[32m""[39m[33m,[39mn[33m=[39m[33m++[39m[36mthis[39m[33m.[39mpos[33m;[39m[36mfor[39m([33m;[39m[33m;[39m){[36mthis[39m[33m.[39mpos[33m>=[39m[36mthis[39m[33m.[39minput[33m.[39mlength[33m&&[39m[36mthis[39m[33m.[39mraise([36mthis[39m[33m.[39mstart[33m,[39m[32m"U
[23mnterminated string constant"[39m)[33m;[39m[36mlet[39m
[23mr[33m=[39m[36mthis[39m[33m.[39minput[33m.[39mcharCodeAt([36mthis[39m[33m.[39mpos)[33m;[39m[36mif[39m(r[33m===[39me)[36mbreak[39m[33m;[39m[35m38[39m[33m===[39mr[33m?[39m(t[33m+=[39m[36mthis[39m[33m.[39minput[33m.[39mslice(n[33m,[39m[36mt
[23mhis[39m[33m.[39mpos)[33m,[39mt[33m+=[39m[36mthis[39m[33m.[39mjsx_readEntity()[33m,[39mn[33m=[39m[36mthis[39m[33m.[39mpos)[33m:[39mg(r)[33m?[39m(t[33m+=[39m[36mthis[39m[33m.[39minput[33m.[39mslice(n[33m,[39m[36mthis[39m[33m.[39mp
[23mos)[33m,[39mt[33m+=[39m[36mthis[39m[33m.[39mjsx_readNewLine([33m![39m[35m1[39m)[33m,[39mn[33m=[39m[36mthis[39m[33m.[39mpos)[33m:[39m[33m++[39m[36mthis[39m[33m.[39mpos}[36mreturn[39m t[33m+=[39m[36mthis[39m[33m.[39minput[33m.[39mslic
[23me(n[33m,[39m[36mthis[39m[33m.[39mpos[33m++[39m)[33m,[39m[36mthis[39m[33m.[39mfinishToken(c[33m.[39mstring[33m,[39mt)}jsx_readEntity(){[36mlet[39m
[23me[33m,[39mt[33m=[39m[32m""[39m[33m,[39mn[33m=[39m[35m0[39m[33m,[39ma[33m=[39m[36mthis[39m[33m.[39minput[[36mthis[39m[33m.[39mpos][33m;[39m[32m"&"[39m[33m!==[39ma[33m&&[39m[36mthis[39m[33m.[39mraise([36mthis[39m[33m.[39mpos[33m,[39m[32m"Entity must
[23mstart with an ampersand"[39m)[33m;[39m[36mlet[39m o[33m=[39m[33m++[39m[36mthis[39m[33m.[39mpos[33m;[39m[36mfor[39m([33m;[39m[36mthis[39m[33m.[39mpos[33m<[39m[36mthis[39m[33m.[39minput[33m.[39mlength[33m&&[39mn[33m++[39m[33m<
[23m[39m[35m10[39m[33m;[39m){[36mif[39m(a[33m=[39m[36mthis[39m[33m.[39minput[[36mthis[39m[33m.[39mpos[33m++[39m][33m,[39m[32m";"[39m[33m===[39ma){[32m"#"[39m[33m===[39mt[[35m0[39m][33m?[39m[32m"x"[39m[33m===[39mt[[35m1[39m][33m?[39m(t[33m=[39mt[33m.[39msubstr([35m2[39m)[33m,[39mi
[23m[33m.[39mtest(t)[33m&&[39m(e[33m=[39m[33mString[39m[33m.[39mfromCharCode(parseInt(t[33m,[39m[35m16[39m))))[33m:[39m(t[33m=[39mt[33m.[39msubstr([35m1[39m)[33m,[39ms[33m.[39mtest(t)[33m&&[39m(e[33m=
[23m[39m[33mString[39m[33m.[39mfromCharCode(parseInt(t[33m,[39m[35m10[39m))))[33m:[39me[33m=[39mr[t][33m;[39m[36mbreak[39m}t[33m+=[39ma}[36mreturn[39m
[23me[33m||[39m([36mthis[39m[33m.[39mpos[33m=[39mo[33m,[39m[32m"&"[39m)}jsx_readWord(){[36mlet[39m
[23me[33m,[39mt[33m=[39m[36mthis[39m[33m.[39mpos[33m;[39m[36mdo[39m{e[33m=[39m[36mthis[39m[33m.[39minput[33m.[39mcharCodeAt([33m++[39m[36mthis[39m[33m.[39mpos)}[36mwhile[39m(y(e)[33m||[39m[35m45[39m[33m===[39me)[33m;[39m[36mreturn[39m
[23m[36mthis[39m[33m.[39mfinishToken(p[33m.[39mjsxName[33m,[39m[36mthis[39m[33m.[39minput[33m.[39mslice(t[33m,[39m[36mthis[39m[33m.[39mpos))}jsx_parseIdentifier(){[36ml
[23met[39m e[33m=[39m[36mthis[39m[33m.[39mstartNode()[33m;[39m[36mreturn[39m [36mthis[39m[33m.[39mtype[33m===[39mp[33m.[39mjsxName[33m?[39me[33m.[39mname[33m=[39m[36mthis[39m[33m.[39mvalue[33m:[39m[36mthis[39m[33m.[39mtype[33m.[39mk
[23meyword[33m?[39me[33m.[39mname[33m=[39m[36mthis[39m[33m.[39mtype[33m.[39mkeyword[33m:[39m[36mthis[39m[33m.[39munexpected()[33m,[39m[36mthis[39m[33m.[39mnext()[33m,[39m[36mthis[39m[33m.[39mfinishNode(e[33m,
[23m[39m[32m"JSXIdentifier"[39m)}jsx_parseNamespacedName(){[36mlet[39m t[33m=[39m[36mthis[39m[33m.[39mstart[33m,[39mn[33m=[39m[36mthis[39m[33m.[39mstartLoc[33m,[39mr[33m=[39m[36mth
[23mis[39m[33m.[39mjsx_parseIdentifier()[33m;[39m[36mif[39m([33m![39me[33m.[39mallowNamespaces[33m||[39m[33m![39m[36mthis[39m[33m.[39meat(c[33m.[39mcolon))[36mreturn[39m r[33m;[39m[36mvar[39m
[23mi[33m=[39m[36mthis[39m[33m.[39mstartNodeAt(t[33m,[39mn)[33m;[39m[36mreturn[39m
[23mi[33m.[39mnamespace[33m=[39mr[33m,[39mi[33m.[39mname[33m=[39m[36mthis[39m[33m.[39mjsx_parseIdentifier()[33m,[39m[36mthis[39m[33m.[39mfinishNode(i[33m,[39m[32m"JSXNamespaced
[23mName"[39m)}jsx_parseElementName(){[36mif[39m([36mthis[39m[33m.[39mtype[33m===[39mp[33m.[39mjsxTagEnd)[36mreturn[39m[32m""[39m[33m;[39m[36mlet[39m
[23mt[33m=[39m[36mthis[39m[33m.[39mstart[33m,[39mn[33m=[39m[36mthis[39m[33m.[39mstartLoc[33m,[39mr[33m=[39m[36mthis[39m[33m.[39mjsx_parseNamespacedName()[33m;[39m[36mfor[39m([36mthis[39m[33m.[39mtype[33m!==[39mc[33m.
[23m[39mdot[33m||[39m[32m"JSXNamespacedName"[39m[33m!==[39mr[33m.[39mtype[33m||[39me[33m.[39mallowNamespacedObjects[33m||[39m[36mthis[39m[33m.[39munexpected()[33m;[39m[36mt
[23mhis[39m[33m.[39meat(c[33m.[39mdot)[33m;[39m){[36mlet[39m e[33m=[39m[36mthis[39m[33m.[39mstartNodeAt(t[33m,[39mn)[33m;[39me[33m.[39mobject[33m=[39mr[33m,[39me[33m.[39mproperty[33m=[39m[36mthis[39m[33m.[39mjsx_pars
[23meIdentifier()[33m,[39mr[33m=[39m[36mthis[39m[33m.[39mfinishNode(e[33m,[39m[32m"JSXMemberExpression"[39m)}[36mreturn[39m
[23mr}jsx_parseAttributeValue(){[36mswitch[39m([36mthis[39m[33m.[39mtype){[36mcase[39m c[33m.[39mbraceL[33m:[39m[36mlet[39m
[23me[33m=[39m[36mthis[39m[33m.[39mjsx_parseExpressionContainer()[33m;[39m[36mreturn[39m[32m"JSXEmptyExpression"[39m[33m===[39me[33m.[39mexpression[33m.
[23m[39mtype[33m&&[39m[36mthis[39m[33m.[39mraise(e[33m.[39mstart[33m,[39m[32m"JSX attributes must only be assigned a non-empty
[23mexpression"[39m)[33m,[39me[33m;[39m[36mcase[39m p[33m.[39mjsxTagStart[33m:[39m[36mcase[39m c[33m.[39mstring[33m:[39m[36mreturn[39m
[23m[36mthis[39m[33m.[39mparseExprAtom()[33m;[39m[36mdefault[39m[33m:[39m[36mthis[39m[33m.[39mraise([36mthis[39m[33m.[39mstart[33m,[39m[32m"JSX value should be either
[23man expression or a quoted JSX text"[39m)}}jsx_parseEmptyExpression(){[36mlet[39m
[23me[33m=[39m[36mthis[39m[33m.[39mstartNodeAt([36mthis[39m[33m.[39mlastTokEnd[33m,[39m[36mthis[39m[33m.[39mlastTokEndLoc)[33m;[39m[36mreturn[39m
[23m[36mthis[39m[33m.[39mfinishNodeAt(e[33m,[39m[32m"JSXEmptyExpression"[39m[33m,[39m[36mthis[39m[33m.[39mstart[33m,[39m[36mthis[39m[33m.[39mstartLoc)}jsx_parseExpr
[23messionContainer(){[36mlet[39m e[33m=[39m[36mthis[39m[33m.[39mstartNode()[33m;[39m[36mreturn[39m [36mthis[39m[33m.[39mnext()[33m,[39me[33m.[39mexpression[33m=[39m[36mthis[39m[33m.[39mty
[23mpe[33m===[39mc[33m.[39mbraceR[33m?[39m[36mthis[39m[33m.[39mjsx_parseEmptyExpression()[33m:[39m[36mthis[39m[33m.[39mparseExpression()[33m,[39m[36mthis[39m[33m.[39mexpect
[23m(c[33m.[39mbraceR)[33m,[39m[36mthis[39m[33m.[39mfinishNode(e[33m,[39m[32m"JSXExpressionContainer"[39m)}jsx_parseAttribute(){[36mlet[39m
[23me[33m=[39m[36mthis[39m[33m.[39mstartNode()[33m;[39m[36mreturn[39m
[23m[36mthis[39m[33m.[39meat(c[33m.[39mbraceL)[33m?[39m([36mthis[39m[33m.[39mexpect(c[33m.[39mellipsis)[33m,[39me[33m.[39margument[33m=[39m[36mthis[39m[33m.[39mparseMaybeAssign()[33m,[39m[36mt
[23mhis[39m[33m.[39mexpect(c[33m.[39mbraceR)[33m,[39m[36mthis[39m[33m.[39mfinishNode(e[33m,[39m[32m"JSXSpreadAttribute"[39m))[33m:[39m(e[33m.[39mname[33m=[39m[36mthis[39m[33m.[39mjsx_p
[23marseNamespacedName()[33m,[39me[33m.[39mvalue[33m=[39m[36mthis[39m[33m.[39meat(c[33m.[39meq)[33m?[39m[36mthis[39m[33m.[39mjsx_parseAttributeValue()[33m:[39m[36mnull[39m[33m,
[23m[39m[36mthis[39m[33m.[39mfinishNode(e[33m,[39m[32m"JSXAttribute"[39m))}jsx_parseOpeningElementAt(e[33m,[39mt){[36mlet[39m
[23mn[33m=[39m[36mthis[39m[33m.[39mstartNodeAt(e[33m,[39mt)[33m;[39mn[33m.[39mattributes[33m=[39m[][33m;[39m[36mlet[39m
[23mr[33m=[39m[36mthis[39m[33m.[39mjsx_parseElementName()[33m;[39m[36mfor[39m(r[33m&&[39m(n[33m.[39mname[33m=[39mr)[33m;[39m[36mthis[39m[33m.[39mtype[33m!==[39mc[33m.[39mslash[33m&&[39m[36mthis[39m[33m.[39mtype[33m!=
[23m=[39mp[33m.[39mjsxTagEnd[33m;[39m)n[33m.[39mattributes[33m.[39mpush([36mthis[39m[33m.[39mjsx_parseAttribute())[33m;[39m[36mreturn[39m
[23mn[33m.[39mselfClosing[33m=[39m[36mthis[39m[33m.[39meat(c[33m.[39mslash)[33m,[39m[36mthis[39m[33m.[39mexpect(p[33m.[39mjsxTagEnd)[33m,[39m[36mthis[39m[33m.[39mfinishNode(n[33m,[39mr[33m?[39m[32m"JS
[23mXOpeningElement"[39m[33m:[39m[32m"JSXOpeningFragment"[39m)}jsx_parseClosingElementAt(e[33m,[39mt){[36mlet[39m
[23mn[33m=[39m[36mthis[39m[33m.[39mstartNodeAt(e[33m,[39mt)[33m,[39mr[33m=[39m[36mthis[39m[33m.[39mjsx_parseElementName()[33m;[39m[36mreturn[39m
[23mr[33m&&[39m(n[33m.[39mname[33m=[39mr)[33m,[39m[36mthis[39m[33m.[39mexpect(p[33m.[39mjsxTagEnd)[33m,[39m[36mthis[39m[33m.[39mfinishNode(n[33m,[39mr[33m?[39m[32m"JSXClosingElement"[39m[33m:[39m[32m"
[23mJSXClosingFragment"[39m)}jsx_parseElementAt(e[33m,[39mt){[36mlet[39m
[23mn[33m=[39m[36mthis[39m[33m.[39mstartNodeAt(e[33m,[39mt)[33m,[39mr[33m=[39m[][33m,[39mi[33m=[39m[36mthis[39m[33m.[39mjsx_parseOpeningElementAt(e[33m,[39mt)[33m,[39ms[33m=[39m[36mnull[39m[33m;[39m[36mif[39m([33m![39mi[33m.
[23m[39mselfClosing){e[33m:[39m[36mfor[39m([33m;[39m[33m;[39m)[36mswitch[39m([36mthis[39m[33m.[39mtype){[36mcase[39m
[23mp[33m.[39mjsxTagStart[33m:[39m[36mif[39m(e[33m=[39m[36mthis[39m[33m.[39mstart[33m,[39mt[33m=[39m[36mthis[39m[33m.[39mstartLoc[33m,[39m[36mthis[39m[33m.[39mnext()[33m,[39m[36mthis[39m[33m.[39meat(c[33m.[39mslash)){s[33m=[39m[36mt
[23mhis[39m[33m.[39mjsx_parseClosingElementAt(e[33m,[39mt)[33m;[39m[36mbreak[39m
[23me}r[33m.[39mpush([36mthis[39m[33m.[39mjsx_parseElementAt(e[33m,[39mt))[33m;[39m[36mbreak[39m[33m;[39m[36mcase[39m
[23mp[33m.[39mjsxText[33m:[39mr[33m.[39mpush([36mthis[39m[33m.[39mparseExprAtom())[33m;[39m[36mbreak[39m[33m;[39m[36mcase[39m
[23mc[33m.[39mbraceL[33m:[39mr[33m.[39mpush([36mthis[39m[33m.[39mjsx_parseExpressionContainer())[33m;[39m[36mbreak[39m[33m;[39m[36mdefault[39m[33m:[39m[36mthis[39m[33m.[39munexpect
[23med()}u(s[33m.[39mname)[33m!==[39mu(i[33m.[39mname)[33m&&[39m[36mthis[39m[33m.[39mraise(s[33m.[39mstart[33m,[39m[32m"Expected corresponding JSX
[23mclosing tag for <"[39m[33m+[39mu(i[33m.[39mname)[33m+[39m[32m">"[39m)}[36mlet[39m a[33m=[39mi[33m.[39mname[33m?[39m[32m"Element"[39m[33m:[39m[32m"Fragment"[39m[33m;[39m[36mreturn[39m
[23mn[[32m"opening"[39m[33m+[39ma][33m=[39mi[33m,[39mn[[32m"closing"[39m[33m+[39ma][33m=[39ms[33m,[39mn[33m.[39mchildren[33m=[39mr[33m,[39m[36mthis[39m[33m.[39mtype[33m===[39mc[33m.[39mrelational[33m&&[39m[32m"<"[39m[33m===[39m[36mt
[23mhis[39m[33m.[39mvalue[33m&&[39m[36mthis[39m[33m.[39mraise([36mthis[39m[33m.[39mstart[33m,[39m[32m"Adjacent JSX elements must be wrapped in an
[23menclosing tag"[39m)[33m,[39m[36mthis[39m[33m.[39mfinishNode(n[33m,[39m[32m"JSX"[39m[33m+[39ma)}jsx_parseText(){[36mlet[39m
[23me[33m=[39m[36mthis[39m[33m.[39mparseLiteral([36mthis[39m[33m.[39mvalue)[33m;[39m[36mreturn[39m e[33m.[39mtype[33m=[39m[32m"JSXText"[39m[33m,[39me}jsx_parseElement(){[36mlet[39m
[23m e[33m=[39m[36mthis[39m[33m.[39mstart[33m,[39mt[33m=[39m[36mthis[39m[33m.[39mstartLoc[33m;[39m[36mreturn[39m
[23m[36mthis[39m[33m.[39mnext()[33m,[39m[36mthis[39m[33m.[39mjsx_parseElementAt(e[33m,[39mt)}parseExprAtom(e){[36mreturn[39m
[23m[36mthis[39m[33m.[39mtype[33m===[39mp[33m.[39mjsxText[33m?[39m[36mthis[39m[33m.[39mjsx_parseText()[33m:[39m[36mthis[39m[33m.[39mtype[33m===[39mp[33m.[39mjsxTagStart[33m?[39m[36mthis[39m[33m.[39mjsx_pa
[23mrseElement()[33m:[39m[36msuper[39m[33m.[39mparseExprAtom(e)}readToken(e){[36mlet[39m
[23mt[33m=[39m[36mthis[39m[33m.[39mcurContext()[33m;[39m[36mif[39m(t[33m===[39mm)[36mreturn[39m
[23m[36mthis[39m[33m.[39mjsx_readToken()[33m;[39m[36mif[39m(t[33m===[39md[33m||[39mt[33m===[39mf){[36mif[39m(x(e))[36mreturn[39m
[23m[36mthis[39m[33m.[39mjsx_readWord()[33m;[39m[36mif[39m([35m62[39m[33m==[39me)[36mreturn[39m[33m++[39m[36mthis[39m[33m.[39mpos[33m,[39m[36mthis[39m[33m.[39mfinishToken(p[33m.[39mjsxTagEnd)[33m;[39m[36mif[39m((
[23m[35m34[39m[33m===[39me[33m||[39m[35m39[39m[33m===[39me)[33m&&[39mt[33m==[39md)[36mreturn[39m [36mthis[39m[33m.[39mjsx_readString(e)}[36mreturn[39m [35m60[39m[33m===[39me[33m&&[39m[36mthis[39m[33m.[39mexprAllo
[23mwed[33m&&[39m[35m33[39m[33m!==[39m[36mthis[39m[33m.[39minput[33m.[39mcharCodeAt([36mthis[39m[33m.[39mpos[33m+[39m[35m1[39m)[33m?[39m([33m++[39m[36mthis[39m[33m.[39mpos[33m,[39m[36mthis[39m[33m.[39mfinishToken(p[33m.[39mjsxTa
[23mgStart))[33m:[39m[36msuper[39m[33m.[39mreadToken(e)}updateContext(e){[36mif[39m([36mthis[39m[33m.[39mtype[33m==[39mc[33m.[39mbraceL){[36mvar[39m
[23mt[33m=[39m[36mthis[39m[33m.[39mcurContext()[33m;[39mt[33m==[39md[33m?[39m[36mthis[39m[33m.[39mcontext[33m.[39mpush(h[33m.[39mb_expr)[33m:[39mt[33m==[39mm[33m?[39m[36mthis[39m[33m.[39mcontext[33m.[39mpush(h[33m.[39mb_
[23mtmpl)[33m:[39m[36msuper[39m[33m.[39mupdateContext(e)[33m,[39m[36mthis[39m[33m.[39mexprAllowed[33m=[39m[33m![39m[35m0[39m}[36melse[39m{[36mif[39m([36mthis[39m[33m.[39mtype[33m!==[39mc[33m.[39mslash[33m||[39me[33m!
[23m==[39mp[33m.[39mjsxTagStart)[36mreturn[39m [36msuper[39m[33m.[39mupdateContext(e)[33m;[39m[36mthis[39m[33m.[39mcontext[33m.[39mlength[33m-=[39m[35m2[39m[33m,[39m[36mthis[39m[33m.[39mcontex
[23mt[33m.[39mpush(f)[33m,[39m[36mthis[39m[33m.[39mexprAllowed[33m=[39m[33m![39m[35m1[39m}}}}({allowNamespaces[33m:[39m[33m![39m[35m1[39m[33m!==[39me[33m.[39mallowNamespaces[33m,[39mallowN
[23mamespacedObjects[33m:[39m[33m![39m[33m![39me[33m.[39mallowNamespacedObjects}[33m,[39mt)}}[33m,[39m[33mObject[39m[33m.[39mdefineProperty(e[33m.[39mexport
[23ms[33m,[39m[32m"tokTypes"[39m[33m,[39m{[36mget[39m[33m:[39m[36mfunction[39m(){[36mreturn[39m
[23mo(n([35m1234[39m))[33m.[39mtokTypes}[33m,[39mconfigurable[33m:[39m[33m![39m[35m0[39m[33m,[39menumerable[33m:[39m[33m![39m[35m0[39m})}[33m,[39m[35m3325[39m[33m:[39me[33m=>[39m{e[33m.[39mexports[33m=[39m{quot[33m:[39m[32m'
[23m"'[39m[33m,[39mamp[33m:[39m[32m"&"[39m[33m,[39mapos[33m:[39m[32m"'"[39m[33m,[39mlt[33m:[39m[32m"<"[39m[33m,[39mgt[33m:[39m[32m">"[39m[33m,[39mnbsp[33m:[39m[32m"┬á"[39m[33m,[39miexcl[33m:[39m[32m"┬í"[39m[33m,[39mcent[33m:[39m[32m"┬ó"[39m[33m,[39mpound[33m:[39m[32m"┬ú"[39m[33m,[39mcurren[33m:[39m[32m"
[23m┬ñ"[39m[33m,[39myen[33m:[39m[32m"┬Ñ"[39m[33m,[39mbrvbar[33m:[39m[32m"┬ª"[39m[33m,[39msect[33m:[39m[32m"┬º"[39m[33m,[39muml[33m:[39m[32m"┬¿"[39m[33m,[39mcopy[33m:[39m[32m"┬⌐"[39m[33m,[39mordf[33m:[39m[32m"┬¬"[39m[33m,[39mlaquo[33m:[39m[32m"┬½"[39m[33m,[39mnot[33m:[39m[32m"┬¼"[39m[33m,[39mshy[33m:[39m[32m"
[23m┬¡"[39m[33m,[39mreg[33m:[39m[32m"┬«"[39m[33m,[39mmacr[33m:[39m[32m"┬»"[39m[33m,[39mdeg[33m:[39m[32m"┬░"[39m[33m,[39mplusmn[33m:[39m[32m"┬▒"[39m[33m,[39msup2[33m:[39m[32m"┬▓"[39m[33m,[39msup3[33m:[39m[32m"┬│"[39m[33m,[39macute[33m:[39m[32m"┬┤"[39m[33m,[39mmicro[33m:[39m[32m"┬╡"[39m[33m,[39mpar
[23ma[33m:[39m[32m"┬╢"[39m[33m,[39mmiddot[33m:[39m[32m"┬╖"[39m[33m,[39mcedil[33m:[39m[32m"┬╕"[39m[33m,[39msup1[33m:[39m[32m"┬╣"[39m[33m,[39mordm[33m:[39m[32m"┬║"[39m[33m,[39mraquo[33m:[39m[32m"┬╗"[39m[33m,[39mfrac14[33m:[39m[32m"┬╝"[39m[33m,[39mfrac12[33m:[39m[32m"┬╜"[39m[33m,[39mfra
[23mc34[33m:[39m[32m"┬╛"[39m[33m,[39miquest[33m:[39m[32m"┬┐"[39m[33m,[39m[33mAgrave[39m[33m:[39m[32m"├Ç"[39m[33m,[39m[33mAacute[39m[33m:[39m[32m"├ü"[39m[33m,[39m[33mAcirc[39m[33m:[39m[32m"├é"[39m[33m,[39m[33mAtilde[39m[33m:[39m[32m"├â"[39m[33m,[39m[33mAuml[39m[33m:[39m[32m"├ä"[39m[33m,[39m[33mAring[39m[33m:[39m[32m"├à"
[23m[39m[33m,[39m[33mAElig[39m[33m:[39m[32m"├å"[39m[33m,[39m[33mCcedil[39m[33m:[39m[32m"├ç"[39m[33m,[39m[33mEgrave[39m[33m:[39m[32m"├ê"[39m[33m,[39m[33mEacute[39m[33m:[39m[32m"├ë"[39m[33m,[39m[33mEcirc[39m[33m:[39m[32m"├è"[39m[33m,[39m[33mEuml[39m[33m:[39m[32m"├ï"[39m[33m,[39m[33mIgrave[39m[33m:[39m[32m"├î"[39m[33m,[39m[33mIacute
[23m[39m[33m:[39m[32m"├ì"[39m[33m,[39m[33mIcirc[39m[33m:[39m[32m"├Ä"[39m[33m,[39m[33mIuml[39m[33m:[39m[32m"├Å"[39m[33m,[39m[33mETH[39m[33m:[39m[32m"├É"[39m[33m,[39m[33mNtilde[39m[33m:[39m[32m"├æ"[39m[33m,[39m[33mOgrave[39m[33m:[39m[32m"├Æ"[39m[33m,[39m[33mOacute[39m[33m:[39m[32m"├ô"[39m[33m,[39m[33mOcirc[39m[33m:[39m[32m"├ö"[39m[33m,[39m[33mOtild
[23me[39m[33m:[39m[32m"├ò"[39m[33m,[39m[33mOuml[39m[33m:[39m[32m"├û"[39m[33m,[39mtimes[33m:[39m[32m"├ù"[39m[33m,[39m[33mOslash[39m[33m:[39m[32m"├ÿ"[39m[33m,[39m[33mUgrave[39m[33m:[39m[32m"├Ö"[39m[33m,[39m[33mUacute[39m[33m:[39m[32m"├Ü"[39m[33m,[39m[33mUcirc[39m[33m:[39m[32m"├¢"[39m[33m,[39m[33mUuml[39m[33m:[39m[32m"├£"[39m[33m,[39m[33mYac
[23mute[39m[33m:[39m[32m"├¥"[39m[33m,[39m[33mTHORN[39m[33m:[39m[32m"├₧"[39m[33m,[39mszlig[33m:[39m[32m"├ƒ"[39m[33m,[39magrave[33m:[39m[32m"├á"[39m[33m,[39maacute[33m:[39m[32m"├í"[39m[33m,[39macirc[33m:[39m[32m"├ó"[39m[33m,[39matilde[33m:[39m[32m"├ú"[39m[33m,[39mauml[33m:[39m[32m"├ñ"[39m[33m,
[23m[39maring[33m:[39m[32m"├Ñ"[39m[33m,[39maelig[33m:[39m[32m"├ª"[39m[33m,[39mccedil[33m:[39m[32m"├º"[39m[33m,[39megrave[33m:[39m[32m"├¿"[39m[33m,[39meacute[33m:[39m[32m"├⌐"[39m[33m,[39mecirc[33m:[39m[32m"├¬"[39m[33m,[39meuml[33m:[39m[32m"├½"[39m[33m,[39migrave[33m:[39m[32m"
[23m├¼"[39m[33m,[39miacute[33m:[39m[32m"├¡"[39m[33m,[39micirc[33m:[39m[32m"├«"[39m[33m,[39miuml[33m:[39m[32m"├»"[39m[33m,[39meth[33m:[39m[32m"├░"[39m[33m,[39mntilde[33m:[39m[32m"├▒"[39m[33m,[39mograve[33m:[39m[32m"├▓"[39m[33m,[39moacute[33m:[39m[32m"├│"[39m[33m,[39mocirc[33m:
[23m[39m[32m"├┤"[39m[33m,[39motilde[33m:[39m[32m"├╡"[39m[33m,[39mouml[33m:[39m[32m"├╢"[39m[33m,[39mdivide[33m:[39m[32m"├╖"[39m[33m,[39moslash[33m:[39m[32m"├╕"[39m[33m,[39mugrave[33m:[39m[32m"├╣"[39m[33m,[39muacute[33m:[39m[32m"├║"[39m[33m,[39mucirc[33m:[39m[32m"├╗"[39m[33m,[39muu
[23mml[33m:[39m[32m"├╝"[39m[33m,[39myacute[33m:[39m[32m"├╜"[39m[33m,[39mthorn[33m:[39m[32m"├╛"[39m[33m,[39myuml[33m:[39m[32m"├┐"[39m[33m,[39m[33mOElig[39m[33m:[39m[32m"┼Æ"[39m[33m,[39moelig[33m:[39m[32m"┼ô"[39m[33m,[39m[33mScaron[39m[33m:[39m[32m"┼á"[39m[33m,[39mscaron[33m:[39m[32m"┼í"[39m[33m,[39m[33mY
[23muml[39m[33m:[39m[32m"┼╕"[39m[33m,[39mfnof[33m:[39m[32m"╞Æ"[39m[33m,[39mcirc[33m:[39m[32m"╦å"[39m[33m,[39mtilde[33m:[39m[32m"╦£"[39m[33m,[39m[33mAlpha[39m[33m:[39m[32m"╬æ"[39m[33m,[39m[33mBeta[39m[33m:[39m[32m"╬Æ"[39m[33m,[39m[33mGamma[39m[33m:[39m[32m"╬ô"[39m[33m,[39m[33mDelta[39m[33m:[39m[32m"╬ö"[39m[33m,[39m[33mEpsil
[23mon[39m[33m:[39m[32m"╬ò"[39m[33m,[39m[33mZeta[39m[33m:[39m[32m"╬û"[39m[33m,[39m[33mEta[39m[33m:[39m[32m"╬ù"[39m[33m,[39m[33mTheta[39m[33m:[39m[32m"╬ÿ"[39m[33m,[39m[33mIota[39m[33m:[39m[32m"╬Ö"[39m[33m,[39m[33mKappa[39m[33m:[39m[32m"╬Ü"[39m[33m,[39m[33mLambda[39m[33m:[39m[32m"╬¢"[39m[33m,[39m[33mMu[39m[33m:[39m[32m"╬£"[39m[33m,[39m[33mNu[39m[33m:[39m[32m"╬¥"[39m[33m,[39m[33mXi
[23m[39m[33m:[39m[32m"╬₧"[39m[33m,[39m[33mOmicron[39m[33m:[39m[32m"╬ƒ"[39m[33m,[39m[33mPi[39m[33m:[39m[32m"╬á"[39m[33m,[39m[33mRho[39m[33m:[39m[32m"╬í"[39m[33m,[39m[33mSigma[39m[33m:[39m[32m"╬ú"[39m[33m,[39m[33mTau[39m[33m:[39m[32m"╬ñ"[39m[33m,[39m[33mUpsilon[39m[33m:[39m[32m"╬Ñ"[39m[33m,[39m[33mPhi[39m[33m:[39m[32m"╬ª"[39m[33m,[39m[33mChi[39m[33m:[39m[32m"╬º"[39m[33m,[39m[33mPs
[23mi[39m[33m:[39m[32m"╬¿"[39m[33m,[39m[33mOmega[39m[33m:[39m[32m"╬⌐"[39m[33m,[39malpha[33m:[39m[32m"╬▒"[39m[33m,[39mbeta[33m:[39m[32m"╬▓"[39m[33m,[39mgamma[33m:[39m[32m"╬│"[39m[33m,[39mdelta[33m:[39m[32m"╬┤"[39m[33m,[39mepsilon[33m:[39m[32m"╬╡"[39m[33m,[39mzeta[33m:[39m[32m"╬╢"[39m[33m,[39meta[33m:
[23m[39m[32m"╬╖"[39m[33m,[39mtheta[33m:[39m[32m"╬╕"[39m[33m,[39miota[33m:[39m[32m"╬╣"[39m[33m,[39mkappa[33m:[39m[32m"╬║"[39m[33m,[39mlambda[33m:[39m[32m"╬╗"[39m[33m,[39mmu[33m:[39m[32m"╬╝"[39m[33m,[39mnu[33m:[39m[32m"╬╜"[39m[33m,[39mxi[33m:[39m[32m"╬╛"[39m[33m,[39momicron[33m:[39m[32m"╬┐"[39m[33m,[39mpi[33m:
[23m[39m[32m"╧Ç"[39m[33m,[39mrho[33m:[39m[32m"╧ü"[39m[33m,[39msigmaf[33m:[39m[32m"╧é"[39m[33m,[39msigma[33m:[39m[32m"╧â"[39m[33m,[39mtau[33m:[39m[32m"╧ä"[39m[33m,[39mupsilon[33m:[39m[32m"╧à"[39m[33m,[39mphi[33m:[39m[32m"╧å"[39m[33m,[39mchi[33m:[39m[32m"╧ç"[39m[33m,[39mpsi[33m:[39m[32m"╧ê"[39m[33m,[39mome
[23mga[33m:[39m[32m"╧ë"[39m[33m,[39mthetasym[33m:[39m[32m"╧æ"[39m[33m,[39mupsih[33m:[39m[32m"╧Æ"[39m[33m,[39mpiv[33m:[39m[32m"╧û"[39m[33m,[39mensp[33m:[39m[32m"ΓÇé"[39m[33m,[39memsp[33m:[39m[32m"ΓÇâ"[39m[33m,[39mthinsp[33m:[39m[32m"ΓÇë"[39m[33m,[39mzwnj[33m:[39m[32m"ΓÇî"[39m[33m,[39mzwj[33m:
[23m[39m[32m"ΓÇì"[39m[33m,[39mlrm[33m:[39m[32m"ΓÇÄ"[39m[33m,[39mrlm[33m:[39m[32m"ΓÇÅ"[39m[33m,[39mndash[33m:[39m[32m"ΓÇô"[39m[33m,[39mmdash[33m:[39m[32m"ΓÇö"[39m[33m,[39mlsquo[33m:[39m[32m"ΓÇÿ"[39m[33m,[39mrsquo[33m:[39m[32m"ΓÇÖ"[39m[33m,[39msbquo[33m:[39m[32m"ΓÇÜ"[39m[33m,[39mldquo[33m:[39m[32m"ΓÇ£"[39m[33m,
[23m[39mrdquo[33m:[39m[32m"ΓÇ¥"[39m[33m,[39mbdquo[33m:[39m[32m"ΓÇ₧"[39m[33m,[39mdagger[33m:[39m[32m"ΓÇá"[39m[33m,[39m[33mDagger[39m[33m:[39m[32m"ΓÇí"[39m[33m,[39mbull[33m:[39m[32m"ΓÇó"[39m[33m,[39mhellip[33m:[39m[32m"ΓÇª"[39m[33m,[39mpermil[33m:[39m[32m"ΓÇ░"[39m[33m,[39mprime[33m:[39m[32m"
[23mΓÇ▓"[39m[33m,[39m[33mPrime[39m[33m:[39m[32m"ΓÇ│"[39m[33m,[39mlsaquo[33m:[39m[32m"ΓÇ╣"[39m[33m,[39mrsaquo[33m:[39m[32m"ΓÇ║"[39m[33m,[39moline[33m:[39m[32m"ΓÇ╛"[39m[33m,[39mfrasl[33m:[39m[32m"Γüä"[39m[33m,[39meuro[33m:[39m[32m"Γé¼"[39m[33m,[39mimage[33m:[39m[32m"Γäæ"[39m[33m,[39mweierp
[23m[33m:[39m[32m"Γäÿ"[39m[33m,[39mreal[33m:[39m[32m"Γä£"[39m[33m,[39mtrade[33m:[39m[32m"Γäó"[39m[33m,[39malefsym[33m:[39m[32m"Γä╡"[39m[33m,[39mlarr[33m:[39m[32m"ΓåÉ"[39m[33m,[39muarr[33m:[39m[32m"Γåæ"[39m[33m,[39mrarr[33m:[39m[32m"ΓåÆ"[39m[33m,[39mdarr[33m:[39m[32m"Γåô"[39m[33m,[39mharr[33m:[39m[32m"Γåö"
[23m[39m[33m,[39mcrarr[33m:[39m[32m"Γå╡"[39m[33m,[39mlArr[33m:[39m[32m"ΓçÉ"[39m[33m,[39muArr[33m:[39m[32m"Γçæ"[39m[33m,[39mrArr[33m:[39m[32m"ΓçÆ"[39m[33m,[39mdArr[33m:[39m[32m"Γçô"[39m[33m,[39mhArr[33m:[39m[32m"Γçö"[39m[33m,[39mforall[33m:[39m[32m"ΓêÇ"[39m[33m,[39mpart[33m:[39m[32m"Γêé"[39m[33m,[39mexis
[23mt[33m:[39m[32m"Γêâ"[39m[33m,[39mempty[33m:[39m[32m"Γêà"[39m[33m,[39mnabla[33m:[39m[32m"Γêç"[39m[33m,[39misin[33m:[39m[32m"Γêê"[39m[33m,[39mnotin[33m:[39m[32m"Γêë"[39m[33m,[39mni[33m:[39m[32m"Γêï"[39m[33m,[39mprod[33m:[39m[32m"ΓêÅ"[39m[33m,[39msum[33m:[39m[32m"Γêæ"[39m[33m,[39mminus[33m:[39m[32m"ΓêÆ"[39m[33m,[39ml
[23mowast[33m:[39m[32m"Γêù"[39m[33m,[39mradic[33m:[39m[32m"ΓêÜ"[39m[33m,[39mprop[33m:[39m[32m"Γê¥"[39m[33m,[39minfin[33m:[39m[32m"Γê₧"[39m[33m,[39mang[33m:[39m[32m"Γêá"[39m[33m,[39mand[33m:[39m[32m"Γêº"[39m[33m,[39mor[33m:[39m[32m"Γê¿"[39m[33m,[39mcap[33m:[39m[32m"Γê⌐"[39m[33m,[39mcup[33m:[39m[32m"Γê¬"[39m[33m,[39min
[23mt[33m:[39m[32m"Γê½"[39m[33m,[39mthere4[33m:[39m[32m"Γê┤"[39m[33m,[39msim[33m:[39m[32m"Γê╝"[39m[33m,[39mcong[33m:[39m[32m"Γëà"[39m[33m,[39masymp[33m:[39m[32m"Γëê"[39m[33m,[39mne[33m:[39m[32m"Γëá"[39m[33m,[39mequiv[33m:[39m[32m"Γëí"[39m[33m,[39mle[33m:[39m[32m"Γëñ"[39m[33m,[39mge[33m:[39m[32m"ΓëÑ"[39m[33m,[39msub[33m:[39m[32m"
[23mΓèé"[39m[33m,[39msup[33m:[39m[32m"Γèâ"[39m[33m,[39mnsub[33m:[39m[32m"Γèä"[39m[33m,[39msube[33m:[39m[32m"Γèå"[39m[33m,[39msupe[33m:[39m[32m"Γèç"[39m[33m,[39moplus[33m:[39m[32m"Γèò"[39m[33m,[39motimes[33m:[39m[32m"Γèù"[39m[33m,[39mperp[33m:[39m[32m"ΓèÑ"[39m[33m,[39msdot[33m:[39m[32m"Γïà"[39m[33m,[39mlce
[23mil[33m:[39m[32m"Γîê"[39m[33m,[39mrceil[33m:[39m[32m"Γîë"[39m[33m,[39mlfloor[33m:[39m[32m"Γîè"[39m[33m,[39mrfloor[33m:[39m[32m"Γîï"[39m[33m,[39mlang[33m:[39m[32m"πÇê"[39m[33m,[39mrang[33m:[39m[32m"πÇë"[39m[33m,[39mloz[33m:[39m[32m"Γùè"[39m[33m,[39mspades[33m:[39m[32m"ΓÖá"[39m[33m,[39mcl
[23mubs[33m:[39m[32m"ΓÖú"[39m[33m,[39mhearts[33m:[39m[32m"ΓÖÑ"[39m[33m,[39mdiams[33m:[39m[32m"ΓÖª"[39m}}[33m,[39m[35m1234[39m[33m:[39m[36mfunction[39m(e[33m,[39mt){[33m![39m[36mfunction[39m(e){[32m"use strict"[39m[33m;[39m[36mvar[39m
[23mt[33m=[39m{[35m3[39m[33m:[39m[32m"abstract boolean byte char class double enum export extends final float
[23mgoto implements import int interface long native package private protected
[23mpublic short static super synchronized throws transient volatile"[39m[33m,[39m[35m5[39m[33m:[39m[32m"class enum
[23mextends super const export import"[39m[33m,[39m[35m6[39m[33m:[39m[32m"enum"[39m[33m,[39mstrict[33m:[39m[32m"implements interface let
[23mpackage private protected public static yield"[39m[33m,[39mstrictBind[33m:[39m[32m"eval
[23marguments"[39m}[33m,[39mn[33m=[39m[32m"break case catch continue debugger default do else finally for
[23mfunction if return switch throw try var while with null true false instanceof
[23mtypeof void delete new in this"[39m[33m,[39mr[33m=[39m{[35m5[39m[33m:[39mn[33m,[39m[32m"5module"[39m[33m:[39mn[33m+[39m[32m" export import"[39m[33m,[39m[35m6[39m[33m:[39mn[33m+[39m[32m" const
[23mclass extends export import super"[39m}[33m,[39mi[33m=[39m[35m/^in(stanceof)?$/[39m[33m,[39ms[33m=[39m[32m"┬¬┬╡┬║├Ç-├û├ÿ-├╢├╕-╦ü╦å-╦æ╦á-╦ñ╦¼╦«═░
[23m-╩╣═╢═╖═║-═╜═┐╬å╬ê-╬è╬î╬Ä-╬í╬ú-╧╡╧╖-╥ü╥è-╘»╘▒-╒û╒Ö╒á-╓ê╫É-╫¬╫»-╫▓╪á-┘è┘«┘»┘▒-█ô█ò█Ñ█ª█«█»█║-█╝█┐▄É▄Æ-▄»▌ì-▐Ñ▐▒▀è-▀¬▀┤▀╡▀║αáÇ-αáòαáÜαáñαá¿αíÇ-αíÿαíá-
[23mαí¬αóá-αó┤αó╢-αúçαñä-αñ╣αñ╜αÑÉαñòαñ╝-αÑíαÑ▒-αªÇαªà-αªîαªÅαªÉαªô-αª¿αª¬-αª░αª▓αª╢-αª╣αª╜αºÄαªíαª╝αªóαª╝αª»αª╝-αºíαº░αº▒αº╝α¿à-α¿èα¿Åα¿Éα¿ô-α¿¿α¿¬-α¿░α¿▓α¿▓α¿╝α¿╡α¿╕α¿╝α¿╕α¿╣α¿ûα¿╝-α⌐£α¿½α¿╝α⌐▓-α⌐┤α¬à-α¬ìα¬Å-
[23mα¬æα¬ô-α¬¿α¬¬-α¬░α¬▓α¬│α¬╡-α¬╣α¬╜α½Éα½áα½íα½╣α¼à-α¼îα¼Åα¼Éα¼ô-α¼¿α¼¬-α¼░α¼▓α¼│α¼╡-α¼╣α¼╜α¼íα¼╝α¼óα¼╝α¡ƒ-α¡íα¡▒α«âα«à-α«èα«Ä-α«Éα«Æ-α«òα«Öα«Üα«£α«₧α«ƒα«úα«ñα«¿-α«¬α««-α«╣α»Éα░à-α░îα░Ä-α░Éα░Æ-α░¿α░¬-α░╣α░╜α▒ÿ
[23m-α▒Üα▒áα▒íα▓Çα▓à-α▓îα▓Ä-α▓Éα▓Æ-α▓¿α▓¬-α▓│α▓╡-α▓╣α▓╜α│₧α│áα│íα│▒α│▓α┤ä-α┤îα┤Ä-α┤Éα┤Æ-α┤║α┤╜α╡Äα╡ö-α╡ûα╡ƒ-α╡íα╡║-α╡┐α╢à-α╢ûα╢Ü-α╢▒α╢│-α╢╗α╢╜α╖Ç-α╖åα╕ü-α╕░α╕▓α╕│α╣Ç-α╣åα║üα║éα║äα║å-α║èα║î-α║úα║Ñα║º-α║░
[23mα║▓α║│α║╜α╗Ç-α╗äα╗åα╗£-α╗ƒα╝Çα╜Ç-α╜çα╜ë-α╜¼α╛ê-α╛îßÇÇ-ßÇ¬ßÇ┐ßüÉ-ßüòßüÜ-ßü¥ßüíßüÑßüªßü«-ßü░ßü╡-ßéüßéÄßéá-ßâàßâçßâìßâÉ-ßâ║ßâ╝-ßëêßëè-ßëìßëÉ-ßëûßëÿßëÜ-ßë¥ßëá-ßèêßèè-ßèìßèÉ-ßè░ßè▓-ßè╡ßè╕-ßè╛ßïÇßïé-ßïà
[23mßïê-ßïûßïÿ-ßîÉßîÆ-ßîòßîÿ-ßìÜßÄÇ-ßÄÅßÄá-ßÅ╡ßÅ╕-ßÅ╜ßÉü-ßÖ¼ßÖ»-ßÖ┐ßÜü-ßÜÜßÜá-ß¢¬ß¢«-ß¢╕ß£Ç-ß£îß£Ä-ß£æß£á-ß£▒ß¥Ç-ß¥æß¥á-ß¥¼ß¥«-ß¥░ß₧Ç-ß₧│ßƒùßƒ£ßáá-ßí╕ßóÇ-ßó¿ßó¬ßó░-ßú╡ßñÇ-ßñ₧ßÑÉ-ßÑ¡ßÑ░-ßÑ┤ßªÇ-
[23mßª½ßª░-ßºëß¿Ç-ß¿ûß¿á-ß⌐öß¬ºß¼à-ß¼│ß¡à-ß¡ïß«â-ß«áß««ß«»ß«║-ß»Ñß░Ç-ß░úß▒ì-ß▒Åß▒Ü-ß▒╜ß▓Ç-ß▓êß▓É-ß▓║ß▓╜-ß▓┐ß│⌐-ß│¼ß│«-ß││ß│╡ß│╢ß│║ß┤Ç-ß╢┐ß╕Ç-ß╝òß╝ÿ-ß╝¥ß╝á-ß╜àß╜ê-ß╜ìß╜É-ß╜ùß╜Öß╜¢ß╜¥ß╜ƒ-╧Äß╛Ç-ß╛┤ß╛╢
[23m-ß╛╝╬╣ß┐é-ß┐äß┐å-ß┐îß┐É-╬Éß┐û-╬èß┐á-ß┐¼ß┐▓-ß┐┤ß┐╢-ß┐╝Γü▒Γü┐ΓéÉ-Γé£ΓäéΓäçΓäè-ΓäôΓäòΓäÿ-Γä¥Γäñ╬⌐Γä¿K-Γä╣Γä╝-Γä┐Γàà-ΓàëΓàÄΓàá-ΓåêΓ░Ç-Γ░«Γ░░-Γ▒₧Γ▒á-Γ│ñΓ│½-Γ│«Γ│▓Γ││Γ┤Ç-Γ┤ÑΓ┤ºΓ┤¡Γ┤░-Γ╡ºΓ╡»Γ╢Ç-Γ╢û
[23mΓ╢á-Γ╢ªΓ╢¿-Γ╢«Γ╢░-Γ╢╢Γ╢╕-Γ╢╛Γ╖Ç-Γ╖åΓ╖ê-Γ╖ÄΓ╖É-Γ╖ûΓ╖ÿ-Γ╖₧πÇà-πÇçπÇí-πÇ⌐πÇ▒-πÇ╡πÇ╕-πÇ╝πüü-πéûπé¢-πéƒπéí-πâ║πâ╝-πâ┐πäà-πä»πä▒-πåÄπåá-πå┐
[23mπç░-πç┐πÉÇ-Σ╢┐Σ╕Ç-Θ┐╝ΩÇÇ-ΩÆîΩôÉ-Ωô╜ΩöÇ-ΩÿîΩÿÉ-ΩÿƒΩÿ¬Ωÿ½ΩÖÇ-ΩÖ«ΩÖ┐-ΩÜ¥ΩÜá-Ω¢»Ω£ù-Ω£ƒΩ£ó-Ω₧êΩ₧ï-Ω₧┐Ωƒé-ΩƒèΩƒ╡-ΩáüΩáâ-ΩáàΩáç-ΩáèΩáî-ΩáóΩíÇ-Ωí│Ωóé-Ωó│Ωú▓-Ωú╖Ωú╗Ωú╜Ωú╛Ωñè-ΩñÑΩñ░
[23m-ΩÑåΩÑá-ΩÑ╝Ωªä-Ωª▓ΩºÅΩºá-ΩºñΩºª-Ωº»Ωº║-Ωº╛Ω¿Ç-Ω¿¿Ω⌐Ç-Ω⌐éΩ⌐ä-Ω⌐ïΩ⌐á-Ω⌐╢Ω⌐║Ω⌐╛-Ω¬»Ω¬▒Ω¬╡Ω¬╢Ω¬╣-Ω¬╜Ω½ÇΩ½éΩ½¢-Ω½¥Ω½á-Ω½¬Ω½▓-Ω½┤Ω¼ü-Ω¼åΩ¼ë-Ω¼ÄΩ¼æ-Ω¼ûΩ¼á-Ω¼ªΩ¼¿-Ω¼«Ω¼░-Ω¡ÜΩ¡£-Ω¡⌐Ω¡░-Ω»óΩ░Ç-
[23mφ₧úφ₧░-φƒåφƒï-φƒ╗Φ▒ê-ΦêÿΣ╕ª-Θ╛Ä∩¼Ç-∩¼å∩¼ô-∩¼ù╫Ö╓┤╫▓╓╖-∩¼¿╫⌐╫ü-╫û╓╝╫ÿ╓╝-╫£╓╝╫₧╓╝╫á╓╝╫í╓╝╫ú╓╝╫ñ╓╝╫ª╓╝-∩«▒∩»ô-∩┤╜∩╡É-∩╢Å∩╢Æ-∩╖ç∩╖░-∩╖╗∩╣░-∩╣┤∩╣╢-∩╗╝∩╝í-∩╝║∩╜ü-
[23m∩╜Ü∩╜ª-∩╛╛∩┐é-∩┐ç∩┐è-∩┐Å∩┐Æ-∩┐ù∩┐Ü-∩┐£"[39m[33m,[39ma[33m=[39m[32m"ΓÇîΓÇì┬╖╠Ç-═»┬╖╥â-╓æ╥ç-╫ç╓╜╓┐╫ü╫é╫à╫ä╪É-┘ï╪Ü-┘⌐┘░█û-█£█ƒ-█¬█ñ█º█¿-█¡█░-█╣▄æ▄░-▌è▐ª-▐░▀Ç-▀ë▀½-▀╜▀│αáû-αáÖαá¢-αáú
[23mαáÑ-αáºαá⌐-αíÖαá¡-αí¢αúô-αúúαúí-αñâαñ║-αñ╝αñ╛-αÑÅαÑæ-αÑùαÑóαÑúαÑª-αÑ»αªü-αªâαª╝αª╛-αºäαºçαºêαºï-αºìαºùαºóαºúαºª-αº»αº╛α¿ü-α¿âα¿╝α¿╛-α⌐éα⌐çα⌐êα⌐ï-α⌐ìα⌐æα⌐ª-α⌐▒α⌐╡α¬ü-α¬âα¬╝α¬╛-α½àα½ç-α½ëα½ï-α½ìα½óα½ú
[23mα½ª-α½»α½║-α½┐α¼ü-α¼âα¼╝α¼╛-α¡äα¡çα¡êα¡ï-α¡ìα¡ò-α¡ùα¡óα¡úα¡ª-α¡»α«éα«╛-α»éα»å-α»êα»è-α»ìα»ùα»ª-α»»α░Ç-α░äα░╛-α▒äα▒å-α▒êα▒è-α▒ìα▒òα▒ûα▒óα▒úα▒ª-α▒»α▓ü-α▓âα▓╝α▓╛-α│äα│å-α│êα│è-α│ìα│òα│ûα│óα│úα│ª-α│»α┤Ç
[23m-α┤âα┤╗α┤╝α┤╛-α╡äα╡å-α╡êα╡è-α╡ìα╡ùα╡óα╡úα╡ª-α╡»α╢ü-α╢âα╖èα╖Å-α╖öα╖ûα╖ÿ-α╖ƒα╖ª-α╖»α╖▓α╖│α╕▒α╕┤-α╕║α╣ç-α╣Äα╣É-α╣Öα║▒α║┤-α║╝α╗ê-α╗ìα╗É-α╗Öα╝ÿα╝Öα╝á-α╝⌐α╝╣α╝╡α╝╖α╝╛α╝┐α╜▒-α╛äα╛åα╛çα╛ì-α╛ùα╛Ö-α╛╝α┐åßÇ½-ßÇ╛
[23mßüÇ-ßüëßüû-ßüÖßü₧-ßüáßüó-ßüñßüº-ßü¡ßü▒-ßü┤ßéé-ßéìßéÅ-ßé¥ßì¥-ßìƒßì⌐-ßì▒ß£Æ-ß£öß£▓-ß£┤ß¥Æß¥ôß¥▓ß¥│ß₧┤-ßƒôßƒ¥ßƒá-ßƒ⌐ßáï-ßáìßáÉ-ßáÖßó⌐ßñá-ßñ½ßñ░-ßñ╗ßÑå-ßÑÅßºÉ-ßºÜß¿ù-ß¿¢ß⌐ò-ß⌐₧ß⌐á-ß⌐┐ß⌐╝-ß¬ëß¬É-
[23mß¬Öß¬░-ß¬╜ß¬┐ß½Çß¼Ç-ß¼äß¼┤-ß¡äß¡É-ß¡Öß¡½-ß¡│ß«Ç-ß«éß«í-ß«¡ß«░-ß«╣ß»ª-ß»│ß░ñ-ß░╖ß▒Ç-ß▒ëß▒É-ß▒Öß│É-ß│öß│Æ-ß│¿ß│¡ß│┤ß│╖-ß│╣ß╖Ç-ß╖╣ß╖╗-ß╖┐ΓÇ┐ΓüÇΓüöΓâÉ-ΓâÑΓâ£Γâí-Γâ░Γ│»-Γ╡┐Γ│▒Γ╖á-πÇ¬Γ╖┐-πéÖπéÜ
[23mπÇ»Ωÿá-Ωÿ⌐ΩÖ»ΩÖ┤-ΩÖ╜ΩÜ₧ΩÜƒΩ¢░Ω¢▒ΩáéΩáåΩáïΩáú-ΩáºΩá¼ΩóÇΩóüΩó┤-ΩúàΩúÉ-ΩúÖΩúá-Ωú▒Ωú┐-ΩñëΩñª-Ωñ¡ΩÑç-ΩÑôΩªÇ-ΩªâΩª│-ΩºÇΩºÉ-ΩºÖΩºÑΩº░-Ωº╣Ω¿⌐-Ω¿╢Ω⌐âΩ⌐îΩ⌐ìΩ⌐É-Ω⌐ÖΩ⌐╗-Ω⌐╜Ω¬░Ω¬▓-Ω¬┤Ω¬╖Ω¬╕Ω¬╛Ω¬┐Ω½üΩ½½-Ω½»Ω½╡Ω½╢Ω»ú
[23m-Ω»¬Ω»¼Ω»¡Ω»░-Ω»╣∩¼₧∩╕Ç-∩╕Å∩╕á-∩╕»∩╕│∩╕┤∩╣ì-∩╣Å∩╝É-∩╝Ö∩╝┐"[39m[33m,[39mo[33m=[39m[36mnew[39m [33mRegExp[39m([32m"["[39m[33m+[39ms[33m+[39m[32m"]"[39m)[33m,[39mu[33m=[39m[36mnew[39m
[23m[33mRegExp[39m([32m"["[39m[33m+[39ms[33m+[39ma[33m+[39m[32m"]"[39m)[33m;[39ms[33m=[39ma[33m=[39m[36mnull[39m[33m;[39m[36mvar[39m l[33m=[39m[[35m0[39m[33m,[39m[35m11[39m[33m,[39m[35m2[39m[33m,[39m[35m25[39m[33m,[39m[35m2[39m[33m,[39m[35m18[39m[33m,[39m[35m2[39m[33m,[39m[35m1[39m[33m,[39m[35m2[39m[33m,[39m[35m14[39m[33m,[39m[35m3[39m[33m,[39m[35m13[39m[33m,[39m[35m35[39m[33m,[39m[35m122[39m[33m,[39m[35m70[39m[33m,[39m[35m52[39m[33m,[39m[35m26
[23m8[39m[33m,[39m[35m28[39m[33m,[39m[35m4[39m[33m,[39m[35m48[39m[33m,[39m[35m48[39m[33m,[39m[35m31[39m[33m,[39m[35m14[39m[33m,[39m[35m29[39m[33m,[39m[35m6[39m[33m,[39m[35m37[39m[33m,[39m[35m11[39m[33m,[39m[35m29[39m[33m,[39m[35m3[39m[33m,[39m[35m35[39m[33m,[39m[35m5[39m[33m,[39m[35m7[39m[33m,[39m[35m2[39m[33m,[39m[35m4[39m[33m,[39m[35m43[39m[33m,[39m[35m157[39m[33m,[39m[35m19[39m[33m,[39m[35m35[39m[33m,[39m[35m5[39m[33m,[39m[35m35[39m[33m,[39m[35m5[39m[33m,[39m[35m39[39m[33m,[39m[35m9[39m[33m,[39m[35m51[39m[33m,[39m[35m157[39m[33m,[39m[35m31
[23m0[39m[33m,[39m[35m10[39m[33m,[39m[35m21[39m[33m,[39m[35m11[39m[33m,[39m[35m7[39m[33m,[39m[35m153[39m[33m,[39m[35m5[39m[33m,[39m[35m3[39m[33m,[39m[35m0[39m[33m,[39m[35m2[39m[33m,[39m[35m43[39m[33m,[39m[35m2[39m[33m,[39m[35m1[39m[33m,[39m[35m4[39m[33m,[39m[35m0[39m[33m,[39m[35m3[39m[33m,[39m[35m22[39m[33m,[39m[35m11[39m[33m,[39m[35m22[39m[33m,[39m[35m10[39m[33m,[39m[35m30[39m[33m,[39m[35m66[39m[33m,[39m[35m18[39m[33m,[39m[35m2[39m[33m,[39m[35m1[39m[33m,[39m[35m11[39m[33m,[39m[35m21[39m[33m,[39m[35m11[39m[33m,[39m[35m25[39m[33m,[39m[35m71[39m[33m,[39m[35m55
[23m[39m[33m,[39m[35m7[39m[33m,[39m[35m1[39m[33m,[39m[35m65[39m[33m,[39m[35m0[39m[33m,[39m[35m16[39m[33m,[39m[35m3[39m[33m,[39m[35m2[39m[33m,[39m[35m2[39m[33m,[39m[35m2[39m[33m,[39m[35m28[39m[33m,[39m[35m43[39m[33m,[39m[35m28[39m[33m,[39m[35m4[39m[33m,[39m[35m28[39m[33m,[39m[35m36[39m[33m,[39m[35m7[39m[33m,[39m[35m2[39m[33m,[39m[35m27[39m[33m,[39m[35m28[39m[33m,[39m[35m53[39m[33m,[39m[35m11[39m[33m,[39m[35m21[39m[33m,[39m[35m11[39m[33m,[39m[35m18[39m[33m,[39m[35m14[39m[33m,[39m[35m17[39m[33m,[39m[35m111[39m[33m,[39m[35m72[39m[33m,[39m[35m56[39m[33m,[39m[35m5
[23m0[39m[33m,[39m[35m14[39m[33m,[39m[35m50[39m[33m,[39m[35m14[39m[33m,[39m[35m35[39m[33m,[39m[35m349[39m[33m,[39m[35m41[39m[33m,[39m[35m7[39m[33m,[39m[35m1[39m[33m,[39m[35m79[39m[33m,[39m[35m28[39m[33m,[39m[35m11[39m[33m,[39m[35m0[39m[33m,[39m[35m9[39m[33m,[39m[35m21[39m[33m,[39m[35m107[39m[33m,[39m[35m20[39m[33m,[39m[35m28[39m[33m,[39m[35m22[39m[33m,[39m[35m13[39m[33m,[39m[35m52[39m[33m,[39m[35m76[39m[33m,[39m[35m44[39m[33m,[39m[35m33[39m[33m,[39m[35m24[39m[33m,[39m[35m27[39m[33m,[39m[35m35[39m[33m,[39m[35m30
[23m[39m[33m,[39m[35m0[39m[33m,[39m[35m3[39m[33m,[39m[35m0[39m[33m,[39m[35m9[39m[33m,[39m[35m34[39m[33m,[39m[35m4[39m[33m,[39m[35m0[39m[33m,[39m[35m13[39m[33m,[39m[35m47[39m[33m,[39m[35m15[39m[33m,[39m[35m3[39m[33m,[39m[35m22[39m[33m,[39m[35m0[39m[33m,[39m[35m2[39m[33m,[39m[35m0[39m[33m,[39m[35m36[39m[33m,[39m[35m17[39m[33m,[39m[35m2[39m[33m,[39m[35m24[39m[33m,[39m[35m85[39m[33m,[39m[35m6[39m[33m,[39m[35m2[39m[33m,[39m[35m0[39m[33m,[39m[35m2[39m[33m,[39m[35m3[39m[33m,[39m[35m2[39m[33m,[39m[35m14[39m[33m,[39m[35m2[39m[33m,[39m[35m9[39m[33m,[39m[35m8[39m[33m,[39m[35m46[39m[33m,[39m[35m39[39m[33m,[39m[35m7[39m[33m,[39m[35m3
[23m[39m[33m,[39m[35m1[39m[33m,[39m[35m3[39m[33m,[39m[35m21[39m[33m,[39m[35m2[39m[33m,[39m[35m6[39m[33m,[39m[35m2[39m[33m,[39m[35m1[39m[33m,[39m[35m2[39m[33m,[39m[35m4[39m[33m,[39m[35m4[39m[33m,[39m[35m0[39m[33m,[39m[35m19[39m[33m,[39m[35m0[39m[33m,[39m[35m13[39m[33m,[39m[35m4[39m[33m,[39m[35m159[39m[33m,[39m[35m52[39m[33m,[39m[35m19[39m[33m,[39m[35m3[39m[33m,[39m[35m21[39m[33m,[39m[35m2[39m[33m,[39m[35m31[39m[33m,[39m[35m47[39m[33m,[39m[35m21[39m[33m,[39m[35m1[39m[33m,[39m[35m2[39m[33m,[39m[35m0[39m[33m,[39m[35m185[39m[33m,[39m[35m46[39m[33m,[39m[35m42[39m[33m,[39m[35m3[39m[33m,[39m[35m37
[23m[39m[33m,[39m[35m47[39m[33m,[39m[35m21[39m[33m,[39m[35m0[39m[33m,[39m[35m60[39m[33m,[39m[35m42[39m[33m,[39m[35m14[39m[33m,[39m[35m0[39m[33m,[39m[35m72[39m[33m,[39m[35m26[39m[33m,[39m[35m230[39m[33m,[39m[35m43[39m[33m,[39m[35m117[39m[33m,[39m[35m63[39m[33m,[39m[35m32[39m[33m,[39m[35m7[39m[33m,[39m[35m3[39m[33m,[39m[35m0[39m[33m,[39m[35m3[39m[33m,[39m[35m7[39m[33m,[39m[35m2[39m[33m,[39m[35m1[39m[33m,[39m[35m2[39m[33m,[39m[35m23[39m[33m,[39m[35m16[39m[33m,[39m[35m0[39m[33m,[39m[35m2[39m[33m,[39m[35m0[39m[33m,[39m[35m95[39m[33m,[39m[35m7[39m[33m,[39m[35m3[39m[33m,[39m[35m38
[23m[39m[33m,[39m[35m17[39m[33m,[39m[35m0[39m[33m,[39m[35m2[39m[33m,[39m[35m0[39m[33m,[39m[35m29[39m[33m,[39m[35m0[39m[33m,[39m[35m11[39m[33m,[39m[35m39[39m[33m,[39m[35m8[39m[33m,[39m[35m0[39m[33m,[39m[35m22[39m[33m,[39m[35m0[39m[33m,[39m[35m12[39m[33m,[39m[35m45[39m[33m,[39m[35m20[39m[33m,[39m[35m0[39m[33m,[39m[35m35[39m[33m,[39m[35m56[39m[33m,[39m[35m264[39m[33m,[39m[35m8[39m[33m,[39m[35m2[39m[33m,[39m[35m36[39m[33m,[39m[35m18[39m[33m,[39m[35m0[39m[33m,[39m[35m50[39m[33m,[39m[35m29[39m[33m,[39m[35m113[39m[33m,[39m[35m6[39m[33m,[39m[35m2[39m[33m,[39m[35m1[39m[33m,[39m[35m2
[23m[39m[33m,[39m[35m37[39m[33m,[39m[35m22[39m[33m,[39m[35m0[39m[33m,[39m[35m26[39m[33m,[39m[35m5[39m[33m,[39m[35m2[39m[33m,[39m[35m1[39m[33m,[39m[35m2[39m[33m,[39m[35m31[39m[33m,[39m[35m15[39m[33m,[39m[35m0[39m[33m,[39m[35m328[39m[33m,[39m[35m18[39m[33m,[39m[35m190[39m[33m,[39m[35m0[39m[33m,[39m[35m80[39m[33m,[39m[35m921[39m[33m,[39m[35m103[39m[33m,[39m[35m110[39m[33m,[39m[35m18[39m[33m,[39m[35m195[39m[33m,[39m[35m2749[39m[33m,[39m[35m1070[39m[33m,[39m[35m4050[39m[33m,[39m[35m58
[23m2[39m[33m,[39m[35m8634[39m[33m,[39m[35m568[39m[33m,[39m[35m8[39m[33m,[39m[35m30[39m[33m,[39m[35m114[39m[33m,[39m[35m29[39m[33m,[39m[35m19[39m[33m,[39m[35m47[39m[33m,[39m[35m17[39m[33m,[39m[35m3[39m[33m,[39m[35m32[39m[33m,[39m[35m20[39m[33m,[39m[35m6[39m[33m,[39m[35m18[39m[33m,[39m[35m689[39m[33m,[39m[35m63[39m[33m,[39m[35m129[39m[33m,[39m[35m74[39m[33m,[39m[35m6[39m[33m,[39m[35m0[39m[33m,[39m[35m67[39m[33m,[39m[35m12[39m[33m,[39m[35m65[39m[33m,[39m[35m1[39m[33m,[39m[35m2[39m[33m,[39m[35m0[39m[33m,[39m[35m29
[23m[39m[33m,[39m[35m6135[39m[33m,[39m[35m9[39m[33m,[39m[35m1237[39m[33m,[39m[35m43[39m[33m,[39m[35m8[39m[33m,[39m[35m8952[39m[33m,[39m[35m286[39m[33m,[39m[35m50[39m[33m,[39m[35m2[39m[33m,[39m[35m18[39m[33m,[39m[35m3[39m[33m,[39m[35m9[39m[33m,[39m[35m395[39m[33m,[39m[35m2309[39m[33m,[39m[35m106[39m[33m,[39m[35m6[39m[33m,[39m[35m12[39m[33m,[39m[35m4[39m[33m,[39m[35m8[39m[33m,[39m[35m8[39m[33m,[39m[35m9[39m[33m,[39m[35m5991[39m[33m,[39m[35m84[39m[33m,[39m[35m2[39m[33m,[39m[35m70[39m[33m,[39m[35m2[39m[33m,
[23m[39m[35m1[39m[33m,[39m[35m3[39m[33m,[39m[35m0[39m[33m,[39m[35m3[39m[33m,[39m[35m1[39m[33m,[39m[35m3[39m[33m,[39m[35m3[39m[33m,[39m[35m2[39m[33m,[39m[35m11[39m[33m,[39m[35m2[39m[33m,[39m[35m0[39m[33m,[39m[35m2[39m[33m,[39m[35m6[39m[33m,[39m[35m2[39m[33m,[39m[35m64[39m[33m,[39m[35m2[39m[33m,[39m[35m3[39m[33m,[39m[35m3[39m[33m,[39m[35m7[39m[33m,[39m[35m2[39m[33m,[39m[35m6[39m[33m,[39m[35m2[39m[33m,[39m[35m27[39m[33m,[39m[35m2[39m[33m,[39m[35m3[39m[33m,[39m[35m2[39m[33m,[39m[35m4[39m[33m,[39m[35m2[39m[33m,[39m[35m0[39m[33m,[39m[35m4[39m[33m,[39m[35m6[39m[33m,[39m[35m2[39m[33m,[39m[35m339[39m[33m,[39m[35m3[39m[33m,[39m[35m24[39m[33m,[39m[35m2[39m[33m,[39m[35m24
[23m[39m[33m,[39m[35m2[39m[33m,[39m[35m30[39m[33m,[39m[35m2[39m[33m,[39m[35m24[39m[33m,[39m[35m2[39m[33m,[39m[35m30[39m[33m,[39m[35m2[39m[33m,[39m[35m24[39m[33m,[39m[35m2[39m[33m,[39m[35m30[39m[33m,[39m[35m2[39m[33m,[39m[35m24[39m[33m,[39m[35m2[39m[33m,[39m[35m30[39m[33m,[39m[35m2[39m[33m,[39m[35m24[39m[33m,[39m[35m2[39m[33m,[39m[35m7[39m[33m,[39m[35m2357[39m[33m,[39m[35m44[39m[33m,[39m[35m11[39m[33m,[39m[35m6[39m[33m,[39m[35m17[39m[33m,[39m[35m0[39m[33m,[39m[35m370[39m[33m,[39m[35m43[39m[33m,[39m[35m1301[39m[33m,[39m[35m196[39m[33m,[39m[35m6
[23m0[39m[33m,[39m[35m67[39m[33m,[39m[35m8[39m[33m,[39m[35m0[39m[33m,[39m[35m1205[39m[33m,[39m[35m3[39m[33m,[39m[35m2[39m[33m,[39m[35m26[39m[33m,[39m[35m2[39m[33m,[39m[35m1[39m[33m,[39m[35m2[39m[33m,[39m[35m0[39m[33m,[39m[35m3[39m[33m,[39m[35m0[39m[33m,[39m[35m2[39m[33m,[39m[35m9[39m[33m,[39m[35m2[39m[33m,[39m[35m3[39m[33m,[39m[35m2[39m[33m,[39m[35m0[39m[33m,[39m[35m2[39m[33m,[39m[35m0[39m[33m,[39m[35m7[39m[33m,[39m[35m0[39m[33m,[39m[35m5[39m[33m,[39m[35m0[39m[33m,[39m[35m2[39m[33m,[39m[35m0[39m[33m,[39m[35m2[39m[33m,[39m[35m0[39m[33m,[39m[35m2[39m[33m,[39m[35m2[39m[33m,[39m[35m2[39m[33m,[39m[35m1[39m[33m,[39m[35m2[39m[33m,[39m[35m0[39m[33m,[39m[35m3[39m[33m,[39m[35m0
[23m[39m[33m,[39m[35m2[39m[33m,[39m[35m0[39m[33m,[39m[35m2[39m[33m,[39m[35m0[39m[33m,[39m[35m2[39m[33m,[39m[35m0[39m[33m,[39m[35m2[39m[33m,[39m[35m0[39m[33m,[39m[35m2[39m[33m,[39m[35m1[39m[33m,[39m[35m2[39m[33m,[39m[35m0[39m[33m,[39m[35m3[39m[33m,[39m[35m3[39m[33m,[39m[35m2[39m[33m,[39m[35m6[39m[33m,[39m[35m2[39m[33m,[39m[35m3[39m[33m,[39m[35m2[39m[33m,[39m[35m3[39m[33m,[39m[35m2[39m[33m,[39m[35m0[39m[33m,[39m[35m2[39m[33m,[39m[35m9[39m[33m,[39m[35m2[39m[33m,[39m[35m16[39m[33m,[39m[35m6[39m[33m,[39m[35m2[39m[33m,[39m[35m2[39m[33m,[39m[35m4[39m[33m,[39m[35m2[39m[33m,[39m[35m16[39m[33m,[39m[35m4421[39m[33m,[39m[35m42717[39m[33m,[39m[35m35
[23m[39m[33m,[39m[35m4148[39m[33m,[39m[35m12[39m[33m,[39m[35m221[39m[33m,[39m[35m3[39m[33m,[39m[35m5761[39m[33m,[39m[35m15[39m[33m,[39m[35m7472[39m[33m,[39m[35m3104[39m[33m,[39m[35m541[39m[33m,[39m[35m1507[39m[33m,[39m[35m4938[39m][33m,[39mc[33m=[39m[[35m509[39m[33m,[39m[35m0[39m[33m,[39m[35m227[39m[33m,[39m[35m0[39m[33m,[39m[35m150[39m[33m,[39m[35m4[39m[33m,[39m[35m294[39m[33m,[39m[35m9[39m[33m,[39m[35m1368[39m[33m,
[23m[39m[35m2[39m[33m,[39m[35m2[39m[33m,[39m[35m1[39m[33m,[39m[35m6[39m[33m,[39m[35m3[39m[33m,[39m[35m41[39m[33m,[39m[35m2[39m[33m,[39m[35m5[39m[33m,[39m[35m0[39m[33m,[39m[35m166[39m[33m,[39m[35m1[39m[33m,[39m[35m574[39m[33m,[39m[35m3[39m[33m,[39m[35m9[39m[33m,[39m[35m9[39m[33m,[39m[35m370[39m[33m,[39m[35m1[39m[33m,[39m[35m154[39m[33m,[39m[35m10[39m[33m,[39m[35m176[39m[33m,[39m[35m2[39m[33m,[39m[35m54[39m[33m,[39m[35m14[39m[33m,[39m[35m32[39m[33m,[39m[35m9[39m[33m,[39m[35m16[39m[33m,[39m[35m3[39m[33m,[39m[35m46[39m[33m,[39m[35m10[39m[33m,[39m[35m54[39m[33m,[39m[35m9
[23m[39m[33m,[39m[35m7[39m[33m,[39m[35m2[39m[33m,[39m[35m37[39m[33m,[39m[35m13[39m[33m,[39m[35m2[39m[33m,[39m[35m9[39m[33m,[39m[35m6[39m[33m,[39m[35m1[39m[33m,[39m[35m45[39m[33m,[39m[35m0[39m[33m,[39m[35m13[39m[33m,[39m[35m2[39m[33m,[39m[35m49[39m[33m,[39m[35m13[39m[33m,[39m[35m9[39m[33m,[39m[35m3[39m[33m,[39m[35m2[39m[33m,[39m[35m11[39m[33m,[39m[35m83[39m[33m,[39m[35m11[39m[33m,[39m[35m7[39m[33m,[39m[35m0[39m[33m,[39m[35m161[39m[33m,[39m[35m11[39m[33m,[39m[35m6[39m[33m,[39m[35m9[39m[33m,[39m[35m7[39m[33m,[39m[35m3[39m[33m,[39m[35m56[39m[33m,[39m[35m1[39m[33m,[39m[35m2[39m[33m,[39m[35m6[39m[33m,[39m[35m3[39m[33m,
[23m[39m[35m1[39m[33m,[39m[35m3[39m[33m,[39m[35m2[39m[33m,[39m[35m10[39m[33m,[39m[35m0[39m[33m,[39m[35m11[39m[33m,[39m[35m1[39m[33m,[39m[35m3[39m[33m,[39m[35m6[39m[33m,[39m[35m4[39m[33m,[39m[35m4[39m[33m,[39m[35m193[39m[33m,[39m[35m17[39m[33m,[39m[35m10[39m[33m,[39m[35m9[39m[33m,[39m[35m5[39m[33m,[39m[35m0[39m[33m,[39m[35m82[39m[33m,[39m[35m19[39m[33m,[39m[35m13[39m[33m,[39m[35m9[39m[33m,[39m[35m214[39m[33m,[39m[35m6[39m[33m,[39m[35m3[39m[33m,[39m[35m8[39m[33m,[39m[35m28[39m[33m,[39m[35m1[39m[33m,[39m[35m83[39m[33m,[39m[35m16[39m[33m,[39m[35m16[39m[33m,[39m[35m9[39m[33m,[39m[35m82[39m[33m,
[23m[39m[35m12[39m[33m,[39m[35m9[39m[33m,[39m[35m9[39m[33m,[39m[35m84[39m[33m,[39m[35m14[39m[33m,[39m[35m5[39m[33m,[39m[35m9[39m[33m,[39m[35m243[39m[33m,[39m[35m14[39m[33m,[39m[35m166[39m[33m,[39m[35m9[39m[33m,[39m[35m71[39m[33m,[39m[35m5[39m[33m,[39m[35m2[39m[33m,[39m[35m1[39m[33m,[39m[35m3[39m[33m,[39m[35m3[39m[33m,[39m[35m2[39m[33m,[39m[35m0[39m[33m,[39m[35m2[39m[33m,[39m[35m1[39m[33m,[39m[35m13[39m[33m,[39m[35m9[39m[33m,[39m[35m120[39m[33m,[39m[35m6[39m[33m,[39m[35m3[39m[33m,[39m[35m6[39m[33m,[39m[35m4[39m[33m,[39m[35m0[39m[33m,[39m[35m29[39m[33m,[39m[35m9[39m[33m,[39m[35m41[39m[33m,[39m[35m6[39m[33m,
[23m[39m[35m2[39m[33m,[39m[35m3[39m[33m,[39m[35m9[39m[33m,[39m[35m0[39m[33m,[39m[35m10[39m[33m,[39m[35m10[39m[33m,[39m[35m47[39m[33m,[39m[35m15[39m[33m,[39m[35m406[39m[33m,[39m[35m7[39m[33m,[39m[35m2[39m[33m,[39m[35m7[39m[33m,[39m[35m17[39m[33m,[39m[35m9[39m[33m,[39m[35m57[39m[33m,[39m[35m21[39m[33m,[39m[35m2[39m[33m,[39m[35m13[39m[33m,[39m[35m123[39m[33m,[39m[35m5[39m[33m,[39m[35m4[39m[33m,[39m[35m0[39m[33m,[39m[35m2[39m[33m,[39m[35m1[39m[33m,[39m[35m2[39m[33m,[39m[35m6[39m[33m,[39m[35m2[39m[33m,[39m[35m0[39m[33m,[39m[35m9[39m[33m,[39m[35m9[39m[33m,[39m[35m49[39m[33m,[39m[35m4[39m[33m,[39m[35m2[39m[33m,[39m[35m1
[23m[39m[33m,[39m[35m2[39m[33m,[39m[35m4[39m[33m,[39m[35m9[39m[33m,[39m[35m9[39m[33m,[39m[35m330[39m[33m,[39m[35m3[39m[33m,[39m[35m19306[39m[33m,[39m[35m9[39m[33m,[39m[35m135[39m[33m,[39m[35m4[39m[33m,[39m[35m60[39m[33m,[39m[35m6[39m[33m,[39m[35m26[39m[33m,[39m[35m9[39m[33m,[39m[35m1014[39m[33m,[39m[35m0[39m[33m,[39m[35m2[39m[33m,[39m[35m54[39m[33m,[39m[35m8[39m[33m,[39m[35m3[39m[33m,[39m[35m82[39m[33m,[39m[35m0[39m[33m,[39m[35m12[39m[33m,[39m[35m1[39m[33m,[39m[35m19628[39m[33m,[39m[35m1[39m[33m,[39m[35m5319[39m[33m,[39m[35m4[39m[33m,
[23m[39m[35m4[39m[33m,[39m[35m5[39m[33m,[39m[35m9[39m[33m,[39m[35m7[39m[33m,[39m[35m3[39m[33m,[39m[35m6[39m[33m,[39m[35m31[39m[33m,[39m[35m3[39m[33m,[39m[35m149[39m[33m,[39m[35m2[39m[33m,[39m[35m1418[39m[33m,[39m[35m49[39m[33m,[39m[35m513[39m[33m,[39m[35m54[39m[33m,[39m[35m5[39m[33m,[39m[35m49[39m[33m,[39m[35m9[39m[33m,[39m[35m0[39m[33m,[39m[35m15[39m[33m,[39m[35m0[39m[33m,[39m[35m23[39m[33m,[39m[35m4[39m[33m,[39m[35m2[39m[33m,[39m[35m14[39m[33m,[39m[35m1361[39m[33m,[39m[35m6[39m[33m,[39m[35m2[39m[33m,[39m[35m16[39m[33m,[39m[35m3[39m[33m,[39m[35m6[39m[33m,[39m[35m2[39m[33m,
[23m[39m[35m1[39m[33m,[39m[35m2[39m[33m,[39m[35m4[39m[33m,[39m[35m262[39m[33m,[39m[35m6[39m[33m,[39m[35m10[39m[33m,[39m[35m9[39m[33m,[39m[35m419[39m[33m,[39m[35m13[39m[33m,[39m[35m1495[39m[33m,[39m[35m6[39m[33m,[39m[35m110[39m[33m,[39m[35m6[39m[33m,[39m[35m6[39m[33m,[39m[35m9[39m[33m,[39m[35m4759[39m[33m,[39m[35m9[39m[33m,[39m[35m787719[39m[33m,[39m[35m239[39m][33m;[39m[36mfunction[39m
[23mp(e[33m,[39mt){[36mfor[39m([36mvar[39m n[33m=[39m[35m65536[39m[33m,[39mr[33m=[39m[35m0[39m[33m;[39mr[33m<[39m[33mt[39m[33m.[39mlength[33m;[39mr[33m+=[39m[35m2[39m){[36mif[39m((n[33m+=[39mt[r])[33m>[39me)[36mreturn[39m[33m![39m[35m1[39m[33m;[39m[36mif[39m((n[33m+=[39mt[r[33m+[39m[35m1
[23m[39m])[33m>=[39me)[36mreturn[39m[33m![39m[35m0[39m}}[36mfunction[39m h(e[33m,[39mt){[36mreturn[39m e[33m<[39m[35m65[39m[33m?[39m[35m36[39m[33m===[39me[33m:[39me[33m<[39m[35m91[39m[33m||[39m(e[33m<[39m[35m97[39m[33m?[39m[35m95[39m[33m===[39me[33m:[39me[33m<[39m[35m123[39m[33m||[39m(e[33m<
[23m=[39m[35m65535[39m[33m?[39me[33m>=[39m[35m170[39m[33m&&[39mo[33m.[39mtest([33mString[39m[33m.[39mfromCharCode(e))[33m:[39m[33m![39m[35m1[39m[33m!==[39mt[33m&&[39mp(e[33m,[39ml)))}[36mfunction[39m
[23md(e[33m,[39mt){[36mreturn[39m e[33m<[39m[35m48[39m[33m?[39m[35m36[39m[33m===[39me[33m:[39me[33m<[39m[35m58[39m[33m||[39m[33m![39m(e[33m<[39m[35m65[39m)[33m&&[39m(e[33m<[39m[35m91[39m[33m||[39m(e[33m<[39m[35m97[39m[33m?[39m[35m95[39m[33m===[39me[33m:[39me[33m<[39m[35m123[39m[33m||[39m(e[33m<=[39m[35m65535[39m[33m?[39me[33m>
[23m=[39m[35m170[39m[33m&&[39mu[33m.[39mtest([33mString[39m[33m.[39mfromCharCode(e))[33m:[39m[33m![39m[35m1[39m[33m!==[39mt[33m&&[39m(p(e[33m,[39ml)[33m||[39mp(e[33m,[39mc)))))}[36mvar[39m
[23mf[33m=[39m[36mfunction[39m(e[33m,[39mt){[36mvoid[39m [35m0[39m[33m===[39mt[33m&&[39m(t[33m=[39m{})[33m,[39m[36mthis[39m[33m.[39mlabel[33m=[39me[33m,[39m[36mthis[39m[33m.[39mkeyword[33m=[39mt[33m.[39mkeyword[33m,[39m[36mthis[39m[33m.[39mbefo
[23mreExpr[33m=[39m[33m![39m[33m![39mt[33m.[39mbeforeExpr[33m,[39m[36mthis[39m[33m.[39mstartsExpr[33m=[39m[33m![39m[33m![39mt[33m.[39mstartsExpr[33m,[39m[36mthis[39m[33m.[39misLoop[33m=[39m[33m![39m[33m![39mt[33m.[39misLoop[33m,[39m[36mthis
[23m[39m[33m.[39misAssign[33m=[39m[33m![39m[33m![39mt[33m.[39misAssign[33m,[39m[36mthis[39m[33m.[39mprefix[33m=[39m[33m![39m[33m![39mt[33m.[39mprefix[33m,[39m[36mthis[39m[33m.[39mpostfix[33m=[39m[33m![39m[33m![39mt[33m.[39mpostfix[33m,[39m[36mthis[39m[33m.[39mbino
[23mp[33m=[39mt[33m.[39mbinop[33m||[39m[36mnull[39m[33m,[39m[36mthis[39m[33m.[39mupdateContext[33m=[39m[36mnull[39m}[33m;[39m[36mfunction[39m m(e[33m,[39mt){[36mreturn[39m [36mnew[39m
[23mf(e[33m,[39m{beforeExpr[33m:[39m[33m![39m[35m0[39m[33m,[39mbinop[33m:[39mt})}[36mvar[39m
[23mg[33m=[39m{beforeExpr[33m:[39m[33m![39m[35m0[39m}[33m,[39mx[33m=[39m{startsExpr[33m:[39m[33m![39m[35m0[39m}[33m,[39my[33m=[39m{}[33m;[39m[36mfunction[39m v(e[33m,[39mt){[36mreturn[39m [36mvoid[39m
[23m[35m0[39m[33m===[39mt[33m&&[39m(t[33m=[39m{})[33m,[39mt[33m.[39mkeyword[33m=[39me[33m,[39my[e][33m=[39m[36mnew[39m f(e[33m,[39mt)}[36mvar[39m [33mA[39m[33m=[39m{num[33m:[39m[36mnew[39m f([32m"num"[39m[33m,[39mx)[33m,[39mregexp[33m:[39m[36mnew[39m
[23mf([32m"regexp"[39m[33m,[39mx)[33m,[39mstring[33m:[39m[36mnew[39m f([32m"string"[39m[33m,[39mx)[33m,[39mname[33m:[39m[36mnew[39m f([32m"name"[39m[33m,[39mx)[33m,[39meof[33m:[39m[36mnew[39m
[23mf([32m"eof"[39m)[33m,[39mbracketL[33m:[39m[36mnew[39m f([32m"["[39m[33m,[39m{beforeExpr[33m:[39m[33m![39m[35m0[39m[33m,[39mstartsExpr[33m:[39m[33m![39m[35m0[39m})[33m,[39mbracketR[33m:[39m[36mnew[39m
[23mf([32m"]"[39m)[33m,[39mbraceL[33m:[39m[36mnew[39m f([32m"{"[39m[33m,[39m{beforeExpr[33m:[39m[33m![39m[35m0[39m[33m,[39mstartsExpr[33m:[39m[33m![39m[35m0[39m})[33m,[39mbraceR[33m:[39m[36mnew[39m
[23mf([32m"}"[39m)[33m,[39mparenL[33m:[39m[36mnew[39m f([32m"("[39m[33m,[39m{beforeExpr[33m:[39m[33m![39m[35m0[39m[33m,[39mstartsExpr[33m:[39m[33m![39m[35m0[39m})[33m,[39mparenR[33m:[39m[36mnew[39m
[23mf([32m")"[39m)[33m,[39mcomma[33m:[39m[36mnew[39m f([32m","[39m[33m,[39mg)[33m,[39msemi[33m:[39m[36mnew[39m f([32m";"[39m[33m,[39mg)[33m,[39mcolon[33m:[39m[36mnew[39m f([32m":"[39m[33m,[39mg)[33m,[39mdot[33m:[39m[36mnew[39m
[23mf([32m"."[39m)[33m,[39mquestion[33m:[39m[36mnew[39m f([32m"?"[39m[33m,[39mg)[33m,[39mquestionDot[33m:[39m[36mnew[39m f([32m"?."[39m)[33m,[39marrow[33m:[39m[36mnew[39m
[23mf([32m"=>"[39m[33m,[39mg)[33m,[39mtemplate[33m:[39m[36mnew[39m f([32m"template"[39m)[33m,[39minvalidTemplate[33m:[39m[36mnew[39m
[23mf([32m"invalidTemplate"[39m)[33m,[39mellipsis[33m:[39m[36mnew[39m f([32m"..."[39m[33m,[39mg)[33m,[39mbackQuote[33m:[39m[36mnew[39m
[23mf([32m"`"[39m[33m,[39mx)[33m,[39mdollarBraceL[33m:[39m[36mnew[39m f([32m"${"[39m[33m,[39m{beforeExpr[33m:[39m[33m![39m[35m0[39m[33m,[39mstartsExpr[33m:[39m[33m![39m[35m0[39m})[33m,[39meq[33m:[39m[36mnew[39m
[23mf([32m"="[39m[33m,[39m{beforeExpr[33m:[39m[33m![39m[35m0[39m[33m,[39misAssign[33m:[39m[33m![39m[35m0[39m})[33m,[39massign[33m:[39m[36mnew[39m
[23mf([32m"_="[39m[33m,[39m{beforeExpr[33m:[39m[33m![39m[35m0[39m[33m,[39misAssign[33m:[39m[33m![39m[35m0[39m})[33m,[39mincDec[33m:[39m[36mnew[39m
[23mf([32m"++/--"[39m[33m,[39m{prefix[33m:[39m[33m![39m[35m0[39m[33m,[39mpostfix[33m:[39m[33m![39m[35m0[39m[33m,[39mstartsExpr[33m:[39m[33m![39m[35m0[39m})[33m,[39mprefix[33m:[39m[36mnew[39m f([32m"!/~"[39m[33m,[39m{beforeExpr[33m:[39m[33m!
[23m[39m[35m0[39m[33m,[39mprefix[33m:[39m[33m![39m[35m0[39m[33m,[39mstartsExpr[33m:[39m[33m![39m[35m0[39m})[33m,[39mlogicalOR[33m:[39mm([32m"||"[39m[33m,[39m[35m1[39m)[33m,[39mlogicalAND[33m:[39mm([32m"&&"[39m[33m,[39m[35m2[39m)[33m,[39mbitwiseOR[33m:[39mm
[23m([32m"|"[39m[33m,[39m[35m3[39m)[33m,[39mbitwiseXOR[33m:[39mm([32m"^"[39m[33m,[39m[35m4[39m)[33m,[39mbitwiseAND[33m:[39mm([32m"&"[39m[33m,[39m[35m5[39m)[33m,[39mequality[33m:[39mm([32m"==/!=/===/!=="[39m[33m,[39m[35m6[39m)[33m,[39mre
[23mlational[33m:[39mm([32m"</>/<=/>="[39m[33m,[39m[35m7[39m)[33m,[39mbitShift[33m:[39mm([32m"<</>>/>>>"[39m[33m,[39m[35m8[39m)[33m,[39mplusMin[33m:[39m[36mnew[39m
[23mf([32m"+/-"[39m[33m,[39m{beforeExpr[33m:[39m[33m![39m[35m0[39m[33m,[39mbinop[33m:[39m[35m9[39m[33m,[39mprefix[33m:[39m[33m![39m[35m0[39m[33m,[39mstartsExpr[33m:[39m[33m![39m[35m0[39m})[33m,[39mmodulo[33m:[39mm([32m"%"[39m[33m,[39m[35m10[39m)[33m,[39mstar[33m:[39mm
[23m([32m"*"[39m[33m,[39m[35m10[39m)[33m,[39mslash[33m:[39mm([32m"/"[39m[33m,[39m[35m10[39m)[33m,[39mstarstar[33m:[39m[36mnew[39m f([32m"**"[39m[33m,[39m{beforeExpr[33m:[39m[33m![39m[35m0[39m})[33m,[39mcoalesce[33m:[39mm([32m"??"[39m[33m,[39m[35m1[39m)
[22m[33m,[39m_break[33m:[39mv([32m"break"[39m)[33m,[39m_case[33m:[39mv([32m"case"[39m[33m,[39mg)[33m,[39m_catch[33m:[39mv([32m"catch"[39m)[33m,[39m_continue[33m:[39mv([32m"continue"[39m)[33m,[39m_
[23mdebugger[33m:[39mv([32m"debugger"[39m)[33m,[39m_default[33m:[39mv([32m"default"[39m[33m,[39mg)[33m,[39m_do[33m:[39mv([32m"do"[39m[33m,[39m{isLoop[33m:[39m[33m![39m[35m0[39m[33m,[39mbeforeExpr[33m:
[23m[39m[33m![39m[35m0[39m})[33m,[39m_else[33m:[39mv([32m"else"[39m[33m,[39mg)[33m,[39m_finally[33m:[39mv([32m"finally"[39m)[33m,[39m_for[33m:[39mv([32m"for"[39m[33m,[39m{isLoop[33m:[39m[33m![39m[35m0[39m})[33m,[39m_function
[23m[33m:[39mv([32m"function"[39m[33m,[39mx)[33m,[39m_if[33m:[39mv([32m"if"[39m)[33m,[39m_return[33m:[39mv([32m"return"[39m[33m,[39mg)[33m,[39m_switch[33m:[39mv([32m"switch"[39m)[33m,[39m_throw[33m:[39mv(
[23m[32m"throw"[39m[33m,[39mg)[33m,[39m_try[33m:[39mv([32m"try"[39m)[33m,[39m_var[33m:[39mv([32m"var"[39m)[33m,[39m_const[33m:[39mv([32m"const"[39m)[33m,[39m_while[33m:[39mv([32m"while"[39m[33m,[39m{isLoo
[23mp[33m:[39m[33m![39m[35m0[39m})[33m,[39m_with[33m:[39mv([32m"with"[39m)[33m,[39m_new[33m:[39mv([32m"new"[39m[33m,[39m{beforeExpr[33m:[39m[33m![39m[35m0[39m[33m,[39mstartsExpr[33m:[39m[33m![39m[35m0[39m})[33m,[39m_this[33m:[39mv([32m"this
[23m"[39m[33m,[39mx)[33m,[39m_super[33m:[39mv([32m"super"[39m[33m,[39mx)[33m,[39m_class[33m:[39mv([32m"class"[39m[33m,[39mx)[33m,[39m_extends[33m:[39mv([32m"extends"[39m[33m,[39mg)[33m,[39m_export[33m:[39mv([32m"
[23mexport"[39m)[33m,[39m_import[33m:[39mv([32m"import"[39m[33m,[39mx)[33m,[39m_null[33m:[39mv([32m"null"[39m[33m,[39mx)[33m,[39m_true[33m:[39mv([32m"true"[39m[33m,[39mx)[33m,[39m_false[33m:[39mv([32m"fal
[23mse"[39m[33m,[39mx)[33m,[39m_in[33m:[39mv([32m"in"[39m[33m,[39m{beforeExpr[33m:[39m[33m![39m[35m0[39m[33m,[39mbinop[33m:[39m[35m7[39m})[33m,[39m_instanceof[33m:[39mv([32m"instanceof"[39m[33m,[39m{beforeExp
[23mr[33m:[39m[33m![39m[35m0[39m[33m,[39mbinop[33m:[39m[35m7[39m})[33m,[39m_typeof[33m:[39mv([32m"typeof"[39m[33m,[39m{beforeExpr[33m:[39m[33m![39m[35m0[39m[33m,[39mprefix[33m:[39m[33m![39m[35m0[39m[33m,[39mstartsExpr[33m:[39m[33m![39m[35m0[39m})[33m,[39m_void
[23m[33m:[39mv([32m"void"[39m[33m,[39m{beforeExpr[33m:[39m[33m![39m[35m0[39m[33m,[39mprefix[33m:[39m[33m![39m[35m0[39m[33m,[39mstartsExpr[33m:[39m[33m![39m[35m0[39m})[33m,[39m_delete[33m:[39mv([32m"delete"[39m[33m,[39m{beforeExp
[23mr[33m:[39m[33m![39m[35m0[39m[33m,[39mprefix[33m:[39m[33m![39m[35m0[39m[33m,[39mstartsExpr[33m:[39m[33m![39m[35m0[39m})}[33m,[39mb[33m=[39m[35m/\r\n?|\n|\u2028|\u2029/[39m[33m,[39m[33mE[39m[33m=[39m[36mnew[39m
[23m[33mRegExp[39m(b[33m.[39msource[33m,[39m[32m"g"[39m)[33m;[39m[36mfunction[39m [33mC[39m(e[33m,[39mt){[36mreturn[39m
[23m[35m10[39m[33m===[39me[33m||[39m[35m13[39m[33m===[39me[33m||[39m[33m![39mt[33m&&[39m([35m8232[39m[33m===[39me[33m||[39m[35m8233[39m[33m===[39me)}[36mvar[39m
[23m[33mF[39m[33m=[39m[35m/[\u1680\u2000-\u200a\u202f\u205f\u3000\ufeff]/[39m[33m,[39mw[33m=[39m[35m/(?:\s|\/\/.*|\/\*[^]*?\*\/)
[23m*/g[39m[33m,[39mk[33m=[39m[33mObject[39m[33m.[39mprototype[33m,[39m[33mD[39m[33m=[39mk[33m.[39mhasOwnProperty[33m,[39m[33mS[39m[33m=[39mk[33m.[39mtoString[33m;[39m[36mfunction[39m [33mB[39m(e[33m,[39mt){[36mreturn[39m
[23m[33mD[39m[33m.[39mcall(e[33m,[39mt)}[36mvar[39m _[33m=[39m[33mArray[39m[33m.[39misArray[33m||[39m[36mfunction[39m(e){[36mreturn[39m[32m"[object
[23mArray]"[39m[33m===[39m[33mS[39m[33m.[39mcall(e)}[33m;[39m[36mfunction[39m [33mT[39m(e){[36mreturn[39m [36mnew[39m [33mRegExp[39m([32m"^(?:"[39m[33m+[39me[33m.[39mreplace([35m/
[23m/g[39m[33m,[39m[32m"|"[39m)[33m+[39m[32m")$"[39m)}[36mvar[39m
[23m[33mI[39m[33m=[39m[36mfunction[39m(e[33m,[39mt){[36mthis[39m[33m.[39mline[33m=[39me[33m,[39m[36mthis[39m[33m.[39mcolumn[33m=[39mt}[33m;[39m[33mI[39m[33m.[39mprototype[33m.[39moffset[33m=[39m[36mfunction[39m(e){[36mreturn[39m
[23m [36mnew[39m [33mI[39m([36mthis[39m[33m.[39mline[33m,[39m[36mthis[39m[33m.[39mcolumn[33m+[39me)}[33m;[39m[36mvar[39m [33mP[39m[33m=[39m[36mfunction[39m(e[33m,[39mt[33m,[39mn){[36mthis[39m[33m.[39mstart[33m=[39mt[33m,[39m[36mthis[39m[33m.[39mend[33m=[39mn[33m,[39m[36mn
[23mull[39m[33m!==[39me[33m.[39msourceFile[33m&&[39m([36mthis[39m[33m.[39msource[33m=[39me[33m.[39msourceFile)}[33m;[39m[36mfunction[39m [33mL[39m(e[33m,[39mt){[36mfor[39m([36mvar[39m
[23mn[33m=[39m[35m1[39m[33m,[39mr[33m=[39m[35m0[39m[33m;[39m[33m;[39m){[33mE[39m[33m.[39mlastIndex[33m=[39mr[33m;[39m[36mvar[39m i[33m=[39m[33mE[39m[33m.[39mexec(e)[33m;[39m[36mif[39m([33m![39m(i[33m&&[39mi[33m.[39mindex[33m<[39m[33mt[39m))[36mreturn[39m [36mnew[39m
[23m[33mI[39m(n[33m,[39mt[33m-[39mr)[33m;[39m[33m++[39mn[33m,[39mr[33m=[39mi[33m.[39mindex[33m+[39mi[[35m0[39m][33m.[39mlength}}[36mvar[39m [33mO[39m[33m=[39m{ecmaVersion[33m:[39m[36mnull[39m[33m,[39msourceType[33m:[39m[32m"script"[39m[33m,
[23m[39monInsertedSemicolon[33m:[39m[36mnull[39m[33m,[39monTrailingComma[33m:[39m[36mnull[39m[33m,[39mallowReserved[33m:[39m[36mnull[39m[33m,[39mallowReturnOuts
[23mideFunction[33m:[39m[33m![39m[35m1[39m[33m,[39mallowImportExportEverywhere[33m:[39m[33m![39m[35m1[39m[33m,[39mallowAwaitOutsideFunction[33m:[39m[33m![39m[35m1[39m[33m,[39mallow
[23mHashBang[33m:[39m[33m![39m[35m1[39m[33m,[39mlocations[33m:[39m[33m![39m[35m1[39m[33m,[39monToken[33m:[39m[36mnull[39m[33m,[39monComment[33m:[39m[36mnull[39m[33m,[39mranges[33m:[39m[33m![39m[35m1[39m[33m,[39mprogram[33m:[39m[36mnull[39m[33m,[39msour
[23mceFile[33m:[39m[36mnull[39m[33m,[39mdirectSourceFile[33m:[39m[36mnull[39m[33m,[39mpreserveParens[33m:[39m[33m![39m[35m1[39m}[33m,[39m[33mN[39m[33m=[39m[33m![39m[35m1[39m[33m;[39m[36mfunction[39m [33mM[39m(e[33m,[39mt){[36mreturn[39m
[23m [35m2[39m[33m|[39m(e[33m?[39m[35m4[39m[33m:[39m[35m0[39m)[33m|[39m(t[33m?[39m[35m8[39m[33m:[39m[35m0[39m)}[36mvar[39m j[33m=[39m[36mfunction[39m(e[33m,[39mn[33m,[39mi){[36mthis[39m[33m.[39moptions[33m=[39me[33m=[39m[36mfunction[39m(e){[36mvar[39m
[23mt[33m,[39mn[33m,[39mr[33m=[39m{}[33m;[39m[36mfor[39m([36mvar[39m i [36min[39m [33mO[39m)r[i][33m=[39me[33m&&[39m[33mB[39m(e[33m,[39mi)[33m?[39me[i][33m:[39m[33mO[39m[i][33m;[39m[36mif[39m([32m"latest"[39m[33m===[39mr[33m.[39mecmaVersion[33m?[39mr[33m.[39me
[23mcmaVersion[33m=[39m[35m1e8[39m[33m:[39m[36mnull[39m[33m==[39mr[33m.[39mecmaVersion[33m?[39m([33m![39m[33mN[39m[33m&&[39m[32m"object"[39m[33m==[39m[36mtypeof[39m
[23mconsole[33m&&[39mconsole[33m.[39mwarn[33m&&[39m([33mN[39m[33m=[39m[33m![39m[35m0[39m[33m,[39mconsole[33m.[39mwarn([32m"Since Acorn 8.0.0,
[23moptions.ecmaVersion is required.\nDefaulting to 2020, but this will stop working
[23m in the future."[39m))[33m,[39mr[33m.[39mecmaVersion[33m=[39m[35m11[39m)[33m:[39mr[33m.[39mecmaVersion[33m>=[39m[35m2015[39m[33m&&[39m(r[33m.[39mecmaVersion[33m-=[39m[35m2009[39m)[33m,
[23m[39m[36mnull[39m[33m==[39mr[33m.[39mallowReserved[33m&&[39m(r[33m.[39mallowReserved[33m=[39mr[33m.[39mecmaVersion[33m<[39m[35m5[39m)[33m,[39m_(r[33m.[39monToken)){[36mvar[39m
[23ms[33m=[39mr[33m.[39monToken[33m;[39mr[33m.[39monToken[33m=[39m[36mfunction[39m(e){[36mreturn[39m s[33m.[39mpush(e)}}[36mreturn[39m
[23m_(r[33m.[39monComment)[33m&&[39m(r[33m.[39monComment[33m=[39m(t[33m=[39mr[33m,[39mn[33m=[39mr[33m.[39monComment[33m,[39m[36mfunction[39m(e[33m,[39mr[33m,[39mi[33m,[39ms[33m,[39ma[33m,[39mo){[36mvar[39m
[23mu[33m=[39m{type[33m:[39me[33m?[39m[32m"Block"[39m[33m:[39m[32m"Line"[39m[33m,[39mvalue[33m:[39mr[33m,[39mstart[33m:[39mi[33m,[39mend[33m:[39ms}[33m;[39mt[33m.[39mlocations[33m&&[39m(u[33m.[39mloc[33m=[39m[36mnew[39m [33mP[39m([36mthis[39m[33m,[39ma
[23m[33m,[39mo))[33m,[39mt[33m.[39mranges[33m&&[39m(u[33m.[39mrange[33m=[39m[i[33m,[39ms])[33m,[39mn[33m.[39mpush(u)}))[33m,[39mr}(e)[33m,[39m[36mthis[39m[33m.[39msourceFile[33m=[39me[33m.[39msourceFile[33m,[39m[36mt
[23mhis[39m[33m.[39mkeywords[33m=[39m[33mT[39m(r[e[33m.[39mecmaVersion[33m>=[39m[35m6[39m[33m?[39m[35m6[39m[33m:[39m[32m"module"[39m[33m===[39me[33m.[39msourceType[33m?[39m[32m"5module"[39m[33m:[39m[35m5[39m])[33m;[39m[36mvar[39m
[23ms[33m=[39m[32m""[39m[33m;[39m[33m![39m[35m0[39m[33m!==[39me[33m.[39mallowReserved[33m&&[39m(s[33m=[39mt[e[33m.[39mecmaVersion[33m>=[39m[35m6[39m[33m?[39m[35m6[39m[33m:[39m[35m5[39m[33m===[39me[33m.[39mecmaVersion[33m?[39m[35m5[39m[33m:[39m[35m3[39m][33m,[39m[32m"modul
[23me"[39m[33m===[39me[33m.[39msourceType[33m&&[39m(s[33m+=[39m[32m" await"[39m))[33m,[39m[36mthis[39m[33m.[39mreservedWords[33m=[39m[33mT[39m(s)[33m;[39m[36mvar[39m a[33m=[39m(s[33m?[39ms[33m+[39m[32m"
[23m"[39m[33m:[39m[32m""[39m)[33m+[39mt[33m.[39mstrict[33m;[39m[36mthis[39m[33m.[39mreservedWordsStrict[33m=[39m[33mT[39m(a)[33m,[39m[36mthis[39m[33m.[39mreservedWordsStrictBind[33m=[39m[33mT[39m(a[33m+[39m[32m"
[23m"[39m[33m+[39mt[33m.[39mstrictBind)[33m,[39m[36mthis[39m[33m.[39minput[33m=[39m[33mString[39m(n)[33m,[39m[36mthis[39m[33m.[39mcontainsEsc[33m=[39m[33m![39m[35m1[39m[33m,[39mi[33m?[39m([36mthis[39m[33m.[39mpos[33m=[39mi[33m,[39m[36mthis[39m[33m.[39mline
[23mStart[33m=[39m[36mthis[39m[33m.[39minput[33m.[39mlastIndexOf([32m"\n"[39m[33m,[39mi[33m-[39m[35m1[39m)[33m+[39m[35m1[39m[33m,[39m[36mthis[39m[33m.[39mcurLine[33m=[39m[36mthis[39m[33m.[39minput[33m.[39mslice([35m0[39m[33m,[39m[36mthis[39m[33m.[39mli
[23mneStart)[33m.[39msplit(b)[33m.[39mlength)[33m:[39m([36mthis[39m[33m.[39mpos[33m=[39m[36mthis[39m[33m.[39mlineStart[33m=[39m[35m0[39m[33m,[39m[36mthis[39m[33m.[39mcurLine[33m=[39m[35m1[39m)[33m,[39m[36mthis[39m[33m.[39mtype[33m=[39m[33mA
[23m[39m[33m.[39meof[33m,[39m[36mthis[39m[33m.[39mvalue[33m=[39m[36mnull[39m[33m,[39m[36mthis[39m[33m.[39mstart[33m=[39m[36mthis[39m[33m.[39mend[33m=[39m[36mthis[39m[33m.[39mpos[33m,[39m[36mthis[39m[33m.[39mstartLoc[33m=[39m[36mthis[39m[33m.[39mendLoc[33m=[39m[36mthis
[23m[39m[33m.[39mcurPosition()[33m,[39m[36mthis[39m[33m.[39mlastTokEndLoc[33m=[39m[36mthis[39m[33m.[39mlastTokStartLoc[33m=[39m[36mnull[39m[33m,[39m[36mthis[39m[33m.[39mlastTokStart[33m=[39m[36mth
[23mis[39m[33m.[39mlastTokEnd[33m=[39m[36mthis[39m[33m.[39mpos[33m,[39m[36mthis[39m[33m.[39mcontext[33m=[39m[36mthis[39m[33m.[39minitialContext()[33m,[39m[36mthis[39m[33m.[39mexprAllowed[33m=[39m[33m![39m[35m0[39m[33m,[39m[36mth
[23mis[39m[33m.[39minModule[33m=[39m[32m"module"[39m[33m===[39me[33m.[39msourceType[33m,[39m[36mthis[39m[33m.[39mstrict[33m=[39m[36mthis[39m[33m.[39minModule[33m||[39m[36mthis[39m[33m.[39mstrictDirect
[23mive([36mthis[39m[33m.[39mpos)[33m,[39m[36mthis[39m[33m.[39mpotentialArrowAt[33m=[39m[33m-[39m[35m1[39m[33m,[39m[36mthis[39m[33m.[39myieldPos[33m=[39m[36mthis[39m[33m.[39mawaitPos[33m=[39m[36mthis[39m[33m.[39mawaitIde
[23mntPos[33m=[39m[35m0[39m[33m,[39m[36mthis[39m[33m.[39mlabels[33m=[39m[][33m,[39m[36mthis[39m[33m.[39mundefinedExports[33m=[39m[33mObject[39m[33m.[39mcreate([36mnull[39m)[33m,[39m[35m0[39m[33m===[39m[36mthis[39m[33m.[39mpos[33m&&[39me
[23m[33m.[39mallowHashBang[33m&&[39m[32m"#!"[39m[33m===[39m[36mthis[39m[33m.[39minput[33m.[39mslice([35m0[39m[33m,[39m[35m2[39m)[33m&&[39m[36mthis[39m[33m.[39mskipLineComment([35m2[39m)[33m,[39m[36mthis[39m[33m.[39mscope
[23mStack[33m=[39m[][33m,[39m[36mthis[39m[33m.[39menterScope([35m1[39m)[33m,[39m[36mthis[39m[33m.[39mregexpState[33m=[39m[36mnull[39m}[33m,[39m[33mR[39m[33m=[39m{inFunction[33m:[39m{configurable[33m:[39m[33m!
[23m[39m[35m0[39m}[33m,[39minGenerator[33m:[39m{configurable[33m:[39m[33m![39m[35m0[39m}[33m,[39minAsync[33m:[39m{configurable[33m:[39m[33m![39m[35m0[39m}[33m,[39mallowSuper[33m:[39m{configura
[23mble[33m:[39m[33m![39m[35m0[39m}[33m,[39mallowDirectSuper[33m:[39m{configurable[33m:[39m[33m![39m[35m0[39m}[33m,[39mtreatFunctionsAsVar[33m:[39m{configurable[33m:[39m[33m![39m[35m0[39m}
[33m,[39minNonArrowFunction[33m:[39m{configurable[33m:[39m[33m![39m[35m0[39m}}[33m;[39mj[33m.[39mprototype[33m.[39mparse[33m=[39m[36mfunction[39m(){[36mvar[39m
[23me[33m=[39m[36mthis[39m[33m.[39moptions[33m.[39mprogram[33m||[39m[36mthis[39m[33m.[39mstartNode()[33m;[39m[36mreturn[39m
[23m[36mthis[39m[33m.[39mnextToken()[33m,[39m[36mthis[39m[33m.[39mparseTopLevel(e)}[33m,[39m[33mR[39m[33m.[39minFunction[33m.[39m[36mget[39m[33m=[39m[36mfunction[39m(){[36mreturn[39m([35m2[39m[33m&[39m[36mthi
[23ms[39m[33m.[39mcurrentVarScope()[33m.[39mflags)[33m>[39m[35m0[39m}[33m,[39m[33mR[39m[33m.[39minGenerator[33m.[39m[36mget[39m[33m=[39m[36mfunction[39m(){[36mreturn[39m([35m8[39m[33m&[39m[36mthis[39m[33m.[39mcurrent
[23mVarScope()[33m.[39mflags)[33m>[39m[35m0[39m}[33m,[39m[33mR[39m[33m.[39minAsync[33m.[39m[36mget[39m[33m=[39m[36mfunction[39m(){[36mreturn[39m([35m4[39m[33m&[39m[36mthis[39m[33m.[39mcurrentVarScope()[33m.[39mfl
[23mags)[33m>[39m[35m0[39m}[33m,[39m[33mR[39m[33m.[39mallowSuper[33m.[39m[36mget[39m[33m=[39m[36mfunction[39m(){[36mreturn[39m([35m64[39m[33m&[39m[36mthis[39m[33m.[39mcurrentThisScope()[33m.[39mflags)[33m>[39m[35m0[39m}[33m,
[23m[39m[33mR[39m[33m.[39mallowDirectSuper[33m.[39m[36mget[39m[33m=[39m[36mfunction[39m(){[36mreturn[39m([35m128[39m[33m&[39m[36mthis[39m[33m.[39mcurrentThisScope()[33m.[39mflags)[33m>[39m[35m0[39m}[33m,[39m[33mR
[23m[39m[33m.[39mtreatFunctionsAsVar[33m.[39m[36mget[39m[33m=[39m[36mfunction[39m(){[36mreturn[39m
[23m[36mthis[39m[33m.[39mtreatFunctionsAsVarInScope([36mthis[39m[33m.[39mcurrentScope())}[33m,[39m[33mR[39m[33m.[39minNonArrowFunction[33m.[39m[36mget[39m[33m=[39m[36mf
[23munction[39m(){[36mreturn[39m([35m2[39m[33m&[39m[36mthis[39m[33m.[39mcurrentThisScope()[33m.[39mflags)[33m>[39m[35m0[39m}[33m,[39mj[33m.[39mextend[33m=[39m[36mfunction[39m(){[36mfor[39m([36mvar[39m
[23m e[33m=[39m[][33m,[39mt[33m=[39marguments[33m.[39mlength[33m;[39mt[33m--[39m[33m;[39m)e[t][33m=[39marguments[t][33m;[39m[36mfor[39m([36mvar[39m
[23mn[33m=[39m[36mthis[39m[33m,[39mr[33m=[39m[35m0[39m[33m;[39mr[33m<[39m[33me[39m[33m.[39mlength[33m;[39mr[33m++[39m)n[33m=[39me[r](n)[33m;[39m[36mreturn[39m n}[33m,[39mj[33m.[39mparse[33m=[39m[36mfunction[39m(e[33m,[39mt){[36mreturn[39m [36mnew[39m
[23m[36mthis[39m(t[33m,[39me)[33m.[39mparse()}[33m,[39mj[33m.[39mparseExpressionAt[33m=[39m[36mfunction[39m(e[33m,[39mt[33m,[39mn){[36mvar[39m r[33m=[39m[36mnew[39m
[23m[36mthis[39m(n[33m,[39me[33m,[39mt)[33m;[39m[36mreturn[39m
[23mr[33m.[39mnextToken()[33m,[39mr[33m.[39mparseExpression()}[33m,[39mj[33m.[39mtokenizer[33m=[39m[36mfunction[39m(e[33m,[39mt){[36mreturn[39m [36mnew[39m
[23m[36mthis[39m(t[33m,[39me)}[33m,[39m[33mObject[39m[33m.[39mdefineProperties(j[33m.[39mprototype[33m,[39m[33mR[39m)[33m;[39m[36mvar[39m
[23m[33mV[39m[33m=[39mj[33m.[39mprototype[33m,[39m[33mJ[39m[33m=[39m[35m/^(?:'((?:\\.|[^'\\])*?)'|"((?:\\.|[^"\\])*?)")/[39m[33m;[39m[36mfunction[39m
[23m[33mU[39m(){[36mthis[39m[33m.[39mshorthandAssign[33m=[39m[36mthis[39m[33m.[39mtrailingComma[33m=[39m[36mthis[39m[33m.[39mparenthesizedAssign[33m=[39m[36mthis[39m[33m.[39mparent
[23mhesizedBind[33m=[39m[36mthis[39m[33m.[39mdoubleProto[33m=[39m[33m-[39m[35m1[39m}[33mV[39m[33m.[39mstrictDirective[33m=[39m[36mfunction[39m(e){[36mfor[39m([33m;[39m[33m;[39m){w[33m.[39mlastInde
[23mx[33m=[39me[33m,[39me[33m+=[39mw[33m.[39mexec([36mthis[39m[33m.[39minput)[[35m0[39m][33m.[39mlength[33m;[39m[36mvar[39m
[23mt[33m=[39m[33mJ[39m[33m.[39mexec([36mthis[39m[33m.[39minput[33m.[39mslice(e))[33m;[39m[36mif[39m([33m![39mt)[36mreturn[39m[33m![39m[35m1[39m[33m;[39m[36mif[39m([32m"use
[23mstrict"[39m[33m===[39m(t[[35m1[39m][33m||[39mt[[35m2[39m])){w[33m.[39mlastIndex[33m=[39me[33m+[39mt[[35m0[39m][33m.[39mlength[33m;[39m[36mvar[39m
[23mn[33m=[39mw[33m.[39mexec([36mthis[39m[33m.[39minput)[33m,[39mr[33m=[39mn[33m.[39mindex[33m+[39mn[[35m0[39m][33m.[39mlength[33m,[39mi[33m=[39m[36mthis[39m[33m.[39minput[33m.[39mcharAt(r)[33m;[39m[36mreturn[39m[32m";"[39m[33m===[39mi[33m|
[23m|[39m[32m"}"[39m[33m===[39mi[33m||[39mb[33m.[39mtest(n[[35m0[39m])[33m&&[39m[33m![39m([35m/[(`.[+\-/*%<>=,?^&]/[39m[33m.[39mtest(i)[33m||[39m[32m"!"[39m[33m===[39mi[33m&&[39m[32m"="[39m[33m===[39m[36mthis[39m[33m.[39minp
[23mut[33m.[39mcharAt(r[33m+[39m[35m1[39m))}e[33m+=[39mt[[35m0[39m][33m.[39mlength[33m,[39mw[33m.[39mlastIndex[33m=[39me[33m,[39me[33m+=[39mw[33m.[39mexec([36mthis[39m[33m.[39minput)[[35m0[39m][33m.[39mlength[33m,[39m[32m";"
[23m[39m[33m===[39m[36mthis[39m[33m.[39minput[e][33m&&[39me[33m++[39m}}[33m,[39m[33mV[39m[33m.[39meat[33m=[39m[36mfunction[39m(e){[36mreturn[39m
[23m[36mthis[39m[33m.[39mtype[33m===[39me[33m&&[39m([36mthis[39m[33m.[39mnext()[33m,[39m[33m![39m[35m0[39m)}[33m,[39m[33mV[39m[33m.[39misContextual[33m=[39m[36mfunction[39m(e){[36mreturn[39m [36mthis[39m[33m.[39mtype[33m===[39m[33mA
[23m[39m[33m.[39mname[33m&&[39m[36mthis[39m[33m.[39mvalue[33m===[39me[33m&&[39m[33m![39m[36mthis[39m[33m.[39mcontainsEsc}[33m,[39m[33mV[39m[33m.[39meatContextual[33m=[39m[36mfunction[39m(e){[36mreturn[39m[33m![39m[33m![39m[36mth
[23mis[39m[33m.[39misContextual(e)[33m&&[39m([36mthis[39m[33m.[39mnext()[33m,[39m[33m![39m[35m0[39m)}[33m,[39m[33mV[39m[33m.[39mexpectContextual[33m=[39m[36mfunction[39m(e){[36mthis[39m[33m.[39meatCon
[23mtextual(e)[33m||[39m[36mthis[39m[33m.[39munexpected()}[33m,[39m[33mV[39m[33m.[39mcanInsertSemicolon[33m=[39m[36mfunction[39m(){[36mreturn[39m
[23m[36mthis[39m[33m.[39mtype[33m===[39m[33mA[39m[33m.[39meof[33m||[39m[36mthis[39m[33m.[39mtype[33m===[39m[33mA[39m[33m.[39mbraceR[33m||[39mb[33m.[39mtest([36mthis[39m[33m.[39minput[33m.[39mslice([36mthis[39m[33m.[39mlastTokEnd
[23m[33m,[39m[36mthis[39m[33m.[39mstart))}[33m,[39m[33mV[39m[33m.[39minsertSemicolon[33m=[39m[36mfunction[39m(){[36mif[39m([36mthis[39m[33m.[39mcanInsertSemicolon())[36mreturn[39m
[23m[36mthis[39m[33m.[39moptions[33m.[39monInsertedSemicolon[33m&&[39m[36mthis[39m[33m.[39moptions[33m.[39monInsertedSemicolon([36mthis[39m[33m.[39mlastTokE
[23mnd[33m,[39m[36mthis[39m[33m.[39mlastTokEndLoc)[33m,[39m[33m![39m[35m0[39m}[33m,[39m[33mV[39m[33m.[39msemicolon[33m=[39m[36mfunction[39m(){[36mthis[39m[33m.[39meat([33mA[39m[33m.[39msemi)[33m||[39m[36mthis[39m[33m.[39minsertS
[23memicolon()[33m||[39m[36mthis[39m[33m.[39munexpected()}[33m,[39m[33mV[39m[33m.[39mafterTrailingComma[33m=[39m[36mfunction[39m(e[33m,[39mt){[36mif[39m([36mthis[39m[33m.[39mtype[33m==
[23m=[39me)[36mreturn[39m
[23m[36mthis[39m[33m.[39moptions[33m.[39monTrailingComma[33m&&[39m[36mthis[39m[33m.[39moptions[33m.[39monTrailingComma([36mthis[39m[33m.[39mlastTokStart[33m,[39m[36mthi
[23ms[39m[33m.[39mlastTokStartLoc)[33m,[39mt[33m||[39m[36mthis[39m[33m.[39mnext()[33m,[39m[33m![39m[35m0[39m}[33m,[39m[33mV[39m[33m.[39mexpect[33m=[39m[36mfunction[39m(e){[36mthis[39m[33m.[39meat(e)[33m||[39m[36mthis[39m[33m.[39mune
[23mxpected()}[33m,[39m[33mV[39m[33m.[39munexpected[33m=[39m[36mfunction[39m(e){[36mthis[39m[33m.[39mraise([36mnull[39m[33m!=[39me[33m?[39me[33m:[39m[36mthis[39m[33m.[39mstart[33m,[39m[32m"Unexpected
[23mtoken"[39m)}[33m,[39m[33mV[39m[33m.[39mcheckPatternErrors[33m=[39m[36mfunction[39m(e[33m,[39mt){[36mif[39m(e){e[33m.[39mtrailingComma[33m>[39m[33m-[39m[35m1[39m[33m&&[39m[36mthis[39m[33m.[39mraise
[23mRecoverable(e[33m.[39mtrailingComma[33m,[39m[32m"Comma is not permitted after the rest element"[39m)[33m;[39m[36mvar[39m
[23m n[33m=[39mt[33m?[39me[33m.[39mparenthesizedAssign[33m:[39me[33m.[39mparenthesizedBind[33m;[39mn[33m>[39m[33m-[39m[35m1[39m[33m&&[39m[36mthis[39m[33m.[39mraiseRecoverable(n[33m,[39m[32m"Pa
[23mrenthesized pattern"[39m)}}[33m,[39m[33mV[39m[33m.[39mcheckExpressionErrors[33m=[39m[36mfunction[39m(e[33m,[39mt){[36mif[39m([33m![39me)[36mreturn[39m[33m![39m[35m1[39m[33m;[39m[36mvar[39m
[23m n[33m=[39me[33m.[39mshorthandAssign[33m,[39mr[33m=[39me[33m.[39mdoubleProto[33m;[39m[36mif[39m([33m![39mt)[36mreturn[39m
[23mn[33m>=[39m[35m0[39m[33m||[39mr[33m>=[39m[35m0[39m[33m;[39mn[33m>=[39m[35m0[39m[33m&&[39m[36mthis[39m[33m.[39mraise(n[33m,[39m[32m"Shorthand property assignments are valid only in
[23mdestructuring patterns"[39m)[33m,[39mr[33m>=[39m[35m0[39m[33m&&[39m[36mthis[39m[33m.[39mraiseRecoverable(r[33m,[39m[32m"Redefinition of
[23m__proto__ property"[39m)}[33m,[39m[33mV[39m[33m.[39mcheckYieldAwaitInDefaultParams[33m=[39m[36mfunction[39m(){[36mthis[39m[33m.[39myieldPos[33m&
[23m&[39m([33m![39m[36mthis[39m[33m.[39mawaitPos[33m||[39m[36mthis[39m[33m.[39myieldPos[33m<[39m[36mthis[39m[33m.[39mawaitPos)[33m&&[39m[36mthis[39m[33m.[39mraise([36mthis[39m[33m.[39myieldPos[33m,[39m[32m"Yield
[23mexpression cannot be a default
[23mvalue"[39m)[33m,[39m[36mthis[39m[33m.[39mawaitPos[33m&&[39m[36mthis[39m[33m.[39mraise([36mthis[39m[33m.[39mawaitPos[33m,[39m[32m"Await expression cannot be a
[23mdefault value"[39m)}[33m,[39m[33mV[39m[33m.[39misSimpleAssignTarget[33m=[39m[36mfunction[39m(e){[36mreturn[39m[32m"ParenthesizedExpressi
[23mon"[39m[33m===[39me[33m.[39mtype[33m?[39m[36mthis[39m[33m.[39misSimpleAssignTarget(e[33m.[39mexpression)[33m:[39m[32m"Identifier"[39m[33m===[39me[33m.[39mtype[33m||[39m[32m"Mem
[23mberExpression"[39m[33m===[39me[33m.[39mtype}[33m;[39m[36mvar[39m z[33m=[39mj[33m.[39mprototype[33m;[39mz[33m.[39mparseTopLevel[33m=[39m[36mfunction[39m(e){[36mvar[39m
[23mt[33m=[39m[33mObject[39m[33m.[39mcreate([36mnull[39m)[33m;[39m[36mfor[39m(e[33m.[39mbody[33m||[39m(e[33m.[39mbody[33m=[39m[])[33m;[39m[36mthis[39m[33m.[39mtype[33m!==[39m[33mA[39m[33m.[39meof[33m;[39m){[36mvar[39m
[23mn[33m=[39m[36mthis[39m[33m.[39mparseStatement([36mnull[39m[33m,[39m[33m![39m[35m0[39m[33m,[39mt)[33m;[39me[33m.[39mbody[33m.[39mpush(n)}[36mif[39m([36mthis[39m[33m.[39minModule)[36mfor[39m([36mvar[39m
[23mr[33m=[39m[35m0[39m[33m,[39mi[33m=[39m[33mObject[39m[33m.[39mkeys([36mthis[39m[33m.[39mundefinedExports)[33m;[39mr[33m<[39m[33mi[39m[33m.[39mlength[33m;[39mr[33m+=[39m[35m1[39m){[36mvar[39m
[23ms[33m=[39mi[r][33m;[39m[36mthis[39m[33m.[39mraiseRecoverable([36mthis[39m[33m.[39mundefinedExports[s][33m.[39mstart[33m,[39m[32m"Export '"[39m[33m+[39ms[33m+[39m[32m"' is
[23mnot defined"[39m)}[36mreturn[39m [36mthis[39m[33m.[39madaptDirectivePrologue(e[33m.[39mbody)[33m,[39m[36mthis[39m[33m.[39mnext()[33m,[39me[33m.[39msourceTyp
[23me[33m=[39m[36mthis[39m[33m.[39moptions[33m.[39msourceType[33m,[39m[36mthis[39m[33m.[39mfinishNode(e[33m,[39m[32m"Program"[39m)}[33m;[39m[36mvar[39m
[23mq[33m=[39m{kind[33m:[39m[32m"loop"[39m}[33m,[39m[33mX[39m[33m=[39m{kind[33m:[39m[32m"switch"[39m}[33m;[39mz[33m.[39misLet[33m=[39m[36mfunction[39m(e){[36mif[39m([36mthis[39m[33m.[39moptions[33m.[39mecmaVersio
[23mn[33m<[39m[35m6[39m[33m||[39m[33m![39m[36mthis[39m[33m.[39misContextual([32m"let"[39m))[36mreturn[39m[33m![39m[35m1[39m[33m;[39mw[33m.[39mlastIndex[33m=[39m[36mthis[39m[33m.[39mpos[33m;[39m[36mvar[39m
[23mt[33m=[39mw[33m.[39mexec([36mthis[39m[33m.[39minput)[33m,[39mn[33m=[39m[36mthis[39m[33m.[39mpos[33m+[39mt[[35m0[39m][33m.[39mlength[33m,[39mr[33m=[39m[36mthis[39m[33m.[39minput[33m.[39mcharCodeAt(n)[33m;[39m[36mif[39m([35m91[39m[33m===[39mr
[23m)[36mreturn[39m[33m![39m[35m0[39m[33m;[39m[36mif[39m(e)[36mreturn[39m[33m![39m[35m1[39m[33m;[39m[36mif[39m([35m123[39m[33m===[39mr)[36mreturn[39m[33m![39m[35m0[39m[33m;[39m[36mif[39m(h(r[33m,[39m[33m![39m[35m0[39m)){[36mfor[39m([36mvar[39m
[23ms[33m=[39mn[33m+[39m[35m1[39m[33m;[39md([36mthis[39m[33m.[39minput[33m.[39mcharCodeAt(s)[33m,[39m[33m![39m[35m0[39m)[33m;[39m)[33m++[39ms[33m;[39m[36mvar[39m a[33m=[39m[36mthis[39m[33m.[39minput[33m.[39mslice(n[33m,[39ms)[33m;[39m[36mif[39m([33m![39mi[33m.[39mtest
[23m(a))[36mreturn[39m[33m![39m[35m0[39m}[36mreturn[39m[33m![39m[35m1[39m}[33m,[39mz[33m.[39misAsyncFunction[33m=[39m[36mfunction[39m(){[36mif[39m([36mthis[39m[33m.[39moptions[33m.[39mecmaVersion[33m<
[23m[39m[35m8[39m[33m||[39m[33m![39m[36mthis[39m[33m.[39misContextual([32m"async"[39m))[36mreturn[39m[33m![39m[35m1[39m[33m;[39mw[33m.[39mlastIndex[33m=[39m[36mthis[39m[33m.[39mpos[33m;[39m[36mvar[39m
[23me[33m=[39mw[33m.[39mexec([36mthis[39m[33m.[39minput)[33m,[39mt[33m=[39m[36mthis[39m[33m.[39mpos[33m+[39me[[35m0[39m][33m.[39mlength[33m;[39m[36mreturn[39m[33m![39m(b[33m.[39mtest([36mthis[39m[33m.[39minput[33m.[39mslice([36mthis
[23m[39m[33m.[39mpos[33m,[39mt))[33m||[39m[32m"function"[39m[33m!==[39m[36mthis[39m[33m.[39minput[33m.[39mslice(t[33m,[39mt[33m+[39m[35m8[39m)[33m||[39mt[33m+[39m[35m8[39m[33m!==[39m[36mthis[39m[33m.[39minput[33m.[39mlength[33m&&[39md([36mthis[39m[33m.
[23m[39minput[33m.[39mcharAt(t[33m+[39m[35m8[39m)))}[33m,[39mz[33m.[39mparseStatement[33m=[39m[36mfunction[39m(e[33m,[39mt[33m,[39mn){[36mvar[39m r[33m,[39mi[33m=[39m[36mthis[39m[33m.[39mtype[33m,[39ms[33m=[39m[36mthis[39m[33m.[39ms
[23mtartNode()[33m;[39m[36mswitch[39m([36mthis[39m[33m.[39misLet(e)[33m&&[39m(i[33m=[39m[33mA[39m[33m.[39m_var[33m,[39mr[33m=[39m[32m"let"[39m)[33m,[39mi){[36mcase[39m [33mA[39m[33m.[39m_break[33m:[39m[36mcase[39m
[23m[33mA[39m[33m.[39m_continue[33m:[39m[36mreturn[39m [36mthis[39m[33m.[39mparseBreakContinueStatement(s[33m,[39mi[33m.[39mkeyword)[33m;[39m[36mcase[39m
[23m[33mA[39m[33m.[39m_debugger[33m:[39m[36mreturn[39m [36mthis[39m[33m.[39mparseDebuggerStatement(s)[33m;[39m[36mcase[39m [33mA[39m[33m.[39m_do[33m:[39m[36mreturn[39m
[23m[36mthis[39m[33m.[39mparseDoStatement(s)[33m;[39m[36mcase[39m [33mA[39m[33m.[39m_for[33m:[39m[36mreturn[39m [36mthis[39m[33m.[39mparseForStatement(s)[33m;[39m[36mcase[39m
[23m[33mA[39m[33m.[39m_function[33m:[39m[36mreturn[39m e[33m&&[39m([36mthis[39m[33m.[39mstrict[33m||[39m[32m"if"[39m[33m!==[39me[33m&&[39m[32m"label"[39m[33m!==[39me)[33m&&[39m[36mthis[39m[33m.[39moptions[33m.[39mecmaVer
[23msion[33m>=[39m[35m6[39m[33m&&[39m[36mthis[39m[33m.[39munexpected()[33m,[39m[36mthis[39m[33m.[39mparseFunctionStatement(s[33m,[39m[33m![39m[35m1[39m[33m,[39m[33m![39me)[33m;[39m[36mcase[39m
[23m[33mA[39m[33m.[39m_class[33m:[39m[36mreturn[39m e[33m&&[39m[36mthis[39m[33m.[39munexpected()[33m,[39m[36mthis[39m[33m.[39mparseClass(s[33m,[39m[33m![39m[35m0[39m)[33m;[39m[36mcase[39m [33mA[39m[33m.[39m_if[33m:[39m[36mreturn[39m
[23m[36mthis[39m[33m.[39mparseIfStatement(s)[33m;[39m[36mcase[39m [33mA[39m[33m.[39m_return[33m:[39m[36mreturn[39m [36mthis[39m[33m.[39mparseReturnStatement(s)[33m;[39m[36mcase[39m
[23m [33mA[39m[33m.[39m_switch[33m:[39m[36mreturn[39m [36mthis[39m[33m.[39mparseSwitchStatement(s)[33m;[39m[36mcase[39m [33mA[39m[33m.[39m_throw[33m:[39m[36mreturn[39m
[23m[36mthis[39m[33m.[39mparseThrowStatement(s)[33m;[39m[36mcase[39m [33mA[39m[33m.[39m_try[33m:[39m[36mreturn[39m [36mthis[39m[33m.[39mparseTryStatement(s)[33m;[39m[36mcase[39m
[23m[33mA[39m[33m.[39m_const[33m:[39m[36mcase[39m [33mA[39m[33m.[39m_var[33m:[39m[36mreturn[39m
[23mr[33m=[39mr[33m||[39m[36mthis[39m[33m.[39mvalue[33m,[39me[33m&&[39m[32m"var"[39m[33m!==[39mr[33m&&[39m[36mthis[39m[33m.[39munexpected()[33m,[39m[36mthis[39m[33m.[39mparseVarStatement(s[33m,[39mr)[33m;[39m[36mcase[39m
[23m [33mA[39m[33m.[39m_while[33m:[39m[36mreturn[39m [36mthis[39m[33m.[39mparseWhileStatement(s)[33m;[39m[36mcase[39m [33mA[39m[33m.[39m_with[33m:[39m[36mreturn[39m
[23m[36mthis[39m[33m.[39mparseWithStatement(s)[33m;[39m[36mcase[39m [33mA[39m[33m.[39mbraceL[33m:[39m[36mreturn[39m [36mthis[39m[33m.[39mparseBlock([33m![39m[35m0[39m[33m,[39ms)[33m;[39m[36mcase[39m
[23m[33mA[39m[33m.[39msemi[33m:[39m[36mreturn[39m [36mthis[39m[33m.[39mparseEmptyStatement(s)[33m;[39m[36mcase[39m [33mA[39m[33m.[39m_export[33m:[39m[36mcase[39m [33mA[39m[33m.[39m_import[33m:[39m[36mif[39m([36mthis[39m[33m.
[23m[39moptions[33m.[39mecmaVersion[33m>[39m[35m10[39m[33m&&[39mi[33m===[39m[33mA[39m[33m.[39m_import){w[33m.[39mlastIndex[33m=[39m[36mthis[39m[33m.[39mpos[33m;[39m[36mvar[39m a[33m=[39mw[33m.[39mexec([36mthis[39m[33m.[39min
[23mput)[33m,[39mo[33m=[39m[36mthis[39m[33m.[39mpos[33m+[39ma[[35m0[39m][33m.[39mlength[33m,[39mu[33m=[39m[36mthis[39m[33m.[39minput[33m.[39mcharCodeAt(o)[33m;[39m[36mif[39m([35m40[39m[33m===[39mu[33m||[39m[35m46[39m[33m===[39mu)[36mreturn[39m
[23m[36mthis[39m[33m.[39mparseExpressionStatement(s[33m,[39m[36mthis[39m[33m.[39mparseExpression())}[36mreturn[39m
[23m[36mthis[39m[33m.[39moptions[33m.[39mallowImportExportEverywhere[33m||[39m(t[33m||[39m[36mthis[39m[33m.[39mraise([36mthis[39m[33m.[39mstart[33m,[39m[32m"'import'
[23mand 'export' may only appear at the top
[23mlevel"[39m)[33m,[39m[36mthis[39m[33m.[39minModule[33m||[39m[36mthis[39m[33m.[39mraise([36mthis[39m[33m.[39mstart[33m,[39m[32m"'import' and 'export' may appear
[23monly with 'sourceType: module'"[39m))[33m,[39mi[33m===[39m[33mA[39m[33m.[39m_import[33m?[39m[36mthis[39m[33m.[39mparseImport(s)[33m:[39m[36mthis[39m[33m.[39mparseEx
[23mport(s[33m,[39mn)[33m;[39m[36mdefault[39m[33m:[39m[36mif[39m([36mthis[39m[33m.[39misAsyncFunction())[36mreturn[39m
[23me[33m&&[39m[36mthis[39m[33m.[39munexpected()[33m,[39m[36mthis[39m[33m.[39mnext()[33m,[39m[36mthis[39m[33m.[39mparseFunctionStatement(s[33m,[39m[33m![39m[35m0[39m[33m,[39m[33m![39me)[33m;[39m[36mvar[39m
[23ml[33m=[39m[36mthis[39m[33m.[39mvalue[33m,[39mc[33m=[39m[36mthis[39m[33m.[39mparseExpression()[33m;[39m[36mreturn[39m i[33m===[39m[33mA[39m[33m.[39mname[33m&&[39m[32m"Identifier"[39m[33m===[39mc[33m.[39mtype[33m&&
[23m[39m[36mthis[39m[33m.[39meat([33mA[39m[33m.[39mcolon)[33m?[39m[36mthis[39m[33m.[39mparseLabeledStatement(s[33m,[39ml[33m,[39mc[33m,[39me)[33m:[39m[36mthis[39m[33m.[39mparseExpressionStatem
[23ment(s[33m,[39mc)}}[33m,[39mz[33m.[39mparseBreakContinueStatement[33m=[39m[36mfunction[39m(e[33m,[39mt){[36mvar[39m n[33m=[39m[32m"break"[39m[33m===[39mt[33m;[39m[36mthis[39m[33m.[39mne
[23mxt()[33m,[39m[36mthis[39m[33m.[39meat([33mA[39m[33m.[39msemi)[33m||[39m[36mthis[39m[33m.[39minsertSemicolon()[33m?[39me[33m.[39mlabel[33m=[39m[36mnull[39m[33m:[39m[36mthis[39m[33m.[39mtype[33m!==[39m[33mA[39m[33m.[39mname[33m?[39m[36mth
[23mis[39m[33m.[39munexpected()[33m:[39m(e[33m.[39mlabel[33m=[39m[36mthis[39m[33m.[39mparseIdent()[33m,[39m[36mthis[39m[33m.[39msemicolon())[33m;[39m[36mfor[39m([36mvar[39m
[23mr[33m=[39m[35m0[39m[33m;[39mr[33m<[39m[36mthis[39m[33m.[39mlabels[33m.[39mlength[33m;[39m[33m++[39mr){[36mvar[39m
[23mi[33m=[39m[36mthis[39m[33m.[39mlabels[r][33m;[39m[36mif[39m([36mnull[39m[33m==[39me[33m.[39mlabel[33m||[39mi[33m.[39mname[33m===[39me[33m.[39mlabel[33m.[39mname){[36mif[39m([36mnull[39m[33m!=[39mi[33m.[39mkind[33m&&[39m(n[33m||[39m[32m"
[23mloop"[39m[33m===[39mi[33m.[39mkind))[36mbreak[39m[33m;[39m[36mif[39m(e[33m.[39mlabel[33m&&[39mn)[36mbreak[39m}}[36mreturn[39m
[23mr[33m===[39m[36mthis[39m[33m.[39mlabels[33m.[39mlength[33m&&[39m[36mthis[39m[33m.[39mraise(e[33m.[39mstart[33m,[39m[32m"Unsyntactic
[23m"[39m[33m+[39mt)[33m,[39m[36mthis[39m[33m.[39mfinishNode(e[33m,[39mn[33m?[39m[32m"BreakStatement"[39m[33m:[39m[32m"ContinueStatement"[39m)}[33m,[39mz[33m.[39mparseDebuggerS
[23mtatement[33m=[39m[36mfunction[39m(e){[36mreturn[39m [36mthis[39m[33m.[39mnext()[33m,[39m[36mthis[39m[33m.[39msemicolon()[33m,[39m[36mthis[39m[33m.[39mfinishNode(e[33m,[39m[32m"Debu
[23mggerStatement"[39m)}[33m,[39mz[33m.[39mparseDoStatement[33m=[39m[36mfunction[39m(e){[36mreturn[39m
[23m[36mthis[39m[33m.[39mnext()[33m,[39m[36mthis[39m[33m.[39mlabels[33m.[39mpush(q)[33m,[39me[33m.[39mbody[33m=[39m[36mthis[39m[33m.[39mparseStatement([32m"do"[39m)[33m,[39m[36mthis[39m[33m.[39mlabels[33m.[39mpop
[23m()[33m,[39m[36mthis[39m[33m.[39mexpect([33mA[39m[33m.[39m_while)[33m,[39me[33m.[39mtest[33m=[39m[36mthis[39m[33m.[39mparseParenExpression()[33m,[39m[36mthis[39m[33m.[39moptions[33m.[39mecmaVer
[23msion[33m>=[39m[35m6[39m[33m?[39m[36mthis[39m[33m.[39meat([33mA[39m[33m.[39msemi)[33m:[39m[36mthis[39m[33m.[39msemicolon()[33m,[39m[36mthis[39m[33m.[39mfinishNode(e[33m,[39m[32m"DoWhileStatement"[39m)}
[23m[33m,[39mz[33m.[39mparseForStatement[33m=[39m[36mfunction[39m(e){[36mthis[39m[33m.[39mnext()[33m;[39m[36mvar[39m t[33m=[39m[36mthis[39m[33m.[39moptions[33m.[39mecmaVersion[33m>=[39m[35m9[39m[33m&&
[23m[39m([36mthis[39m[33m.[39minAsync[33m||[39m[33m![39m[36mthis[39m[33m.[39minFunction[33m&&[39m[36mthis[39m[33m.[39moptions[33m.[39mallowAwaitOutsideFunction)[33m&&[39m[36mthis[39m[33m.[39me
[23matContextual([32m"await"[39m)[33m?[39m[36mthis[39m[33m.[39mlastTokStart[33m:[39m[33m-[39m[35m1[39m[33m;[39m[36mif[39m([36mthis[39m[33m.[39mlabels[33m.[39mpush(q)[33m,[39m[36mthis[39m[33m.[39menterScop
[23me([35m0[39m)[33m,[39m[36mthis[39m[33m.[39mexpect([33mA[39m[33m.[39mparenL)[33m,[39m[36mthis[39m[33m.[39mtype[33m===[39m[33mA[39m[33m.[39msemi)[36mreturn[39m
[23mt[33m>[39m[33m-[39m[35m1[39m[33m&&[39m[36mthis[39m[33m.[39munexpected(t)[33m,[39m[36mthis[39m[33m.[39mparseFor(e[33m,[39m[36mnull[39m)[33m;[39m[36mvar[39m
[23mn[33m=[39m[36mthis[39m[33m.[39misLet()[33m;[39m[36mif[39m([36mthis[39m[33m.[39mtype[33m===[39m[33mA[39m[33m.[39m_var[33m||[39m[36mthis[39m[33m.[39mtype[33m===[39m[33mA[39m[33m.[39m_const[33m||[39mn){[36mvar[39m
[23mr[33m=[39m[36mthis[39m[33m.[39mstartNode()[33m,[39mi[33m=[39mn[33m?[39m[32m"let"[39m[33m:[39m[36mthis[39m[33m.[39mvalue[33m;[39m[36mreturn[39m [36mthis[39m[33m.[39mnext()[33m,[39m[36mthis[39m[33m.[39mparseVar(r[33m,[39m[33m![39m[35m0[39m[33m,[39mi)
[23m[33m,[39m[36mthis[39m[33m.[39mfinishNode(r[33m,[39m[32m"VariableDeclaration"[39m)[33m,[39m([36mthis[39m[33m.[39mtype[33m===[39m[33mA[39m[33m.[39m_in[33m||[39m[36mthis[39m[33m.[39moptions[33m.[39mecmaV
[23mersion[33m>=[39m[35m6[39m[33m&&[39m[36mthis[39m[33m.[39misContextual([32m"of"[39m))[33m&&[39m[35m1[39m[33m===[39mr[33m.[39mdeclarations[33m.[39mlength[33m?[39m([36mthis[39m[33m.[39moptions[33m.[39mecm
[23maVersion[33m>=[39m[35m9[39m[33m&&[39m([36mthis[39m[33m.[39mtype[33m===[39m[33mA[39m[33m.[39m_in[33m?[39mt[33m>[39m[33m-[39m[35m1[39m[33m&&[39m[36mthis[39m[33m.[39munexpected(t)[33m:[39me[33m.[39m[36mawait[39m[33m=[39mt[33m>[39m[33m-[39m[35m1[39m)[33m,[39m[36mthis[39m[33m.[39mpars
[23meForIn(e[33m,[39mr))[33m:[39m(t[33m>[39m[33m-[39m[35m1[39m[33m&&[39m[36mthis[39m[33m.[39munexpected(t)[33m,[39m[36mthis[39m[33m.[39mparseFor(e[33m,[39mr))}[36mvar[39m s[33m=[39m[36mnew[39m
[23m[33mU[39m[33m,[39ma[33m=[39m[36mthis[39m[33m.[39mparseExpression([33m![39m[35m0[39m[33m,[39ms)[33m;[39m[36mreturn[39m [36mthis[39m[33m.[39mtype[33m===[39m[33mA[39m[33m.[39m_in[33m||[39m[36mthis[39m[33m.[39moptions[33m.[39mecmaVersio
[23mn[33m>=[39m[35m6[39m[33m&&[39m[36mthis[39m[33m.[39misContextual([32m"of"[39m)[33m?[39m([36mthis[39m[33m.[39moptions[33m.[39mecmaVersion[33m>=[39m[35m9[39m[33m&&[39m([36mthis[39m[33m.[39mtype[33m===[39m[33mA[39m[33m.[39m_in[33m?[39mt
[23m[33m>[39m[33m-[39m[35m1[39m[33m&&[39m[36mthis[39m[33m.[39munexpected(t)[33m:[39me[33m.[39m[36mawait[39m[33m=[39mt[33m>[39m[33m-[39m[35m1[39m)[33m,[39m[36mthis[39m[33m.[39mtoAssignable(a[33m,[39m[33m![39m[35m1[39m[33m,[39ms)[33m,[39m[36mthis[39m[33m.[39mcheckLValPa
[23mttern(a)[33m,[39m[36mthis[39m[33m.[39mparseForIn(e[33m,[39ma))[33m:[39m([36mthis[39m[33m.[39mcheckExpressionErrors(s[33m,[39m[33m![39m[35m0[39m)[33m,[39mt[33m>[39m[33m-[39m[35m1[39m[33m&&[39m[36mthis[39m[33m.[39munex
[23mpected(t)[33m,[39m[36mthis[39m[33m.[39mparseFor(e[33m,[39ma))}[33m,[39mz[33m.[39mparseFunctionStatement[33m=[39m[36mfunction[39m(e[33m,[39mt[33m,[39mn){[36mreturn[39m
[23m[36mthis[39m[33m.[39mnext()[33m,[39m[36mthis[39m[33m.[39mparseFunction(e[33m,[39m[33mH[39m[33m|[39m(n[33m?[39m[35m0[39m[33m:[39m[33mW[39m)[33m,[39m[33m![39m[35m1[39m[33m,[39mt)}[33m,[39mz[33m.[39mparseIfStatement[33m=[39m[36mfunction[39m(e)
[23m{[36mreturn[39m [36mthis[39m[33m.[39mnext()[33m,[39me[33m.[39mtest[33m=[39m[36mthis[39m[33m.[39mparseParenExpression()[33m,[39me[33m.[39mconsequent[33m=[39m[36mthis[39m[33m.[39mparseSt
[23matement([32m"if"[39m)[33m,[39me[33m.[39malternate[33m=[39m[36mthis[39m[33m.[39meat([33mA[39m[33m.[39m_else)[33m?[39m[36mthis[39m[33m.[39mparseStatement([32m"if"[39m)[33m:[39m[36mnull[39m[33m,[39m[36mthis[39m[33m.
[23m[39mfinishNode(e[33m,[39m[32m"IfStatement"[39m)}[33m,[39mz[33m.[39mparseReturnStatement[33m=[39m[36mfunction[39m(e){[36mreturn[39m [36mthis[39m[33m.[39minFu
[23mnction[33m||[39m[36mthis[39m[33m.[39moptions[33m.[39mallowReturnOutsideFunction[33m||[39m[36mthis[39m[33m.[39mraise([36mthis[39m[33m.[39mstart[33m,[39m[32m"'return'
[23m outside of function"[39m)[33m,[39m[36mthis[39m[33m.[39mnext()[33m,[39m[36mthis[39m[33m.[39meat([33mA[39m[33m.[39msemi)[33m||[39m[36mthis[39m[33m.[39minsertSemicolon()[33m?[39me[33m.[39mar
[23mgument[33m=[39m[36mnull[39m[33m:[39m(e[33m.[39margument[33m=[39m[36mthis[39m[33m.[39mparseExpression()[33m,[39m[36mthis[39m[33m.[39msemicolon())[33m,[39m[36mthis[39m[33m.[39mfinishNode
[23m(e[33m,[39m[32m"ReturnStatement"[39m)}[33m,[39mz[33m.[39mparseSwitchStatement[33m=[39m[36mfunction[39m(e){[36mvar[39m
[23mt[33m;[39m[36mthis[39m[33m.[39mnext()[33m,[39me[33m.[39mdiscriminant[33m=[39m[36mthis[39m[33m.[39mparseParenExpression()[33m,[39me[33m.[39mcases[33m=[39m[][33m,[39m[36mthis[39m[33m.[39mexpect(
[23m[33mA[39m[33m.[39mbraceL)[33m,[39m[36mthis[39m[33m.[39mlabels[33m.[39mpush([33mX[39m)[33m,[39m[36mthis[39m[33m.[39menterScope([35m0[39m)[33m;[39m[36mfor[39m([36mvar[39m
[23mn[33m=[39m[33m![39m[35m1[39m[33m;[39m[36mthis[39m[33m.[39mtype[33m!==[39m[33mA[39m[33m.[39mbraceR[33m;[39m)[36mif[39m([36mthis[39m[33m.[39mtype[33m===[39m[33mA[39m[33m.[39m_case[33m||[39m[36mthis[39m[33m.[39mtype[33m===[39m[33mA[39m[33m.[39m_default){[36mvar[39m
[23mr[33m=[39m[36mthis[39m[33m.[39mtype[33m===[39m[33mA[39m[33m.[39m_case[33m;[39mt[33m&&[39m[36mthis[39m[33m.[39mfinishNode(t[33m,[39m[32m"SwitchCase"[39m)[33m,[39me[33m.[39mcases[33m.[39mpush(t[33m=[39m[36mthis[39m[33m.[39msta
[23mrtNode())[33m,[39mt[33m.[39mconsequent[33m=[39m[][33m,[39m[36mthis[39m[33m.[39mnext()[33m,[39mr[33m?[39mt[33m.[39mtest[33m=[39m[36mthis[39m[33m.[39mparseExpression()[33m:[39m(n[33m&&[39m[36mthis[39m[33m.[39mr
[23maiseRecoverable([36mthis[39m[33m.[39mlastTokStart[33m,[39m[32m"Multiple default
[23mclauses"[39m)[33m,[39mn[33m=[39m[33m![39m[35m0[39m[33m,[39mt[33m.[39mtest[33m=[39m[36mnull[39m)[33m,[39m[36mthis[39m[33m.[39mexpect([33mA[39m[33m.[39mcolon)}[36melse[39m
[23mt[33m||[39m[36mthis[39m[33m.[39munexpected()[33m,[39mt[33m.[39mconsequent[33m.[39mpush([36mthis[39m[33m.[39mparseStatement([36mnull[39m))[33m;[39m[36mreturn[39m
[23m[36mthis[39m[33m.[39mexitScope()[33m,[39mt[33m&&[39m[36mthis[39m[33m.[39mfinishNode(t[33m,[39m[32m"SwitchCase"[39m)[33m,[39m[36mthis[39m[33m.[39mnext()[33m,[39m[36mthis[39m[33m.[39mlabels[33m.[39mpop(
[23m)[33m,[39m[36mthis[39m[33m.[39mfinishNode(e[33m,[39m[32m"SwitchStatement"[39m)}[33m,[39mz[33m.[39mparseThrowStatement[33m=[39m[36mfunction[39m(e){[36mreturn[39m
[23m [36mthis[39m[33m.[39mnext()[33m,[39mb[33m.[39mtest([36mthis[39m[33m.[39minput[33m.[39mslice([36mthis[39m[33m.[39mlastTokEnd[33m,[39m[36mthis[39m[33m.[39mstart))[33m&&[39m[36mthis[39m[33m.[39mraise([36mth
[23mis[39m[33m.[39mlastTokEnd[33m,[39m[32m"Illegal newline after throw"[39m)[33m,[39me[33m.[39margument[33m=[39m[36mthis[39m[33m.[39mparseExpression()[33m,[39m[36mt
[23mhis[39m[33m.[39msemicolon()[33m,[39m[36mthis[39m[33m.[39mfinishNode(e[33m,[39m[32m"ThrowStatement"[39m)}[33m;[39m[36mvar[39m
[23m$[33m=[39m[][33m;[39mz[33m.[39mparseTryStatement[33m=[39m[36mfunction[39m(e){[36mif[39m([36mthis[39m[33m.[39mnext()[33m,[39me[33m.[39mblock[33m=[39m[36mthis[39m[33m.[39mparseBlock()[33m,[39me[33m.
[23m[39mhandler[33m=[39m[36mnull[39m[33m,[39m[36mthis[39m[33m.[39mtype[33m===[39m[33mA[39m[33m.[39m_catch){[36mvar[39m t[33m=[39m[36mthis[39m[33m.[39mstartNode()[33m;[39m[36mif[39m([36mthis[39m[33m.[39mnext()[33m,[39m[36mthis[39m[33m.[39mea
[23mt([33mA[39m[33m.[39mparenL)){t[33m.[39mparam[33m=[39m[36mthis[39m[33m.[39mparseBindingAtom()[33m;[39m[36mvar[39m
[23mn[33m=[39m[32m"Identifier"[39m[33m===[39mt[33m.[39mparam[33m.[39mtype[33m;[39m[36mthis[39m[33m.[39menterScope(n[33m?[39m[35m32[39m[33m:[39m[35m0[39m)[33m,[39m[36mthis[39m[33m.[39mcheckLValPattern(t[33m.[39mpa
[23mram[33m,[39mn[33m?[39m[35m4[39m[33m:[39m[35m2[39m)[33m,[39m[36mthis[39m[33m.[39mexpect([33mA[39m[33m.[39mparenR)}[36melse[39m [36mthis[39m[33m.[39moptions[33m.[39mecmaVersion[33m<[39m[35m10[39m[33m&&[39m[36mthis[39m[33m.[39munexpect
[23med()[33m,[39mt[33m.[39mparam[33m=[39m[36mnull[39m[33m,[39m[36mthis[39m[33m.[39menterScope([35m0[39m)[33m;[39mt[33m.[39mbody[33m=[39m[36mthis[39m[33m.[39mparseBlock([33m![39m[35m1[39m)[33m,[39m[36mthis[39m[33m.[39mexitScope()
[23m[33m,[39me[33m.[39mhandler[33m=[39m[36mthis[39m[33m.[39mfinishNode(t[33m,[39m[32m"CatchClause"[39m)}[36mreturn[39m e[33m.[39mfinalizer[33m=[39m[36mthis[39m[33m.[39meat([33mA[39m[33m.[39m_final
[23mly)[33m?[39m[36mthis[39m[33m.[39mparseBlock()[33m:[39m[36mnull[39m[33m,[39me[33m.[39mhandler[33m||[39me[33m.[39mfinalizer[33m||[39m[36mthis[39m[33m.[39mraise(e[33m.[39mstart[33m,[39m[32m"Missing
[23mcatch or finally clause"[39m)[33m,[39m[36mthis[39m[33m.[39mfinishNode(e[33m,[39m[32m"TryStatement"[39m)}[33m,[39mz[33m.[39mparseVarStatement
[23m[33m=[39m[36mfunction[39m(e[33m,[39mt){[36mreturn[39m [36mthis[39m[33m.[39mnext()[33m,[39m[36mthis[39m[33m.[39mparseVar(e[33m,[39m[33m![39m[35m1[39m[33m,[39mt)[33m,[39m[36mthis[39m[33m.[39msemicolon()[33m,[39m[36mthis[39m[33m.[39mfi
[23mnishNode(e[33m,[39m[32m"VariableDeclaration"[39m)}[33m,[39mz[33m.[39mparseWhileStatement[33m=[39m[36mfunction[39m(e){[36mreturn[39m
[23m[36mthis[39m[33m.[39mnext()[33m,[39me[33m.[39mtest[33m=[39m[36mthis[39m[33m.[39mparseParenExpression()[33m,[39m[36mthis[39m[33m.[39mlabels[33m.[39mpush(q)[33m,[39me[33m.[39mbody[33m=[39m[36mthis[39m[33m.[39mp
[23marseStatement([32m"while"[39m)[33m,[39m[36mthis[39m[33m.[39mlabels[33m.[39mpop()[33m,[39m[36mthis[39m[33m.[39mfinishNode(e[33m,[39m[32m"WhileStatement"[39m)}[33m,[39mz[33m.
[23m[39mparseWithStatement[33m=[39m[36mfunction[39m(e){[36mreturn[39m [36mthis[39m[33m.[39mstrict[33m&&[39m[36mthis[39m[33m.[39mraise([36mthis[39m[33m.[39mstart[33m,[39m[32m"'with'
[23m in strict mode"[39m)[33m,[39m[36mthis[39m[33m.[39mnext()[33m,[39me[33m.[39mobject[33m=[39m[36mthis[39m[33m.[39mparseParenExpression()[33m,[39me[33m.[39mbody[33m=[39m[36mthis[39m[33m.[39mp
[23marseStatement([32m"with"[39m)[33m,[39m[36mthis[39m[33m.[39mfinishNode(e[33m,[39m[32m"WithStatement"[39m)}[33m,[39mz[33m.[39mparseEmptyStatement[33m=
[23m[39m[36mfunction[39m(e){[36mreturn[39m [36mthis[39m[33m.[39mnext()[33m,[39m[36mthis[39m[33m.[39mfinishNode(e[33m,[39m[32m"EmptyStatement"[39m)}[33m,[39mz[33m.[39mparseLabel
[23medStatement[33m=[39m[36mfunction[39m(e[33m,[39mt[33m,[39mn[33m,[39mr){[36mfor[39m([36mvar[39m
[23mi[33m=[39m[35m0[39m[33m,[39ms[33m=[39m[36mthis[39m[33m.[39mlabels[33m;[39mi[33m<[39m[33ms[39m[33m.[39mlength[33m;[39mi[33m+=[39m[35m1[39m)s[i][33m.[39mname[33m===[39mt[33m&&[39m[36mthis[39m[33m.[39mraise(n[33m.[39mstart[33m,[39m[32m"Label
[23m'"[39m[33m+[39mt[33m+[39m[32m"' is already declared"[39m)[33m;[39m[36mfor[39m([36mvar[39m a[33m=[39m[36mthis[39m[33m.[39mtype[33m.[39misLoop[33m?[39m[32m"loop"[39m[33m:[39m[36mthis[39m[33m.[39mtype[33m===[39m[33mA[39m[33m.[39m_s
[23mwitch[33m?[39m[32m"switch"[39m[33m:[39m[36mnull[39m[33m,[39mo[33m=[39m[36mthis[39m[33m.[39mlabels[33m.[39mlength[33m-[39m[35m1[39m[33m;[39mo[33m>=[39m[35m0[39m[33m;[39mo[33m--[39m){[36mvar[39m u[33m=[39m[36mthis[39m[33m.[39mlabels[o][33m;[39m[36mif[39m(u[33m.[39ms
[23mtatementStart[33m!==[39me[33m.[39mstart)[36mbreak[39m[33m;[39mu[33m.[39mstatementStart[33m=[39m[36mthis[39m[33m.[39mstart[33m,[39mu[33m.[39mkind[33m=[39ma}[36mreturn[39m
[23m[36mthis[39m[33m.[39mlabels[33m.[39mpush({name[33m:[39mt[33m,[39mkind[33m:[39ma[33m,[39mstatementStart[33m:[39m[36mthis[39m[33m.[39mstart})[33m,[39me[33m.[39mbody[33m=[39m[36mthis[39m[33m.[39mparseSta
[23mtement(r[33m?[39m[33m-[39m[35m1[39m[33m===[39mr[33m.[39mindexOf([32m"label"[39m)[33m?[39mr[33m+[39m[32m"label"[39m[33m:[39mr[33m:[39m[32m"label"[39m)[33m,[39m[36mthis[39m[33m.[39mlabels[33m.[39mpop()[33m,[39me[33m.[39mlabel[33m=
[23m[39mn[33m,[39m[36mthis[39m[33m.[39mfinishNode(e[33m,[39m[32m"LabeledStatement"[39m)}[33m,[39mz[33m.[39mparseExpressionStatement[33m=[39m[36mfunction[39m(e[33m,[39mt
[23m){[36mreturn[39m e[33m.[39mexpression[33m=[39mt[33m,[39m[36mthis[39m[33m.[39msemicolon()[33m,[39m[36mthis[39m[33m.[39mfinishNode(e[33m,[39m[32m"ExpressionStatement"
[23m[39m)}[33m,[39mz[33m.[39mparseBlock[33m=[39m[36mfunction[39m(e[33m,[39mt[33m,[39mn){[36mfor[39m([36mvoid[39m [35m0[39m[33m===[39me[33m&&[39m(e[33m=[39m[33m![39m[35m0[39m)[33m,[39m[36mvoid[39m
[23m[35m0[39m[33m===[39mt[33m&&[39m(t[33m=[39m[36mthis[39m[33m.[39mstartNode())[33m,[39mt[33m.[39mbody[33m=[39m[][33m,[39m[36mthis[39m[33m.[39mexpect([33mA[39m[33m.[39mbraceL)[33m,[39me[33m&&[39m[36mthis[39m[33m.[39menterScope([35m0
[23m[39m)[33m;[39m[36mthis[39m[33m.[39mtype[33m!==[39m[33mA[39m[33m.[39mbraceR[33m;[39m){[36mvar[39m r[33m=[39m[36mthis[39m[33m.[39mparseStatement([36mnull[39m)[33m;[39mt[33m.[39mbody[33m.[39mpush(r)}[36mreturn[39m
[23mn[33m&&[39m([36mthis[39m[33m.[39mstrict[33m=[39m[33m![39m[35m1[39m)[33m,[39m[36mthis[39m[33m.[39mnext()[33m,[39me[33m&&[39m[36mthis[39m[33m.[39mexitScope()[33m,[39m[36mthis[39m[33m.[39mfinishNode(t[33m,[39m[32m"BlockStat
[23mement"[39m)}[33m,[39mz[33m.[39mparseFor[33m=[39m[36mfunction[39m(e[33m,[39mt){[36mreturn[39m
[23me[33m.[39minit[33m=[39mt[33m,[39m[36mthis[39m[33m.[39mexpect([33mA[39m[33m.[39msemi)[33m,[39me[33m.[39mtest[33m=[39m[36mthis[39m[33m.[39mtype[33m===[39m[33mA[39m[33m.[39msemi[33m?[39m[36mnull[39m[33m:[39m[36mthis[39m[33m.[39mparseExpression
[23m()[33m,[39m[36mthis[39m[33m.[39mexpect([33mA[39m[33m.[39msemi)[33m,[39me[33m.[39mupdate[33m=[39m[36mthis[39m[33m.[39mtype[33m===[39m[33mA[39m[33m.[39mparenR[33m?[39m[36mnull[39m[33m:[39m[36mthis[39m[33m.[39mparseExpression()
[23m[33m,[39m[36mthis[39m[33m.[39mexpect([33mA[39m[33m.[39mparenR)[33m,[39me[33m.[39mbody[33m=[39m[36mthis[39m[33m.[39mparseStatement([32m"for"[39m)[33m,[39m[36mthis[39m[33m.[39mexitScope()[33m,[39m[36mthis[39m[33m.[39ml
[23mabels[33m.[39mpop()[33m,[39m[36mthis[39m[33m.[39mfinishNode(e[33m,[39m[32m"ForStatement"[39m)}[33m,[39mz[33m.[39mparseForIn[33m=[39m[36mfunction[39m(e[33m,[39mt){[36mvar[39m
[23mn[33m=[39m[36mthis[39m[33m.[39mtype[33m===[39m[33mA[39m[33m.[39m_in[33m;[39m[36mreturn[39m
[23m[36mthis[39m[33m.[39mnext()[33m,[39m[32m"VariableDeclaration"[39m[33m===[39mt[33m.[39mtype[33m&&[39m[36mnull[39m[33m!=[39mt[33m.[39mdeclarations[[35m0[39m][33m.[39minit[33m&&[39m([33m![39mn[33m||[39m[36mt
[23mhis[39m[33m.[39moptions[33m.[39mecmaVersion[33m<[39m[35m8[39m[33m||[39m[36mthis[39m[33m.[39mstrict[33m||[39m[32m"var"[39m[33m!==[39mt[33m.[39mkind[33m||[39m[32m"Identifier"[39m[33m!==[39mt[33m.[39mdeclara
[23mtions[[35m0[39m][33m.[39mid[33m.[39mtype)[33m&&[39m[36mthis[39m[33m.[39mraise(t[33m.[39mstart[33m,[39m(n[33m?[39m[32m"for-in"[39m[33m:[39m[32m"for-of"[39m)[33m+[39m[32m" loop variable
[23mdeclaration may not have an initializer"[39m)[33m,[39me[33m.[39mleft[33m=[39mt[33m,[39me[33m.[39mright[33m=[39mn[33m?[39m[36mthis[39m[33m.[39mparseExpressio
[23mn()[33m:[39m[36mthis[39m[33m.[39mparseMaybeAssign()[33m,[39m[36mthis[39m[33m.[39mexpect([33mA[39m[33m.[39mparenR)[33m,[39me[33m.[39mbody[33m=[39m[36mthis[39m[33m.[39mparseStatement([32m"fo
[23mr"[39m)[33m,[39m[36mthis[39m[33m.[39mexitScope()[33m,[39m[36mthis[39m[33m.[39mlabels[33m.[39mpop()[33m,[39m[36mthis[39m[33m.[39mfinishNode(e[33m,[39mn[33m?[39m[32m"ForInStatement"[39m[33m:[39m[32m"For
[23mOfStatement"[39m)}[33m,[39mz[33m.[39mparseVar[33m=[39m[36mfunction[39m(e[33m,[39mt[33m,[39mn){[36mfor[39m(e[33m.[39mdeclarations[33m=[39m[][33m,[39me[33m.[39mkind[33m=[39mn[33m;[39m[33m;[39m){[36mvar[39m
[23mr[33m=[39m[36mthis[39m[33m.[39mstartNode()[33m;[39m[36mif[39m([36mthis[39m[33m.[39mparseVarId(r[33m,[39mn)[33m,[39m[36mthis[39m[33m.[39meat([33mA[39m[33m.[39meq)[33m?[39mr[33m.[39minit[33m=[39m[36mthis[39m[33m.[39mparseMaybe
[23mAssign(t)[33m:[39m[32m"const"[39m[33m!==[39mn[33m||[39m[36mthis[39m[33m.[39mtype[33m===[39m[33mA[39m[33m.[39m_in[33m||[39m[36mthis[39m[33m.[39moptions[33m.[39mecmaVersion[33m>=[39m[35m6[39m[33m&&[39m[36mthis[39m[33m.[39misCo
[23mntextual([32m"of"[39m)[33m?[39m[32m"Identifier"[39m[33m===[39mr[33m.[39mid[33m.[39mtype[33m||[39mt[33m&&[39m([36mthis[39m[33m.[39mtype[33m===[39m[33mA[39m[33m.[39m_in[33m||[39m[36mthis[39m[33m.[39misContextua
[23ml([32m"of"[39m))[33m?[39mr[33m.[39minit[33m=[39m[36mnull[39m[33m:[39m[36mthis[39m[33m.[39mraise([36mthis[39m[33m.[39mlastTokEnd[33m,[39m[32m"Complex binding patterns
[23mrequire an initialization value"[39m)[33m:[39m[36mthis[39m[33m.[39munexpected()[33m,[39me[33m.[39mdeclarations[33m.[39mpush([36mthis[39m[33m.[39mfin
[23mishNode(r[33m,[39m[32m"VariableDeclarator"[39m))[33m,[39m[33m![39m[36mthis[39m[33m.[39meat([33mA[39m[33m.[39mcomma))[36mbreak[39m}[36mreturn[39m
[23me}[33m,[39mz[33m.[39mparseVarId[33m=[39m[36mfunction[39m(e[33m,[39mt){e[33m.[39mid[33m=[39m[36mthis[39m[33m.[39mparseBindingAtom()[33m,[39m[36mthis[39m[33m.[39mcheckLValPattern
[23m(e[33m.[39mid[33m,[39m[32m"var"[39m[33m===[39mt[33m?[39m[35m1[39m[33m:[39m[35m2[39m[33m,[39m[33m![39m[35m1[39m)}[33m;[39m[36mvar[39m [33mH[39m[33m=[39m[35m1[39m[33m,[39m[33mW[39m[33m=[39m[35m2[39m[33m;[39mz[33m.[39mparseFunction[33m=[39m[36mfunction[39m(e[33m,[39mt[33m,[39mn[33m,[39mr){[36mthis[39m[33m.[39minit
[23mFunction(e)[33m,[39m([36mthis[39m[33m.[39moptions[33m.[39mecmaVersion[33m>=[39m[35m9[39m[33m||[39m[36mthis[39m[33m.[39moptions[33m.[39mecmaVersion[33m>=[39m[35m6[39m[33m&&[39m[33m![39mr)[33m&&[39m([36mthi
[23ms[39m[33m.[39mtype[33m===[39m[33mA[39m[33m.[39mstar[33m&&[39mt[33m&[39m[33mW[39m[33m&&[39m[36mthis[39m[33m.[39munexpected()[33m,[39me[33m.[39mgenerator[33m=[39m[36mthis[39m[33m.[39meat([33mA[39m[33m.[39mstar))[33m,[39m[36mthis[39m[33m.[39moptio
[23mns[33m.[39mecmaVersion[33m>=[39m[35m8[39m[33m&&[39m(e[33m.[39m[36masync[39m[33m=[39m[33m![39m[33m![39mr)[33m,[39mt[33m&[39m[33mH[39m[33m&&[39m(e[33m.[39mid[33m=[39m[35m4[39m[33m&[39mt[33m&&[39m[36mthis[39m[33m.[39mtype[33m!==[39m[33mA[39m[33m.[39mname[33m?[39m[36mnull[39m[33m:[39m[36mthis[39m[33m.[39mpa
[23mrseIdent()[33m,[39m[33m![39me[33m.[39mid[33m||[39mt[33m&[39m[33mW[39m[33m||[39m[36mthis[39m[33m.[39mcheckLValSimple(e[33m.[39mid[33m,[39m[36mthis[39m[33m.[39mstrict[33m||[39me[33m.[39mgenerator[33m||[39me[33m.[39m[36masy
[23mnc[39m[33m?[39m[36mthis[39m[33m.[39mtreatFunctionsAsVar[33m?[39m[35m1[39m[33m:[39m[35m2[39m[33m:[39m[35m3[39m))[33m;[39m[36mvar[39m
[23mi[33m=[39m[36mthis[39m[33m.[39myieldPos[33m,[39ms[33m=[39m[36mthis[39m[33m.[39mawaitPos[33m,[39ma[33m=[39m[36mthis[39m[33m.[39mawaitIdentPos[33m;[39m[36mreturn[39m
[23m[36mthis[39m[33m.[39myieldPos[33m=[39m[35m0[39m[33m,[39m[36mthis[39m[33m.[39mawaitPos[33m=[39m[35m0[39m[33m,[39m[36mthis[39m[33m.[39mawaitIdentPos[33m=[39m[35m0[39m[33m,[39m[36mthis[39m[33m.[39menterScope([33mM[39m(e[33m.[39m[36masync[39m[33m,[39me
[23m[33m.[39mgenerator))[33m,[39mt[33m&[39m[33mH[39m[33m||[39m(e[33m.[39mid[33m=[39m[36mthis[39m[33m.[39mtype[33m===[39m[33mA[39m[33m.[39mname[33m?[39m[36mthis[39m[33m.[39mparseIdent()[33m:[39m[36mnull[39m)[33m,[39m[36mthis[39m[33m.[39mparseFun
[23mctionParams(e)[33m,[39m[36mthis[39m[33m.[39mparseFunctionBody(e[33m,[39mn[33m,[39m[33m![39m[35m1[39m)[33m,[39m[36mthis[39m[33m.[39myieldPos[33m=[39mi[33m,[39m[36mthis[39m[33m.[39mawaitPos[33m=[39ms[33m,[39m[36mth
[23mis[39m[33m.[39mawaitIdentPos[33m=[39ma[33m,[39m[36mthis[39m[33m.[39mfinishNode(e[33m,[39mt[33m&[39m[33mH[39m[33m?[39m[32m"FunctionDeclaration"[39m[33m:[39m[32m"FunctionExpressi
[23mon"[39m)}[33m,[39mz[33m.[39mparseFunctionParams[33m=[39m[36mfunction[39m(e){[36mthis[39m[33m.[39mexpect([33mA[39m[33m.[39mparenL)[33m,[39me[33m.[39mparams[33m=[39m[36mthis[39m[33m.[39mpars
[23meBindingList([33mA[39m[33m.[39mparenR[33m,[39m[33m![39m[35m1[39m[33m,[39m[36mthis[39m[33m.[39moptions[33m.[39mecmaVersion[33m>=[39m[35m8[39m)[33m,[39m[36mthis[39m[33m.[39mcheckYieldAwaitInDefa
[23multParams()}[33m,[39mz[33m.[39mparseClass[33m=[39m[36mfunction[39m(e[33m,[39mt){[36mthis[39m[33m.[39mnext()[33m;[39m[36mvar[39m
[23mn[33m=[39m[36mthis[39m[33m.[39mstrict[33m;[39m[36mthis[39m[33m.[39mstrict[33m=[39m[33m![39m[35m0[39m[33m,[39m[36mthis[39m[33m.[39mparseClassId(e[33m,[39mt)[33m,[39m[36mthis[39m[33m.[39mparseClassSuper(e)[33m;[39m[36mvar[39m
[23mr[33m=[39m[36mthis[39m[33m.[39mstartNode()[33m,[39mi[33m=[39m[33m![39m[35m1[39m[33m;[39m[36mfor[39m(r[33m.[39mbody[33m=[39m[][33m,[39m[36mthis[39m[33m.[39mexpect([33mA[39m[33m.[39mbraceL)[33m;[39m[36mthis[39m[33m.[39mtype[33m!==[39m[33mA[39m[33m.[39mbraceR
[23m[33m;[39m){[36mvar[39m s[33m=[39m[36mthis[39m[33m.[39mparseClassElement([36mnull[39m[33m!==[39me[33m.[39msuperClass)[33m;[39ms[33m&&[39m(r[33m.[39mbody[33m.[39mpush(s)[33m,[39m[32m"MethodD
[23mefinition"[39m[33m===[39ms[33m.[39mtype[33m&&[39m[32m"constructor"[39m[33m===[39ms[33m.[39mkind[33m&&[39m(i[33m&&[39m[36mthis[39m[33m.[39mraise(s[33m.[39mstart[33m,[39m[32m"Duplicate
[23mconstructor in the same class"[39m)[33m,[39mi[33m=[39m[33m![39m[35m0[39m))}[36mreturn[39m
[23m[36mthis[39m[33m.[39mstrict[33m=[39mn[33m,[39m[36mthis[39m[33m.[39mnext()[33m,[39me[33m.[39mbody[33m=[39m[36mthis[39m[33m.[39mfinishNode(r[33m,[39m[32m"ClassBody"[39m)[33m,[39m[36mthis[39m[33m.[39mfinishNode(
[23me[33m,[39mt[33m?[39m[32m"ClassDeclaration"[39m[33m:[39m[32m"ClassExpression"[39m)}[33m,[39mz[33m.[39mparseClassElement[33m=[39m[36mfunction[39m(e){[36mvar[39m
[23mt[33m=[39m[36mthis[39m[33m;[39m[36mif[39m([36mthis[39m[33m.[39meat([33mA[39m[33m.[39msemi))[36mreturn[39m [36mnull[39m[33m;[39m[36mvar[39m
[23mn[33m=[39m[36mthis[39m[33m.[39mstartNode()[33m,[39mr[33m=[39m[36mfunction[39m(e[33m,[39mr){[36mvoid[39m [35m0[39m[33m===[39mr[33m&&[39m(r[33m=[39m[33m![39m[35m1[39m)[33m;[39m[36mvar[39m i[33m=[39mt[33m.[39mstart[33m,[39ms[33m=[39mt[33m.[39mstartLoc
[23m[33m;[39m[36mreturn[39m[33m![39m([33m![39mt[33m.[39meatContextual(e)[33m||[39m(t[33m.[39mtype[33m===[39m[33mA[39m[33m.[39mparenL[33m||[39mr[33m&&[39mt[33m.[39mcanInsertSemicolon())[33m&&[39m(n
[23m[33m.[39mkey[33m&&[39mt[33m.[39munexpected()[33m,[39mn[33m.[39mcomputed[33m=[39m[33m![39m[35m1[39m[33m,[39mn[33m.[39mkey[33m=[39mt[33m.[39mstartNodeAt(i[33m,[39ms)[33m,[39mn[33m.[39mkey[33m.[39mname[33m=[39me[33m,[39mt[33m.[39mfinis
[23mhNode(n[33m.[39mkey[33m,[39m[32m"Identifier"[39m)[33m,[39m[35m1[39m))}[33m;[39mn[33m.[39mkind[33m=[39m[32m"method"[39m[33m,[39mn[33m.[39m[36mstatic[39m[33m=[39mr([32m"static"[39m)[33m;[39m[36mvar[39m
[23mi[33m=[39m[36mthis[39m[33m.[39meat([33mA[39m[33m.[39mstar)[33m,[39ms[33m=[39m[33m![39m[35m1[39m[33m;[39mi[33m||[39m([36mthis[39m[33m.[39moptions[33m.[39mecmaVersion[33m>=[39m[35m8[39m[33m&&[39mr([32m"async"[39m[33m,[39m[33m![39m[35m0[39m)[33m?[39m(s[33m=[39m[33m![39m[35m0[39m[33m,[39mi[33m=[39m[36mt
[23mhis[39m[33m.[39moptions[33m.[39mecmaVersion[33m>=[39m[35m9[39m[33m&&[39m[36mthis[39m[33m.[39meat([33mA[39m[33m.[39mstar))[33m:[39mr([32m"get"[39m)[33m?[39mn[33m.[39mkind[33m=[39m[32m"get"[39m[33m:[39mr([32m"set"[39m)[33m&&[39m(n
[23m[33m.[39mkind[33m=[39m[32m"set"[39m))[33m,[39mn[33m.[39mkey[33m||[39m[36mthis[39m[33m.[39mparsePropertyName(n)[33m;[39m[36mvar[39m a[33m=[39mn[33m.[39mkey[33m,[39mo[33m=[39m[33m![39m[35m1[39m[33m;[39m[36mreturn[39m
[23mn[33m.[39mcomputed[33m||[39mn[33m.[39m[36mstatic[39m[33m||[39m[33m![39m([32m"Identifier"[39m[33m===[39ma[33m.[39mtype[33m&&[39m[32m"constructor"[39m[33m===[39ma[33m.[39mname[33m||[39m[32m"Literal"
[23m[39m[33m===[39ma[33m.[39mtype[33m&&[39m[32m"constructor"[39m[33m===[39ma[33m.[39mvalue)[33m?[39mn[33m.[39m[36mstatic[39m[33m&&[39m[32m"Identifier"[39m[33m===[39ma[33m.[39mtype[33m&&[39m[32m"prototype"
[23m[39m[33m===[39ma[33m.[39mname[33m&&[39m[36mthis[39m[33m.[39mraise(a[33m.[39mstart[33m,[39m[32m"Classes may not have a static property named
[23mprototype"[39m)[33m:[39m([32m"method"[39m[33m!==[39mn[33m.[39mkind[33m&&[39m[36mthis[39m[33m.[39mraise(a[33m.[39mstart[33m,[39m[32m"Constructor can't have
[23mget/set modifier"[39m)[33m,[39mi[33m&&[39m[36mthis[39m[33m.[39mraise(a[33m.[39mstart[33m,[39m[32m"Constructor can't be a
[23mgenerator"[39m)[33m,[39ms[33m&&[39m[36mthis[39m[33m.[39mraise(a[33m.[39mstart[33m,[39m[32m"Constructor can't be an async
[23mmethod"[39m)[33m,[39mn[33m.[39mkind[33m=[39m[32m"constructor"[39m[33m,[39mo[33m=[39me)[33m,[39m[36mthis[39m[33m.[39mparseClassMethod(n[33m,[39mi[33m,[39ms[33m,[39mo)[33m,[39m[32m"get"[39m[33m===[39mn[33m.[39mkind
[23m[33m&&[39m[35m0[39m[33m!==[39mn[33m.[39mvalue[33m.[39mparams[33m.[39mlength[33m&&[39m[36mthis[39m[33m.[39mraiseRecoverable(n[33m.[39mvalue[33m.[39mstart[33m,[39m[32m"getter should
[23mhave no params"[39m)[33m,[39m[32m"set"[39m[33m===[39mn[33m.[39mkind[33m&&[39m[35m1[39m[33m!==[39mn[33m.[39mvalue[33m.[39mparams[33m.[39mlength[33m&&[39m[36mthis[39m[33m.[39mraiseRecoverabl
[23me(n[33m.[39mvalue[33m.[39mstart[33m,[39m[32m"setter should have exactly one
[23mparam"[39m)[33m,[39m[32m"set"[39m[33m===[39mn[33m.[39mkind[33m&&[39m[32m"RestElement"[39m[33m===[39mn[33m.[39mvalue[33m.[39mparams[[35m0[39m][33m.[39mtype[33m&&[39m[36mthis[39m[33m.[39mraiseRecove
[23mrable(n[33m.[39mvalue[33m.[39mparams[[35m0[39m][33m.[39mstart[33m,[39m[32m"Setter cannot use rest
[23mparams"[39m)[33m,[39mn}[33m,[39mz[33m.[39mparseClassMethod[33m=[39m[36mfunction[39m(e[33m,[39mt[33m,[39mn[33m,[39mr){[36mreturn[39m
[23me[33m.[39mvalue[33m=[39m[36mthis[39m[33m.[39mparseMethod(t[33m,[39mn[33m,[39mr)[33m,[39m[36mthis[39m[33m.[39mfinishNode(e[33m,[39m[32m"MethodDefinition"[39m)}[33m,[39mz[33m.[39mparseCl
[23massId[33m=[39m[36mfunction[39m(e[33m,[39mt){[36mthis[39m[33m.[39mtype[33m===[39m[33mA[39m[33m.[39mname[33m?[39m(e[33m.[39mid[33m=[39m[36mthis[39m[33m.[39mparseIdent()[33m,[39mt[33m&&[39m[36mthis[39m[33m.[39mcheckLVal
[23mSimple(e[33m.[39mid[33m,[39m[35m2[39m[33m,[39m[33m![39m[35m1[39m))[33m:[39m([33m![39m[35m0[39m[33m===[39mt[33m&&[39m[36mthis[39m[33m.[39munexpected()[33m,[39me[33m.[39mid[33m=[39m[36mnull[39m)}[33m,[39mz[33m.[39mparseClassSuper[33m=[39m[36mfunc
[23mtion[39m(e){e[33m.[39msuperClass[33m=[39m[36mthis[39m[33m.[39meat([33mA[39m[33m.[39m_extends)[33m?[39m[36mthis[39m[33m.[39mparseExprSubscripts()[33m:[39m[36mnull[39m}[33m,[39mz[33m.[39mpar
[23mseExport[33m=[39m[36mfunction[39m(e[33m,[39mt){[36mif[39m([36mthis[39m[33m.[39mnext()[33m,[39m[36mthis[39m[33m.[39meat([33mA[39m[33m.[39mstar))[36mreturn[39m
[23m[36mthis[39m[33m.[39moptions[33m.[39mecmaVersion[33m>=[39m[35m11[39m[33m&&[39m([36mthis[39m[33m.[39meatContextual([32m"as"[39m)[33m?[39m(e[33m.[39mexported[33m=[39m[36mthis[39m[33m.[39mparseId
[23ment([33m![39m[35m0[39m)[33m,[39m[36mthis[39m[33m.[39mcheckExport(t[33m,[39me[33m.[39mexported[33m.[39mname[33m,[39m[36mthis[39m[33m.[39mlastTokStart))[33m:[39me[33m.[39mexported[33m=[39m[36mnull[39m)[33m,
[23m[39m[36mthis[39m[33m.[39mexpectContextual([32m"from"[39m)[33m,[39m[36mthis[39m[33m.[39mtype[33m!==[39m[33mA[39m[33m.[39mstring[33m&&[39m[36mthis[39m[33m.[39munexpected()[33m,[39me[33m.[39msource[33m=[39m[36mt
[23mhis[39m[33m.[39mparseExprAtom()[33m,[39m[36mthis[39m[33m.[39msemicolon()[33m,[39m[36mthis[39m[33m.[39mfinishNode(e[33m,[39m[32m"ExportAllDeclaration"[39m)[33m;[39m[36mi
[23mf[39m([36mthis[39m[33m.[39meat([33mA[39m[33m.[39m_default)){[36mvar[39m n[33m;[39m[36mif[39m([36mthis[39m[33m.[39mcheckExport(t[33m,[39m[32m"default"[39m[33m,[39m[36mthis[39m[33m.[39mlastTokStart)
[23m[33m,[39m[36mthis[39m[33m.[39mtype[33m===[39m[33mA[39m[33m.[39m_function[33m||[39m(n[33m=[39m[36mthis[39m[33m.[39misAsyncFunction())){[36mvar[39m r[33m=[39m[36mthis[39m[33m.[39mstartNode()[33m;[39m[36mthi
[23ms[39m[33m.[39mnext()[33m,[39mn[33m&&[39m[36mthis[39m[33m.[39mnext()[33m,[39me[33m.[39mdeclaration[33m=[39m[36mthis[39m[33m.[39mparseFunction(r[33m,[39m[35m4[39m[33m|[39m[33mH[39m[33m,[39m[33m![39m[35m1[39m[33m,[39mn)}[36melse[39m
[23m[36mif[39m([36mthis[39m[33m.[39mtype[33m===[39m[33mA[39m[33m.[39m_class){[36mvar[39m
[23mi[33m=[39m[36mthis[39m[33m.[39mstartNode()[33m;[39me[33m.[39mdeclaration[33m=[39m[36mthis[39m[33m.[39mparseClass(i[33m,[39m[32m"nullableID"[39m)}[36melse[39m
[23me[33m.[39mdeclaration[33m=[39m[36mthis[39m[33m.[39mparseMaybeAssign()[33m,[39m[36mthis[39m[33m.[39msemicolon()[33m;[39m[36mreturn[39m [36mthis[39m[33m.[39mfinishNode(e[33m,
[23m[39m[32m"ExportDefaultDeclaration"[39m)}[36mif[39m([36mthis[39m[33m.[39mshouldParseExportStatement())e[33m.[39mdeclaration[33m=[39m[36mt
[23mhis[39m[33m.[39mparseStatement([36mnull[39m)[33m,[39m[32m"VariableDeclaration"[39m[33m===[39me[33m.[39mdeclaration[33m.[39mtype[33m?[39m[36mthis[39m[33m.[39mcheckVa
[23mriableExport(t[33m,[39me[33m.[39mdeclaration[33m.[39mdeclarations)[33m:[39m[36mthis[39m[33m.[39mcheckExport(t[33m,[39me[33m.[39mdeclaration[33m.[39mid[33m.[39mn
[23mame[33m,[39me[33m.[39mdeclaration[33m.[39mid[33m.[39mstart)[33m,[39me[33m.[39mspecifiers[33m=[39m[][33m,[39me[33m.[39msource[33m=[39m[36mnull[39m[33m;[39m[36melse[39m{[36mif[39m(e[33m.[39mdeclaration[33m=
[23m[39m[36mnull[39m[33m,[39me[33m.[39mspecifiers[33m=[39m[36mthis[39m[33m.[39mparseExportSpecifiers(t)[33m,[39m[36mthis[39m[33m.[39meatContextual([32m"from"[39m))[36mthis[39m[33m.
[23m[39mtype[33m!==[39m[33mA[39m[33m.[39mstring[33m&&[39m[36mthis[39m[33m.[39munexpected()[33m,[39me[33m.[39msource[33m=[39m[36mthis[39m[33m.[39mparseExprAtom()[33m;[39m[36melse[39m{[36mfor[39m([36mvar[39m
[23ms[33m=[39m[35m0[39m[33m,[39ma[33m=[39me[33m.[39mspecifiers[33m;[39ms[33m<[39m[33ma[39m[33m.[39mlength[33m;[39ms[33m+=[39m[35m1[39m){[36mvar[39m o[33m=[39ma[s][33m;[39m[36mthis[39m[33m.[39mcheckUnreserved(o[33m.[39mlocal)[33m,[39m[36mthi
[23ms[39m[33m.[39mcheckLocalExport(o[33m.[39mlocal)}e[33m.[39msource[33m=[39m[36mnull[39m}[36mthis[39m[33m.[39msemicolon()}[36mreturn[39m
[23m[36mthis[39m[33m.[39mfinishNode(e[33m,[39m[32m"ExportNamedDeclaration"[39m)}[33m,[39mz[33m.[39mcheckExport[33m=[39m[36mfunction[39m(e[33m,[39mt[33m,[39mn){e[33m&&[39m([33mB
[23m[39m(e[33m,[39mt)[33m&&[39m[36mthis[39m[33m.[39mraiseRecoverable(n[33m,[39m[32m"Duplicate export
[23m'"[39m[33m+[39mt[33m+[39m[32m"'"[39m)[33m,[39me[t][33m=[39m[33m![39m[35m0[39m)}[33m,[39mz[33m.[39mcheckPatternExport[33m=[39m[36mfunction[39m(e[33m,[39mt){[36mvar[39m
[23mn[33m=[39mt[33m.[39mtype[33m;[39m[36mif[39m([32m"Identifier"[39m[33m===[39mn)[36mthis[39m[33m.[39mcheckExport(e[33m,[39mt[33m.[39mname[33m,[39mt[33m.[39mstart)[33m;[39m[36melse[39m
[23m[36mif[39m([32m"ObjectPattern"[39m[33m===[39mn)[36mfor[39m([36mvar[39m r[33m=[39m[35m0[39m[33m,[39mi[33m=[39mt[33m.[39mproperties[33m;[39mr[33m<[39m[33mi[39m[33m.[39mlength[33m;[39mr[33m+=[39m[35m1[39m){[36mvar[39m
[23ms[33m=[39mi[r][33m;[39m[36mthis[39m[33m.[39mcheckPatternExport(e[33m,[39ms)}[36melse[39m [36mif[39m([32m"ArrayPattern"[39m[33m===[39mn)[36mfor[39m([36mvar[39m
[23ma[33m=[39m[35m0[39m[33m,[39mo[33m=[39mt[33m.[39melements[33m;[39ma[33m<[39m[33mo[39m[33m.[39mlength[33m;[39ma[33m+=[39m[35m1[39m){[36mvar[39m u[33m=[39mo[a][33m;[39mu[33m&&[39m[36mthis[39m[33m.[39mcheckPatternExport(e[33m,[39mu)}[36mels
[23me[39m[32m"Property"[39m[33m===[39mn[33m?[39m[36mthis[39m[33m.[39mcheckPatternExport(e[33m,[39mt[33m.[39mvalue)[33m:[39m[32m"AssignmentPattern"[39m[33m===[39mn[33m?[39m[36mthis[39m[33m.
[23m[39mcheckPatternExport(e[33m,[39mt[33m.[39mleft)[33m:[39m[32m"RestElement"[39m[33m===[39mn[33m?[39m[36mthis[39m[33m.[39mcheckPatternExport(e[33m,[39mt[33m.[39margum
[23ment)[33m:[39m[32m"ParenthesizedExpression"[39m[33m===[39mn[33m&&[39m[36mthis[39m[33m.[39mcheckPatternExport(e[33m,[39mt[33m.[39mexpression)}[33m,[39mz[33m.[39mc
[23mheckVariableExport[33m=[39m[36mfunction[39m(e[33m,[39mt){[36mif[39m(e)[36mfor[39m([36mvar[39m n[33m=[39m[35m0[39m[33m,[39mr[33m=[39mt[33m;[39mn[33m<[39m[33mr[39m[33m.[39mlength[33m;[39mn[33m+=[39m[35m1[39m){[36mvar[39m
[23mi[33m=[39mr[n][33m;[39m[36mthis[39m[33m.[39mcheckPatternExport(e[33m,[39mi[33m.[39mid)}}[33m,[39mz[33m.[39mshouldParseExportStatement[33m=[39m[36mfunction[39m()
[23m{[36mreturn[39m[32m"var"[39m[33m===[39m[36mthis[39m[33m.[39mtype[33m.[39mkeyword[33m||[39m[32m"const"[39m[33m===[39m[36mthis[39m[33m.[39mtype[33m.[39mkeyword[33m||[39m[32m"class"[39m[33m===[39m[36mthis[39m[33m.[39mty
[23mpe[33m.[39mkeyword[33m||[39m[32m"function"[39m[33m===[39m[36mthis[39m[33m.[39mtype[33m.[39mkeyword[33m||[39m[36mthis[39m[33m.[39misLet()[33m||[39m[36mthis[39m[33m.[39misAsyncFunction()
[23m}[33m,[39mz[33m.[39mparseExportSpecifiers[33m=[39m[36mfunction[39m(e){[36mvar[39m
[23mt[33m=[39m[][33m,[39mn[33m=[39m[33m![39m[35m0[39m[33m;[39m[36mfor[39m([36mthis[39m[33m.[39mexpect([33mA[39m[33m.[39mbraceL)[33m;[39m[33m![39m[36mthis[39m[33m.[39meat([33mA[39m[33m.[39mbraceR)[33m;[39m){[36mif[39m(n)n[33m=[39m[33m![39m[35m1[39m[33m;[39m[36melse[39m
[23m[36mif[39m([36mthis[39m[33m.[39mexpect([33mA[39m[33m.[39mcomma)[33m,[39m[36mthis[39m[33m.[39mafterTrailingComma([33mA[39m[33m.[39mbraceR))[36mbreak[39m[33m;[39m[36mvar[39m
[23mr[33m=[39m[36mthis[39m[33m.[39mstartNode()[33m;[39mr[33m.[39mlocal[33m=[39m[36mthis[39m[33m.[39mparseIdent([33m![39m[35m0[39m)[33m,[39mr[33m.[39mexported[33m=[39m[36mthis[39m[33m.[39meatContextual([32m"as
[23m"[39m)[33m?[39m[36mthis[39m[33m.[39mparseIdent([33m![39m[35m0[39m)[33m:[39mr[33m.[39mlocal[33m,[39m[36mthis[39m[33m.[39mcheckExport(e[33m,[39mr[33m.[39mexported[33m.[39mname[33m,[39mr[33m.[39mexported[33m.[39msta
[23mrt)[33m,[39mt[33m.[39mpush([36mthis[39m[33m.[39mfinishNode(r[33m,[39m[32m"ExportSpecifier"[39m))}[36mreturn[39m
[23mt}[33m,[39mz[33m.[39mparseImport[33m=[39m[36mfunction[39m(e){[36mreturn[39m
[23m[36mthis[39m[33m.[39mnext()[33m,[39m[36mthis[39m[33m.[39mtype[33m===[39m[33mA[39m[33m.[39mstring[33m?[39m(e[33m.[39mspecifiers[33m=[39m$[33m,[39me[33m.[39msource[33m=[39m[36mthis[39m[33m.[39mparseExprAtom())[33m:
[23m[39m(e[33m.[39mspecifiers[33m=[39m[36mthis[39m[33m.[39mparseImportSpecifiers()[33m,[39m[36mthis[39m[33m.[39mexpectContextual([32m"from"[39m)[33m,[39me[33m.[39msourc
[23me[33m=[39m[36mthis[39m[33m.[39mtype[33m===[39m[33mA[39m[33m.[39mstring[33m?[39m[36mthis[39m[33m.[39mparseExprAtom()[33m:[39m[36mthis[39m[33m.[39munexpected())[33m,[39m[36mthis[39m[33m.[39msemicolon()[33m,
[23m[39m[36mthis[39m[33m.[39mfinishNode(e[33m,[39m[32m"ImportDeclaration"[39m)}[33m,[39mz[33m.[39mparseImportSpecifiers[33m=[39m[36mfunction[39m(){[36mvar[39m
[23me[33m=[39m[][33m,[39mt[33m=[39m[33m![39m[35m0[39m[33m;[39m[36mif[39m([36mthis[39m[33m.[39mtype[33m===[39m[33mA[39m[33m.[39mname){[36mvar[39m
[23mn[33m=[39m[36mthis[39m[33m.[39mstartNode()[33m;[39m[36mif[39m(n[33m.[39mlocal[33m=[39m[36mthis[39m[33m.[39mparseIdent()[33m,[39m[36mthis[39m[33m.[39mcheckLValSimple(n[33m.[39mlocal[33m,[39m[35m2[39m)[33m,
[23m[39me[33m.[39mpush([36mthis[39m[33m.[39mfinishNode(n[33m,[39m[32m"ImportDefaultSpecifier"[39m))[33m,[39m[33m![39m[36mthis[39m[33m.[39meat([33mA[39m[33m.[39mcomma))[36mreturn[39m
[23me}[36mif[39m([36mthis[39m[33m.[39mtype[33m===[39m[33mA[39m[33m.[39mstar){[36mvar[39m r[33m=[39m[36mthis[39m[33m.[39mstartNode()[33m;[39m[36mreturn[39m
[23m[36mthis[39m[33m.[39mnext()[33m,[39m[36mthis[39m[33m.[39mexpectContextual([32m"as"[39m)[33m,[39mr[33m.[39mlocal[33m=[39m[36mthis[39m[33m.[39mparseIdent()[33m,[39m[36mthis[39m[33m.[39mcheckLVal
[23mSimple(r[33m.[39mlocal[33m,[39m[35m2[39m)[33m,[39me[33m.[39mpush([36mthis[39m[33m.[39mfinishNode(r[33m,[39m[32m"ImportNamespaceSpecifier"[39m))[33m,[39me}[36mfor[39m([36mth
[23mis[39m[33m.[39mexpect([33mA[39m[33m.[39mbraceL)[33m;[39m[33m![39m[36mthis[39m[33m.[39meat([33mA[39m[33m.[39mbraceR)[33m;[39m){[36mif[39m(t)t[33m=[39m[33m![39m[35m1[39m[33m;[39m[36melse[39m
[23m[36mif[39m([36mthis[39m[33m.[39mexpect([33mA[39m[33m.[39mcomma)[33m,[39m[36mthis[39m[33m.[39mafterTrailingComma([33mA[39m[33m.[39mbraceR))[36mbreak[39m[33m;[39m[36mvar[39m
[23mi[33m=[39m[36mthis[39m[33m.[39mstartNode()[33m;[39mi[33m.[39mimported[33m=[39m[36mthis[39m[33m.[39mparseIdent([33m![39m[35m0[39m)[33m,[39m[36mthis[39m[33m.[39meatContextual([32m"as"[39m)[33m?[39mi[33m.[39mloc
[23mal[33m=[39m[36mthis[39m[33m.[39mparseIdent()[33m:[39m([36mthis[39m[33m.[39mcheckUnreserved(i[33m.[39mimported)[33m,[39mi[33m.[39mlocal[33m=[39mi[33m.[39mimported)[33m,[39m[36mthis[39m[33m.
[23m[39mcheckLValSimple(i[33m.[39mlocal[33m,[39m[35m2[39m)[33m,[39me[33m.[39mpush([36mthis[39m[33m.[39mfinishNode(i[33m,[39m[32m"ImportSpecifier"[39m))}[36mreturn[39m
[23me}[33m,[39mz[33m.[39madaptDirectivePrologue[33m=[39m[36mfunction[39m(e){[36mfor[39m([36mvar[39m
[23mt[33m=[39m[35m0[39m[33m;[39mt[33m<[39m[33me[39m[33m.[39mlength[33m&&[39m[36mthis[39m[33m.[39misDirectiveCandidate(e[t])[33m;[39m[33m++[39mt)e[t][33m.[39mdirective[33m=[39me[t][33m.[39mexpressi
[23mon[33m.[39mraw[33m.[39mslice([35m1[39m[33m,[39m[33m-[39m[35m1[39m)}[33m,[39mz[33m.[39misDirectiveCandidate[33m=[39m[36mfunction[39m(e){[36mreturn[39m[32m"ExpressionStatemen
[23mt"[39m[33m===[39me[33m.[39mtype[33m&&[39m[32m"Literal"[39m[33m===[39me[33m.[39mexpression[33m.[39mtype[33m&&[39m[32m"string"[39m[33m==[39m[36mtypeof[39m
[23me[33m.[39mexpression[33m.[39mvalue[33m&&[39m([32m'"'[39m[33m===[39m[36mthis[39m[33m.[39minput[e[33m.[39mstart][33m||[39m[32m"'"[39m[33m===[39m[36mthis[39m[33m.[39minput[e[33m.[39mstart])}[33m;[39m[36mvar[39m
[23m[33mG[39m[33m=[39mj[33m.[39mprototype[33m;[39m[33mG[39m[33m.[39mtoAssignable[33m=[39m[36mfunction[39m(e[33m,[39mt[33m,[39mn){[36mif[39m([36mthis[39m[33m.[39moptions[33m.[39mecmaVersion[33m>=[39m[35m6[39m[33m&&[39me)[36ms
[23mwitch[39m(e[33m.[39mtype){[36mcase[39m[32m"Identifier"[39m[33m:[39m[36mthis[39m[33m.[39minAsync[33m&&[39m[32m"await"[39m[33m===[39me[33m.[39mname[33m&&[39m[36mthis[39m[33m.[39mraise(e[33m.[39mstar
[23mt[33m,[39m[32m"Cannot use 'await' as identifier inside an async
[23mfunction"[39m)[33m;[39m[36mbreak[39m[33m;[39m[36mcase[39m[32m"ObjectPattern"[39m[33m:[39m[36mcase[39m[32m"ArrayPattern"[39m[33m:[39m[36mcase[39m[32m"AssignmentPattern"[39m[33m:
[23m[39m[36mcase[39m[32m"RestElement"[39m[33m:[39m[36mbreak[39m[33m;[39m[36mcase[39m[32m"ObjectExpression"[39m[33m:[39me[33m.[39mtype[33m=[39m[32m"ObjectPattern"[39m[33m,[39mn[33m&&[39m[36mthis[39m[33m.[39mch
[23meckPatternErrors(n[33m,[39m[33m![39m[35m0[39m)[33m;[39m[36mfor[39m([36mvar[39m r[33m=[39m[35m0[39m[33m,[39mi[33m=[39me[33m.[39mproperties[33m;[39mr[33m<[39m[33mi[39m[33m.[39mlength[33m;[39mr[33m+=[39m[35m1[39m){[36mvar[39m s[33m=[39mi[r][33m;[39m[36mth
[23mis[39m[33m.[39mtoAssignable(s[33m,[39mt)[33m,[39m[32m"RestElement"[39m[33m!==[39ms[33m.[39mtype[33m||[39m[32m"ArrayPattern"[39m[33m!==[39ms[33m.[39margument[33m.[39mtype[33m&&[39m[32m"
[23mObjectPattern"[39m[33m!==[39ms[33m.[39margument[33m.[39mtype[33m||[39m[36mthis[39m[33m.[39mraise(s[33m.[39margument[33m.[39mstart[33m,[39m[32m"Unexpected
[23mtoken"[39m)}[36mbreak[39m[33m;[39m[36mcase[39m[32m"Property"[39m[33m:[39m[32m"init"[39m[33m!==[39me[33m.[39mkind[33m&&[39m[36mthis[39m[33m.[39mraise(e[33m.[39mkey[33m.[39mstart[33m,[39m[32m"Object
[23mpattern can't contain getter or
[23msetter"[39m)[33m,[39m[36mthis[39m[33m.[39mtoAssignable(e[33m.[39mvalue[33m,[39mt)[33m;[39m[36mbreak[39m[33m;[39m[36mcase[39m[32m"ArrayExpression"[39m[33m:[39me[33m.[39mtype[33m=[39m[32m"ArrayP
[23mattern"[39m[33m,[39mn[33m&&[39m[36mthis[39m[33m.[39mcheckPatternErrors(n[33m,[39m[33m![39m[35m0[39m)[33m,[39m[36mthis[39m[33m.[39mtoAssignableList(e[33m.[39melements[33m,[39mt)[33m;[39m[36mbre
[23mak[39m[33m;[39m[36mcase[39m[32m"SpreadElement"[39m[33m:[39me[33m.[39mtype[33m=[39m[32m"RestElement"[39m[33m,[39m[36mthis[39m[33m.[39mtoAssignable(e[33m.[39margument[33m,[39mt)[33m,[39m[32m"Ass
[23mignmentPattern"[39m[33m===[39me[33m.[39margument[33m.[39mtype[33m&&[39m[36mthis[39m[33m.[39mraise(e[33m.[39margument[33m.[39mstart[33m,[39m[32m"Rest elements
[23mcannot have a default value"[39m)[33m;[39m[36mbreak[39m[33m;[39m[36mcase[39m[32m"AssignmentExpression"[39m[33m:[39m[32m"="[39m[33m!==[39me[33m.[39moperator[33m&
[23m&[39m[36mthis[39m[33m.[39mraise(e[33m.[39mleft[33m.[39mend[33m,[39m[32m"Only '=' operator can be used for specifying default
[23mvalue."[39m)[33m,[39me[33m.[39mtype[33m=[39m[32m"AssignmentPattern"[39m[33m,[39m[36mdelete[39m e[33m.[39moperator[33m,[39m[36mthis[39m[33m.[39mtoAssignable(e[33m.[39mleft[33m,[39mt
[23m)[33m;[39m[36mbreak[39m[33m;[39m[36mcase[39m[32m"ParenthesizedExpression"[39m[33m:[39m[36mthis[39m[33m.[39mtoAssignable(e[33m.[39mexpression[33m,[39mt[33m,[39mn)[33m;[39m[36mbreak[39m[33m;
[23m[39m[36mcase[39m[32m"ChainExpression"[39m[33m:[39m[36mthis[39m[33m.[39mraiseRecoverable(e[33m.[39mstart[33m,[39m[32m"Optional chaining cannot
[23mappear in left-hand side"[39m)[33m;[39m[36mbreak[39m[33m;[39m[36mcase[39m[32m"MemberExpression"[39m[33m:[39m[36mif[39m([33m![39mt)[36mbreak[39m[33m;[39m[36mdefault[39m[33m:[39m[36mthis
[23m[39m[33m.[39mraise(e[33m.[39mstart[33m,[39m[32m"Assigning to rvalue"[39m)}[36melse[39m
[23mn[33m&&[39m[36mthis[39m[33m.[39mcheckPatternErrors(n[33m,[39m[33m![39m[35m0[39m)[33m;[39m[36mreturn[39m
[23me}[33m,[39m[33mG[39m[33m.[39mtoAssignableList[33m=[39m[36mfunction[39m(e[33m,[39mt){[36mfor[39m([36mvar[39m n[33m=[39me[33m.[39mlength[33m,[39mr[33m=[39m[35m0[39m[33m;[39mr[33m<[39m[33mn[39m[33m;[39mr[33m++[39m){[36mvar[39m
[23mi[33m=[39me[r][33m;[39mi[33m&&[39m[36mthis[39m[33m.[39mtoAssignable(i[33m,[39mt)}[36mif[39m(n){[36mvar[39m
[23ms[33m=[39me[n[33m-[39m[35m1[39m][33m;[39m[35m6[39m[33m===[39m[36mthis[39m[33m.[39moptions[33m.[39mecmaVersion[33m&&[39mt[33m&&[39ms[33m&&[39m[32m"RestElement"[39m[33m===[39ms[33m.[39mtype[33m&&[39m[32m"Identifier
[23m"[39m[33m!==[39ms[33m.[39margument[33m.[39mtype[33m&&[39m[36mthis[39m[33m.[39munexpected(s[33m.[39margument[33m.[39mstart)}[36mreturn[39m
[23me}[33m,[39m[33mG[39m[33m.[39mparseSpread[33m=[39m[36mfunction[39m(e){[36mvar[39m t[33m=[39m[36mthis[39m[33m.[39mstartNode()[33m;[39m[36mreturn[39m
[23m[36mthis[39m[33m.[39mnext()[33m,[39mt[33m.[39margument[33m=[39m[36mthis[39m[33m.[39mparseMaybeAssign([33m![39m[35m1[39m[33m,[39me)[33m,[39m[36mthis[39m[33m.[39mfinishNode(t[33m,[39m[32m"SpreadElem
[23ment"[39m)}[33m,[39m[33mG[39m[33m.[39mparseRestBinding[33m=[39m[36mfunction[39m(){[36mvar[39m e[33m=[39m[36mthis[39m[33m.[39mstartNode()[33m;[39m[36mreturn[39m
[23m[36mthis[39m[33m.[39mnext()[33m,[39m[35m6[39m[33m===[39m[36mthis[39m[33m.[39moptions[33m.[39mecmaVersion[33m&&[39m[36mthis[39m[33m.[39mtype[33m!==[39m[33mA[39m[33m.[39mname[33m&&[39m[36mthis[39m[33m.[39munexpected()[33m,
[23m[39me[33m.[39margument[33m=[39m[36mthis[39m[33m.[39mparseBindingAtom()[33m,[39m[36mthis[39m[33m.[39mfinishNode(e[33m,[39m[32m"RestElement"[39m)}[33m,[39m[33mG[39m[33m.[39mparseBind
[23mingAtom[33m=[39m[36mfunction[39m(){[36mif[39m([36mthis[39m[33m.[39moptions[33m.[39mecmaVersion[33m>=[39m[35m6[39m)[36mswitch[39m([36mthis[39m[33m.[39mtype){[36mcase[39m
[23m[33mA[39m[33m.[39mbracketL[33m:[39m[36mvar[39m e[33m=[39m[36mthis[39m[33m.[39mstartNode()[33m;[39m[36mreturn[39m [36mthis[39m[33m.[39mnext()[33m,[39me[33m.[39melements[33m=[39m[36mthis[39m[33m.[39mparseBindin
[23mgList([33mA[39m[33m.[39mbracketR[33m,[39m[33m![39m[35m0[39m[33m,[39m[33m![39m[35m0[39m)[33m,[39m[36mthis[39m[33m.[39mfinishNode(e[33m,[39m[32m"ArrayPattern"[39m)[33m;[39m[36mcase[39m [33mA[39m[33m.[39mbraceL[33m:[39m[36mreturn[39m
[23m[36mthis[39m[33m.[39mparseObj([33m![39m[35m0[39m)}[36mreturn[39m
[23m[36mthis[39m[33m.[39mparseIdent()}[33m,[39m[33mG[39m[33m.[39mparseBindingList[33m=[39m[36mfunction[39m(e[33m,[39mt[33m,[39mn){[36mfor[39m([36mvar[39m r[33m=[39m[][33m,[39mi[33m=[39m[33m![39m[35m0[39m[33m;[39m[33m![39m[36mthis[39m[33m.[39mea
[23mt(e)[33m;[39m)[36mif[39m(i[33m?[39mi[33m=[39m[33m![39m[35m1[39m[33m:[39m[36mthis[39m[33m.[39mexpect([33mA[39m[33m.[39mcomma)[33m,[39mt[33m&&[39m[36mthis[39m[33m.[39mtype[33m===[39m[33mA[39m[33m.[39mcomma)r[33m.[39mpush([36mnull[39m)[33m;[39m[36melse[39m{[36mif
[23m[39m(n[33m&&[39m[36mthis[39m[33m.[39mafterTrailingComma(e))[36mbreak[39m[33m;[39m[36mif[39m([36mthis[39m[33m.[39mtype[33m===[39m[33mA[39m[33m.[39mellipsis){[36mvar[39m
[23ms[33m=[39m[36mthis[39m[33m.[39mparseRestBinding()[33m;[39m[36mthis[39m[33m.[39mparseBindingListItem(s)[33m,[39mr[33m.[39mpush(s)[33m,[39m[36mthis[39m[33m.[39mtype[33m===[39m[33mA[39m[33m.[39mc
[23momma[33m&&[39m[36mthis[39m[33m.[39mraise([36mthis[39m[33m.[39mstart[33m,[39m[32m"Comma is not permitted after the rest
[23melement"[39m)[33m,[39m[36mthis[39m[33m.[39mexpect(e)[33m;[39m[36mbreak[39m}[36mvar[39m a[33m=[39m[36mthis[39m[33m.[39mparseMaybeDefault([36mthis[39m[33m.[39mstart[33m,[39m[36mthis[39m[33m.[39mstar
[23mtLoc)[33m;[39m[36mthis[39m[33m.[39mparseBindingListItem(a)[33m,[39mr[33m.[39mpush(a)}[36mreturn[39m
[23mr}[33m,[39m[33mG[39m[33m.[39mparseBindingListItem[33m=[39m[36mfunction[39m(e){[36mreturn[39m
[23me}[33m,[39m[33mG[39m[33m.[39mparseMaybeDefault[33m=[39m[36mfunction[39m(e[33m,[39mt[33m,[39mn){[36mif[39m(n[33m=[39mn[33m||[39m[36mthis[39m[33m.[39mparseBindingAtom()[33m,[39m[36mthis[39m[33m.[39mopti
[23mons[33m.[39mecmaVersion[33m<[39m[35m6[39m[33m||[39m[33m![39m[36mthis[39m[33m.[39meat([33mA[39m[33m.[39meq))[36mreturn[39m n[33m;[39m[36mvar[39m r[33m=[39m[36mthis[39m[33m.[39mstartNodeAt(e[33m,[39mt)[33m;[39m[36mreturn[39m
[23mr[33m.[39mleft[33m=[39mn[33m,[39mr[33m.[39mright[33m=[39m[36mthis[39m[33m.[39mparseMaybeAssign()[33m,[39m[36mthis[39m[33m.[39mfinishNode(r[33m,[39m[32m"AssignmentPattern"[39m)}
[23m[33m,[39m[33mG[39m[33m.[39mcheckLValSimple[33m=[39m[36mfunction[39m(e[33m,[39mt[33m,[39mn){[36mvoid[39m [35m0[39m[33m===[39mt[33m&&[39m(t[33m=[39m[35m0[39m)[33m;[39m[36mvar[39m
[23mr[33m=[39m[35m0[39m[33m!==[39mt[33m;[39m[36mswitch[39m(e[33m.[39mtype){[36mcase[39m[32m"Identifier"[39m[33m:[39m[36mthis[39m[33m.[39mstrict[33m&&[39m[36mthis[39m[33m.[39mreservedWordsStrictBin
[23md[33m.[39mtest(e[33m.[39mname)[33m&&[39m[36mthis[39m[33m.[39mraiseRecoverable(e[33m.[39mstart[33m,[39m(r[33m?[39m[32m"Binding "[39m[33m:[39m[32m"Assigning to
[23m"[39m)[33m+[39me[33m.[39mname[33m+[39m[32m" in strict
[23mmode"[39m)[33m,[39mr[33m&&[39m([35m2[39m[33m===[39mt[33m&&[39m[32m"let"[39m[33m===[39me[33m.[39mname[33m&&[39m[36mthis[39m[33m.[39mraiseRecoverable(e[33m.[39mstart[33m,[39m[32m"let is
[23mdisallowed as a lexically bound
[23mname"[39m)[33m,[39mn[33m&&[39m([33mB[39m(n[33m,[39me[33m.[39mname)[33m&&[39m[36mthis[39m[33m.[39mraiseRecoverable(e[33m.[39mstart[33m,[39m[32m"Argument name
[23mclash"[39m)[33m,[39mn[e[33m.[39mname][33m=[39m[33m![39m[35m0[39m)[33m,[39m[35m5[39m[33m!==[39mt[33m&&[39m[36mthis[39m[33m.[39mdeclareName(e[33m.[39mname[33m,[39mt[33m,[39me[33m.[39mstart))[33m;[39m[36mbreak[39m[33m;[39m[36mcase[39m[32m"Chai
[23mnExpression"[39m[33m:[39m[36mthis[39m[33m.[39mraiseRecoverable(e[33m.[39mstart[33m,[39m[32m"Optional chaining cannot appear in
[23mleft-hand
[23mside"[39m)[33m;[39m[36mbreak[39m[33m;[39m[36mcase[39m[32m"MemberExpression"[39m[33m:[39mr[33m&&[39m[36mthis[39m[33m.[39mraiseRecoverable(e[33m.[39mstart[33m,[39m[32m"Binding
[23mmember expression"[39m)[33m;[39m[36mbreak[39m[33m;[39m[36mcase[39m[32m"ParenthesizedExpression"[39m[33m:[39m[36mreturn[39m
[23mr[33m&&[39m[36mthis[39m[33m.[39mraiseRecoverable(e[33m.[39mstart[33m,[39m[32m"Binding parenthesized expression"[39m)[33m,[39m[36mthis[39m[33m.[39mcheckL
[23mValSimple(e[33m.[39mexpression[33m,[39mt[33m,[39mn)[33m;[39m[36mdefault[39m[33m:[39m[36mthis[39m[33m.[39mraise(e[33m.[39mstart[33m,[39m(r[33m?[39m[32m"Binding"[39m[33m:[39m[32m"Assigning
[23mto"[39m)[33m+[39m[32m" rvalue"[39m)}}[33m,[39m[33mG[39m[33m.[39mcheckLValPattern[33m=[39m[36mfunction[39m(e[33m,[39mt[33m,[39mn){[36mswitch[39m([36mvoid[39m
[23m[35m0[39m[33m===[39mt[33m&&[39m(t[33m=[39m[35m0[39m)[33m,[39me[33m.[39mtype){[36mcase[39m[32m"ObjectPattern"[39m[33m:[39m[36mfor[39m([36mvar[39m
[23mr[33m=[39m[35m0[39m[33m,[39mi[33m=[39me[33m.[39mproperties[33m;[39mr[33m<[39m[33mi[39m[33m.[39mlength[33m;[39mr[33m+=[39m[35m1[39m){[36mvar[39m
[23ms[33m=[39mi[r][33m;[39m[36mthis[39m[33m.[39mcheckLValInnerPattern(s[33m,[39mt[33m,[39mn)}[36mbreak[39m[33m;[39m[36mcase[39m[32m"ArrayPattern"[39m[33m:[39m[36mfor[39m([36mvar[39m
[23ma[33m=[39m[35m0[39m[33m,[39mo[33m=[39me[33m.[39melements[33m;[39ma[33m<[39m[33mo[39m[33m.[39mlength[33m;[39ma[33m+=[39m[35m1[39m){[36mvar[39m
[23mu[33m=[39mo[a][33m;[39mu[33m&&[39m[36mthis[39m[33m.[39mcheckLValInnerPattern(u[33m,[39mt[33m,[39mn)}[36mbreak[39m[33m;[39m[36mdefault[39m[33m:[39m[36mthis[39m[33m.[39mcheckLValSimple(e
[23m[33m,[39mt[33m,[39mn)}}[33m,[39m[33mG[39m[33m.[39mcheckLValInnerPattern[33m=[39m[36mfunction[39m(e[33m,[39mt[33m,[39mn){[36mswitch[39m([36mvoid[39m [35m0[39m[33m===[39mt[33m&&[39m(t[33m=[39m[35m0[39m)[33m,[39me[33m.[39mtype)
[23m{[36mcase[39m[32m"Property"[39m[33m:[39m[36mthis[39m[33m.[39mcheckLValInnerPattern(e[33m.[39mvalue[33m,[39mt[33m,[39mn)[33m;[39m[36mbreak[39m[33m;[39m[36mcase[39m[32m"AssignmentPat
[23mtern"[39m[33m:[39m[36mthis[39m[33m.[39mcheckLValPattern(e[33m.[39mleft[33m,[39mt[33m,[39mn)[33m;[39m[36mbreak[39m[33m;[39m[36mcase[39m[32m"RestElement"[39m[33m:[39m[36mthis[39m[33m.[39mcheckLValPa
[23mttern(e[33m.[39margument[33m,[39mt[33m,[39mn)[33m;[39m[36mbreak[39m[33m;[39m[36mdefault[39m[33m:[39m[36mthis[39m[33m.[39mcheckLValPattern(e[33m,[39mt[33m,[39mn)}}[33m;[39m[36mvar[39m
[23m[33mQ[39m[33m=[39mj[33m.[39mprototype[33m;[39m[33mQ[39m[33m.[39mcheckPropClash[33m=[39m[36mfunction[39m(e[33m,[39mt[33m,[39mn){[36mif[39m([33m![39m([36mthis[39m[33m.[39moptions[33m.[39mecmaVersion[33m>=[39m[35m9[39m[33m&
[23m&[39m[32m"SpreadElement"[39m[33m===[39me[33m.[39mtype[33m||[39m[36mthis[39m[33m.[39moptions[33m.[39mecmaVersion[33m>=[39m[35m6[39m[33m&&[39m(e[33m.[39mcomputed[33m||[39me[33m.[39mmethod[33m||[39me
[23m[33m.[39mshorthand))){[36mvar[39m r[33m,[39mi[33m=[39me[33m.[39mkey[33m;[39m[36mswitch[39m(i[33m.[39mtype){[36mcase[39m[32m"Identifier"[39m[33m:[39mr[33m=[39mi[33m.[39mname[33m;[39m[36mbreak[39m[33m;[39m[36mcase[39m[32m"
[23mLiteral"[39m[33m:[39mr[33m=[39m[33mString[39m(i[33m.[39mvalue)[33m;[39m[36mbreak[39m[33m;[39m[36mdefault[39m[33m:[39m[36mreturn[39m}[36mvar[39m s[33m=[39me[33m.[39mkind[33m;[39m[36mif[39m([36mthis[39m[33m.[39moptions[33m.[39mecm
[23maVersion[33m>=[39m[35m6[39m)[32m"__proto__"[39m[33m===[39mr[33m&&[39m[32m"init"[39m[33m===[39ms[33m&&[39m(t[33m.[39mproto[33m&&[39m(n[33m?[39mn[33m.[39mdoubleProto[33m<[39m[35m0[39m[33m&&[39m(n[33m.[39mdouble
[23mProto[33m=[39mi[33m.[39mstart)[33m:[39m[36mthis[39m[33m.[39mraiseRecoverable(i[33m.[39mstart[33m,[39m[32m"Redefinition of __proto__
[23mproperty"[39m))[33m,[39mt[33m.[39mproto[33m=[39m[33m![39m[35m0[39m)[33m;[39m[36melse[39m{[36mvar[39m a[33m=[39mt[r[33m=[39m[32m"$"[39m[33m+[39mr][33m;[39ma[33m?[39m([32m"init"[39m[33m===[39ms[33m?[39m[36mthis[39m[33m.[39mstrict[33m&&[39ma[33m.[39minit[33m|
[23m|[39ma[33m.[39m[36mget[39m[33m||[39ma[33m.[39m[36mset[39m[33m:[39ma[33m.[39minit[33m||[39ma[s])[33m&&[39m[36mthis[39m[33m.[39mraiseRecoverable(i[33m.[39mstart[33m,[39m[32m"Redefinition of
[23mproperty"[39m)[33m:[39ma[33m=[39mt[r][33m=[39m{init[33m:[39m[33m![39m[35m1[39m[33m,[39m[36mget[39m[33m:[39m[33m![39m[35m1[39m[33m,[39m[36mset[39m[33m:[39m[33m![39m[35m1[39m}[33m,[39ma[s][33m=[39m[33m![39m[35m0[39m}}}[33m,[39m[33mQ[39m[33m.[39mparseExpression[33m=[39m[36mfunction[39m(
[23me[33m,[39mt){[36mvar[39m n[33m=[39m[36mthis[39m[33m.[39mstart[33m,[39mr[33m=[39m[36mthis[39m[33m.[39mstartLoc[33m,[39mi[33m=[39m[36mthis[39m[33m.[39mparseMaybeAssign(e[33m,[39mt)[33m;[39m[36mif[39m([36mthis[39m[33m.[39mtype[33m=
[23m==[39m[33mA[39m[33m.[39mcomma){[36mvar[39m s[33m=[39m[36mthis[39m[33m.[39mstartNodeAt(n[33m,[39mr)[33m;[39m[36mfor[39m(s[33m.[39mexpressions[33m=[39m[i][33m;[39m[36mthis[39m[33m.[39meat([33mA[39m[33m.[39mcomma)[33m;[39m)
[23ms[33m.[39mexpressions[33m.[39mpush([36mthis[39m[33m.[39mparseMaybeAssign(e[33m,[39mt))[33m;[39m[36mreturn[39m
[23m[36mthis[39m[33m.[39mfinishNode(s[33m,[39m[32m"SequenceExpression"[39m)}[36mreturn[39m i}[33m,[39m[33mQ[39m[33m.[39mparseMaybeAssign[33m=[39m[36mfunction[39m(e[33m,
[23m[39mt[33m,[39mn){[36mif[39m([36mthis[39m[33m.[39misContextual([32m"yield"[39m)){[36mif[39m([36mthis[39m[33m.[39minGenerator)[36mreturn[39m
[23m[36mthis[39m[33m.[39mparseYield(e)[33m;[39m[36mthis[39m[33m.[39mexprAllowed[33m=[39m[33m![39m[35m1[39m}[36mvar[39m r[33m=[39m[33m![39m[35m1[39m[33m,[39mi[33m=[39m[33m-[39m[35m1[39m[33m,[39ms[33m=[39m[33m-[39m[35m1[39m[33m;[39mt[33m?[39m(i[33m=[39mt[33m.[39mparenthesizedAs
[23msign[33m,[39ms[33m=[39mt[33m.[39mtrailingComma[33m,[39mt[33m.[39mparenthesizedAssign[33m=[39mt[33m.[39mtrailingComma[33m=[39m[33m-[39m[35m1[39m)[33m:[39m(t[33m=[39m[36mnew[39m
[23m[33mU[39m[33m,[39mr[33m=[39m[33m![39m[35m0[39m)[33m;[39m[36mvar[39m a[33m=[39m[36mthis[39m[33m.[39mstart[33m,[39mo[33m=[39m[36mthis[39m[33m.[39mstartLoc[33m;[39m[36mthis[39m[33m.[39mtype[33m!==[39m[33mA[39m[33m.[39mparenL[33m&&[39m[36mthis[39m[33m.[39mtype[33m!==[39m[33mA[39m[33m.[39mnam
[23me[33m||[39m([36mthis[39m[33m.[39mpotentialArrowAt[33m=[39m[36mthis[39m[33m.[39mstart)[33m;[39m[36mvar[39m u[33m=[39m[36mthis[39m[33m.[39mparseMaybeConditional(e[33m,[39mt)[33m;[39m[36mif[39m(n
[23m[33m&&[39m(u[33m=[39mn[33m.[39mcall([36mthis[39m[33m,[39mu[33m,[39ma[33m,[39mo))[33m,[39m[36mthis[39m[33m.[39mtype[33m.[39misAssign){[36mvar[39m l[33m=[39m[36mthis[39m[33m.[39mstartNodeAt(a[33m,[39mo)[33m;[39m[36mreturn[39m
[23ml[33m.[39moperator[33m=[39m[36mthis[39m[33m.[39mvalue[33m,[39m[36mthis[39m[33m.[39mtype[33m===[39m[33mA[39m[33m.[39meq[33m&&[39m(u[33m=[39m[36mthis[39m[33m.[39mtoAssignable(u[33m,[39m[33m![39m[35m1[39m[33m,[39mt))[33m,[39mr[33m||[39m(t[33m.[39mpare
[23mnthesizedAssign[33m=[39mt[33m.[39mtrailingComma[33m=[39mt[33m.[39mdoubleProto[33m=[39m[33m-[39m[35m1[39m)[33m,[39mt[33m.[39mshorthandAssign[33m>=[39mu[33m.[39mstart[33m&&[39m(t
[23m[33m.[39mshorthandAssign[33m=[39m[33m-[39m[35m1[39m)[33m,[39m[36mthis[39m[33m.[39mtype[33m===[39m[33mA[39m[33m.[39meq[33m?[39m[36mthis[39m[33m.[39mcheckLValPattern(u)[33m:[39m[36mthis[39m[33m.[39mcheckLValSim
[23mple(u)[33m,[39ml[33m.[39mleft[33m=[39mu[33m,[39m[36mthis[39m[33m.[39mnext()[33m,[39ml[33m.[39mright[33m=[39m[36mthis[39m[33m.[39mparseMaybeAssign(e)[33m,[39m[36mthis[39m[33m.[39mfinishNode(l[33m,[39m[32m"
[23mAssignmentExpression"[39m)}[36mreturn[39m
[23mr[33m&&[39m[36mthis[39m[33m.[39mcheckExpressionErrors(t[33m,[39m[33m![39m[35m0[39m)[33m,[39mi[33m>[39m[33m-[39m[35m1[39m[33m&&[39m(t[33m.[39mparenthesizedAssign[33m=[39mi)[33m,[39ms[33m>[39m[33m-[39m[35m1[39m[33m&&[39m(t[33m.[39mtra
[23milingComma[33m=[39ms)[33m,[39mu}[33m,[39m[33mQ[39m[33m.[39mparseMaybeConditional[33m=[39m[36mfunction[39m(e[33m,[39mt){[36mvar[39m n[33m=[39m[36mthis[39m[33m.[39mstart[33m,[39mr[33m=[39m[36mthis[39m[33m.[39ms
[23mtartLoc[33m,[39mi[33m=[39m[36mthis[39m[33m.[39mparseExprOps(e[33m,[39mt)[33m;[39m[36mif[39m([36mthis[39m[33m.[39mcheckExpressionErrors(t))[36mreturn[39m
[23mi[33m;[39m[36mif[39m([36mthis[39m[33m.[39meat([33mA[39m[33m.[39mquestion)){[36mvar[39m s[33m=[39m[36mthis[39m[33m.[39mstartNodeAt(n[33m,[39mr)[33m;[39m[36mreturn[39m
[23ms[33m.[39mtest[33m=[39mi[33m,[39ms[33m.[39mconsequent[33m=[39m[36mthis[39m[33m.[39mparseMaybeAssign()[33m,[39m[36mthis[39m[33m.[39mexpect([33mA[39m[33m.[39mcolon)[33m,[39ms[33m.[39malternate[33m=[39m[36mt
[23mhis[39m[33m.[39mparseMaybeAssign(e)[33m,[39m[36mthis[39m[33m.[39mfinishNode(s[33m,[39m[32m"ConditionalExpression"[39m)}[36mreturn[39m
[23mi}[33m,[39m[33mQ[39m[33m.[39mparseExprOps[33m=[39m[36mfunction[39m(e[33m,[39mt){[36mvar[39m
[23mn[33m=[39m[36mthis[39m[33m.[39mstart[33m,[39mr[33m=[39m[36mthis[39m[33m.[39mstartLoc[33m,[39mi[33m=[39m[36mthis[39m[33m.[39mparseMaybeUnary(t[33m,[39m[33m![39m[35m1[39m)[33m;[39m[36mreturn[39m
[23m[36mthis[39m[33m.[39mcheckExpressionErrors(t)[33m||[39mi[33m.[39mstart[33m===[39mn[33m&&[39m[32m"ArrowFunctionExpression"[39m[33m===[39mi[33m.[39mtype[33m?[39mi
[23m[33m:[39m[36mthis[39m[33m.[39mparseExprOp(i[33m,[39mn[33m,[39mr[33m,[39m[33m-[39m[35m1[39m[33m,[39me)}[33m,[39m[33mQ[39m[33m.[39mparseExprOp[33m=[39m[36mfunction[39m(e[33m,[39mt[33m,[39mn[33m,[39mr[33m,[39mi){[36mvar[39m
[23ms[33m=[39m[36mthis[39m[33m.[39mtype[33m.[39mbinop[33m;[39m[36mif[39m([36mnull[39m[33m!=[39ms[33m&&[39m([33m![39mi[33m||[39m[36mthis[39m[33m.[39mtype[33m!==[39m[33mA[39m[33m.[39m_in)[33m&&[39ms[33m>[39mr){[36mvar[39m
[23ma[33m=[39m[36mthis[39m[33m.[39mtype[33m===[39m[33mA[39m[33m.[39mlogicalOR[33m||[39m[36mthis[39m[33m.[39mtype[33m===[39m[33mA[39m[33m.[39mlogicalAND[33m,[39mo[33m=[39m[36mthis[39m[33m.[39mtype[33m===[39m[33mA[39m[33m.[39mcoalesce[33m;[39mo[33m&&
[23m[39m(s[33m=[39m[33mA[39m[33m.[39mlogicalAND[33m.[39mbinop)[33m;[39m[36mvar[39m u[33m=[39m[36mthis[39m[33m.[39mvalue[33m;[39m[36mthis[39m[33m.[39mnext()[33m;[39m[36mvar[39m l[33m=[39m[36mthis[39m[33m.[39mstart[33m,[39mc[33m=[39m[36mthis[39m[33m.[39mstar
[23mtLoc[33m,[39mp[33m=[39m[36mthis[39m[33m.[39mparseExprOp([36mthis[39m[33m.[39mparseMaybeUnary([36mnull[39m[33m,[39m[33m![39m[35m1[39m)[33m,[39ml[33m,[39mc[33m,[39ms[33m,[39mi)[33m,[39mh[33m=[39m[36mthis[39m[33m.[39mbuildBinar
[23my(t[33m,[39mn[33m,[39me[33m,[39mp[33m,[39mu[33m,[39ma[33m||[39mo)[33m;[39m[36mreturn[39m(a[33m&&[39m[36mthis[39m[33m.[39mtype[33m===[39m[33mA[39m[33m.[39mcoalesce[33m||[39mo[33m&&[39m([36mthis[39m[33m.[39mtype[33m===[39m[33mA[39m[33m.[39mlogicalOR[33m|
[23m|[39m[36mthis[39m[33m.[39mtype[33m===[39m[33mA[39m[33m.[39mlogicalAND))[33m&&[39m[36mthis[39m[33m.[39mraiseRecoverable([36mthis[39m[33m.[39mstart[33m,[39m[32m"Logical
[23mexpressions and coalesce expressions cannot be mixed. Wrap either by
[23mparentheses"[39m)[33m,[39m[36mthis[39m[33m.[39mparseExprOp(h[33m,[39mt[33m,[39mn[33m,[39mr[33m,[39mi)}[36mreturn[39m
[23me}[33m,[39m[33mQ[39m[33m.[39mbuildBinary[33m=[39m[36mfunction[39m(e[33m,[39mt[33m,[39mn[33m,[39mr[33m,[39mi[33m,[39ms){[36mvar[39m a[33m=[39m[36mthis[39m[33m.[39mstartNodeAt(e[33m,[39mt)[33m;[39m[36mreturn[39m
[23ma[33m.[39mleft[33m=[39mn[33m,[39ma[33m.[39moperator[33m=[39mi[33m,[39ma[33m.[39mright[33m=[39mr[33m,[39m[36mthis[39m[33m.[39mfinishNode(a[33m,[39ms[33m?[39m[32m"LogicalExpression"[39m[33m:[39m[32m"BinaryE
[23mxpression"[39m)}[33m,[39m[33mQ[39m[33m.[39mparseMaybeUnary[33m=[39m[36mfunction[39m(e[33m,[39mt){[36mvar[39m n[33m,[39mr[33m=[39m[36mthis[39m[33m.[39mstart[33m,[39mi[33m=[39m[36mthis[39m[33m.[39mstartLoc[33m;
[23m[39m[36mif[39m([36mthis[39m[33m.[39misContextual([32m"await"[39m)[33m&&[39m([36mthis[39m[33m.[39minAsync[33m||[39m[33m![39m[36mthis[39m[33m.[39minFunction[33m&&[39m[36mthis[39m[33m.[39moptions[33m.[39mall
[23mowAwaitOutsideFunction))n[33m=[39m[36mthis[39m[33m.[39mparseAwait()[33m,[39mt[33m=[39m[33m![39m[35m0[39m[33m;[39m[36melse[39m [36mif[39m([36mthis[39m[33m.[39mtype[33m.[39mprefix){[36mvar[39m
[23ms[33m=[39m[36mthis[39m[33m.[39mstartNode()[33m,[39ma[33m=[39m[36mthis[39m[33m.[39mtype[33m===[39m[33mA[39m[33m.[39mincDec[33m;[39ms[33m.[39moperator[33m=[39m[36mthis[39m[33m.[39mvalue[33m,[39ms[33m.[39mprefix[33m=[39m[33m![39m[35m0[39m[33m,[39m[36mthis
[23m[39m[33m.[39mnext()[33m,[39ms[33m.[39margument[33m=[39m[36mthis[39m[33m.[39mparseMaybeUnary([36mnull[39m[33m,[39m[33m![39m[35m0[39m)[33m,[39m[36mthis[39m[33m.[39mcheckExpressionErrors(e[33m,[39m[33m![39m[35m0
[23m[39m)[33m,[39ma[33m?[39m[36mthis[39m[33m.[39mcheckLValSimple(s[33m.[39margument)[33m:[39m[36mthis[39m[33m.[39mstrict[33m&&[39m[32m"delete"[39m[33m===[39ms[33m.[39moperator[33m&&[39m[32m"Identi
[23mfier"[39m[33m===[39ms[33m.[39margument[33m.[39mtype[33m?[39m[36mthis[39m[33m.[39mraiseRecoverable(s[33m.[39mstart[33m,[39m[32m"Deleting local variable
[23min strict mode"[39m)[33m:[39mt[33m=[39m[33m![39m[35m0[39m[33m,[39mn[33m=[39m[36mthis[39m[33m.[39mfinishNode(s[33m,[39ma[33m?[39m[32m"UpdateExpression"[39m[33m:[39m[32m"UnaryExpression"
[23m[39m)}[36melse[39m{[36mif[39m(n[33m=[39m[36mthis[39m[33m.[39mparseExprSubscripts(e)[33m,[39m[36mthis[39m[33m.[39mcheckExpressionErrors(e))[36mreturn[39m
[23mn[33m;[39m[36mfor[39m([33m;[39m[36mthis[39m[33m.[39mtype[33m.[39mpostfix[33m&&[39m[33m![39m[36mthis[39m[33m.[39mcanInsertSemicolon()[33m;[39m){[36mvar[39m
[23mo[33m=[39m[36mthis[39m[33m.[39mstartNodeAt(r[33m,[39mi)[33m;[39mo[33m.[39moperator[33m=[39m[36mthis[39m[33m.[39mvalue[33m,[39mo[33m.[39mprefix[33m=[39m[33m![39m[35m1[39m[33m,[39mo[33m.[39margument[33m=[39mn[33m,[39m[36mthis[39m[33m.[39mchec
[23mkLValSimple(n)[33m,[39m[36mthis[39m[33m.[39mnext()[33m,[39mn[33m=[39m[36mthis[39m[33m.[39mfinishNode(o[33m,[39m[32m"UpdateExpression"[39m)}}[36mreturn[39m[33m![39mt[33m&&[39m[36mth
[23mis[39m[33m.[39meat([33mA[39m[33m.[39mstarstar)[33m?[39m[36mthis[39m[33m.[39mbuildBinary(r[33m,[39mi[33m,[39mn[33m,[39m[36mthis[39m[33m.[39mparseMaybeUnary([36mnull[39m[33m,[39m[33m![39m[35m1[39m)[33m,[39m[32m"**"[39m[33m,[39m[33m![39m[35m1[39m)
[22m[33m:[39mn}[33m,[39m[33mQ[39m[33m.[39mparseExprSubscripts[33m=[39m[36mfunction[39m(e){[36mvar[39m
[23mt[33m=[39m[36mthis[39m[33m.[39mstart[33m,[39mn[33m=[39m[36mthis[39m[33m.[39mstartLoc[33m,[39mr[33m=[39m[36mthis[39m[33m.[39mparseExprAtom(e)[33m;[39m[36mif[39m([32m"ArrowFunctionExpression
[23m"[39m[33m===[39mr[33m.[39mtype[33m&&[39m[32m")"[39m[33m!==[39m[36mthis[39m[33m.[39minput[33m.[39mslice([36mthis[39m[33m.[39mlastTokStart[33m,[39m[36mthis[39m[33m.[39mlastTokEnd))[36mreturn[39m
[23mr[33m;[39m[36mvar[39m i[33m=[39m[36mthis[39m[33m.[39mparseSubscripts(r[33m,[39mt[33m,[39mn)[33m;[39m[36mreturn[39m e[33m&&[39m[32m"MemberExpression"[39m[33m===[39mi[33m.[39mtype[33m&&[39m(e[33m.[39mpa
[23mrenthesizedAssign[33m>=[39mi[33m.[39mstart[33m&&[39m(e[33m.[39mparenthesizedAssign[33m=[39m[33m-[39m[35m1[39m)[33m,[39me[33m.[39mparenthesizedBind[33m>=[39mi[33m.[39mst
[23mart[33m&&[39m(e[33m.[39mparenthesizedBind[33m=[39m[33m-[39m[35m1[39m)[33m,[39me[33m.[39mtrailingComma[33m>=[39mi[33m.[39mstart[33m&&[39m(e[33m.[39mtrailingComma[33m=[39m[33m-[39m[35m1[39m))[33m,[39mi}
[23m[33m,[39m[33mQ[39m[33m.[39mparseSubscripts[33m=[39m[36mfunction[39m(e[33m,[39mt[33m,[39mn[33m,[39mr){[36mfor[39m([36mvar[39m i[33m=[39m[36mthis[39m[33m.[39moptions[33m.[39mecmaVersion[33m>=[39m[35m8[39m[33m&&[39m[32m"Ide
[23mntifier"[39m[33m===[39me[33m.[39mtype[33m&&[39m[32m"async"[39m[33m===[39me[33m.[39mname[33m&&[39m[36mthis[39m[33m.[39mlastTokEnd[33m===[39me[33m.[39mend[33m&&[39m[33m![39m[36mthis[39m[33m.[39mcanInsertSem
[23micolon()[33m&&[39me[33m.[39mend[33m-[39me[33m.[39mstart[33m==[39m[35m5[39m[33m&&[39m[36mthis[39m[33m.[39mpotentialArrowAt[33m===[39me[33m.[39mstart[33m,[39ms[33m=[39m[33m![39m[35m1[39m[33m;[39m[33m;[39m){[36mvar[39m
[23ma[33m=[39m[36mthis[39m[33m.[39mparseSubscript(e[33m,[39mt[33m,[39mn[33m,[39mr[33m,[39mi[33m,[39ms)[33m;[39m[36mif[39m(a[33m.[39moptional[33m&&[39m(s[33m=[39m[33m![39m[35m0[39m)[33m,[39ma[33m===[39me[33m||[39m[32m"ArrowFunctionEx
[23mpression"[39m[33m===[39ma[33m.[39mtype){[36mif[39m(s){[36mvar[39m o[33m=[39m[36mthis[39m[33m.[39mstartNodeAt(t[33m,[39mn)[33m;[39mo[33m.[39mexpression[33m=[39ma[33m,[39ma[33m=[39m[36mthis[39m[33m.[39mfini
[23mshNode(o[33m,[39m[32m"ChainExpression"[39m)}[36mreturn[39m
[23ma}e[33m=[39ma}}[33m,[39m[33mQ[39m[33m.[39mparseSubscript[33m=[39m[36mfunction[39m(e[33m,[39mt[33m,[39mn[33m,[39mr[33m,[39mi[33m,[39ms){[36mvar[39m a[33m=[39m[36mthis[39m[33m.[39moptions[33m.[39mecmaVersion[33m>=[39m[35m1
[23m1[39m[33m,[39mo[33m=[39ma[33m&&[39m[36mthis[39m[33m.[39meat([33mA[39m[33m.[39mquestionDot)[33m;[39mr[33m&&[39mo[33m&&[39m[36mthis[39m[33m.[39mraise([36mthis[39m[33m.[39mlastTokStart[33m,[39m[32m"Optional
[23mchaining cannot appear in the callee of new expressions"[39m)[33m;[39m[36mvar[39m
[23mu[33m=[39m[36mthis[39m[33m.[39meat([33mA[39m[33m.[39mbracketL)[33m;[39m[36mif[39m(u[33m||[39mo[33m&&[39m[36mthis[39m[33m.[39mtype[33m!==[39m[33mA[39m[33m.[39mparenL[33m&&[39m[36mthis[39m[33m.[39mtype[33m!==[39m[33mA[39m[33m.[39mbackQuote[33m||[39m[36mt
[23mhis[39m[33m.[39meat([33mA[39m[33m.[39mdot)){[36mvar[39m
[23ml[33m=[39m[36mthis[39m[33m.[39mstartNodeAt(t[33m,[39mn)[33m;[39ml[33m.[39mobject[33m=[39me[33m,[39ml[33m.[39mproperty[33m=[39mu[33m?[39m[36mthis[39m[33m.[39mparseExpression()[33m:[39m[36mthis[39m[33m.[39mpars
[23meIdent([32m"never"[39m[33m!==[39m[36mthis[39m[33m.[39moptions[33m.[39mallowReserved)[33m,[39ml[33m.[39mcomputed[33m=[39m[33m![39m[33m![39mu[33m,[39mu[33m&&[39m[36mthis[39m[33m.[39mexpect([33mA[39m[33m.[39mbra
[23mcketR)[33m,[39ma[33m&&[39m(l[33m.[39moptional[33m=[39mo)[33m,[39me[33m=[39m[36mthis[39m[33m.[39mfinishNode(l[33m,[39m[32m"MemberExpression"[39m)}[36melse[39m
[23m[36mif[39m([33m![39mr[33m&&[39m[36mthis[39m[33m.[39meat([33mA[39m[33m.[39mparenL)){[36mvar[39m c[33m=[39m[36mnew[39m [33mU[39m[33m,[39mp[33m=[39m[36mthis[39m[33m.[39myieldPos[33m,[39mh[33m=[39m[36mthis[39m[33m.[39mawaitPos[33m,[39md[33m=[39m[36mthis[39m[33m.[39maw
[23maitIdentPos[33m;[39m[36mthis[39m[33m.[39myieldPos[33m=[39m[35m0[39m[33m,[39m[36mthis[39m[33m.[39mawaitPos[33m=[39m[35m0[39m[33m,[39m[36mthis[39m[33m.[39mawaitIdentPos[33m=[39m[35m0[39m[33m;[39m[36mvar[39m
[23mf[33m=[39m[36mthis[39m[33m.[39mparseExprList([33mA[39m[33m.[39mparenR[33m,[39m[36mthis[39m[33m.[39moptions[33m.[39mecmaVersion[33m>=[39m[35m8[39m[33m,[39m[33m![39m[35m1[39m[33m,[39mc)[33m;[39m[36mif[39m(i[33m&&[39m[33m![39mo[33m&&[39m[33m![39m[36mthis[39m[33m.
[23m[39mcanInsertSemicolon()[33m&&[39m[36mthis[39m[33m.[39meat([33mA[39m[33m.[39marrow))[36mreturn[39m
[23m[36mthis[39m[33m.[39mcheckPatternErrors(c[33m,[39m[33m![39m[35m1[39m)[33m,[39m[36mthis[39m[33m.[39mcheckYieldAwaitInDefaultParams()[33m,[39m[36mthis[39m[33m.[39mawaitId
[23mentPos[33m>[39m[35m0[39m[33m&&[39m[36mthis[39m[33m.[39mraise([36mthis[39m[33m.[39mawaitIdentPos[33m,[39m[32m"Cannot use 'await' as identifier inside
[23m an async function"[39m)[33m,[39m[36mthis[39m[33m.[39myieldPos[33m=[39mp[33m,[39m[36mthis[39m[33m.[39mawaitPos[33m=[39mh[33m,[39m[36mthis[39m[33m.[39mawaitIdentPos[33m=[39md[33m,[39m[36mthis[39m[33m.[39mp
[23marseArrowExpression([36mthis[39m[33m.[39mstartNodeAt(t[33m,[39mn)[33m,[39mf[33m,[39m[33m![39m[35m0[39m)[33m;[39m[36mthis[39m[33m.[39mcheckExpressionErrors(c[33m,[39m[33m![39m[35m0[39m)
[33m,[39m[36mthis[39m[33m.[39myieldPos[33m=[39mp[33m||[39m[36mthis[39m[33m.[39myieldPos[33m,[39m[36mthis[39m[33m.[39mawaitPos[33m=[39mh[33m||[39m[36mthis[39m[33m.[39mawaitPos[33m,[39m[36mthis[39m[33m.[39mawaitIdentPo
[23ms[33m=[39md[33m||[39m[36mthis[39m[33m.[39mawaitIdentPos[33m;[39m[36mvar[39m m[33m=[39m[36mthis[39m[33m.[39mstartNodeAt(t[33m,[39mn)[33m;[39mm[33m.[39mcallee[33m=[39me[33m,[39mm[33m.[39marguments[33m=[39mf[33m,[39ma[33m&&
[23m[39m(m[33m.[39moptional[33m=[39mo)[33m,[39me[33m=[39m[36mthis[39m[33m.[39mfinishNode(m[33m,[39m[32m"CallExpression"[39m)}[36melse[39m
[23m[36mif[39m([36mthis[39m[33m.[39mtype[33m===[39m[33mA[39m[33m.[39mbackQuote){(o[33m||[39ms)[33m&&[39m[36mthis[39m[33m.[39mraise([36mthis[39m[33m.[39mstart[33m,[39m[32m"Optional chaining
[23mcannot appear in the tag of tagged template expressions"[39m)[33m;[39m[36mvar[39m
[23mg[33m=[39m[36mthis[39m[33m.[39mstartNodeAt(t[33m,[39mn)[33m;[39mg[33m.[39mtag[33m=[39me[33m,[39mg[33m.[39mquasi[33m=[39m[36mthis[39m[33m.[39mparseTemplate({isTagged[33m:[39m[33m![39m[35m0[39m})[33m,[39me[33m=[39m[36mthis
[23m[39m[33m.[39mfinishNode(g[33m,[39m[32m"TaggedTemplateExpression"[39m)}[36mreturn[39m
[23me}[33m,[39m[33mQ[39m[33m.[39mparseExprAtom[33m=[39m[36mfunction[39m(e){[36mthis[39m[33m.[39mtype[33m===[39m[33mA[39m[33m.[39mslash[33m&&[39m[36mthis[39m[33m.[39mreadRegexp()[33m;[39m[36mvar[39m
[23mt[33m,[39mn[33m=[39m[36mthis[39m[33m.[39mpotentialArrowAt[33m===[39m[36mthis[39m[33m.[39mstart[33m;[39m[36mswitch[39m([36mthis[39m[33m.[39mtype){[36mcase[39m [33mA[39m[33m.[39m_super[33m:[39m[36mreturn[39m
[23m[36mthis[39m[33m.[39mallowSuper[33m||[39m[36mthis[39m[33m.[39mraise([36mthis[39m[33m.[39mstart[33m,[39m[32m"'super' keyword outside a
[23mmethod"[39m)[33m,[39mt[33m=[39m[36mthis[39m[33m.[39mstartNode()[33m,[39m[36mthis[39m[33m.[39mnext()[33m,[39m[36mthis[39m[33m.[39mtype[33m!==[39m[33mA[39m[33m.[39mparenL[33m||[39m[36mthis[39m[33m.[39mallowDirectSu
[23mper[33m||[39m[36mthis[39m[33m.[39mraise(t[33m.[39mstart[33m,[39m[32m"super() call outside constructor of a
[23msubclass"[39m)[33m,[39m[36mthis[39m[33m.[39mtype[33m!==[39m[33mA[39m[33m.[39mdot[33m&&[39m[36mthis[39m[33m.[39mtype[33m!==[39m[33mA[39m[33m.[39mbracketL[33m&&[39m[36mthis[39m[33m.[39mtype[33m!==[39m[33mA[39m[33m.[39mparenL[33m&&[39m[36mthis
[23m[39m[33m.[39munexpected()[33m,[39m[36mthis[39m[33m.[39mfinishNode(t[33m,[39m[32m"Super"[39m)[33m;[39m[36mcase[39m [33mA[39m[33m.[39m_this[33m:[39m[36mreturn[39m
[23mt[33m=[39m[36mthis[39m[33m.[39mstartNode()[33m,[39m[36mthis[39m[33m.[39mnext()[33m,[39m[36mthis[39m[33m.[39mfinishNode(t[33m,[39m[32m"ThisExpression"[39m)[33m;[39m[36mcase[39m
[23m[33mA[39m[33m.[39mname[33m:[39m[36mvar[39m r[33m=[39m[36mthis[39m[33m.[39mstart[33m,[39mi[33m=[39m[36mthis[39m[33m.[39mstartLoc[33m,[39ms[33m=[39m[36mthis[39m[33m.[39mcontainsEsc[33m,[39ma[33m=[39m[36mthis[39m[33m.[39mparseIdent([33m![39m[35m1[39m)
[22m[33m;[39m[36mif[39m([36mthis[39m[33m.[39moptions[33m.[39mecmaVersion[33m>=[39m[35m8[39m[33m&&[39m[33m![39ms[33m&&[39m[32m"async"[39m[33m===[39ma[33m.[39mname[33m&&[39m[33m![39m[36mthis[39m[33m.[39mcanInsertSemicolon(
[23m)[33m&&[39m[36mthis[39m[33m.[39meat([33mA[39m[33m.[39m_function))[36mreturn[39m [36mthis[39m[33m.[39mparseFunction([36mthis[39m[33m.[39mstartNodeAt(r[33m,[39mi)[33m,[39m[35m0[39m[33m,[39m[33m![39m[35m1[39m[33m,[39m[33m![39m[35m0
[23m[39m)[33m;[39m[36mif[39m(n[33m&&[39m[33m![39m[36mthis[39m[33m.[39mcanInsertSemicolon()){[36mif[39m([36mthis[39m[33m.[39meat([33mA[39m[33m.[39marrow))[36mreturn[39m
[23m[36mthis[39m[33m.[39mparseArrowExpression([36mthis[39m[33m.[39mstartNodeAt(r[33m,[39mi)[33m,[39m[a][33m,[39m[33m![39m[35m1[39m)[33m;[39m[36mif[39m([36mthis[39m[33m.[39moptions[33m.[39mecmaVers
[23mion[33m>=[39m[35m8[39m[33m&&[39m[32m"async"[39m[33m===[39ma[33m.[39mname[33m&&[39m[36mthis[39m[33m.[39mtype[33m===[39m[33mA[39m[33m.[39mname[33m&&[39m[33m![39ms)[36mreturn[39m
[23ma[33m=[39m[36mthis[39m[33m.[39mparseIdent([33m![39m[35m1[39m)[33m,[39m[33m![39m[36mthis[39m[33m.[39mcanInsertSemicolon()[33m&&[39m[36mthis[39m[33m.[39meat([33mA[39m[33m.[39marrow)[33m||[39m[36mthis[39m[33m.[39munexpe
[23mcted()[33m,[39m[36mthis[39m[33m.[39mparseArrowExpression([36mthis[39m[33m.[39mstartNodeAt(r[33m,[39mi)[33m,[39m[a][33m,[39m[33m![39m[35m0[39m)}[36mreturn[39m a[33m;[39m[36mcase[39m
[23m[33mA[39m[33m.[39mregexp[33m:[39m[36mvar[39m o[33m=[39m[36mthis[39m[33m.[39mvalue[33m;[39m[36mreturn[39m(t[33m=[39m[36mthis[39m[33m.[39mparseLiteral(o[33m.[39mvalue))[33m.[39mregex[33m=[39m{pattern[33m:[39mo[33m.
[23m[39mpattern[33m,[39mflags[33m:[39mo[33m.[39mflags}[33m,[39mt[33m;[39m[36mcase[39m [33mA[39m[33m.[39mnum[33m:[39m[36mcase[39m [33mA[39m[33m.[39mstring[33m:[39m[36mreturn[39m
[23m[36mthis[39m[33m.[39mparseLiteral([36mthis[39m[33m.[39mvalue)[33m;[39m[36mcase[39m [33mA[39m[33m.[39m_null[33m:[39m[36mcase[39m [33mA[39m[33m.[39m_true[33m:[39m[36mcase[39m
[23m[33mA[39m[33m.[39m_false[33m:[39m[36mreturn[39m(t[33m=[39m[36mthis[39m[33m.[39mstartNode())[33m.[39mvalue[33m=[39m[36mthis[39m[33m.[39mtype[33m===[39m[33mA[39m[33m.[39m_null[33m?[39m[36mnull[39m[33m:[39m[36mthis[39m[33m.[39mtype[33m===[39m[33mA
[23m[39m[33m.[39m_true[33m,[39mt[33m.[39mraw[33m=[39m[36mthis[39m[33m.[39mtype[33m.[39mkeyword[33m,[39m[36mthis[39m[33m.[39mnext()[33m,[39m[36mthis[39m[33m.[39mfinishNode(t[33m,[39m[32m"Literal"[39m)[33m;[39m[36mcase[39m
[23m[33mA[39m[33m.[39mparenL[33m:[39m[36mvar[39m u[33m=[39m[36mthis[39m[33m.[39mstart[33m,[39ml[33m=[39m[36mthis[39m[33m.[39mparseParenAndDistinguishExpression(n)[33m;[39m[36mreturn[39m
[23me[33m&&[39m(e[33m.[39mparenthesizedAssign[33m<[39m[35m0[39m[33m&&[39m[33m![39m[36mthis[39m[33m.[39misSimpleAssignTarget(l)[33m&&[39m(e[33m.[39mparenthesizedAssi
[23mgn[33m=[39mu)[33m,[39me[33m.[39mparenthesizedBind[33m<[39m[35m0[39m[33m&&[39m(e[33m.[39mparenthesizedBind[33m=[39mu))[33m,[39ml[33m;[39m[36mcase[39m [33mA[39m[33m.[39mbracketL[33m:[39m[36mreturn[39m
[23mt[33m=[39m[36mthis[39m[33m.[39mstartNode()[33m,[39m[36mthis[39m[33m.[39mnext()[33m,[39mt[33m.[39melements[33m=[39m[36mthis[39m[33m.[39mparseExprList([33mA[39m[33m.[39mbracketR[33m,[39m[33m![39m[35m0[39m[33m,[39m[33m![39m[35m0[39m[33m,[39me)
[23m[33m,[39m[36mthis[39m[33m.[39mfinishNode(t[33m,[39m[32m"ArrayExpression"[39m)[33m;[39m[36mcase[39m [33mA[39m[33m.[39mbraceL[33m:[39m[36mreturn[39m
[23m[36mthis[39m[33m.[39mparseObj([33m![39m[35m1[39m[33m,[39me)[33m;[39m[36mcase[39m [33mA[39m[33m.[39m_function[33m:[39m[36mreturn[39m
[23mt[33m=[39m[36mthis[39m[33m.[39mstartNode()[33m,[39m[36mthis[39m[33m.[39mnext()[33m,[39m[36mthis[39m[33m.[39mparseFunction(t[33m,[39m[35m0[39m)[33m;[39m[36mcase[39m [33mA[39m[33m.[39m_class[33m:[39m[36mreturn[39m
[23m[36mthis[39m[33m.[39mparseClass([36mthis[39m[33m.[39mstartNode()[33m,[39m[33m![39m[35m1[39m)[33m;[39m[36mcase[39m [33mA[39m[33m.[39m_new[33m:[39m[36mreturn[39m [36mthis[39m[33m.[39mparseNew()[33m;[39m[36mcase[39m
[23m[33mA[39m[33m.[39mbackQuote[33m:[39m[36mreturn[39m [36mthis[39m[33m.[39mparseTemplate()[33m;[39m[36mcase[39m [33mA[39m[33m.[39m_import[33m:[39m[36mreturn[39m
[23m[36mthis[39m[33m.[39moptions[33m.[39mecmaVersion[33m>=[39m[35m11[39m[33m?[39m[36mthis[39m[33m.[39mparseExprImport()[33m:[39m[36mthis[39m[33m.[39munexpected()[33m;[39m[36mdefault[39m[33m:[39m[36mth
[23mis[39m[33m.[39munexpected()}}[33m,[39m[33mQ[39m[33m.[39mparseExprImport[33m=[39m[36mfunction[39m(){[36mvar[39m
[23me[33m=[39m[36mthis[39m[33m.[39mstartNode()[33m;[39m[36mthis[39m[33m.[39mcontainsEsc[33m&&[39m[36mthis[39m[33m.[39mraiseRecoverable([36mthis[39m[33m.[39mstart[33m,[39m[32m"Escape
[23msequence in keyword import"[39m)[33m;[39m[36mvar[39m t[33m=[39m[36mthis[39m[33m.[39mparseIdent([33m![39m[35m0[39m)[33m;[39m[36mswitch[39m([36mthis[39m[33m.[39mtype){[36mcase[39m
[23m[33mA[39m[33m.[39mparenL[33m:[39m[36mreturn[39m [36mthis[39m[33m.[39mparseDynamicImport(e)[33m;[39m[36mcase[39m [33mA[39m[33m.[39mdot[33m:[39m[36mreturn[39m e[33m.[39mmeta[33m=[39mt[33m,[39m[36mthis[39m[33m.[39mparse
[23mImportMeta(e)[33m;[39m[36mdefault[39m[33m:[39m[36mthis[39m[33m.[39munexpected()}}[33m,[39m[33mQ[39m[33m.[39mparseDynamicImport[33m=[39m[36mfunction[39m(e){[36mif[39m([36mth
[23mis[39m[33m.[39mnext()[33m,[39me[33m.[39msource[33m=[39m[36mthis[39m[33m.[39mparseMaybeAssign()[33m,[39m[33m![39m[36mthis[39m[33m.[39meat([33mA[39m[33m.[39mparenR)){[36mvar[39m t[33m=[39m[36mthis[39m[33m.[39mstart
[23m[33m;[39m[36mthis[39m[33m.[39meat([33mA[39m[33m.[39mcomma)[33m&&[39m[36mthis[39m[33m.[39meat([33mA[39m[33m.[39mparenR)[33m?[39m[36mthis[39m[33m.[39mraiseRecoverable(t[33m,[39m[32m"Trailing comma
[23mis not allowed in import()"[39m)[33m:[39m[36mthis[39m[33m.[39munexpected(t)}[36mreturn[39m [36mthis[39m[33m.[39mfinishNode(e[33m,[39m[32m"Import
[23mExpression"[39m)}[33m,[39m[33mQ[39m[33m.[39mparseImportMeta[33m=[39m[36mfunction[39m(e){[36mthis[39m[33m.[39mnext()[33m;[39m[36mvar[39m
[23mt[33m=[39m[36mthis[39m[33m.[39mcontainsEsc[33m;[39m[36mreturn[39m e[33m.[39mproperty[33m=[39m[36mthis[39m[33m.[39mparseIdent([33m![39m[35m0[39m)[33m,[39m[32m"meta"[39m[33m!==[39me[33m.[39mproperty[33m.[39mnam
[23me[33m&&[39m[36mthis[39m[33m.[39mraiseRecoverable(e[33m.[39mproperty[33m.[39mstart[33m,[39m[32m"The only valid meta property for
[23mimport is 'import.meta'"[39m)[33m,[39mt[33m&&[39m[36mthis[39m[33m.[39mraiseRecoverable(e[33m.[39mstart[33m,[39m[32m"'import.meta' must
[23mnot contain escaped characters"[39m)[33m,[39m[32m"module"[39m[33m===[39m[36mthis[39m[33m.[39moptions[33m.[39msourceType[33m||[39m[36mthis[39m[33m.[39moption
[23ms[33m.[39mallowImportExportEverywhere[33m||[39m[36mthis[39m[33m.[39mraiseRecoverable(e[33m.[39mstart[33m,[39m[32m"Cannot use
[23m'import.meta' outside a
[23mmodule"[39m)[33m,[39m[36mthis[39m[33m.[39mfinishNode(e[33m,[39m[32m"MetaProperty"[39m)}[33m,[39m[33mQ[39m[33m.[39mparseLiteral[33m=[39m[36mfunction[39m(e){[36mvar[39m
[23mt[33m=[39m[36mthis[39m[33m.[39mstartNode()[33m;[39m[36mreturn[39m t[33m.[39mvalue[33m=[39me[33m,[39mt[33m.[39mraw[33m=[39m[36mthis[39m[33m.[39minput[33m.[39mslice([36mthis[39m[33m.[39mstart[33m,[39m[36mthis[39m[33m.[39mend)[33m,
[23m[39m[35m110[39m[33m===[39mt[33m.[39mraw[33m.[39mcharCodeAt(t[33m.[39mraw[33m.[39mlength[33m-[39m[35m1[39m)[33m&&[39m(t[33m.[39mbigint[33m=[39mt[33m.[39mraw[33m.[39mslice([35m0[39m[33m,[39m[33m-[39m[35m1[39m)[33m.[39mreplace([35m/_/g
[23m[39m[33m,[39m[32m""[39m))[33m,[39m[36mthis[39m[33m.[39mnext()[33m,[39m[36mthis[39m[33m.[39mfinishNode(t[33m,[39m[32m"Literal"[39m)}[33m,[39m[33mQ[39m[33m.[39mparseParenExpression[33m=[39m[36mfunction[39m(
[23m){[36mthis[39m[33m.[39mexpect([33mA[39m[33m.[39mparenL)[33m;[39m[36mvar[39m e[33m=[39m[36mthis[39m[33m.[39mparseExpression()[33m;[39m[36mreturn[39m
[23m[36mthis[39m[33m.[39mexpect([33mA[39m[33m.[39mparenR)[33m,[39me}[33m,[39m[33mQ[39m[33m.[39mparseParenAndDistinguishExpression[33m=[39m[36mfunction[39m(e){[36mvar[39m
[23mt[33m,[39mn[33m=[39m[36mthis[39m[33m.[39mstart[33m,[39mr[33m=[39m[36mthis[39m[33m.[39mstartLoc[33m,[39mi[33m=[39m[36mthis[39m[33m.[39moptions[33m.[39mecmaVersion[33m>=[39m[35m8[39m[33m;[39m[36mif[39m([36mthis[39m[33m.[39moptions[33m.[39mecm
[23maVersion[33m>=[39m[35m6[39m){[36mthis[39m[33m.[39mnext()[33m;[39m[36mvar[39m s[33m,[39ma[33m=[39m[36mthis[39m[33m.[39mstart[33m,[39mo[33m=[39m[36mthis[39m[33m.[39mstartLoc[33m,[39mu[33m=[39m[][33m,[39ml[33m=[39m[33m![39m[35m0[39m[33m,[39mc[33m=[39m[33m![39m[35m1[39m[33m,[39mp[33m=[39m[36mnew[39m
[23m [33mU[39m[33m,[39mh[33m=[39m[36mthis[39m[33m.[39myieldPos[33m,[39md[33m=[39m[36mthis[39m[33m.[39mawaitPos[33m;[39m[36mfor[39m([36mthis[39m[33m.[39myieldPos[33m=[39m[35m0[39m[33m,[39m[36mthis[39m[33m.[39mawaitPos[33m=[39m[35m0[39m[33m;[39m[36mthis[39m[33m.[39mtype
[23m[33m!==[39m[33mA[39m[33m.[39mparenR[33m;[39m){[36mif[39m(l[33m?[39ml[33m=[39m[33m![39m[35m1[39m[33m:[39m[36mthis[39m[33m.[39mexpect([33mA[39m[33m.[39mcomma)[33m,[39mi[33m&&[39m[36mthis[39m[33m.[39mafterTrailingComma([33mA[39m[33m.[39mparenR
[23m[33m,[39m[33m![39m[35m0[39m)){c[33m=[39m[33m![39m[35m0[39m[33m;[39m[36mbreak[39m}[36mif[39m([36mthis[39m[33m.[39mtype[33m===[39m[33mA[39m[33m.[39mellipsis){s[33m=[39m[36mthis[39m[33m.[39mstart[33m,[39mu[33m.[39mpush([36mthis[39m[33m.[39mparseParenI
[23mtem([36mthis[39m[33m.[39mparseRestBinding()))[33m,[39m[36mthis[39m[33m.[39mtype[33m===[39m[33mA[39m[33m.[39mcomma[33m&&[39m[36mthis[39m[33m.[39mraise([36mthis[39m[33m.[39mstart[33m,[39m[32m"Comma
[23mis not permitted after the rest
[23melement"[39m)[33m;[39m[36mbreak[39m}u[33m.[39mpush([36mthis[39m[33m.[39mparseMaybeAssign([33m![39m[35m1[39m[33m,[39mp[33m,[39m[36mthis[39m[33m.[39mparseParenItem))}[36mvar[39m
[23mf[33m=[39m[36mthis[39m[33m.[39mstart[33m,[39mm[33m=[39m[36mthis[39m[33m.[39mstartLoc[33m;[39m[36mif[39m([36mthis[39m[33m.[39mexpect([33mA[39m[33m.[39mparenR)[33m,[39me[33m&&[39m[33m![39m[36mthis[39m[33m.[39mcanInsertSemicolo
[23mn()[33m&&[39m[36mthis[39m[33m.[39meat([33mA[39m[33m.[39marrow))[36mreturn[39m [36mthis[39m[33m.[39mcheckPatternErrors(p[33m,[39m[33m![39m[35m1[39m)[33m,[39m[36mthis[39m[33m.[39mcheckYieldAwait
[23mInDefaultParams()[33m,[39m[36mthis[39m[33m.[39myieldPos[33m=[39mh[33m,[39m[36mthis[39m[33m.[39mawaitPos[33m=[39md[33m,[39m[36mthis[39m[33m.[39mparseParenArrowList(n[33m,[39mr[33m,[39mu
[23m)[33m;[39mu[33m.[39mlength[33m&&[39m[33m![39mc[33m||[39m[36mthis[39m[33m.[39munexpected([36mthis[39m[33m.[39mlastTokStart)[33m,[39ms[33m&&[39m[36mthis[39m[33m.[39munexpected(s)[33m,[39m[36mthis[39m[33m.[39mch
[23meckExpressionErrors(p[33m,[39m[33m![39m[35m0[39m)[33m,[39m[36mthis[39m[33m.[39myieldPos[33m=[39mh[33m||[39m[36mthis[39m[33m.[39myieldPos[33m,[39m[36mthis[39m[33m.[39mawaitPos[33m=[39md[33m||[39m[36mthis[39m[33m.[39ma
[23mwaitPos[33m,[39mu[33m.[39mlength[33m>[39m[35m1[39m[33m?[39m((t[33m=[39m[36mthis[39m[33m.[39mstartNodeAt(a[33m,[39mo))[33m.[39mexpressions[33m=[39mu[33m,[39m[36mthis[39m[33m.[39mfinishNodeAt(t[33m,
[23m[39m[32m"SequenceExpression"[39m[33m,[39mf[33m,[39mm))[33m:[39mt[33m=[39mu[[35m0[39m]}[36melse[39m
[23mt[33m=[39m[36mthis[39m[33m.[39mparseParenExpression()[33m;[39m[36mif[39m([36mthis[39m[33m.[39moptions[33m.[39mpreserveParens){[36mvar[39m
[23mg[33m=[39m[36mthis[39m[33m.[39mstartNodeAt(n[33m,[39mr)[33m;[39m[36mreturn[39m
[23mg[33m.[39mexpression[33m=[39mt[33m,[39m[36mthis[39m[33m.[39mfinishNode(g[33m,[39m[32m"ParenthesizedExpression"[39m)}[36mreturn[39m
[23mt}[33m,[39m[33mQ[39m[33m.[39mparseParenItem[33m=[39m[36mfunction[39m(e){[36mreturn[39m
[23me}[33m,[39m[33mQ[39m[33m.[39mparseParenArrowList[33m=[39m[36mfunction[39m(e[33m,[39mt[33m,[39mn){[36mreturn[39m
[23m[36mthis[39m[33m.[39mparseArrowExpression([36mthis[39m[33m.[39mstartNodeAt(e[33m,[39mt)[33m,[39mn)}[33m;[39m[36mvar[39m [33mK[39m[33m=[39m[][33m;[39m[33mQ[39m[33m.[39mparseNew[33m=[39m[36mfunction
[23m[39m(){[36mthis[39m[33m.[39mcontainsEsc[33m&&[39m[36mthis[39m[33m.[39mraiseRecoverable([36mthis[39m[33m.[39mstart[33m,[39m[32m"Escape sequence in
[23mkeyword new"[39m)[33m;[39m[36mvar[39m e[33m=[39m[36mthis[39m[33m.[39mstartNode()[33m,[39mt[33m=[39m[36mthis[39m[33m.[39mparseIdent([33m![39m[35m0[39m)[33m;[39m[36mif[39m([36mthis[39m[33m.[39moptions[33m.[39mecmaV
[23mersion[33m>=[39m[35m6[39m[33m&&[39m[36mthis[39m[33m.[39meat([33mA[39m[33m.[39mdot)){e[33m.[39mmeta[33m=[39mt[33m;[39m[36mvar[39m n[33m=[39m[36mthis[39m[33m.[39mcontainsEsc[33m;[39m[36mreturn[39m
[23me[33m.[39mproperty[33m=[39m[36mthis[39m[33m.[39mparseIdent([33m![39m[35m0[39m)[33m,[39m[32m"target"[39m[33m!==[39me[33m.[39mproperty[33m.[39mname[33m&&[39m[36mthis[39m[33m.[39mraiseRecoverable
[23m(e[33m.[39mproperty[33m.[39mstart[33m,[39m[32m"The only valid meta property for new is
[23m'new.target'"[39m)[33m,[39mn[33m&&[39m[36mthis[39m[33m.[39mraiseRecoverable(e[33m.[39mstart[33m,[39m[32m"'new.target' must not contain
[23mescaped characters"[39m)[33m,[39m[36mthis[39m[33m.[39minNonArrowFunction[33m||[39m[36mthis[39m[33m.[39mraiseRecoverable(e[33m.[39mstart[33m,[39m[32m"'ne
[23mw.target' can only be used in functions"[39m)[33m,[39m[36mthis[39m[33m.[39mfinishNode(e[33m,[39m[32m"MetaProperty"[39m)}[36mvar[39m
[23mr[33m=[39m[36mthis[39m[33m.[39mstart[33m,[39mi[33m=[39m[36mthis[39m[33m.[39mstartLoc[33m,[39ms[33m=[39m[36mthis[39m[33m.[39mtype[33m===[39m[33mA[39m[33m.[39m_import[33m;[39m[36mreturn[39m
[23me[33m.[39mcallee[33m=[39m[36mthis[39m[33m.[39mparseSubscripts([36mthis[39m[33m.[39mparseExprAtom()[33m,[39mr[33m,[39mi[33m,[39m[33m![39m[35m0[39m)[33m,[39ms[33m&&[39m[32m"ImportExpression"
[23m[39m[33m===[39me[33m.[39mcallee[33m.[39mtype[33m&&[39m[36mthis[39m[33m.[39mraise(r[33m,[39m[32m"Cannot use new with
[23mimport()"[39m)[33m,[39m[36mthis[39m[33m.[39meat([33mA[39m[33m.[39mparenL)[33m?[39me[33m.[39marguments[33m=[39m[36mthis[39m[33m.[39mparseExprList([33mA[39m[33m.[39mparenR[33m,[39m[36mthis[39m[33m.[39moptio
[23mns[33m.[39mecmaVersion[33m>=[39m[35m8[39m[33m,[39m[33m![39m[35m1[39m)[33m:[39me[33m.[39marguments[33m=[39m[33mK[39m[33m,[39m[36mthis[39m[33m.[39mfinishNode(e[33m,[39m[32m"NewExpression"[39m)}[33m,[39m[33mQ[39m[33m.[39mparseT
[23memplateElement[33m=[39m[36mfunction[39m(e){[36mvar[39m t[33m=[39me[33m.[39misTagged[33m,[39mn[33m=[39m[36mthis[39m[33m.[39mstartNode()[33m;[39m[36mreturn[39m
[23m[36mthis[39m[33m.[39mtype[33m===[39m[33mA[39m[33m.[39minvalidTemplate[33m?[39m(t[33m||[39m[36mthis[39m[33m.[39mraiseRecoverable([36mthis[39m[33m.[39mstart[33m,[39m[32m"Bad escape
[23msequence in untagged template literal"[39m)[33m,[39mn[33m.[39mvalue[33m=[39m{raw[33m:[39m[36mthis[39m[33m.[39mvalue[33m,[39mcooked[33m:[39m[36mnull[39m})[33m:[39mn[33m.
[23m[39mvalue[33m=[39m{raw[33m:[39m[36mthis[39m[33m.[39minput[33m.[39mslice([36mthis[39m[33m.[39mstart[33m,[39m[36mthis[39m[33m.[39mend)[33m.[39mreplace([35m/\r\n?/g[39m[33m,[39m[32m"\n"[39m)[33m,[39mcooked[33m:[39m[36mt
[23mhis[39m[33m.[39mvalue}[33m,[39m[36mthis[39m[33m.[39mnext()[33m,[39mn[33m.[39mtail[33m=[39m[36mthis[39m[33m.[39mtype[33m===[39m[33mA[39m[33m.[39mbackQuote[33m,[39m[36mthis[39m[33m.[39mfinishNode(n[33m,[39m[32m"Templat
[23meElement"[39m)}[33m,[39m[33mQ[39m[33m.[39mparseTemplate[33m=[39m[36mfunction[39m(e){[36mvoid[39m [35m0[39m[33m===[39me[33m&&[39m(e[33m=[39m{})[33m;[39m[36mvar[39m t[33m=[39me[33m.[39misTagged[33m;[39m[36mvoid[39m
[23m [35m0[39m[33m===[39mt[33m&&[39m(t[33m=[39m[33m![39m[35m1[39m)[33m;[39m[36mvar[39m n[33m=[39m[36mthis[39m[33m.[39mstartNode()[33m;[39m[36mthis[39m[33m.[39mnext()[33m,[39mn[33m.[39mexpressions[33m=[39m[][33m;[39m[36mvar[39m
[23mr[33m=[39m[36mthis[39m[33m.[39mparseTemplateElement({isTagged[33m:[39mt})[33m;[39m[36mfor[39m(n[33m.[39mquasis[33m=[39m[r][33m;[39m[33m![39mr[33m.[39mtail[33m;[39m)[36mthis[39m[33m.[39mtype[33m===
[23m[39m[33mA[39m[33m.[39meof[33m&&[39m[36mthis[39m[33m.[39mraise([36mthis[39m[33m.[39mpos[33m,[39m[32m"Unterminated template literal"[39m)[33m,[39m[36mthis[39m[33m.[39mexpect([33mA[39m[33m.[39mdollar
[23mBraceL)[33m,[39mn[33m.[39mexpressions[33m.[39mpush([36mthis[39m[33m.[39mparseExpression())[33m,[39m[36mthis[39m[33m.[39mexpect([33mA[39m[33m.[39mbraceR)[33m,[39mn[33m.[39mquasi
[23ms[33m.[39mpush(r[33m=[39m[36mthis[39m[33m.[39mparseTemplateElement({isTagged[33m:[39mt}))[33m;[39m[36mreturn[39m
[23m[36mthis[39m[33m.[39mnext()[33m,[39m[36mthis[39m[33m.[39mfinishNode(n[33m,[39m[32m"TemplateLiteral"[39m)}[33m,[39m[33mQ[39m[33m.[39misAsyncProp[33m=[39m[36mfunction[39m(e){[36mretu
[23mrn[39m[33m![39me[33m.[39mcomputed[33m&&[39m[32m"Identifier"[39m[33m===[39me[33m.[39mkey[33m.[39mtype[33m&&[39m[32m"async"[39m[33m===[39me[33m.[39mkey[33m.[39mname[33m&&[39m([36mthis[39m[33m.[39mtype[33m===[39m[33mA[39m[33m.[39mn
[23mame[33m||[39m[36mthis[39m[33m.[39mtype[33m===[39m[33mA[39m[33m.[39mnum[33m||[39m[36mthis[39m[33m.[39mtype[33m===[39m[33mA[39m[33m.[39mstring[33m||[39m[36mthis[39m[33m.[39mtype[33m===[39m[33mA[39m[33m.[39mbracketL[33m||[39m[36mthis[39m[33m.[39mtype[33m.
[23m[39mkeyword[33m||[39m[36mthis[39m[33m.[39moptions[33m.[39mecmaVersion[33m>=[39m[35m9[39m[33m&&[39m[36mthis[39m[33m.[39mtype[33m===[39m[33mA[39m[33m.[39mstar)[33m&&[39m[33m![39mb[33m.[39mtest([36mthis[39m[33m.[39minput[33m.[39msl
[23mice([36mthis[39m[33m.[39mlastTokEnd[33m,[39m[36mthis[39m[33m.[39mstart))}[33m,[39m[33mQ[39m[33m.[39mparseObj[33m=[39m[36mfunction[39m(e[33m,[39mt){[36mvar[39m n[33m=[39m[36mthis[39m[33m.[39mstartNode(
[23m)[33m,[39mr[33m=[39m[33m![39m[35m0[39m[33m,[39mi[33m=[39m{}[33m;[39m[36mfor[39m(n[33m.[39mproperties[33m=[39m[][33m,[39m[36mthis[39m[33m.[39mnext()[33m;[39m[33m![39m[36mthis[39m[33m.[39meat([33mA[39m[33m.[39mbraceR)[33m;[39m){[36mif[39m(r)r[33m=[39m[33m![39m[35m1[39m[33m;[39m[36melse[39m
[23m [36mif[39m([36mthis[39m[33m.[39mexpect([33mA[39m[33m.[39mcomma)[33m,[39m[36mthis[39m[33m.[39moptions[33m.[39mecmaVersion[33m>=[39m[35m5[39m[33m&&[39m[36mthis[39m[33m.[39mafterTrailingComma([33mA[39m[33m.
[23m[39mbraceR))[36mbreak[39m[33m;[39m[36mvar[39m s[33m=[39m[36mthis[39m[33m.[39mparseProperty(e[33m,[39mt)[33m;[39me[33m||[39m[36mthis[39m[33m.[39mcheckPropClash(s[33m,[39mi[33m,[39mt)[33m,[39mn[33m.[39mprop
[23merties[33m.[39mpush(s)}[36mreturn[39m [36mthis[39m[33m.[39mfinishNode(n[33m,[39me[33m?[39m[32m"ObjectPattern"[39m[33m:[39m[32m"ObjectExpression"[39m)}[33m,[39m[33mQ
[23m[39m[33m.[39mparseProperty[33m=[39m[36mfunction[39m(e[33m,[39mt){[36mvar[39m n[33m,[39mr[33m,[39mi[33m,[39ms[33m,[39ma[33m=[39m[36mthis[39m[33m.[39mstartNode()[33m;[39m[36mif[39m([36mthis[39m[33m.[39moptions[33m.[39mecma
[23mVersion[33m>=[39m[35m9[39m[33m&&[39m[36mthis[39m[33m.[39meat([33mA[39m[33m.[39mellipsis))[36mreturn[39m e[33m?[39m(a[33m.[39margument[33m=[39m[36mthis[39m[33m.[39mparseIdent([33m![39m[35m1[39m)[33m,[39m[36mthis[39m[33m.[39mt
[23mype[33m===[39m[33mA[39m[33m.[39mcomma[33m&&[39m[36mthis[39m[33m.[39mraise([36mthis[39m[33m.[39mstart[33m,[39m[32m"Comma is not permitted after the rest
[23melement"[39m)[33m,[39m[36mthis[39m[33m.[39mfinishNode(a[33m,[39m[32m"RestElement"[39m))[33m:[39m([36mthis[39m[33m.[39mtype[33m===[39m[33mA[39m[33m.[39mparenL[33m&&[39mt[33m&&[39m(t[33m.[39mparenth
[23mesizedAssign[33m<[39m[35m0[39m[33m&&[39m(t[33m.[39mparenthesizedAssign[33m=[39m[36mthis[39m[33m.[39mstart)[33m,[39mt[33m.[39mparenthesizedBind[33m<[39m[35m0[39m[33m&&[39m(t[33m.[39mpar
[23menthesizedBind[33m=[39m[36mthis[39m[33m.[39mstart))[33m,[39ma[33m.[39margument[33m=[39m[36mthis[39m[33m.[39mparseMaybeAssign([33m![39m[35m1[39m[33m,[39mt)[33m,[39m[36mthis[39m[33m.[39mtype[33m===[39m[33mA
[23m[39m[33m.[39mcomma[33m&&[39mt[33m&&[39mt[33m.[39mtrailingComma[33m<[39m[35m0[39m[33m&&[39m(t[33m.[39mtrailingComma[33m=[39m[36mthis[39m[33m.[39mstart)[33m,[39m[36mthis[39m[33m.[39mfinishNode(a[33m,[39m[32m"Sp
[23mreadElement"[39m))[33m;[39m[36mthis[39m[33m.[39moptions[33m.[39mecmaVersion[33m>=[39m[35m6[39m[33m&&[39m(a[33m.[39mmethod[33m=[39m[33m![39m[35m1[39m[33m,[39ma[33m.[39mshorthand[33m=[39m[33m![39m[35m1[39m[33m,[39m(e[33m||[39mt)[33m&&
[23m[39m(i[33m=[39m[36mthis[39m[33m.[39mstart[33m,[39ms[33m=[39m[36mthis[39m[33m.[39mstartLoc)[33m,[39me[33m||[39m(n[33m=[39m[36mthis[39m[33m.[39meat([33mA[39m[33m.[39mstar)))[33m;[39m[36mvar[39m
[23mo[33m=[39m[36mthis[39m[33m.[39mcontainsEsc[33m;[39m[36mreturn[39m
[23m[36mthis[39m[33m.[39mparsePropertyName(a)[33m,[39m[33m![39me[33m&&[39m[33m![39mo[33m&&[39m[36mthis[39m[33m.[39moptions[33m.[39mecmaVersion[33m>=[39m[35m8[39m[33m&&[39m[33m![39mn[33m&&[39m[36mthis[39m[33m.[39misAsyncP
[23mrop(a)[33m?[39m(r[33m=[39m[33m![39m[35m0[39m[33m,[39mn[33m=[39m[36mthis[39m[33m.[39moptions[33m.[39mecmaVersion[33m>=[39m[35m9[39m[33m&&[39m[36mthis[39m[33m.[39meat([33mA[39m[33m.[39mstar)[33m,[39m[36mthis[39m[33m.[39mparsePropertyN
[23mame(a[33m,[39mt))[33m:[39mr[33m=[39m[33m![39m[35m1[39m[33m,[39m[36mthis[39m[33m.[39mparsePropertyValue(a[33m,[39me[33m,[39mn[33m,[39mr[33m,[39mi[33m,[39ms[33m,[39mt[33m,[39mo)[33m,[39m[36mthis[39m[33m.[39mfinishNode(a[33m,[39m[32m"Prope
[23mrty"[39m)}[33m,[39m[33mQ[39m[33m.[39mparsePropertyValue[33m=[39m[36mfunction[39m(e[33m,[39mt[33m,[39mn[33m,[39mr[33m,[39mi[33m,[39ms[33m,[39ma[33m,[39mo){[36mif[39m((n[33m||[39mr)[33m&&[39m[36mthis[39m[33m.[39mtype[33m===[39m[33mA[39m[33m.[39mc
[23molon[33m&&[39m[36mthis[39m[33m.[39munexpected()[33m,[39m[36mthis[39m[33m.[39meat([33mA[39m[33m.[39mcolon))e[33m.[39mvalue[33m=[39mt[33m?[39m[36mthis[39m[33m.[39mparseMaybeDefault([36mthis[39m[33m.
[23m[39mstart[33m,[39m[36mthis[39m[33m.[39mstartLoc)[33m:[39m[36mthis[39m[33m.[39mparseMaybeAssign([33m![39m[35m1[39m[33m,[39ma)[33m,[39me[33m.[39mkind[33m=[39m[32m"init"[39m[33m;[39m[36melse[39m
[23m[36mif[39m([36mthis[39m[33m.[39moptions[33m.[39mecmaVersion[33m>=[39m[35m6[39m[33m&&[39m[36mthis[39m[33m.[39mtype[33m===[39m[33mA[39m[33m.[39mparenL)t[33m&&[39m[36mthis[39m[33m.[39munexpected()[33m,[39me[33m.[39mkind
[23m[33m=[39m[32m"init"[39m[33m,[39me[33m.[39mmethod[33m=[39m[33m![39m[35m0[39m[33m,[39me[33m.[39mvalue[33m=[39m[36mthis[39m[33m.[39mparseMethod(n[33m,[39mr)[33m;[39m[36melse[39m [36mif[39m(t[33m||[39mo[33m||[39m[33m![39m([36mthis[39m[33m.[39moptions[33m.[39me
[23mcmaVersion[33m>=[39m[35m5[39m)[33m||[39me[33m.[39mcomputed[33m||[39m[32m"Identifier"[39m[33m!==[39me[33m.[39mkey[33m.[39mtype[33m||[39m[32m"get"[39m[33m!==[39me[33m.[39mkey[33m.[39mname[33m&&[39m[32m"set"
[23m[39m[33m!==[39me[33m.[39mkey[33m.[39mname[33m||[39m[36mthis[39m[33m.[39mtype[33m===[39m[33mA[39m[33m.[39mcomma[33m||[39m[36mthis[39m[33m.[39mtype[33m===[39m[33mA[39m[33m.[39mbraceR[33m||[39m[36mthis[39m[33m.[39mtype[33m===[39m[33mA[39m[33m.[39meq)[36mthis[39m[33m.
[23m[39moptions[33m.[39mecmaVersion[33m>=[39m[35m6[39m[33m&&[39m[33m![39me[33m.[39mcomputed[33m&&[39m[32m"Identifier"[39m[33m===[39me[33m.[39mkey[33m.[39mtype[33m?[39m((n[33m||[39mr)[33m&&[39m[36mthis[39m[33m.[39mune
[23mxpected()[33m,[39m[36mthis[39m[33m.[39mcheckUnreserved(e[33m.[39mkey)[33m,[39m[32m"await"[39m[33m!==[39me[33m.[39mkey[33m.[39mname[33m||[39m[36mthis[39m[33m.[39mawaitIdentPos[33m||
[23m[39m([36mthis[39m[33m.[39mawaitIdentPos[33m=[39mi)[33m,[39me[33m.[39mkind[33m=[39m[32m"init"[39m[33m,[39mt[33m?[39me[33m.[39mvalue[33m=[39m[36mthis[39m[33m.[39mparseMaybeDefault(i[33m,[39ms[33m,[39m[36mthis[39m[33m.[39mc
[23mopyNode(e[33m.[39mkey))[33m:[39m[36mthis[39m[33m.[39mtype[33m===[39m[33mA[39m[33m.[39meq[33m&&[39ma[33m?[39m(a[33m.[39mshorthandAssign[33m<[39m[35m0[39m[33m&&[39m(a[33m.[39mshorthandAssign[33m=[39m[36mthi
[23ms[39m[33m.[39mstart)[33m,[39me[33m.[39mvalue[33m=[39m[36mthis[39m[33m.[39mparseMaybeDefault(i[33m,[39ms[33m,[39m[36mthis[39m[33m.[39mcopyNode(e[33m.[39mkey)))[33m:[39me[33m.[39mvalue[33m=[39m[36mthis[39m[33m.
[23m[39mcopyNode(e[33m.[39mkey)[33m,[39me[33m.[39mshorthand[33m=[39m[33m![39m[35m0[39m)[33m:[39m[36mthis[39m[33m.[39munexpected()[33m;[39m[36melse[39m{(n[33m||[39mr)[33m&&[39m[36mthis[39m[33m.[39munexpected()
[23m[33m,[39me[33m.[39mkind[33m=[39me[33m.[39mkey[33m.[39mname[33m,[39m[36mthis[39m[33m.[39mparsePropertyName(e)[33m,[39me[33m.[39mvalue[33m=[39m[36mthis[39m[33m.[39mparseMethod([33m![39m[35m1[39m)[33m;[39m[36mvar[39m
[23mu[33m=[39m[32m"get"[39m[33m===[39me[33m.[39mkind[33m?[39m[35m0[39m[33m:[39m[35m1[39m[33m;[39m[36mif[39m(e[33m.[39mvalue[33m.[39mparams[33m.[39mlength[33m!==[39mu){[36mvar[39m
[23ml[33m=[39me[33m.[39mvalue[33m.[39mstart[33m;[39m[32m"get"[39m[33m===[39me[33m.[39mkind[33m?[39m[36mthis[39m[33m.[39mraiseRecoverable(l[33m,[39m[32m"getter should have no
[23mparams"[39m)[33m:[39m[36mthis[39m[33m.[39mraiseRecoverable(l[33m,[39m[32m"setter should have exactly one
[23mparam"[39m)}[36melse[39m[32m"set"[39m[33m===[39me[33m.[39mkind[33m&&[39m[32m"RestElement"[39m[33m===[39me[33m.[39mvalue[33m.[39mparams[[35m0[39m][33m.[39mtype[33m&&[39m[36mthis[39m[33m.[39mraiseRe
[23mcoverable(e[33m.[39mvalue[33m.[39mparams[[35m0[39m][33m.[39mstart[33m,[39m[32m"Setter cannot use rest
[23mparams"[39m)}}[33m,[39m[33mQ[39m[33m.[39mparsePropertyName[33m=[39m[36mfunction[39m(e){[36mif[39m([36mthis[39m[33m.[39moptions[33m.[39mecmaVersion[33m>=[39m[35m6[39m){[36mif[39m([36mth
[23mis[39m[33m.[39meat([33mA[39m[33m.[39mbracketL))[36mreturn[39m e[33m.[39mcomputed[33m=[39m[33m![39m[35m0[39m[33m,[39me[33m.[39mkey[33m=[39m[36mthis[39m[33m.[39mparseMaybeAssign()[33m,[39m[36mthis[39m[33m.[39mexpec
[23mt([33mA[39m[33m.[39mbracketR)[33m,[39me[33m.[39mkey[33m;[39me[33m.[39mcomputed[33m=[39m[33m![39m[35m1[39m}[36mreturn[39m
[23me[33m.[39mkey[33m=[39m[36mthis[39m[33m.[39mtype[33m===[39m[33mA[39m[33m.[39mnum[33m||[39m[36mthis[39m[33m.[39mtype[33m===[39m[33mA[39m[33m.[39mstring[33m?[39m[36mthis[39m[33m.[39mparseExprAtom()[33m:[39m[36mthis[39m[33m.[39mparseIde
[23mnt([32m"never"[39m[33m!==[39m[36mthis[39m[33m.[39moptions[33m.[39mallowReserved)}[33m,[39m[33mQ[39m[33m.[39minitFunction[33m=[39m[36mfunction[39m(e){e[33m.[39mid[33m=[39m[36mnull[39m[33m,[39m[36mt
[23mhis[39m[33m.[39moptions[33m.[39mecmaVersion[33m>=[39m[35m6[39m[33m&&[39m(e[33m.[39mgenerator[33m=[39me[33m.[39mexpression[33m=[39m[33m![39m[35m1[39m)[33m,[39m[36mthis[39m[33m.[39moptions[33m.[39mecmaVersi
[23mon[33m>=[39m[35m8[39m[33m&&[39m(e[33m.[39m[36masync[39m[33m=[39m[33m![39m[35m1[39m)}[33m,[39m[33mQ[39m[33m.[39mparseMethod[33m=[39m[36mfunction[39m(e[33m,[39mt[33m,[39mn){[36mvar[39m
[23mr[33m=[39m[36mthis[39m[33m.[39mstartNode()[33m,[39mi[33m=[39m[36mthis[39m[33m.[39myieldPos[33m,[39ms[33m=[39m[36mthis[39m[33m.[39mawaitPos[33m,[39ma[33m=[39m[36mthis[39m[33m.[39mawaitIdentPos[33m;[39m[36mreturn[39m
[23m[36mthis[39m[33m.[39minitFunction(r)[33m,[39m[36mthis[39m[33m.[39moptions[33m.[39mecmaVersion[33m>=[39m[35m6[39m[33m&&[39m(r[33m.[39mgenerator[33m=[39me)[33m,[39m[36mthis[39m[33m.[39moptions[33m.[39me
[23mcmaVersion[33m>=[39m[35m8[39m[33m&&[39m(r[33m.[39m[36masync[39m[33m=[39m[33m![39m[33m![39mt)[33m,[39m[36mthis[39m[33m.[39myieldPos[33m=[39m[35m0[39m[33m,[39m[36mthis[39m[33m.[39mawaitPos[33m=[39m[35m0[39m[33m,[39m[36mthis[39m[33m.[39mawaitIdentPos[33m=
[23m[39m[35m0[39m[33m,[39m[36mthis[39m[33m.[39menterScope([35m64[39m[33m|[39m[33mM[39m(t[33m,[39mr[33m.[39mgenerator)[33m|[39m(n[33m?[39m[35m128[39m[33m:[39m[35m0[39m))[33m,[39m[36mthis[39m[33m.[39mexpect([33mA[39m[33m.[39mparenL)[33m,[39mr[33m.[39mparams[33m=
[23m[39m[36mthis[39m[33m.[39mparseBindingList([33mA[39m[33m.[39mparenR[33m,[39m[33m![39m[35m1[39m[33m,[39m[36mthis[39m[33m.[39moptions[33m.[39mecmaVersion[33m>=[39m[35m8[39m)[33m,[39m[36mthis[39m[33m.[39mcheckYieldAw
[23maitInDefaultParams()[33m,[39m[36mthis[39m[33m.[39mparseFunctionBody(r[33m,[39m[33m![39m[35m1[39m[33m,[39m[33m![39m[35m0[39m)[33m,[39m[36mthis[39m[33m.[39myieldPos[33m=[39mi[33m,[39m[36mthis[39m[33m.[39mawaitP
[23mos[33m=[39ms[33m,[39m[36mthis[39m[33m.[39mawaitIdentPos[33m=[39ma[33m,[39m[36mthis[39m[33m.[39mfinishNode(r[33m,[39m[32m"FunctionExpression"[39m)}[33m,[39m[33mQ[39m[33m.[39mparseArrowE
[23mxpression[33m=[39m[36mfunction[39m(e[33m,[39mt[33m,[39mn){[36mvar[39m
[23mr[33m=[39m[36mthis[39m[33m.[39myieldPos[33m,[39mi[33m=[39m[36mthis[39m[33m.[39mawaitPos[33m,[39ms[33m=[39m[36mthis[39m[33m.[39mawaitIdentPos[33m;[39m[36mreturn[39m
[23m[36mthis[39m[33m.[39menterScope([35m16[39m[33m|[39m[33mM[39m(n[33m,[39m[33m![39m[35m1[39m))[33m,[39m[36mthis[39m[33m.[39minitFunction(e)[33m,[39m[36mthis[39m[33m.[39moptions[33m.[39mecmaVersion[33m>=[39m[35m8[39m[33m&&[39m(e
[23m[33m.[39m[36masync[39m[33m=[39m[33m![39m[33m![39mn)[33m,[39m[36mthis[39m[33m.[39myieldPos[33m=[39m[35m0[39m[33m,[39m[36mthis[39m[33m.[39mawaitPos[33m=[39m[35m0[39m[33m,[39m[36mthis[39m[33m.[39mawaitIdentPos[33m=[39m[35m0[39m[33m,[39me[33m.[39mparams[33m=[39m[36mthis[39m[33m.[39mt
[23moAssignableList(t[33m,[39m[33m![39m[35m0[39m)[33m,[39m[36mthis[39m[33m.[39mparseFunctionBody(e[33m,[39m[33m![39m[35m0[39m[33m,[39m[33m![39m[35m1[39m)[33m,[39m[36mthis[39m[33m.[39myieldPos[33m=[39mr[33m,[39m[36mthis[39m[33m.[39mawait
[23mPos[33m=[39mi[33m,[39m[36mthis[39m[33m.[39mawaitIdentPos[33m=[39ms[33m,[39m[36mthis[39m[33m.[39mfinishNode(e[33m,[39m[32m"ArrowFunctionExpression"[39m)}[33m,[39m[33mQ[39m[33m.[39mparse
[23mFunctionBody[33m=[39m[36mfunction[39m(e[33m,[39mt[33m,[39mn){[36mvar[39m
[23mr[33m=[39mt[33m&&[39m[36mthis[39m[33m.[39mtype[33m!==[39m[33mA[39m[33m.[39mbraceL[33m,[39mi[33m=[39m[36mthis[39m[33m.[39mstrict[33m,[39ms[33m=[39m[33m![39m[35m1[39m[33m;[39m[36mif[39m(r)e[33m.[39mbody[33m=[39m[36mthis[39m[33m.[39mparseMaybeAssign()
[23m[33m,[39me[33m.[39mexpression[33m=[39m[33m![39m[35m0[39m[33m,[39m[36mthis[39m[33m.[39mcheckParams(e[33m,[39m[33m![39m[35m1[39m)[33m;[39m[36melse[39m{[36mvar[39m
[23ma[33m=[39m[36mthis[39m[33m.[39moptions[33m.[39mecmaVersion[33m>=[39m[35m7[39m[33m&&[39m[33m![39m[36mthis[39m[33m.[39misSimpleParamList(e[33m.[39mparams)[33m;[39mi[33m&&[39m[33m![39ma[33m||[39m(s[33m=[39m[36mthis[39m[33m.
[23m[39mstrictDirective([36mthis[39m[33m.[39mend))[33m&&[39ma[33m&&[39m[36mthis[39m[33m.[39mraiseRecoverable(e[33m.[39mstart[33m,[39m[32m"Illegal 'use
[23mstrict' directive in function with non-simple parameter list"[39m)[33m;[39m[36mvar[39m
[23mo[33m=[39m[36mthis[39m[33m.[39mlabels[33m;[39m[36mthis[39m[33m.[39mlabels[33m=[39m[][33m,[39ms[33m&&[39m([36mthis[39m[33m.[39mstrict[33m=[39m[33m![39m[35m0[39m)[33m,[39m[36mthis[39m[33m.[39mcheckParams(e[33m,[39m[33m![39mi[33m&&[39m[33m![39ms[33m&&[39m[33m![39mt[33m&&
[23m[39m[33m![39mn[33m&&[39m[36mthis[39m[33m.[39misSimpleParamList(e[33m.[39mparams))[33m,[39m[36mthis[39m[33m.[39mstrict[33m&&[39me[33m.[39mid[33m&&[39m[36mthis[39m[33m.[39mcheckLValSimple(e[33m.
[23m[39mid[33m,[39m[35m5[39m)[33m,[39me[33m.[39mbody[33m=[39m[36mthis[39m[33m.[39mparseBlock([33m![39m[35m1[39m[33m,[39m[36mvoid[39m
[23m[35m0[39m[33m,[39ms[33m&&[39m[33m![39mi)[33m,[39me[33m.[39mexpression[33m=[39m[33m![39m[35m1[39m[33m,[39m[36mthis[39m[33m.[39madaptDirectivePrologue(e[33m.[39mbody[33m.[39mbody)[33m,[39m[36mthis[39m[33m.[39mlabels[33m=[39mo}
[23m[36mthis[39m[33m.[39mexitScope()}[33m,[39m[33mQ[39m[33m.[39misSimpleParamList[33m=[39m[36mfunction[39m(e){[36mfor[39m([36mvar[39m
[23mt[33m=[39m[35m0[39m[33m,[39mn[33m=[39me[33m;[39mt[33m<[39m[33mn[39m[33m.[39mlength[33m;[39mt[33m+=[39m[35m1[39m)[36mif[39m([32m"Identifier"[39m[33m!==[39mn[t][33m.[39mtype)[36mreturn[39m[33m![39m[35m1[39m[33m;[39m[36mreturn[39m[33m![39m[35m0[39m}[33m,[39m[33mQ[39m[33m.[39mcheckPa
[23mrams[33m=[39m[36mfunction[39m(e[33m,[39mt){[36mfor[39m([36mvar[39m
[23mn[33m=[39m[33mObject[39m[33m.[39mcreate([36mnull[39m)[33m,[39mr[33m=[39m[35m0[39m[33m,[39mi[33m=[39me[33m.[39mparams[33m;[39mr[33m<[39m[33mi[39m[33m.[39mlength[33m;[39mr[33m+=[39m[35m1[39m){[36mvar[39m s[33m=[39mi[r][33m;[39m[36mthis[39m[33m.[39mcheckLValI
[23mnnerPattern(s[33m,[39m[35m1[39m[33m,[39mt[33m?[39m[36mnull[39m[33m:[39mn)}}[33m,[39m[33mQ[39m[33m.[39mparseExprList[33m=[39m[36mfunction[39m(e[33m,[39mt[33m,[39mn[33m,[39mr){[36mfor[39m([36mvar[39m
[23mi[33m=[39m[][33m,[39ms[33m=[39m[33m![39m[35m0[39m[33m;[39m[33m![39m[36mthis[39m[33m.[39meat(e)[33m;[39m){[36mif[39m(s)s[33m=[39m[33m![39m[35m1[39m[33m;[39m[36melse[39m
[23m[36mif[39m([36mthis[39m[33m.[39mexpect([33mA[39m[33m.[39mcomma)[33m,[39mt[33m&&[39m[36mthis[39m[33m.[39mafterTrailingComma(e))[36mbreak[39m[33m;[39m[36mvar[39m a[33m=[39m[36mvoid[39m
[23m[35m0[39m[33m;[39mn[33m&&[39m[36mthis[39m[33m.[39mtype[33m===[39m[33mA[39m[33m.[39mcomma[33m?[39ma[33m=[39m[36mnull[39m[33m:[39m[36mthis[39m[33m.[39mtype[33m===[39m[33mA[39m[33m.[39mellipsis[33m?[39m(a[33m=[39m[36mthis[39m[33m.[39mparseSpread(r)[33m,[39mr[33m&
[23m&[39m[36mthis[39m[33m.[39mtype[33m===[39m[33mA[39m[33m.[39mcomma[33m&&[39mr[33m.[39mtrailingComma[33m<[39m[35m0[39m[33m&&[39m(r[33m.[39mtrailingComma[33m=[39m[36mthis[39m[33m.[39mstart))[33m:[39ma[33m=[39m[36mthis[39m[33m.[39mpa
[23mrseMaybeAssign([33m![39m[35m1[39m[33m,[39mr)[33m,[39mi[33m.[39mpush(a)}[36mreturn[39m i}[33m,[39m[33mQ[39m[33m.[39mcheckUnreserved[33m=[39m[36mfunction[39m(e){[36mvar[39m
[23mt[33m=[39me[33m.[39mstart[33m,[39mn[33m=[39me[33m.[39mend[33m,[39mr[33m=[39me[33m.[39mname[33m;[39m[36mthis[39m[33m.[39minGenerator[33m&&[39m[32m"yield"[39m[33m===[39mr[33m&&[39m[36mthis[39m[33m.[39mraiseRecoverable(
[23mt[33m,[39m[32m"Cannot use 'yield' as identifier inside a
[23mgenerator"[39m)[33m,[39m[36mthis[39m[33m.[39minAsync[33m&&[39m[32m"await"[39m[33m===[39mr[33m&&[39m[36mthis[39m[33m.[39mraiseRecoverable(t[33m,[39m[32m"Cannot use
[23m'await' as identifier inside an async
[23mfunction"[39m)[33m,[39m[36mthis[39m[33m.[39mkeywords[33m.[39mtest(r)[33m&&[39m[36mthis[39m[33m.[39mraise(t[33m,[39m[32m"Unexpected keyword
[23m'"[39m[33m+[39mr[33m+[39m[32m"'"[39m)[33m,[39m[36mthis[39m[33m.[39moptions[33m.[39mecmaVersion[33m<[39m[35m6[39m[33m&&[39m[33m-[39m[35m1[39m[33m!==[39m[36mthis[39m[33m.[39minput[33m.[39mslice(t[33m,[39mn)[33m.[39mindexOf([32m"\\"[39m)[33m||
[23m[39m([36mthis[39m[33m.[39mstrict[33m?[39m[36mthis[39m[33m.[39mreservedWordsStrict[33m:[39m[36mthis[39m[33m.[39mreservedWords)[33m.[39mtest(r)[33m&&[39m([36mthis[39m[33m.[39minAsync
[23m[33m||[39m[32m"await"[39m[33m!==[39mr[33m||[39m[36mthis[39m[33m.[39mraiseRecoverable(t[33m,[39m[32m"Cannot use keyword 'await' outside an
[23masync function"[39m)[33m,[39m[36mthis[39m[33m.[39mraiseRecoverable(t[33m,[39m[32m"The keyword '"[39m[33m+[39mr[33m+[39m[32m"' is
[23mreserved"[39m))}[33m,[39m[33mQ[39m[33m.[39mparseIdent[33m=[39m[36mfunction[39m(e[33m,[39mt){[36mvar[39m n[33m=[39m[36mthis[39m[33m.[39mstartNode()[33m;[39m[36mreturn[39m
[23m[36mthis[39m[33m.[39mtype[33m===[39m[33mA[39m[33m.[39mname[33m?[39mn[33m.[39mname[33m=[39m[36mthis[39m[33m.[39mvalue[33m:[39m[36mthis[39m[33m.[39mtype[33m.[39mkeyword[33m?[39m(n[33m.[39mname[33m=[39m[36mthis[39m[33m.[39mtype[33m.[39mkeyword
[23m[33m,[39m[32m"class"[39m[33m!==[39mn[33m.[39mname[33m&&[39m[32m"function"[39m[33m!==[39mn[33m.[39mname[33m||[39m[36mthis[39m[33m.[39mlastTokEnd[33m===[39m[36mthis[39m[33m.[39mlastTokStart[33m+[39m[35m1[39m[33m&&[39m[35m4
[23m6[39m[33m===[39m[36mthis[39m[33m.[39minput[33m.[39mcharCodeAt([36mthis[39m[33m.[39mlastTokStart)[33m||[39m[36mthis[39m[33m.[39mcontext[33m.[39mpop())[33m:[39m[36mthis[39m[33m.[39munexpecte
[23md()[33m,[39m[36mthis[39m[33m.[39mnext([33m![39m[33m![39me)[33m,[39m[36mthis[39m[33m.[39mfinishNode(n[33m,[39m[32m"Identifier"[39m)[33m,[39me[33m||[39m([36mthis[39m[33m.[39mcheckUnreserved(n)[33m,[39m[32m"
[23mawait"[39m[33m!==[39mn[33m.[39mname[33m||[39m[36mthis[39m[33m.[39mawaitIdentPos[33m||[39m([36mthis[39m[33m.[39mawaitIdentPos[33m=[39mn[33m.[39mstart))[33m,[39mn}[33m,[39m[33mQ[39m[33m.[39mparseYie
[23mld[33m=[39m[36mfunction[39m(e){[36mthis[39m[33m.[39myieldPos[33m||[39m([36mthis[39m[33m.[39myieldPos[33m=[39m[36mthis[39m[33m.[39mstart)[33m;[39m[36mvar[39m
[23mt[33m=[39m[36mthis[39m[33m.[39mstartNode()[33m;[39m[36mreturn[39m
[23m[36mthis[39m[33m.[39mnext()[33m,[39m[36mthis[39m[33m.[39mtype[33m===[39m[33mA[39m[33m.[39msemi[33m||[39m[36mthis[39m[33m.[39mcanInsertSemicolon()[33m||[39m[36mthis[39m[33m.[39mtype[33m!==[39m[33mA[39m[33m.[39mstar[33m&&[39m[33m!
[23m[39m[36mthis[39m[33m.[39mtype[33m.[39mstartsExpr[33m?[39m(t[33m.[39mdelegate[33m=[39m[33m![39m[35m1[39m[33m,[39mt[33m.[39margument[33m=[39m[36mnull[39m)[33m:[39m(t[33m.[39mdelegate[33m=[39m[36mthis[39m[33m.[39meat([33mA[39m[33m.[39mstar
[23m)[33m,[39mt[33m.[39margument[33m=[39m[36mthis[39m[33m.[39mparseMaybeAssign(e))[33m,[39m[36mthis[39m[33m.[39mfinishNode(t[33m,[39m[32m"YieldExpression"[39m)}[33m,[39m[33mQ[39m[33m.[39mp
[23marseAwait[33m=[39m[36mfunction[39m(){[36mthis[39m[33m.[39mawaitPos[33m||[39m([36mthis[39m[33m.[39mawaitPos[33m=[39m[36mthis[39m[33m.[39mstart)[33m;[39m[36mvar[39m
[23me[33m=[39m[36mthis[39m[33m.[39mstartNode()[33m;[39m[36mreturn[39m [36mthis[39m[33m.[39mnext()[33m,[39me[33m.[39margument[33m=[39m[36mthis[39m[33m.[39mparseMaybeUnary([36mnull[39m[33m,[39m[33m![39m[35m0[39m)[33m,[39m[36mt
[23mhis[39m[33m.[39mfinishNode(e[33m,[39m[32m"AwaitExpression"[39m)}[33m;[39m[36mvar[39m [33mY[39m[33m=[39mj[33m.[39mprototype[33m;[39m[33mY[39m[33m.[39mraise[33m=[39m[36mfunction[39m(e[33m,[39mt){[36mvar[39m
[23m n[33m=[39m[33mL[39m([36mthis[39m[33m.[39minput[33m,[39me)[33m;[39mt[33m+=[39m[32m" ("[39m[33m+[39mn[33m.[39mline[33m+[39m[32m":"[39m[33m+[39mn[33m.[39mcolumn[33m+[39m[32m")"[39m[33m;[39m[36mvar[39m r[33m=[39m[36mnew[39m
[23m[33mSyntaxError[39m(t)[33m;[39m[36mthrow[39m r[33m.[39mpos[33m=[39me[33m,[39mr[33m.[39mloc[33m=[39mn[33m,[39mr[33m.[39mraisedAt[33m=[39m[36mthis[39m[33m.[39mpos[33m,[39mr}[33m,[39m[33mY[39m[33m.[39mraiseRecoverable[33m=[39m[33mY
[23m[39m[33m.[39mraise[33m,[39m[33mY[39m[33m.[39mcurPosition[33m=[39m[36mfunction[39m(){[36mif[39m([36mthis[39m[33m.[39moptions[33m.[39mlocations)[36mreturn[39m [36mnew[39m
[23m[33mI[39m([36mthis[39m[33m.[39mcurLine[33m,[39m[36mthis[39m[33m.[39mpos[33m-[39m[36mthis[39m[33m.[39mlineStart)}[33m;[39m[36mvar[39m
[23m[33mZ[39m[33m=[39mj[33m.[39mprototype[33m,[39mee[33m=[39m[36mfunction[39m(e){[36mthis[39m[33m.[39mflags[33m=[39me[33m,[39m[36mthis[39m[33m.[39m[36mvar[39m[33m=[39m[][33m,[39m[36mthis[39m[33m.[39mlexical[33m=[39m[][33m,[39m[36mthis[39m[33m.[39mfunct
[23mions[33m=[39m[]}[33m;[39m[33mZ[39m[33m.[39menterScope[33m=[39m[36mfunction[39m(e){[36mthis[39m[33m.[39mscopeStack[33m.[39mpush([36mnew[39m ee(e))}[33m,[39m[33mZ[39m[33m.[39mexitScope[33m=[39m[36mf
[23munction[39m(){[36mthis[39m[33m.[39mscopeStack[33m.[39mpop()}[33m,[39m[33mZ[39m[33m.[39mtreatFunctionsAsVarInScope[33m=[39m[36mfunction[39m(e){[36mreturn[39m
[23m [35m2[39m[33m&[39me[33m.[39mflags[33m||[39m[33m![39m[36mthis[39m[33m.[39minModule[33m&&[39m[35m1[39m[33m&[39me[33m.[39mflags}[33m,[39m[33mZ[39m[33m.[39mdeclareName[33m=[39m[36mfunction[39m(e[33m,[39mt[33m,[39mn){[36mvar[39m
[23mr[33m=[39m[33m![39m[35m1[39m[33m;[39m[36mif[39m([35m2[39m[33m===[39mt){[36mvar[39m
[23mi[33m=[39m[36mthis[39m[33m.[39mcurrentScope()[33m;[39mr[33m=[39mi[33m.[39mlexical[33m.[39mindexOf(e)[33m>[39m[33m-[39m[35m1[39m[33m||[39mi[33m.[39mfunctions[33m.[39mindexOf(e)[33m>[39m[33m-[39m[35m1[39m[33m||[39mi[33m.[39m[36mva
[23mr[39m[33m.[39mindexOf(e)[33m>[39m[33m-[39m[35m1[39m[33m,[39mi[33m.[39mlexical[33m.[39mpush(e)[33m,[39m[36mthis[39m[33m.[39minModule[33m&&[39m[35m1[39m[33m&[39mi[33m.[39mflags[33m&&[39m[36mdelete[39m
[23m[36mthis[39m[33m.[39mundefinedExports[e]}[36melse[39m [36mif[39m([35m4[39m[33m===[39mt)[36mthis[39m[33m.[39mcurrentScope()[33m.[39mlexical[33m.[39mpush(e)[33m;[39m[36melse[39m
[23m[36mif[39m([35m3[39m[33m===[39mt){[36mvar[39m s[33m=[39m[36mthis[39m[33m.[39mcurrentScope()[33m;[39mr[33m=[39m[36mthis[39m[33m.[39mtreatFunctionsAsVar[33m?[39ms[33m.[39mlexical[33m.[39mindexOf
[23m(e)[33m>[39m[33m-[39m[35m1[39m[33m:[39ms[33m.[39mlexical[33m.[39mindexOf(e)[33m>[39m[33m-[39m[35m1[39m[33m||[39ms[33m.[39m[36mvar[39m[33m.[39mindexOf(e)[33m>[39m[33m-[39m[35m1[39m[33m,[39ms[33m.[39mfunctions[33m.[39mpush(e)}[36melse[39m
[23m[36mfor[39m([36mvar[39m a[33m=[39m[36mthis[39m[33m.[39mscopeStack[33m.[39mlength[33m-[39m[35m1[39m[33m;[39ma[33m>=[39m[35m0[39m[33m;[39m[33m--[39ma){[36mvar[39m
[23mo[33m=[39m[36mthis[39m[33m.[39mscopeStack[a][33m;[39m[36mif[39m(o[33m.[39mlexical[33m.[39mindexOf(e)[33m>[39m[33m-[39m[35m1[39m[33m&&[39m[33m![39m([35m32[39m[33m&[39mo[33m.[39mflags[33m&&[39mo[33m.[39mlexical[[35m0[39m][33m===[39me)
[23m[33m||[39m[33m![39m[36mthis[39m[33m.[39mtreatFunctionsAsVarInScope(o)[33m&&[39mo[33m.[39mfunctions[33m.[39mindexOf(e)[33m>[39m[33m-[39m[35m1[39m){r[33m=[39m[33m![39m[35m0[39m[33m;[39m[36mbreak[39m}[36mif[39m(
[23mo[33m.[39m[36mvar[39m[33m.[39mpush(e)[33m,[39m[36mthis[39m[33m.[39minModule[33m&&[39m[35m1[39m[33m&[39mo[33m.[39mflags[33m&&[39m[36mdelete[39m
[23m[36mthis[39m[33m.[39mundefinedExports[e][33m,[39m[35m3[39m[33m&[39mo[33m.[39mflags)[36mbreak[39m}r[33m&&[39m[36mthis[39m[33m.[39mraiseRecoverable(n[33m,[39m[32m"Identifier
[23m'"[39m[33m+[39me[33m+[39m[32m"' has already been declared"[39m)}[33m,[39m[33mZ[39m[33m.[39mcheckLocalExport[33m=[39m[36mfunction[39m(e){[33m-[39m[35m1[39m[33m===[39m[36mthis[39m[33m.[39msc
[23mopeStack[[35m0[39m][33m.[39mlexical[33m.[39mindexOf(e[33m.[39mname)[33m&&[39m[33m-[39m[35m1[39m[33m===[39m[36mthis[39m[33m.[39mscopeStack[[35m0[39m][33m.[39m[36mvar[39m[33m.[39mindexOf(e[33m.[39mname)
[23m[33m&&[39m([36mthis[39m[33m.[39mundefinedExports[e[33m.[39mname][33m=[39me)}[33m,[39m[33mZ[39m[33m.[39mcurrentScope[33m=[39m[36mfunction[39m(){[36mreturn[39m
[23m[36mthis[39m[33m.[39mscopeStack[[36mthis[39m[33m.[39mscopeStack[33m.[39mlength[33m-[39m[35m1[39m]}[33m,[39m[33mZ[39m[33m.[39mcurrentVarScope[33m=[39m[36mfunction[39m(){[36mfor[39m([36mvar[39m
[23me[33m=[39m[36mthis[39m[33m.[39mscopeStack[33m.[39mlength[33m-[39m[35m1[39m[33m;[39m[33m;[39me[33m--[39m){[36mvar[39m t[33m=[39m[36mthis[39m[33m.[39mscopeStack[e][33m;[39m[36mif[39m([35m3[39m[33m&[39mt[33m.[39mflags)[36mreturn[39m
[23mt}}[33m,[39m[33mZ[39m[33m.[39mcurrentThisScope[33m=[39m[36mfunction[39m(){[36mfor[39m([36mvar[39m e[33m=[39m[36mthis[39m[33m.[39mscopeStack[33m.[39mlength[33m-[39m[35m1[39m[33m;[39m[33m;[39me[33m--[39m){[36mvar[39m
[23mt[33m=[39m[36mthis[39m[33m.[39mscopeStack[e][33m;[39m[36mif[39m([35m3[39m[33m&[39mt[33m.[39mflags[33m&&[39m[33m![39m([35m16[39m[33m&[39mt[33m.[39mflags))[36mreturn[39m t}}[33m;[39m[36mvar[39m te[33m=[39m[36mfunction[39m(e[33m,[39mt[33m,
[23m[39mn){[36mthis[39m[33m.[39mtype[33m=[39m[32m""[39m[33m,[39m[36mthis[39m[33m.[39mstart[33m=[39mt[33m,[39m[36mthis[39m[33m.[39mend[33m=[39m[35m0[39m[33m,[39me[33m.[39moptions[33m.[39mlocations[33m&&[39m([36mthis[39m[33m.[39mloc[33m=[39m[36mnew[39m
[23m[33mP[39m(e[33m,[39mn))[33m,[39me[33m.[39moptions[33m.[39mdirectSourceFile[33m&&[39m([36mthis[39m[33m.[39msourceFile[33m=[39me[33m.[39moptions[33m.[39mdirectSourceFile)
[23m[33m,[39me[33m.[39moptions[33m.[39mranges[33m&&[39m([36mthis[39m[33m.[39mrange[33m=[39m[t[33m,[39m[35m0[39m])}[33m,[39mne[33m=[39mj[33m.[39mprototype[33m;[39m[36mfunction[39m
[23mre(e[33m,[39mt[33m,[39mn[33m,[39mr){[36mreturn[39m e[33m.[39mtype[33m=[39mt[33m,[39me[33m.[39mend[33m=[39mn[33m,[39m[36mthis[39m[33m.[39moptions[33m.[39mlocations[33m&&[39m(e[33m.[39mloc[33m.[39mend[33m=[39mr)[33m,[39m[36mthis[39m[33m.[39mo
[23mptions[33m.[39mranges[33m&&[39m(e[33m.[39mrange[[35m1[39m][33m=[39mn)[33m,[39me}ne[33m.[39mstartNode[33m=[39m[36mfunction[39m(){[36mreturn[39m [36mnew[39m
[23mte([36mthis[39m[33m,[39m[36mthis[39m[33m.[39mstart[33m,[39m[36mthis[39m[33m.[39mstartLoc)}[33m,[39mne[33m.[39mstartNodeAt[33m=[39m[36mfunction[39m(e[33m,[39mt){[36mreturn[39m [36mnew[39m
[23mte([36mthis[39m[33m,[39me[33m,[39mt)}[33m,[39mne[33m.[39mfinishNode[33m=[39m[36mfunction[39m(e[33m,[39mt){[36mreturn[39m re[33m.[39mcall([36mthis[39m[33m,[39me[33m,[39mt[33m,[39m[36mthis[39m[33m.[39mlastTokEn
[23md[33m,[39m[36mthis[39m[33m.[39mlastTokEndLoc)}[33m,[39mne[33m.[39mfinishNodeAt[33m=[39m[36mfunction[39m(e[33m,[39mt[33m,[39mn[33m,[39mr){[36mreturn[39m
[23mre[33m.[39mcall([36mthis[39m[33m,[39me[33m,[39mt[33m,[39mn[33m,[39mr)}[33m,[39mne[33m.[39mcopyNode[33m=[39m[36mfunction[39m(e){[36mvar[39m t[33m=[39m[36mnew[39m
[23mte([36mthis[39m[33m,[39me[33m.[39mstart[33m,[39m[36mthis[39m[33m.[39mstartLoc)[33m;[39m[36mfor[39m([36mvar[39m n [36min[39m e)t[n][33m=[39me[n][33m;[39m[36mreturn[39m t}[33m;[39m[36mvar[39m
[23mie[33m=[39m[36mfunction[39m(e[33m,[39mt[33m,[39mn[33m,[39mr[33m,[39mi){[36mthis[39m[33m.[39mtoken[33m=[39me[33m,[39m[36mthis[39m[33m.[39misExpr[33m=[39m[33m![39m[33m![39mt[33m,[39m[36mthis[39m[33m.[39mpreserveSpace[33m=[39m[33m![39m[33m![39mn[33m,[39m[36mthis[39m[33m.
[23m[39moverride[33m=[39mr[33m,[39m[36mthis[39m[33m.[39mgenerator[33m=[39m[33m![39m[33m![39mi}[33m,[39mse[33m=[39m{b_stat[33m:[39m[36mnew[39m ie([32m"{"[39m[33m,[39m[33m![39m[35m1[39m)[33m,[39mb_expr[33m:[39m[36mnew[39m
[23mie([32m"{"[39m[33m,[39m[33m![39m[35m0[39m)[33m,[39mb_tmpl[33m:[39m[36mnew[39m ie([32m"${"[39m[33m,[39m[33m![39m[35m1[39m)[33m,[39mp_stat[33m:[39m[36mnew[39m ie([32m"("[39m[33m,[39m[33m![39m[35m1[39m)[33m,[39mp_expr[33m:[39m[36mnew[39m
[23mie([32m"("[39m[33m,[39m[33m![39m[35m0[39m)[33m,[39mq_tmpl[33m:[39m[36mnew[39m ie([32m"`"[39m[33m,[39m[33m![39m[35m0[39m[33m,[39m[33m![39m[35m0[39m[33m,[39m[36mfunction[39m(e){[36mreturn[39m
[23me[33m.[39mtryReadTemplateToken()})[33m,[39mf_stat[33m:[39m[36mnew[39m ie([32m"function"[39m[33m,[39m[33m![39m[35m1[39m)[33m,[39mf_expr[33m:[39m[36mnew[39m
[23mie([32m"function"[39m[33m,[39m[33m![39m[35m0[39m)[33m,[39mf_expr_gen[33m:[39m[36mnew[39m ie([32m"function"[39m[33m,[39m[33m![39m[35m0[39m[33m,[39m[33m![39m[35m1[39m[33m,[39m[36mnull[39m[33m,[39m[33m![39m[35m0[39m)[33m,[39mf_gen[33m:[39m[36mnew[39m
[23mie([32m"function"[39m[33m,[39m[33m![39m[35m1[39m[33m,[39m[33m![39m[35m1[39m[33m,[39m[36mnull[39m[33m,[39m[33m![39m[35m0[39m)}[33m,[39mae[33m=[39mj[33m.[39mprototype[33m;[39mae[33m.[39minitialContext[33m=[39m[36mfunction[39m(){[36mreturn
[23m[39m[se[33m.[39mb_stat]}[33m,[39mae[33m.[39mbraceIsBlock[33m=[39m[36mfunction[39m(e){[36mvar[39m t[33m=[39m[36mthis[39m[33m.[39mcurContext()[33m;[39m[36mreturn[39m
[23mt[33m===[39mse[33m.[39mf_expr[33m||[39mt[33m===[39mse[33m.[39mf_stat[33m||[39m(e[33m!==[39m[33mA[39m[33m.[39mcolon[33m||[39mt[33m!==[39mse[33m.[39mb_stat[33m&&[39mt[33m!==[39mse[33m.[39mb_expr[33m?[39me[33m===[39m[33mA[39m[33m.[39m_
[23mreturn[33m||[39me[33m===[39m[33mA[39m[33m.[39mname[33m&&[39m[36mthis[39m[33m.[39mexprAllowed[33m?[39mb[33m.[39mtest([36mthis[39m[33m.[39minput[33m.[39mslice([36mthis[39m[33m.[39mlastTokEnd[33m,[39m[36mthi
[23ms[39m[33m.[39mstart))[33m:[39me[33m===[39m[33mA[39m[33m.[39m_else[33m||[39me[33m===[39m[33mA[39m[33m.[39msemi[33m||[39me[33m===[39m[33mA[39m[33m.[39meof[33m||[39me[33m===[39m[33mA[39m[33m.[39mparenR[33m||[39me[33m===[39m[33mA[39m[33m.[39marrow[33m||[39m(e[33m===[39m[33mA[39m[33m.
[23m[39mbraceL[33m?[39mt[33m===[39mse[33m.[39mb_stat[33m:[39me[33m!==[39m[33mA[39m[33m.[39m_var[33m&&[39me[33m!==[39m[33mA[39m[33m.[39m_const[33m&&[39me[33m!==[39m[33mA[39m[33m.[39mname[33m&&[39m[33m![39m[36mthis[39m[33m.[39mexprAllowed)[33m:[39m[33m![39mt
[23m[33m.[39misExpr)}[33m,[39mae[33m.[39minGeneratorContext[33m=[39m[36mfunction[39m(){[36mfor[39m([36mvar[39m
[23me[33m=[39m[36mthis[39m[33m.[39mcontext[33m.[39mlength[33m-[39m[35m1[39m[33m;[39me[33m>=[39m[35m1[39m[33m;[39me[33m--[39m){[36mvar[39m
[23mt[33m=[39m[36mthis[39m[33m.[39mcontext[e][33m;[39m[36mif[39m([32m"function"[39m[33m===[39mt[33m.[39mtoken)[36mreturn[39m
[23mt[33m.[39mgenerator}[36mreturn[39m[33m![39m[35m1[39m}[33m,[39mae[33m.[39mupdateContext[33m=[39m[36mfunction[39m(e){[36mvar[39m
[23mt[33m,[39mn[33m=[39m[36mthis[39m[33m.[39mtype[33m;[39mn[33m.[39mkeyword[33m&&[39me[33m===[39m[33mA[39m[33m.[39mdot[33m?[39m[36mthis[39m[33m.[39mexprAllowed[33m=[39m[33m![39m[35m1[39m[33m:[39m(t[33m=[39mn[33m.[39mupdateContext)[33m?[39mt[33m.[39mcal
[23ml([36mthis[39m[33m,[39me)[33m:[39m[36mthis[39m[33m.[39mexprAllowed[33m=[39mn[33m.[39mbeforeExpr}[33m,[39m[33mA[39m[33m.[39mparenR[33m.[39mupdateContext[33m=[39m[33mA[39m[33m.[39mbraceR[33m.[39mupdateC
[23montext[33m=[39m[36mfunction[39m(){[36mif[39m([35m1[39m[33m!==[39m[36mthis[39m[33m.[39mcontext[33m.[39mlength){[36mvar[39m
[23me[33m=[39m[36mthis[39m[33m.[39mcontext[33m.[39mpop()[33m;[39me[33m===[39mse[33m.[39mb_stat[33m&&[39m[32m"function"[39m[33m===[39m[36mthis[39m[33m.[39mcurContext()[33m.[39mtoken[33m&&[39m(e[33m=[39m[36mthi
[23ms[39m[33m.[39mcontext[33m.[39mpop())[33m,[39m[36mthis[39m[33m.[39mexprAllowed[33m=[39m[33m![39me[33m.[39misExpr}[36melse[39m [36mthis[39m[33m.[39mexprAllowed[33m=[39m[33m![39m[35m0[39m}[33m,[39m[33mA[39m[33m.[39mbraceL[33m.[39mu
[23mpdateContext[33m=[39m[36mfunction[39m(e){[36mthis[39m[33m.[39mcontext[33m.[39mpush([36mthis[39m[33m.[39mbraceIsBlock(e)[33m?[39mse[33m.[39mb_stat[33m:[39mse[33m.[39mb_e
[23mxpr)[33m,[39m[36mthis[39m[33m.[39mexprAllowed[33m=[39m[33m![39m[35m0[39m}[33m,[39m[33mA[39m[33m.[39mdollarBraceL[33m.[39mupdateContext[33m=[39m[36mfunction[39m(){[36mthis[39m[33m.[39mcontext[33m.[39mp
[23mush(se[33m.[39mb_tmpl)[33m,[39m[36mthis[39m[33m.[39mexprAllowed[33m=[39m[33m![39m[35m0[39m}[33m,[39m[33mA[39m[33m.[39mparenL[33m.[39mupdateContext[33m=[39m[36mfunction[39m(e){[36mvar[39m
[23mt[33m=[39me[33m===[39m[33mA[39m[33m.[39m_if[33m||[39me[33m===[39m[33mA[39m[33m.[39m_for[33m||[39me[33m===[39m[33mA[39m[33m.[39m_with[33m||[39me[33m===[39m[33mA[39m[33m.[39m_while[33m;[39m[36mthis[39m[33m.[39mcontext[33m.[39mpush(t[33m?[39mse[33m.[39mp_stat
[23m[33m:[39mse[33m.[39mp_expr)[33m,[39m[36mthis[39m[33m.[39mexprAllowed[33m=[39m[33m![39m[35m0[39m}[33m,[39m[33mA[39m[33m.[39mincDec[33m.[39mupdateContext[33m=[39m[36mfunction[39m(){}[33m,[39m[33mA[39m[33m.[39m_function
[23m[33m.[39mupdateContext[33m=[39m[33mA[39m[33m.[39m_class[33m.[39mupdateContext[33m=[39m[36mfunction[39m(e){[33m![39me[33m.[39mbeforeExpr[33m||[39me[33m===[39m[33mA[39m[33m.[39m_else[33m||[39me[33m=
[23m==[39m[33mA[39m[33m.[39msemi[33m&&[39m[36mthis[39m[33m.[39mcurContext()[33m!==[39mse[33m.[39mp_stat[33m||[39me[33m===[39m[33mA[39m[33m.[39m_return[33m&&[39mb[33m.[39mtest([36mthis[39m[33m.[39minput[33m.[39mslice(
[23m[36mthis[39m[33m.[39mlastTokEnd[33m,[39m[36mthis[39m[33m.[39mstart))[33m||[39m(e[33m===[39m[33mA[39m[33m.[39mcolon[33m||[39me[33m===[39m[33mA[39m[33m.[39mbraceL)[33m&&[39m[36mthis[39m[33m.[39mcurContext()[33m===[39ms
[23me[33m.[39mb_stat[33m?[39m[36mthis[39m[33m.[39mcontext[33m.[39mpush(se[33m.[39mf_stat)[33m:[39m[36mthis[39m[33m.[39mcontext[33m.[39mpush(se[33m.[39mf_expr)[33m,[39m[36mthis[39m[33m.[39mexprAllo
[23mwed[33m=[39m[33m![39m[35m1[39m}[33m,[39m[33mA[39m[33m.[39mbackQuote[33m.[39mupdateContext[33m=[39m[36mfunction[39m(){[36mthis[39m[33m.[39mcurContext()[33m===[39mse[33m.[39mq_tmpl[33m?[39m[36mthis[39m[33m.
[23m[39mcontext[33m.[39mpop()[33m:[39m[36mthis[39m[33m.[39mcontext[33m.[39mpush(se[33m.[39mq_tmpl)[33m,[39m[36mthis[39m[33m.[39mexprAllowed[33m=[39m[33m![39m[35m1[39m}[33m,[39m[33mA[39m[33m.[39mstar[33m.[39mupdateCon
[23mtext[33m=[39m[36mfunction[39m(e){[36mif[39m(e[33m===[39m[33mA[39m[33m.[39m_function){[36mvar[39m t[33m=[39m[36mthis[39m[33m.[39mcontext[33m.[39mlength[33m-[39m[35m1[39m[33m;[39m[36mthis[39m[33m.[39mcontext[t]
[23m[33m===[39mse[33m.[39mf_expr[33m?[39m[36mthis[39m[33m.[39mcontext[t][33m=[39mse[33m.[39mf_expr_gen[33m:[39m[36mthis[39m[33m.[39mcontext[t][33m=[39mse[33m.[39mf_gen}[36mthis[39m[33m.[39mexprAll
[23mowed[33m=[39m[33m![39m[35m0[39m}[33m,[39m[33mA[39m[33m.[39mname[33m.[39mupdateContext[33m=[39m[36mfunction[39m(e){[36mvar[39m t[33m=[39m[33m![39m[35m1[39m[33m;[39m[36mthis[39m[33m.[39moptions[33m.[39mecmaVersion[33m>=[39m[35m6[39m[33m&&
[23m[39me[33m!==[39m[33mA[39m[33m.[39mdot[33m&&[39m([32m"of"[39m[33m===[39m[36mthis[39m[33m.[39mvalue[33m&&[39m[33m![39m[36mthis[39m[33m.[39mexprAllowed[33m||[39m[32m"yield"[39m[33m===[39m[36mthis[39m[33m.[39mvalue[33m&&[39m[36mthis[39m[33m.[39minG
[23meneratorContext())[33m&&[39m(t[33m=[39m[33m![39m[35m0[39m)[33m,[39m[36mthis[39m[33m.[39mexprAllowed[33m=[39mt}[33m;[39m[36mvar[39m oe[33m=[39m[32m"ASCII ASCII_Hex_Digit
[23mAHex Alphabetic Alpha Any Assigned Bidi_Control Bidi_C Bidi_Mirrored Bidi_M
[23mCase_Ignorable CI Cased Changes_When_Casefolded CWCF Changes_When_Casemapped
[23mCWCM Changes_When_Lowercased CWL Changes_When_NFKC_Casefolded CWKCF
[23mChanges_When_Titlecased CWT Changes_When_Uppercased CWU Dash
[23mDefault_Ignorable_Code_Point DI Deprecated Dep Diacritic Dia Emoji
[23mEmoji_Component Emoji_Modifier Emoji_Modifier_Base Emoji_Presentation Extender
[23mExt Grapheme_Base Gr_Base Grapheme_Extend Gr_Ext Hex_Digit Hex
[23mIDS_Binary_Operator IDSB IDS_Trinary_Operator IDST ID_Continue IDC ID_Start IDS
[23mIdeographic Ideo Join_Control Join_C Logical_Order_Exception LOE Lowercase Lower
[23m Math Noncharacter_Code_Point NChar Pattern_Syntax Pat_Syn Pattern_White_Space
[23mPat_WS Quotation_Mark QMark Radical Regional_Indicator RI Sentence_Terminal
[23mSTerm Soft_Dotted SD Terminal_Punctuation Term Unified_Ideograph UIdeo Uppercase
[23m Upper Variation_Selector VS White_Space space XID_Continue XIDC XID_Start
[23mXIDS"[39m[33m,[39mue[33m=[39moe[33m+[39m[32m" Extended_Pictographic"[39m[33m,[39mle[33m=[39m{[35m9[39m[33m:[39moe[33m,[39m[35m10[39m[33m:[39mue[33m,[39m[35m11[39m[33m:[39mue[33m,[39m[35m12[39m[33m:[39mue[33m+[39m[32m" EBase EComp
[23mEMod EPres ExtPict"[39m}[33m,[39mce[33m=[39m[32m"Cased_Letter LC Close_Punctuation Pe
[23mConnector_Punctuation Pc Control Cc cntrl Currency_Symbol Sc Dash_Punctuation Pd
[23m Decimal_Number Nd digit Enclosing_Mark Me Final_Punctuation Pf Format Cf
[23mInitial_Punctuation Pi Letter L Letter_Number Nl Line_Separator Zl
[23mLowercase_Letter Ll Mark M Combining_Mark Math_Symbol Sm Modifier_Letter Lm
[23mModifier_Symbol Sk Nonspacing_Mark Mn Number N Open_Punctuation Ps Other C
[23mOther_Letter Lo Other_Number No Other_Punctuation Po Other_Symbol So
[23mParagraph_Separator Zp Private_Use Co Punctuation P punct Separator Z
[23mSpace_Separator Zs Spacing_Mark Mc Surrogate Cs Symbol S Titlecase_Letter Lt
[23mUnassigned Cn Uppercase_Letter Lu"[39m[33m,[39mpe[33m=[39m[32m"Adlam Adlm Ahom Ahom
[23mAnatolian_Hieroglyphs Hluw Arabic Arab Armenian Armn Avestan Avst Balinese Bali
[23mBamum Bamu Bassa_Vah Bass Batak Batk Bengali Beng Bhaiksuki Bhks Bopomofo Bopo
[23mBrahmi Brah Braille Brai Buginese Bugi Buhid Buhd Canadian_Aboriginal Cans
[23mCarian Cari Caucasian_Albanian Aghb Chakma Cakm Cham Cham Cherokee Cher Common
[23mZyyy Coptic Copt Qaac Cuneiform Xsux Cypriot Cprt Cyrillic Cyrl Deseret Dsrt
[23mDevanagari Deva Duployan Dupl Egyptian_Hieroglyphs Egyp Elbasan Elba Ethiopic
[23mEthi Georgian Geor Glagolitic Glag Gothic Goth Grantha Gran Greek Grek Gujarati
[23mGujr Gurmukhi Guru Han Hani Hangul Hang Hanunoo Hano Hatran Hatr Hebrew Hebr
[23mHiragana Hira Imperial_Aramaic Armi Inherited Zinh Qaai Inscriptional_Pahlavi
[23mPhli Inscriptional_Parthian Prti Javanese Java Kaithi Kthi Kannada Knda Katakana
[23m Kana Kayah_Li Kali Kharoshthi Khar Khmer Khmr Khojki Khoj Khudawadi Sind Lao
[23mLaoo Latin Latn Lepcha Lepc Limbu Limb Linear_A Lina Linear_B Linb Lisu Lisu
[23mLycian Lyci Lydian Lydi Mahajani Mahj Malayalam Mlym Mandaic Mand Manichaean
[23mMani Marchen Marc Masaram_Gondi Gonm Meetei_Mayek Mtei Mende_Kikakui Mend
[23mMeroitic_Cursive Merc Meroitic_Hieroglyphs Mero Miao Plrd Modi Modi Mongolian
[23mMong Mro Mroo Multani Mult Myanmar Mymr Nabataean Nbat New_Tai_Lue Talu Newa
[23mNewa Nko Nkoo Nushu Nshu Ogham Ogam Ol_Chiki Olck Old_Hungarian Hung Old_Italic
[23mItal Old_North_Arabian Narb Old_Permic Perm Old_Persian Xpeo Old_South_Arabian
[23mSarb Old_Turkic Orkh Oriya Orya Osage Osge Osmanya Osma Pahawh_Hmong Hmng
[23mPalmyrene Palm Pau_Cin_Hau Pauc Phags_Pa Phag Phoenician Phnx Psalter_Pahlavi
[23mPhlp Rejang Rjng Runic Runr Samaritan Samr Saurashtra Saur Sharada Shrd Shavian
[23mShaw Siddham Sidd SignWriting Sgnw Sinhala Sinh Sora_Sompeng Sora Soyombo Soyo
[23mSundanese Sund Syloti_Nagri Sylo Syriac Syrc Tagalog Tglg Tagbanwa Tagb Tai_Le
[23mTale Tai_Tham Lana Tai_Viet Tavt Takri Takr Tamil Taml Tangut Tang Telugu Telu
[23mThaana Thaa Thai Thai Tibetan Tibt Tifinagh Tfng Tirhuta Tirh Ugaritic Ugar Vai
[23mVaii Warang_Citi Wara Yi Yiii Zanabazar_Square Zanb"[39m[33m,[39mhe[33m=[39mpe[33m+[39m[32m" Dogra Dogr
[23mGunjala_Gondi Gong Hanifi_Rohingya Rohg Makasar Maka Medefaidrin Medf
[23mOld_Sogdian Sogo Sogdian Sogd"[39m[33m,[39mde[33m=[39mhe[33m+[39m[32m" Elymaic Elym Nandinagari Nand
[23mNyiakeng_Puachue_Hmong Hmnp Wancho Wcho"[39m[33m,[39mfe[33m=[39m{[35m9[39m[33m:[39mpe[33m,[39m[35m10[39m[33m:[39mhe[33m,[39m[35m11[39m[33m:[39mde[33m,[39m[35m12[39m[33m:[39mde[33m+[39m[32m" Chorasmian
[23m Chrs Diak Dives_Akuru Khitan_Small_Script Kits Yezi Yezidi"[39m}[33m,[39mme[33m=[39m{}[33m;[39m[36mfunction[39m
[23mge(e){[36mvar[39m t[33m=[39mme[e][33m=[39m{binary[33m:[39m[33mT[39m(le[e][33m+[39m[32m" "[39m[33m+[39mce)[33m,[39mnonBinary[33m:[39m{[33mGeneral_Category[39m[33m:[39m[33mT[39m(ce)[33m,[39m[33mScri
[23mpt[39m[33m:[39m[33mT[39m(fe[e])}}[33m;[39mt[33m.[39mnonBinary[33m.[39m[33mScript_Extensions[39m[33m=[39mt[33m.[39mnonBinary[33m.[39m[33mScript[39m[33m,[39mt[33m.[39mnonBinary[33m.[39mgc[33m=[39mt[33m.
[23m[39mnonBinary[33m.[39m[33mGeneral_Category[39m[33m,[39mt[33m.[39mnonBinary[33m.[39msc[33m=[39mt[33m.[39mnonBinary[33m.[39m[33mScript[39m[33m,[39mt[33m.[39mnonBinary[33m.[39mscx[33m=[39mt[33m.[39mn
[23monBinary[33m.[39m[33mScript_Extensions[39m}ge([35m9[39m)[33m,[39mge([35m10[39m)[33m,[39mge([35m11[39m)[33m,[39mge([35m12[39m)[33m;[39m[36mvar[39m xe[33m=[39mj[33m.[39mprototype[33m,[39mye[33m=[39m[36mfunc
[23mtion[39m(e){[36mthis[39m[33m.[39mparser[33m=[39me[33m,[39m[36mthis[39m[33m.[39mvalidFlags[33m=[39m[32m"gim"[39m[33m+[39m(e[33m.[39moptions[33m.[39mecmaVersion[33m>=[39m[35m6[39m[33m?[39m[32m"uy"[39m[33m:[39m[32m""[39m)[33m+[39m(
[23me[33m.[39moptions[33m.[39mecmaVersion[33m>=[39m[35m9[39m[33m?[39m[32m"s"[39m[33m:[39m[32m""[39m)[33m,[39m[36mthis[39m[33m.[39municodeProperties[33m=[39mme[e[33m.[39moptions[33m.[39mecmaVersion
[23m[33m>=[39m[35m12[39m[33m?[39m[35m12[39m[33m:[39me[33m.[39moptions[33m.[39mecmaVersion][33m,[39m[36mthis[39m[33m.[39msource[33m=[39m[32m""[39m[33m,[39m[36mthis[39m[33m.[39mflags[33m=[39m[32m""[39m[33m,[39m[36mthis[39m[33m.[39mstart[33m=[39m[35m0[39m[33m,[39m[36mthis[39m[33m.[39msw
[23mitchU[33m=[39m[33m![39m[35m1[39m[33m,[39m[36mthis[39m[33m.[39mswitchN[33m=[39m[33m![39m[35m1[39m[33m,[39m[36mthis[39m[33m.[39mpos[33m=[39m[35m0[39m[33m,[39m[36mthis[39m[33m.[39mlastIntValue[33m=[39m[35m0[39m[33m,[39m[36mthis[39m[33m.[39mlastStringValue[33m=[39m[32m""[39m[33m,
[23m[39m[36mthis[39m[33m.[39mlastAssertionIsQuantifiable[33m=[39m[33m![39m[35m1[39m[33m,[39m[36mthis[39m[33m.[39mnumCapturingParens[33m=[39m[35m0[39m[33m,[39m[36mthis[39m[33m.[39mmaxBackRefere
[23mnce[33m=[39m[35m0[39m[33m,[39m[36mthis[39m[33m.[39mgroupNames[33m=[39m[][33m,[39m[36mthis[39m[33m.[39mbackReferenceNames[33m=[39m[]}[33m;[39m[36mfunction[39m ve(e){[36mreturn[39m
[23me[33m<=[39m[35m65535[39m[33m?[39m[33mString[39m[33m.[39mfromCharCode(e)[33m:[39m(e[33m-=[39m[35m65536[39m[33m,[39m[33mString[39m[33m.[39mfromCharCode([35m55296[39m[33m+[39m(e[33m>>[39m[35m10[39m)[33m,[39m[35m5632
[23m0[39m[33m+[39m([35m1023[39m[33m&[39me)))}[36mfunction[39m [33mAe[39m(e){[36mreturn[39m
[23m[35m36[39m[33m===[39me[33m||[39me[33m>=[39m[35m40[39m[33m&&[39me[33m<=[39m[35m43[39m[33m||[39m[35m46[39m[33m===[39me[33m||[39m[35m63[39m[33m===[39me[33m||[39me[33m>=[39m[35m91[39m[33m&&[39me[33m<=[39m[35m94[39m[33m||[39me[33m>=[39m[35m123[39m[33m&&[39me[33m<=[39m[35m125[39m}[36mfunction[39m
[23mbe(e){[36mreturn[39m e[33m>=[39m[35m65[39m[33m&&[39me[33m<=[39m[35m90[39m[33m||[39me[33m>=[39m[35m97[39m[33m&&[39me[33m<=[39m[35m122[39m}[36mfunction[39m [33mEe[39m(e){[36mreturn[39m
[23mbe(e)[33m||[39m[35m95[39m[33m===[39me}[36mfunction[39m [33mCe[39m(e){[36mreturn[39m [33mEe[39m(e)[33m||[39m[33mFe[39m(e)}[36mfunction[39m [33mFe[39m(e){[36mreturn[39m
[23me[33m>=[39m[35m48[39m[33m&&[39me[33m<=[39m[35m57[39m}[36mfunction[39m we(e){[36mreturn[39m
[23me[33m>=[39m[35m48[39m[33m&&[39me[33m<=[39m[35m57[39m[33m||[39me[33m>=[39m[35m65[39m[33m&&[39me[33m<=[39m[35m70[39m[33m||[39me[33m>=[39m[35m97[39m[33m&&[39me[33m<=[39m[35m102[39m}[36mfunction[39m ke(e){[36mreturn[39m
[23me[33m>=[39m[35m65[39m[33m&&[39me[33m<=[39m[35m70[39m[33m?[39me[33m-[39m[35m65[39m[33m+[39m[35m10[39m[33m:[39me[33m>=[39m[35m97[39m[33m&&[39me[33m<=[39m[35m102[39m[33m?[39me[33m-[39m[35m97[39m[33m+[39m[35m10[39m[33m:[39me[33m-[39m[35m48[39m}[36mfunction[39m [33mDe[39m(e){[36mreturn[39m
[23me[33m>=[39m[35m48[39m[33m&&[39me[33m<=[39m[35m55[39m}ye[33m.[39mprototype[33m.[39mreset[33m=[39m[36mfunction[39m(e[33m,[39mt[33m,[39mn){[36mvar[39m r[33m=[39m[33m-[39m[35m1[39m[33m!==[39mn[33m.[39mindexOf([32m"u"[39m)[33m;[39m[36mthis[39m[33m.[39ms
[23mtart[33m=[39m[35m0[39m[33m|[39me[33m,[39m[36mthis[39m[33m.[39msource[33m=[39mt[33m+[39m[32m""[39m[33m,[39m[36mthis[39m[33m.[39mflags[33m=[39mn[33m,[39m[36mthis[39m[33m.[39mswitchU[33m=[39mr[33m&&[39m[36mthis[39m[33m.[39mparser[33m.[39moptions[33m.[39mecmaV
[23mersion[33m>=[39m[35m6[39m[33m,[39m[36mthis[39m[33m.[39mswitchN[33m=[39mr[33m&&[39m[36mthis[39m[33m.[39mparser[33m.[39moptions[33m.[39mecmaVersion[33m>=[39m[35m9[39m}[33m,[39mye[33m.[39mprototype[33m.[39mraise
[23m[33m=[39m[36mfunction[39m(e){[36mthis[39m[33m.[39mparser[33m.[39mraiseRecoverable([36mthis[39m[33m.[39mstart[33m,[39m[32m"Invalid regular
[23mexpression: /"[39m[33m+[39m[36mthis[39m[33m.[39msource[33m+[39m[32m"/: "[39m[33m+[39me)}[33m,[39mye[33m.[39mprototype[33m.[39mat[33m=[39m[36mfunction[39m(e[33m,[39mt){[36mvoid[39m
[23m[35m0[39m[33m===[39mt[33m&&[39m(t[33m=[39m[33m![39m[35m1[39m)[33m;[39m[36mvar[39m n[33m=[39m[36mthis[39m[33m.[39msource[33m,[39mr[33m=[39mn[33m.[39mlength[33m;[39m[36mif[39m(e[33m>=[39mr)[36mreturn[39m[33m-[39m[35m1[39m[33m;[39m[36mvar[39m
[23mi[33m=[39mn[33m.[39mcharCodeAt(e)[33m;[39m[36mif[39m([33m![39mt[33m&&[39m[33m![39m[36mthis[39m[33m.[39mswitchU[33m||[39mi[33m<=[39m[35m55295[39m[33m||[39mi[33m>=[39m[35m57344[39m[33m||[39me[33m+[39m[35m1[39m[33m>=[39mr)[36mreturn[39m i[33m;[39m[36mvar[39m
[23ms[33m=[39mn[33m.[39mcharCodeAt(e[33m+[39m[35m1[39m)[33m;[39m[36mreturn[39m s[33m>=[39m[35m56320[39m[33m&&[39ms[33m<=[39m[35m57343[39m[33m?[39m(i[33m<<[39m[35m10[39m)[33m+[39ms[33m-[39m[35m56613888[39m[33m:[39mi}[33m,[39mye[33m.[39mprototype
[23m[33m.[39mnextIndex[33m=[39m[36mfunction[39m(e[33m,[39mt){[36mvoid[39m [35m0[39m[33m===[39mt[33m&&[39m(t[33m=[39m[33m![39m[35m1[39m)[33m;[39m[36mvar[39m
[23mn[33m=[39m[36mthis[39m[33m.[39msource[33m,[39mr[33m=[39mn[33m.[39mlength[33m;[39m[36mif[39m(e[33m>=[39mr)[36mreturn[39m r[33m;[39m[36mvar[39m
[23mi[33m,[39ms[33m=[39mn[33m.[39mcharCodeAt(e)[33m;[39m[36mreturn[39m[33m![39mt[33m&&[39m[33m![39m[36mthis[39m[33m.[39mswitchU[33m||[39ms[33m<=[39m[35m55295[39m[33m||[39ms[33m>=[39m[35m57344[39m[33m||[39me[33m+[39m[35m1[39m[33m>=[39mr[33m||[39m(i[33m=[39mn[33m.[39mch
[23marCodeAt(e[33m+[39m[35m1[39m))[33m<[39m[35m56320[39m[33m||[39mi[33m>[39m[35m57343[39m[33m?[39me[33m+[39m[35m1[39m[33m:[39me[33m+[39m[35m2[39m}[33m,[39mye[33m.[39mprototype[33m.[39mcurrent[33m=[39m[36mfunction[39m(e){[36mreturn[39m
[23m[36mvoid[39m
[23m[35m0[39m[33m===[39me[33m&&[39m(e[33m=[39m[33m![39m[35m1[39m)[33m,[39m[36mthis[39m[33m.[39mat([36mthis[39m[33m.[39mpos[33m,[39me)}[33m,[39mye[33m.[39mprototype[33m.[39mlookahead[33m=[39m[36mfunction[39m(e){[36mreturn[39m
[23m[36mvoid[39m [35m0[39m[33m===[39me[33m&&[39m(e[33m=[39m[33m![39m[35m1[39m)[33m,[39m[36mthis[39m[33m.[39mat([36mthis[39m[33m.[39mnextIndex([36mthis[39m[33m.[39mpos[33m,[39me)[33m,[39me)}[33m,[39mye[33m.[39mprototype[33m.[39madvance[33m=[39m[36mf
[23munction[39m(e){[36mvoid[39m [35m0[39m[33m===[39me[33m&&[39m(e[33m=[39m[33m![39m[35m1[39m)[33m,[39m[36mthis[39m[33m.[39mpos[33m=[39m[36mthis[39m[33m.[39mnextIndex([36mthis[39m[33m.[39mpos[33m,[39me)}[33m,[39mye[33m.[39mprototype[33m.
[23m[39meat[33m=[39m[36mfunction[39m(e[33m,[39mt){[36mreturn[39m [36mvoid[39m [35m0[39m[33m===[39mt[33m&&[39m(t[33m=[39m[33m![39m[35m1[39m)[33m,[39m[36mthis[39m[33m.[39mcurrent(t)[33m===[39me[33m&&[39m([36mthis[39m[33m.[39madvance(t
[23m)[33m,[39m[33m![39m[35m0[39m)}[33m,[39mxe[33m.[39mvalidateRegExpFlags[33m=[39m[36mfunction[39m(e){[36mfor[39m([36mvar[39m
[23mt[33m=[39me[33m.[39mvalidFlags[33m,[39mn[33m=[39me[33m.[39mflags[33m,[39mr[33m=[39m[35m0[39m[33m;[39mr[33m<[39m[33mn[39m[33m.[39mlength[33m;[39mr[33m++[39m){[36mvar[39m
[23mi[33m=[39mn[33m.[39mcharAt(r)[33m;[39m[33m-[39m[35m1[39m[33m===[39mt[33m.[39mindexOf(i)[33m&&[39m[36mthis[39m[33m.[39mraise(e[33m.[39mstart[33m,[39m[32m"Invalid regular expression
[23mflag"[39m)[33m,[39mn[33m.[39mindexOf(i[33m,[39mr[33m+[39m[35m1[39m)[33m>[39m[33m-[39m[35m1[39m[33m&&[39m[36mthis[39m[33m.[39mraise(e[33m.[39mstart[33m,[39m[32m"Duplicate regular expression
[23mflag"[39m)}}[33m,[39mxe[33m.[39mvalidateRegExpPattern[33m=[39m[36mfunction[39m(e){[36mthis[39m[33m.[39mregexp_pattern(e)[33m,[39m[33m![39me[33m.[39mswitchN[33m&
[23m&[39m[36mthis[39m[33m.[39moptions[33m.[39mecmaVersion[33m>=[39m[35m9[39m[33m&&[39me[33m.[39mgroupNames[33m.[39mlength[33m>[39m[35m0[39m[33m&&[39m(e[33m.[39mswitchN[33m=[39m[33m![39m[35m0[39m[33m,[39m[36mthis[39m[33m.[39mregexp_p
[23mattern(e))}[33m,[39mxe[33m.[39mregexp_pattern[33m=[39m[36mfunction[39m(e){e[33m.[39mpos[33m=[39m[35m0[39m[33m,[39me[33m.[39mlastIntValue[33m=[39m[35m0[39m[33m,[39me[33m.[39mlastStringV
[23malue[33m=[39m[32m""[39m[33m,[39me[33m.[39mlastAssertionIsQuantifiable[33m=[39m[33m![39m[35m1[39m[33m,[39me[33m.[39mnumCapturingParens[33m=[39m[35m0[39m[33m,[39me[33m.[39mmaxBackReferen
[23mce[33m=[39m[35m0[39m[33m,[39me[33m.[39mgroupNames[33m.[39mlength[33m=[39m[35m0[39m[33m,[39me[33m.[39mbackReferenceNames[33m.[39mlength[33m=[39m[35m0[39m[33m,[39m[36mthis[39m[33m.[39mregexp_disjunction
[23m(e)[33m,[39me[33m.[39mpos[33m!==[39me[33m.[39msource[33m.[39mlength[33m&&[39m(e[33m.[39meat([35m41[39m)[33m&&[39me[33m.[39mraise([32m"Unmatched
[23m')'"[39m)[33m,[39m(e[33m.[39meat([35m93[39m)[33m||[39me[33m.[39meat([35m125[39m))[33m&&[39me[33m.[39mraise([32m"Lone quantifier
[23mbrackets"[39m))[33m,[39me[33m.[39mmaxBackReference[33m>[39me[33m.[39mnumCapturingParens[33m&&[39me[33m.[39mraise([32m"Invalid
[23mescape"[39m)[33m;[39m[36mfor[39m([36mvar[39m t[33m=[39m[35m0[39m[33m,[39mn[33m=[39me[33m.[39mbackReferenceNames[33m;[39mt[33m<[39m[33mn[39m[33m.[39mlength[33m;[39mt[33m+=[39m[35m1[39m){[36mvar[39m
[23mr[33m=[39mn[t][33m;[39m[33m-[39m[35m1[39m[33m===[39me[33m.[39mgroupNames[33m.[39mindexOf(r)[33m&&[39me[33m.[39mraise([32m"Invalid named capture referenced"[39m)
[23m}}[33m,[39mxe[33m.[39mregexp_disjunction[33m=[39m[36mfunction[39m(e){[36mfor[39m([36mthis[39m[33m.[39mregexp_alternative(e)[33m;[39me[33m.[39meat([35m124[39m)[33m;[39m)
[23m[36mthis[39m[33m.[39mregexp_alternative(e)[33m;[39m[36mthis[39m[33m.[39mregexp_eatQuantifier(e[33m,[39m[33m![39m[35m0[39m)[33m&&[39me[33m.[39mraise([32m"Nothing to
[23mrepeat"[39m)[33m,[39me[33m.[39meat([35m123[39m)[33m&&[39me[33m.[39mraise([32m"Lone quantifier
[23mbrackets"[39m)}[33m,[39mxe[33m.[39mregexp_alternative[33m=[39m[36mfunction[39m(e){[36mfor[39m([33m;[39me[33m.[39mpos[33m<[39m[33me[39m[33m.[39msource[33m.[39mlength[33m&&[39m[36mthis[39m[33m.[39mr
[23megexp_eatTerm(e)[33m;[39m)[33m;[39m}[33m,[39mxe[33m.[39mregexp_eatTerm[33m=[39m[36mfunction[39m(e){[36mreturn[39m
[23m[36mthis[39m[33m.[39mregexp_eatAssertion(e)[33m?[39m(e[33m.[39mlastAssertionIsQuantifiable[33m&&[39m[36mthis[39m[33m.[39mregexp_eatQuant
[23mifier(e)[33m&&[39me[33m.[39mswitchU[33m&&[39me[33m.[39mraise([32m"Invalid
[23mquantifier"[39m)[33m,[39m[33m![39m[35m0[39m)[33m:[39m[33m![39m[33m![39m(e[33m.[39mswitchU[33m?[39m[36mthis[39m[33m.[39mregexp_eatAtom(e)[33m:[39m[36mthis[39m[33m.[39mregexp_eatExtendedAtom
[23m(e))[33m&&[39m([36mthis[39m[33m.[39mregexp_eatQuantifier(e)[33m,[39m[33m![39m[35m0[39m)}[33m,[39mxe[33m.[39mregexp_eatAssertion[33m=[39m[36mfunction[39m(e){[36mvar[39m
[23mt[33m=[39me[33m.[39mpos[33m;[39m[36mif[39m(e[33m.[39mlastAssertionIsQuantifiable[33m=[39m[33m![39m[35m1[39m[33m,[39me[33m.[39meat([35m94[39m)[33m||[39me[33m.[39meat([35m36[39m))[36mreturn[39m[33m![39m[35m0[39m[33m;[39m[36mif[39m(e[33m.[39me
[23mat([35m92[39m)){[36mif[39m(e[33m.[39meat([35m66[39m)[33m||[39me[33m.[39meat([35m98[39m))[36mreturn[39m[33m![39m[35m0[39m[33m;[39me[33m.[39mpos[33m=[39mt}[36mif[39m(e[33m.[39meat([35m40[39m)[33m&&[39me[33m.[39meat([35m63[39m)){[36mvar[39m
[23mn[33m=[39m[33m![39m[35m1[39m[33m;[39m[36mif[39m([36mthis[39m[33m.[39moptions[33m.[39mecmaVersion[33m>=[39m[35m9[39m[33m&&[39m(n[33m=[39me[33m.[39meat([35m60[39m))[33m,[39me[33m.[39meat([35m61[39m)[33m||[39me[33m.[39meat([35m33[39m))[36mreturn[39m
[23m[36mthis[39m[33m.[39mregexp_disjunction(e)[33m,[39me[33m.[39meat([35m41[39m)[33m||[39me[33m.[39mraise([32m"Unterminated
[23mgroup"[39m)[33m,[39me[33m.[39mlastAssertionIsQuantifiable[33m=[39m[33m![39mn[33m,[39m[33m![39m[35m0[39m}[36mreturn[39m
[23me[33m.[39mpos[33m=[39mt[33m,[39m[33m![39m[35m1[39m}[33m,[39mxe[33m.[39mregexp_eatQuantifier[33m=[39m[36mfunction[39m(e[33m,[39mt){[36mreturn[39m [36mvoid[39m
[23m[35m0[39m[33m===[39mt[33m&&[39m(t[33m=[39m[33m![39m[35m1[39m)[33m,[39m[33m![39m[33m![39m[36mthis[39m[33m.[39mregexp_eatQuantifierPrefix(e[33m,[39mt)[33m&&[39m(e[33m.[39meat([35m63[39m)[33m,[39m[33m![39m[35m0[39m)}[33m,[39mxe[33m.[39mregexp_
[23meatQuantifierPrefix[33m=[39m[36mfunction[39m(e[33m,[39mt){[36mreturn[39m e[33m.[39meat([35m42[39m)[33m||[39me[33m.[39meat([35m43[39m)[33m||[39me[33m.[39meat([35m63[39m)[33m||[39m[36mthis[39m[33m.[39mr
[23megexp_eatBracedQuantifier(e[33m,[39mt)}[33m,[39mxe[33m.[39mregexp_eatBracedQuantifier[33m=[39m[36mfunction[39m(e[33m,[39mt){[36mvar[39m
[23mn[33m=[39me[33m.[39mpos[33m;[39m[36mif[39m(e[33m.[39meat([35m123[39m)){[36mvar[39m r[33m=[39m[35m0[39m[33m,[39mi[33m=[39m[33m-[39m[35m1[39m[33m;[39m[36mif[39m([36mthis[39m[33m.[39mregexp_eatDecimalDigits(e)[33m&&[39m(r[33m=[39me[33m.[39mlas
[23mtIntValue[33m,[39me[33m.[39meat([35m44[39m)[33m&&[39m[36mthis[39m[33m.[39mregexp_eatDecimalDigits(e)[33m&&[39m(i[33m=[39me[33m.[39mlastIntValue)[33m,[39me[33m.[39meat([35m1
[23m25[39m)))[36mreturn[39m[33m-[39m[35m1[39m[33m!==[39mi[33m&&[39mi[33m<[39m[33mr[39m[33m&&[39m[33m![39mt[33m&&[39me[33m.[39mraise([32m"numbers out of order in {}
[23mquantifier"[39m)[33m,[39m[33m![39m[35m0[39m[33m;[39me[33m.[39mswitchU[33m&&[39m[33m![39mt[33m&&[39me[33m.[39mraise([32m"Incomplete
[23mquantifier"[39m)[33m,[39me[33m.[39mpos[33m=[39mn}[36mreturn[39m[33m![39m[35m1[39m}[33m,[39mxe[33m.[39mregexp_eatAtom[33m=[39m[36mfunction[39m(e){[36mreturn[39m [36mthis[39m[33m.[39mregexp_
[23meatPatternCharacters(e)[33m||[39me[33m.[39meat([35m46[39m)[33m||[39m[36mthis[39m[33m.[39mregexp_eatReverseSolidusAtomEscape(e)[33m||
[23m[39m[36mthis[39m[33m.[39mregexp_eatCharacterClass(e)[33m||[39m[36mthis[39m[33m.[39mregexp_eatUncapturingGroup(e)[33m||[39m[36mthis[39m[33m.[39mregex
[23mp_eatCapturingGroup(e)}[33m,[39mxe[33m.[39mregexp_eatReverseSolidusAtomEscape[33m=[39m[36mfunction[39m(e){[36mvar[39m
[23mt[33m=[39me[33m.[39mpos[33m;[39m[36mif[39m(e[33m.[39meat([35m92[39m)){[36mif[39m([36mthis[39m[33m.[39mregexp_eatAtomEscape(e))[36mreturn[39m[33m![39m[35m0[39m[33m;[39me[33m.[39mpos[33m=[39mt}[36mreturn[39m[33m![39m[35m1[39m}
[22m[33m,[39mxe[33m.[39mregexp_eatUncapturingGroup[33m=[39m[36mfunction[39m(e){[36mvar[39m
[23mt[33m=[39me[33m.[39mpos[33m;[39m[36mif[39m(e[33m.[39meat([35m40[39m)){[36mif[39m(e[33m.[39meat([35m63[39m)[33m&&[39me[33m.[39meat([35m58[39m)){[36mif[39m([36mthis[39m[33m.[39mregexp_disjunction(e)[33m,[39me[33m.[39me
[23mat([35m41[39m))[36mreturn[39m[33m![39m[35m0[39m[33m;[39me[33m.[39mraise([32m"Unterminated group"[39m)}e[33m.[39mpos[33m=[39mt}[36mreturn[39m[33m![39m[35m1[39m}[33m,[39mxe[33m.[39mregexp_eatCap
[23mturingGroup[33m=[39m[36mfunction[39m(e){[36mif[39m(e[33m.[39meat([35m40[39m)){[36mif[39m([36mthis[39m[33m.[39moptions[33m.[39mecmaVersion[33m>=[39m[35m9[39m[33m?[39m[36mthis[39m[33m.[39mregexp
[23m_groupSpecifier(e)[33m:[39m[35m63[39m[33m===[39me[33m.[39mcurrent()[33m&&[39me[33m.[39mraise([32m"Invalid
[23mgroup"[39m)[33m,[39m[36mthis[39m[33m.[39mregexp_disjunction(e)[33m,[39me[33m.[39meat([35m41[39m))[36mreturn[39m
[23me[33m.[39mnumCapturingParens[33m+=[39m[35m1[39m[33m,[39m[33m![39m[35m0[39m[33m;[39me[33m.[39mraise([32m"Unterminated
[23mgroup"[39m)}[36mreturn[39m[33m![39m[35m1[39m}[33m,[39mxe[33m.[39mregexp_eatExtendedAtom[33m=[39m[36mfunction[39m(e){[36mreturn[39m
[23me[33m.[39meat([35m46[39m)[33m||[39m[36mthis[39m[33m.[39mregexp_eatReverseSolidusAtomEscape(e)[33m||[39m[36mthis[39m[33m.[39mregexp_eatCharacterC
[23mlass(e)[33m||[39m[36mthis[39m[33m.[39mregexp_eatUncapturingGroup(e)[33m||[39m[36mthis[39m[33m.[39mregexp_eatCapturingGroup(e)[33m||[39m[36mt
[23mhis[39m[33m.[39mregexp_eatInvalidBracedQuantifier(e)[33m||[39m[36mthis[39m[33m.[39mregexp_eatExtendedPatternCharacte
[23mr(e)}[33m,[39mxe[33m.[39mregexp_eatInvalidBracedQuantifier[33m=[39m[36mfunction[39m(e){[36mreturn[39m
[23m[36mthis[39m[33m.[39mregexp_eatBracedQuantifier(e[33m,[39m[33m![39m[35m0[39m)[33m&&[39me[33m.[39mraise([32m"Nothing to
[23mrepeat"[39m)[33m,[39m[33m![39m[35m1[39m}[33m,[39mxe[33m.[39mregexp_eatSyntaxCharacter[33m=[39m[36mfunction[39m(e){[36mvar[39m
[23mt[33m=[39me[33m.[39mcurrent()[33m;[39m[36mreturn[39m[33m![39m[33m![39m[33mAe[39m(t)[33m&&[39m(e[33m.[39mlastIntValue[33m=[39mt[33m,[39me[33m.[39madvance()[33m,[39m[33m![39m[35m0[39m)}[33m,[39mxe[33m.[39mregexp_eatPat
[23mternCharacters[33m=[39m[36mfunction[39m(e){[36mfor[39m([36mvar[39m
[23mt[33m=[39me[33m.[39mpos[33m,[39mn[33m=[39m[35m0[39m[33m;[39m[33m-[39m[35m1[39m[33m!==[39m(n[33m=[39me[33m.[39mcurrent())[33m&&[39m[33m![39m[33mAe[39m(n)[33m;[39m)e[33m.[39madvance()[33m;[39m[36mreturn[39m
[23me[33m.[39mpos[33m!==[39mt}[33m,[39mxe[33m.[39mregexp_eatExtendedPatternCharacter[33m=[39m[36mfunction[39m(e){[36mvar[39m
[23mt[33m=[39me[33m.[39mcurrent()[33m;[39m[36mreturn[39m[33m![39m([33m-[39m[35m1[39m[33m===[39mt[33m||[39m[35m36[39m[33m===[39mt[33m||[39mt[33m>=[39m[35m40[39m[33m&&[39mt[33m<=[39m[35m43[39m[33m||[39m[35m46[39m[33m===[39mt[33m||[39m[35m63[39m[33m===[39mt[33m||[39m[35m91[39m[33m===[39mt[33m||[39m[35m94[39m[33m==
[23m=[39mt[33m||[39m[35m124[39m[33m===[39mt[33m||[39m(e[33m.[39madvance()[33m,[39m[35m0[39m))}[33m,[39mxe[33m.[39mregexp_groupSpecifier[33m=[39m[36mfunction[39m(e){[36mif[39m(e[33m.[39meat([35m63[39m)
[23m){[36mif[39m([36mthis[39m[33m.[39mregexp_eatGroupName(e))[36mreturn[39m[33m-[39m[35m1[39m[33m!==[39me[33m.[39mgroupNames[33m.[39mindexOf(e[33m.[39mlastStringVal
[23mue)[33m&&[39me[33m.[39mraise([32m"Duplicate capture group name"[39m)[33m,[39m[36mvoid[39m
[23me[33m.[39mgroupNames[33m.[39mpush(e[33m.[39mlastStringValue)[33m;[39me[33m.[39mraise([32m"Invalid
[23mgroup"[39m)}}[33m,[39mxe[33m.[39mregexp_eatGroupName[33m=[39m[36mfunction[39m(e){[36mif[39m(e[33m.[39mlastStringValue[33m=[39m[32m""[39m[33m,[39me[33m.[39meat([35m60[39m)){
[36mif[39m([36mthis[39m[33m.[39mregexp_eatRegExpIdentifierName(e)[33m&&[39me[33m.[39meat([35m62[39m))[36mreturn[39m[33m![39m[35m0[39m[33m;[39me[33m.[39mraise([32m"Invalid
[23mcapture group
[23mname"[39m)}[36mreturn[39m[33m![39m[35m1[39m}[33m,[39mxe[33m.[39mregexp_eatRegExpIdentifierName[33m=[39m[36mfunction[39m(e){[36mif[39m(e[33m.[39mlastStringVa
[23mlue[33m=[39m[32m""[39m[33m,[39m[36mthis[39m[33m.[39mregexp_eatRegExpIdentifierStart(e)){[36mfor[39m(e[33m.[39mlastStringValue[33m+=[39mve(e[33m.[39mlast
[23mIntValue)[33m;[39m[36mthis[39m[33m.[39mregexp_eatRegExpIdentifierPart(e)[33m;[39m)e[33m.[39mlastStringValue[33m+=[39mve(e[33m.[39mlastIn
[23mtValue)[33m;[39m[36mreturn[39m[33m![39m[35m0[39m}[36mreturn[39m[33m![39m[35m1[39m}[33m,[39mxe[33m.[39mregexp_eatRegExpIdentifierStart[33m=[39m[36mfunction[39m(e){[36mvar[39m
[23mt[33m,[39mn[33m=[39me[33m.[39mpos[33m,[39mr[33m=[39m[36mthis[39m[33m.[39moptions[33m.[39mecmaVersion[33m>=[39m[35m11[39m[33m,[39mi[33m=[39me[33m.[39mcurrent(r)[33m;[39m[36mreturn[39m
[23me[33m.[39madvance(r)[33m,[39m[35m92[39m[33m===[39mi[33m&&[39m[36mthis[39m[33m.[39mregexp_eatRegExpUnicodeEscapeSequence(e[33m,[39mr)[33m&&[39m(i[33m=[39me[33m.[39mlastI
[23mntValue)[33m,[39mh(t[33m=[39mi[33m,[39m[33m![39m[35m0[39m)[33m||[39m[35m36[39m[33m===[39mt[33m||[39m[35m95[39m[33m===[39mt[33m?[39m(e[33m.[39mlastIntValue[33m=[39mi[33m,[39m[33m![39m[35m0[39m)[33m:[39m(e[33m.[39mpos[33m=[39mn[33m,[39m[33m![39m[35m1[39m)}[33m,[39mxe[33m.[39mregexp
[23m_eatRegExpIdentifierPart[33m=[39m[36mfunction[39m(e){[36mvar[39m
[23mt[33m,[39mn[33m=[39me[33m.[39mpos[33m,[39mr[33m=[39m[36mthis[39m[33m.[39moptions[33m.[39mecmaVersion[33m>=[39m[35m11[39m[33m,[39mi[33m=[39me[33m.[39mcurrent(r)[33m;[39m[36mreturn[39m e[33m.[39madvance(r)[33m,[39m[35m92[39m[33m==
[23m=[39mi[33m&&[39m[36mthis[39m[33m.[39mregexp_eatRegExpUnicodeEscapeSequence(e[33m,[39mr)[33m&&[39m(i[33m=[39me[33m.[39mlastIntValue)[33m,[39md(t[33m=[39mi[33m,[39m[33m![39m[35m0
[23m[39m)[33m||[39m[35m36[39m[33m===[39mt[33m||[39m[35m95[39m[33m===[39mt[33m||[39m[35m8204[39m[33m===[39mt[33m||[39m[35m8205[39m[33m===[39mt[33m?[39m(e[33m.[39mlastIntValue[33m=[39mi[33m,[39m[33m![39m[35m0[39m)[33m:[39m(e[33m.[39mpos[33m=[39mn[33m,[39m[33m![39m[35m1[39m)}[33m,[39mxe[33m.[39mreg
[23mexp_eatAtomEscape[33m=[39m[36mfunction[39m(e){[36mreturn[39m[33m![39m[33m![39m([36mthis[39m[33m.[39mregexp_eatBackReference(e)[33m||[39m[36mthis[39m[33m.[39mreg
[23mexp_eatCharacterClassEscape(e)[33m||[39m[36mthis[39m[33m.[39mregexp_eatCharacterEscape(e)[33m||[39me[33m.[39mswitchN[33m&&[39m[36mth
[23mis[39m[33m.[39mregexp_eatKGroupName(e))[33m||[39m(e[33m.[39mswitchU[33m&&[39m([35m99[39m[33m===[39me[33m.[39mcurrent()[33m&&[39me[33m.[39mraise([32m"Invalid
[23municode escape"[39m)[33m,[39me[33m.[39mraise([32m"Invalid
[23mescape"[39m))[33m,[39m[33m![39m[35m1[39m)}[33m,[39mxe[33m.[39mregexp_eatBackReference[33m=[39m[36mfunction[39m(e){[36mvar[39m
[23mt[33m=[39me[33m.[39mpos[33m;[39m[36mif[39m([36mthis[39m[33m.[39mregexp_eatDecimalEscape(e)){[36mvar[39m
[23mn[33m=[39me[33m.[39mlastIntValue[33m;[39m[36mif[39m(e[33m.[39mswitchU)[36mreturn[39m n[33m>[39me[33m.[39mmaxBackReference[33m&&[39m(e[33m.[39mmaxBackReference[33m=[39mn
[23m)[33m,[39m[33m![39m[35m0[39m[33m;[39m[36mif[39m(n[33m<=[39me[33m.[39mnumCapturingParens)[36mreturn[39m[33m![39m[35m0[39m[33m;[39me[33m.[39mpos[33m=[39mt}[36mreturn[39m[33m![39m[35m1[39m}[33m,[39mxe[33m.[39mregexp_eatKGroupNa
[23mme[33m=[39m[36mfunction[39m(e){[36mif[39m(e[33m.[39meat([35m107[39m)){[36mif[39m([36mthis[39m[33m.[39mregexp_eatGroupName(e))[36mreturn[39m
[23me[33m.[39mbackReferenceNames[33m.[39mpush(e[33m.[39mlastStringValue)[33m,[39m[33m![39m[35m0[39m[33m;[39me[33m.[39mraise([32m"Invalid named
[23mreference"[39m)}[36mreturn[39m[33m![39m[35m1[39m}[33m,[39mxe[33m.[39mregexp_eatCharacterEscape[33m=[39m[36mfunction[39m(e){[36mreturn[39m
[23m[36mthis[39m[33m.[39mregexp_eatControlEscape(e)[33m||[39m[36mthis[39m[33m.[39mregexp_eatCControlLetter(e)[33m||[39m[36mthis[39m[33m.[39mregexp_e
[23matZero(e)[33m||[39m[36mthis[39m[33m.[39mregexp_eatHexEscapeSequence(e)[33m||[39m[36mthis[39m[33m.[39mregexp_eatRegExpUnicodeEsca
[23mpeSequence(e[33m,[39m[33m![39m[35m1[39m)[33m||[39m[33m![39me[33m.[39mswitchU[33m&&[39m[36mthis[39m[33m.[39mregexp_eatLegacyOctalEscapeSequence(e)[33m||[39m[36mthis[39m[33m.
[23m[39mregexp_eatIdentityEscape(e)}[33m,[39mxe[33m.[39mregexp_eatCControlLetter[33m=[39m[36mfunction[39m(e){[36mvar[39m
[23mt[33m=[39me[33m.[39mpos[33m;[39m[36mif[39m(e[33m.[39meat([35m99[39m)){[36mif[39m([36mthis[39m[33m.[39mregexp_eatControlLetter(e))[36mreturn[39m[33m![39m[35m0[39m[33m;[39me[33m.[39mpos[33m=[39mt}[36mreturn
[23m[39m[33m![39m[35m1[39m}[33m,[39mxe[33m.[39mregexp_eatZero[33m=[39m[36mfunction[39m(e){[36mreturn[39m [35m48[39m[33m===[39me[33m.[39mcurrent()[33m&&[39m[33m![39m[33mFe[39m(e[33m.[39mlookahead())[33m&&[39m(
[23me[33m.[39mlastIntValue[33m=[39m[35m0[39m[33m,[39me[33m.[39madvance()[33m,[39m[33m![39m[35m0[39m)}[33m,[39mxe[33m.[39mregexp_eatControlEscape[33m=[39m[36mfunction[39m(e){[36mvar[39m
[23mt[33m=[39me[33m.[39mcurrent()[33m;[39m[36mreturn[39m [35m116[39m[33m===[39mt[33m?[39m(e[33m.[39mlastIntValue[33m=[39m[35m9[39m[33m,[39me[33m.[39madvance()[33m,[39m[33m![39m[35m0[39m)[33m:[39m[35m110[39m[33m===[39mt[33m?[39m(e[33m.[39mlastIn
[23mtValue[33m=[39m[35m10[39m[33m,[39me[33m.[39madvance()[33m,[39m[33m![39m[35m0[39m)[33m:[39m[35m118[39m[33m===[39mt[33m?[39m(e[33m.[39mlastIntValue[33m=[39m[35m11[39m[33m,[39me[33m.[39madvance()[33m,[39m[33m![39m[35m0[39m)[33m:[39m[35m102[39m[33m===[39mt[33m?[39m(e[33m.
[23m[39mlastIntValue[33m=[39m[35m12[39m[33m,[39me[33m.[39madvance()[33m,[39m[33m![39m[35m0[39m)[33m:[39m[35m114[39m[33m===[39mt[33m&&[39m(e[33m.[39mlastIntValue[33m=[39m[35m13[39m[33m,[39me[33m.[39madvance()[33m,[39m[33m![39m[35m0[39m)}[33m,[39mxe[33m.
[23m[39mregexp_eatControlLetter[33m=[39m[36mfunction[39m(e){[36mvar[39m
[23mt[33m=[39me[33m.[39mcurrent()[33m;[39m[36mreturn[39m[33m![39m[33m![39mbe(t)[33m&&[39m(e[33m.[39mlastIntValue[33m=[39mt[33m%[39m[35m32[39m[33m,[39me[33m.[39madvance()[33m,[39m[33m![39m[35m0[39m)}[33m,[39mxe[33m.[39mregexp_eat
[23mRegExpUnicodeEscapeSequence[33m=[39m[36mfunction[39m(e[33m,[39mt){[36mvoid[39m [35m0[39m[33m===[39mt[33m&&[39m(t[33m=[39m[33m![39m[35m1[39m)[33m;[39m[36mvar[39m n[33m,[39mr[33m=[39me[33m.[39mpos[33m,[39mi[33m=[39mt[33m||
[23m[39me[33m.[39mswitchU[33m;[39m[36mif[39m(e[33m.[39meat([35m117[39m)){[36mif[39m([36mthis[39m[33m.[39mregexp_eatFixedHexDigits(e[33m,[39m[35m4[39m)){[36mvar[39m
[23ms[33m=[39me[33m.[39mlastIntValue[33m;[39m[36mif[39m(i[33m&&[39ms[33m>=[39m[35m55296[39m[33m&&[39ms[33m<=[39m[35m56319[39m){[36mvar[39m
[23ma[33m=[39me[33m.[39mpos[33m;[39m[36mif[39m(e[33m.[39meat([35m92[39m)[33m&&[39me[33m.[39meat([35m117[39m)[33m&&[39m[36mthis[39m[33m.[39mregexp_eatFixedHexDigits(e[33m,[39m[35m4[39m)){[36mvar[39m
[23mo[33m=[39me[33m.[39mlastIntValue[33m;[39m[36mif[39m(o[33m>=[39m[35m56320[39m[33m&&[39mo[33m<=[39m[35m57343[39m)[36mreturn[39m
[23me[33m.[39mlastIntValue[33m=[39m[35m1024[39m[33m*[39m(s[33m-[39m[35m55296[39m)[33m+[39m(o[33m-[39m[35m56320[39m)[33m+[39m[35m65536[39m[33m,[39m[33m![39m[35m0[39m}e[33m.[39mpos[33m=[39ma[33m,[39me[33m.[39mlastIntValue[33m=[39ms}[36mreturn
[23m[39m[33m![39m[35m0[39m}[36mif[39m(i[33m&&[39me[33m.[39meat([35m123[39m)[33m&&[39m[36mthis[39m[33m.[39mregexp_eatHexDigits(e)[33m&&[39me[33m.[39meat([35m125[39m)[33m&&[39m(n[33m=[39me[33m.[39mlastIntValue)
[23m[33m>=[39m[35m0[39m[33m&&[39mn[33m<=[39m[35m1114111[39m)[36mreturn[39m[33m![39m[35m0[39m[33m;[39mi[33m&&[39me[33m.[39mraise([32m"Invalid unicode escape"[39m)[33m,[39me[33m.[39mpos[33m=[39mr}[36mreturn[39m[33m![39m[35m1[39m}[33m,
[23m[39mxe[33m.[39mregexp_eatIdentityEscape[33m=[39m[36mfunction[39m(e){[36mif[39m(e[33m.[39mswitchU)[36mreturn[39m[33m![39m[33m![39m[36mthis[39m[33m.[39mregexp_eatSynt
[23maxCharacter(e)[33m||[39m[33m![39m[33m![39me[33m.[39meat([35m47[39m)[33m&&[39m(e[33m.[39mlastIntValue[33m=[39m[35m47[39m[33m,[39m[33m![39m[35m0[39m)[33m;[39m[36mvar[39m
[23mt[33m=[39me[33m.[39mcurrent()[33m;[39m[36mreturn[39m[33m![39m([35m99[39m[33m===[39mt[33m||[39me[33m.[39mswitchN[33m&&[39m[35m107[39m[33m===[39mt[33m||[39m(e[33m.[39mlastIntValue[33m=[39mt[33m,[39me[33m.[39madvance()[33m,
[23m[39m[35m0[39m))}[33m,[39mxe[33m.[39mregexp_eatDecimalEscape[33m=[39m[36mfunction[39m(e){e[33m.[39mlastIntValue[33m=[39m[35m0[39m[33m;[39m[36mvar[39m
[23mt[33m=[39me[33m.[39mcurrent()[33m;[39m[36mif[39m(t[33m>=[39m[35m49[39m[33m&&[39mt[33m<=[39m[35m57[39m){[36mdo[39m{e[33m.[39mlastIntValue[33m=[39m[35m10[39m[33m*[39me[33m.[39mlastIntValue[33m+[39m(t[33m-[39m[35m48[39m)[33m,[39me[33m.[39madva
[23mnce()}[36mwhile[39m((t[33m=[39me[33m.[39mcurrent())[33m>=[39m[35m48[39m[33m&&[39mt[33m<=[39m[35m57[39m)[33m;[39m[36mreturn[39m[33m![39m[35m0[39m}[36mreturn[39m[33m![39m[35m1[39m}[33m,[39mxe[33m.[39mregexp_eatCharacte
[23mrClassEscape[33m=[39m[36mfunction[39m(e){[36mvar[39m
[23mt[33m,[39mn[33m=[39me[33m.[39mcurrent()[33m;[39m[36mif[39m([35m100[39m[33m===[39m(t[33m=[39mn)[33m||[39m[35m68[39m[33m===[39mt[33m||[39m[35m115[39m[33m===[39mt[33m||[39m[35m83[39m[33m===[39mt[33m||[39m[35m119[39m[33m===[39mt[33m||[39m[35m87[39m[33m===[39mt)[36mreturn[39m
[23me[33m.[39mlastIntValue[33m=[39m[33m-[39m[35m1[39m[33m,[39me[33m.[39madvance()[33m,[39m[33m![39m[35m0[39m[33m;[39m[36mif[39m(e[33m.[39mswitchU[33m&&[39m[36mthis[39m[33m.[39moptions[33m.[39mecmaVersion[33m>=[39m[35m9[39m[33m&&[39m([35m80[39m[33m=
[23m==[39mn[33m||[39m[35m112[39m[33m===[39mn)){[36mif[39m(e[33m.[39mlastIntValue[33m=[39m[33m-[39m[35m1[39m[33m,[39me[33m.[39madvance()[33m,[39me[33m.[39meat([35m123[39m)[33m&&[39m[36mthis[39m[33m.[39mregexp_eatUnico
[23mdePropertyValueExpression(e)[33m&&[39me[33m.[39meat([35m125[39m))[36mreturn[39m[33m![39m[35m0[39m[33m;[39me[33m.[39mraise([32m"Invalid property
[23mname"[39m)}[36mreturn[39m[33m![39m[35m1[39m}[33m,[39mxe[33m.[39mregexp_eatUnicodePropertyValueExpression[33m=[39m[36mfunction[39m(e){[36mvar[39m
[23mt[33m=[39me[33m.[39mpos[33m;[39m[36mif[39m([36mthis[39m[33m.[39mregexp_eatUnicodePropertyName(e)[33m&&[39me[33m.[39meat([35m61[39m)){[36mvar[39m
[23mn[33m=[39me[33m.[39mlastStringValue[33m;[39m[36mif[39m([36mthis[39m[33m.[39mregexp_eatUnicodePropertyValue(e)){[36mvar[39m
[23mr[33m=[39me[33m.[39mlastStringValue[33m;[39m[36mreturn[39m [36mthis[39m[33m.[39mregexp_validateUnicodePropertyNameAndValue(e[33m,[39mn[33m,[39mr
[23m)[33m,[39m[33m![39m[35m0[39m}}[36mif[39m(e[33m.[39mpos[33m=[39mt[33m,[39m[36mthis[39m[33m.[39mregexp_eatLoneUnicodePropertyNameOrValue(e)){[36mvar[39m
[23mi[33m=[39me[33m.[39mlastStringValue[33m;[39m[36mreturn[39m [36mthis[39m[33m.[39mregexp_validateUnicodePropertyNameOrValue(e[33m,[39mi)[33m,[39m[33m!
[23m[39m[35m0[39m}[36mreturn[39m[33m![39m[35m1[39m}[33m,[39mxe[33m.[39mregexp_validateUnicodePropertyNameAndValue[33m=[39m[36mfunction[39m(e[33m,[39mt[33m,[39mn){[33mB[39m(e[33m.[39mun
[23micodeProperties[33m.[39mnonBinary[33m,[39mt)[33m||[39me[33m.[39mraise([32m"Invalid property
[23mname"[39m)[33m,[39me[33m.[39municodeProperties[33m.[39mnonBinary[t][33m.[39mtest(n)[33m||[39me[33m.[39mraise([32m"Invalid property
[23mvalue"[39m)}[33m,[39mxe[33m.[39mregexp_validateUnicodePropertyNameOrValue[33m=[39m[36mfunction[39m(e[33m,[39mt){e[33m.[39municodePro
[23mperties[33m.[39mbinary[33m.[39mtest(t)[33m||[39me[33m.[39mraise([32m"Invalid property
[23mname"[39m)}[33m,[39mxe[33m.[39mregexp_eatUnicodePropertyName[33m=[39m[36mfunction[39m(e){[36mvar[39m t[33m=[39m[35m0[39m[33m;[39m[36mfor[39m(e[33m.[39mlastStringVal
[23mue[33m=[39m[32m""[39m[33m;[39m[33mEe[39m(t[33m=[39me[33m.[39mcurrent())[33m;[39m)e[33m.[39mlastStringValue[33m+=[39mve(t)[33m,[39me[33m.[39madvance()[33m;[39m[36mreturn[39m[32m""[39m[33m!==[39me[33m.[39mlastS
[23mtringValue}[33m,[39mxe[33m.[39mregexp_eatUnicodePropertyValue[33m=[39m[36mfunction[39m(e){[36mvar[39m t[33m=[39m[35m0[39m[33m;[39m[36mfor[39m(e[33m.[39mlastStri
[23mngValue[33m=[39m[32m""[39m[33m;[39m[33mCe[39m(t[33m=[39me[33m.[39mcurrent())[33m;[39m)e[33m.[39mlastStringValue[33m+=[39mve(t)[33m,[39me[33m.[39madvance()[33m;[39m[36mreturn[39m[32m""[39m[33m!==[39me[33m.
[23m[39mlastStringValue}[33m,[39mxe[33m.[39mregexp_eatLoneUnicodePropertyNameOrValue[33m=[39m[36mfunction[39m(e){[36mreturn[39m
[23m[36mthis[39m[33m.[39mregexp_eatUnicodePropertyValue(e)}[33m,[39mxe[33m.[39mregexp_eatCharacterClass[33m=[39m[36mfunction[39m(e){
[23m[36mif[39m(e[33m.[39meat([35m91[39m)){[36mif[39m(e[33m.[39meat([35m94[39m)[33m,[39m[36mthis[39m[33m.[39mregexp_classRanges(e)[33m,[39me[33m.[39meat([35m93[39m))[36mreturn[39m[33m![39m[35m0[39m[33m;[39me[33m.[39mraise
[23m([32m"Unterminated character class"[39m)}[36mreturn[39m[33m![39m[35m1[39m}[33m,[39mxe[33m.[39mregexp_classRanges[33m=[39m[36mfunction[39m(e){[36mfor
[23m[39m([33m;[39m[36mthis[39m[33m.[39mregexp_eatClassAtom(e)[33m;[39m){[36mvar[39m
[23mt[33m=[39me[33m.[39mlastIntValue[33m;[39m[36mif[39m(e[33m.[39meat([35m45[39m)[33m&&[39m[36mthis[39m[33m.[39mregexp_eatClassAtom(e)){[36mvar[39m
[23mn[33m=[39me[33m.[39mlastIntValue[33m;[39m[33m![39me[33m.[39mswitchU[33m||[39m[33m-[39m[35m1[39m[33m!==[39mt[33m&&[39m[33m-[39m[35m1[39m[33m!==[39mn[33m||[39me[33m.[39mraise([32m"Invalid character
[23mclass"[39m)[33m,[39m[33m-[39m[35m1[39m[33m!==[39mt[33m&&[39m[33m-[39m[35m1[39m[33m!==[39mn[33m&&[39mt[33m>[39mn[33m&&[39me[33m.[39mraise([32m"Range out of order in character
[23mclass"[39m)}}}[33m,[39mxe[33m.[39mregexp_eatClassAtom[33m=[39m[36mfunction[39m(e){[36mvar[39m t[33m=[39me[33m.[39mpos[33m;[39m[36mif[39m(e[33m.[39meat([35m92[39m)){[36mif[39m([36mthis[39m[33m.
[23m[39mregexp_eatClassEscape(e))[36mreturn[39m[33m![39m[35m0[39m[33m;[39m[36mif[39m(e[33m.[39mswitchU){[36mvar[39m
[23mn[33m=[39me[33m.[39mcurrent()[33m;[39m([35m99[39m[33m===[39mn[33m||[39m[33mDe[39m(n))[33m&&[39me[33m.[39mraise([32m"Invalid class escape"[39m)[33m,[39me[33m.[39mraise([32m"Invalid
[23mescape"[39m)}e[33m.[39mpos[33m=[39mt}[36mvar[39m r[33m=[39me[33m.[39mcurrent()[33m;[39m[36mreturn[39m [35m93[39m[33m!==[39mr[33m&&[39m(e[33m.[39mlastIntValue[33m=[39mr[33m,[39me[33m.[39madvance()[33m,
[23m[39m[33m![39m[35m0[39m)}[33m,[39mxe[33m.[39mregexp_eatClassEscape[33m=[39m[36mfunction[39m(e){[36mvar[39m t[33m=[39me[33m.[39mpos[33m;[39m[36mif[39m(e[33m.[39meat([35m98[39m))[36mreturn[39m
[23me[33m.[39mlastIntValue[33m=[39m[35m8[39m[33m,[39m[33m![39m[35m0[39m[33m;[39m[36mif[39m(e[33m.[39mswitchU[33m&&[39me[33m.[39meat([35m45[39m))[36mreturn[39m
[23me[33m.[39mlastIntValue[33m=[39m[35m45[39m[33m,[39m[33m![39m[35m0[39m[33m;[39m[36mif[39m([33m![39me[33m.[39mswitchU[33m&&[39me[33m.[39meat([35m99[39m)){[36mif[39m([36mthis[39m[33m.[39mregexp_eatClassControlLet
[23mter(e))[36mreturn[39m[33m![39m[35m0[39m[33m;[39me[33m.[39mpos[33m=[39mt}[36mreturn[39m [36mthis[39m[33m.[39mregexp_eatCharacterClassEscape(e)[33m||[39m[36mthis[39m[33m.[39mrege
[23mxp_eatCharacterEscape(e)}[33m,[39mxe[33m.[39mregexp_eatClassControlLetter[33m=[39m[36mfunction[39m(e){[36mvar[39m
[23mt[33m=[39me[33m.[39mcurrent()[33m;[39m[36mreturn[39m[33m![39m([33m![39m[33mFe[39m(t)[33m&&[39m[35m95[39m[33m!==[39mt[33m||[39m(e[33m.[39mlastIntValue[33m=[39mt[33m%[39m[35m32[39m[33m,[39me[33m.[39madvance()[33m,[39m[35m0[39m))}[33m,[39mxe[33m.[39mr
[23megexp_eatHexEscapeSequence[33m=[39m[36mfunction[39m(e){[36mvar[39m t[33m=[39me[33m.[39mpos[33m;[39m[36mif[39m(e[33m.[39meat([35m120[39m)){[36mif[39m([36mthis[39m[33m.[39mregexp
[23m_eatFixedHexDigits(e[33m,[39m[35m2[39m))[36mreturn[39m[33m![39m[35m0[39m[33m;[39me[33m.[39mswitchU[33m&&[39me[33m.[39mraise([32m"Invalid
[23mescape"[39m)[33m,[39me[33m.[39mpos[33m=[39mt}[36mreturn[39m[33m![39m[35m1[39m}[33m,[39mxe[33m.[39mregexp_eatDecimalDigits[33m=[39m[36mfunction[39m(e){[36mvar[39m
[23mt[33m=[39me[33m.[39mpos[33m,[39mn[33m=[39m[35m0[39m[33m;[39m[36mfor[39m(e[33m.[39mlastIntValue[33m=[39m[35m0[39m[33m;[39m[33mFe[39m(n[33m=[39me[33m.[39mcurrent())[33m;[39m)e[33m.[39mlastIntValue[33m=[39m[35m10[39m[33m*[39me[33m.[39mlastIntV
[23malue[33m+[39m(n[33m-[39m[35m48[39m)[33m,[39me[33m.[39madvance()[33m;[39m[36mreturn[39m e[33m.[39mpos[33m!==[39mt}[33m,[39mxe[33m.[39mregexp_eatHexDigits[33m=[39m[36mfunction[39m(e){[36mvar[39m
[23m t[33m=[39me[33m.[39mpos[33m,[39mn[33m=[39m[35m0[39m[33m;[39m[36mfor[39m(e[33m.[39mlastIntValue[33m=[39m[35m0[39m[33m;[39mwe(n[33m=[39me[33m.[39mcurrent())[33m;[39m)e[33m.[39mlastIntValue[33m=[39m[35m16[39m[33m*[39me[33m.[39mlastInt
[23mValue[33m+[39mke(n)[33m,[39me[33m.[39madvance()[33m;[39m[36mreturn[39m e[33m.[39mpos[33m!==[39mt}[33m,[39mxe[33m.[39mregexp_eatLegacyOctalEscapeSequence
[23m[33m=[39m[36mfunction[39m(e){[36mif[39m([36mthis[39m[33m.[39mregexp_eatOctalDigit(e)){[36mvar[39m
[23mt[33m=[39me[33m.[39mlastIntValue[33m;[39m[36mif[39m([36mthis[39m[33m.[39mregexp_eatOctalDigit(e)){[36mvar[39m
[23mn[33m=[39me[33m.[39mlastIntValue[33m;[39mt[33m<=[39m[35m3[39m[33m&&[39m[36mthis[39m[33m.[39mregexp_eatOctalDigit(e)[33m?[39me[33m.[39mlastIntValue[33m=[39m[35m64[39m[33m*[39mt[33m+[39m[35m8[39m[33m*[39mn[33m+[39me[33m.[39mla
[23mstIntValue[33m:[39me[33m.[39mlastIntValue[33m=[39m[35m8[39m[33m*[39mt[33m+[39mn}[36melse[39m
[23me[33m.[39mlastIntValue[33m=[39mt[33m;[39m[36mreturn[39m[33m![39m[35m0[39m}[36mreturn[39m[33m![39m[35m1[39m}[33m,[39mxe[33m.[39mregexp_eatOctalDigit[33m=[39m[36mfunction[39m(e){[36mvar[39m
[23mt[33m=[39me[33m.[39mcurrent()[33m;[39m[36mreturn[39m [33mDe[39m(t)[33m?[39m(e[33m.[39mlastIntValue[33m=[39mt[33m-[39m[35m48[39m[33m,[39me[33m.[39madvance()[33m,[39m[33m![39m[35m0[39m)[33m:[39m(e[33m.[39mlastIntValue[33m=
[23m[39m[35m0[39m[33m,[39m[33m![39m[35m1[39m)}[33m,[39mxe[33m.[39mregexp_eatFixedHexDigits[33m=[39m[36mfunction[39m(e[33m,[39mt){[36mvar[39m
[23mn[33m=[39me[33m.[39mpos[33m;[39me[33m.[39mlastIntValue[33m=[39m[35m0[39m[33m;[39m[36mfor[39m([36mvar[39m r[33m=[39m[35m0[39m[33m;[39mr[33m<[39m[33mt[39m[33m;[39m[33m++[39mr){[36mvar[39m i[33m=[39me[33m.[39mcurrent()[33m;[39m[36mif[39m([33m![39mwe(i))[36mreturn[39m
[23m e[33m.[39mpos[33m=[39mn[33m,[39m[33m![39m[35m1[39m[33m;[39me[33m.[39mlastIntValue[33m=[39m[35m16[39m[33m*[39me[33m.[39mlastIntValue[33m+[39mke(i)[33m,[39me[33m.[39madvance()}[36mreturn[39m[33m![39m[35m0[39m}[33m;[39m[36mvar[39m
[23m[33mSe[39m[33m=[39m[36mfunction[39m(e){[36mthis[39m[33m.[39mtype[33m=[39me[33m.[39mtype[33m,[39m[36mthis[39m[33m.[39mvalue[33m=[39me[33m.[39mvalue[33m,[39m[36mthis[39m[33m.[39mstart[33m=[39me[33m.[39mstart[33m,[39m[36mthis[39m[33m.[39mend[33m=[39me
[23m[33m.[39mend[33m,[39me[33m.[39moptions[33m.[39mlocations[33m&&[39m([36mthis[39m[33m.[39mloc[33m=[39m[36mnew[39m [33mP[39m(e[33m,[39me[33m.[39mstartLoc[33m,[39me[33m.[39mendLoc))[33m,[39me[33m.[39moptions[33m.[39mrang
[23mes[33m&&[39m([36mthis[39m[33m.[39mrange[33m=[39m[e[33m.[39mstart[33m,[39me[33m.[39mend])}[33m,[39m[33mBe[39m[33m=[39mj[33m.[39mprototype[33m;[39m[36mfunction[39m
[23m_e(e){[36mreturn[39m[32m"function"[39m[33m!=[39m[36mtypeof[39m [33mBigInt[39m[33m?[39m[36mnull[39m[33m:[39m[33mBigInt[39m(e[33m.[39mreplace([35m/_/g[39m[33m,[39m[32m""[39m))}[36mfunction[39m
[23m[33mTe[39m(e){[36mreturn[39m e[33m<=[39m[35m65535[39m[33m?[39m[33mString[39m[33m.[39mfromCharCode(e)[33m:[39m(e[33m-=[39m[35m65536[39m[33m,[39m[33mString[39m[33m.[39mfromCharCode([35m55296
[23m[39m[33m+[39m(e[33m>>[39m[35m10[39m)[33m,[39m[35m56320[39m[33m+[39m([35m1023[39m[33m&[39me)))}[33mBe[39m[33m.[39mnext[33m=[39m[36mfunction[39m(e){[33m![39me[33m&&[39m[36mthis[39m[33m.[39mtype[33m.[39mkeyword[33m&&[39m[36mthis[39m[33m.[39mcontai
[23mnsEsc[33m&&[39m[36mthis[39m[33m.[39mraiseRecoverable([36mthis[39m[33m.[39mstart[33m,[39m[32m"Escape sequence in keyword
[23m"[39m[33m+[39m[36mthis[39m[33m.[39mtype[33m.[39mkeyword)[33m,[39m[36mthis[39m[33m.[39moptions[33m.[39monToken[33m&&[39m[36mthis[39m[33m.[39moptions[33m.[39monToken([36mnew[39m
[23m[33mSe[39m([36mthis[39m))[33m,[39m[36mthis[39m[33m.[39mlastTokEnd[33m=[39m[36mthis[39m[33m.[39mend[33m,[39m[36mthis[39m[33m.[39mlastTokStart[33m=[39m[36mthis[39m[33m.[39mstart[33m,[39m[36mthis[39m[33m.[39mlastTokEndL
[23moc[33m=[39m[36mthis[39m[33m.[39mendLoc[33m,[39m[36mthis[39m[33m.[39mlastTokStartLoc[33m=[39m[36mthis[39m[33m.[39mstartLoc[33m,[39m[36mthis[39m[33m.[39mnextToken()}[33m,[39m[33mBe[39m[33m.[39mgetToken[33m=
[23m[39m[36mfunction[39m(){[36mreturn[39m [36mthis[39m[33m.[39mnext()[33m,[39m[36mnew[39m [33mSe[39m([36mthis[39m)}[33m,[39m[32m"undefined"[39m[33m!=[39m[36mtypeof[39m
[23m[33mSymbol[39m[33m&&[39m([33mBe[39m[[33mSymbol[39m[33m.[39miterator][33m=[39m[36mfunction[39m(){[36mvar[39m e[33m=[39m[36mthis[39m[33m;[39m[36mreturn[39m{next[33m:[39m[36mfunction[39m(){[36mvar[39m
[23mt[33m=[39me[33m.[39mgetToken()[33m;[39m[36mreturn[39m{done[33m:[39mt[33m.[39mtype[33m===[39m[33mA[39m[33m.[39meof[33m,[39mvalue[33m:[39mt}}}})[33m,[39m[33mBe[39m[33m.[39mcurContext[33m=[39m[36mfunction[39m(){
[23m[36mreturn[39m [36mthis[39m[33m.[39mcontext[[36mthis[39m[33m.[39mcontext[33m.[39mlength[33m-[39m[35m1[39m]}[33m,[39m[33mBe[39m[33m.[39mnextToken[33m=[39m[36mfunction[39m(){[36mvar[39m
[23me[33m=[39m[36mthis[39m[33m.[39mcurContext()[33m;[39m[36mreturn[39m e[33m&&[39me[33m.[39mpreserveSpace[33m||[39m[36mthis[39m[33m.[39mskipSpace()[33m,[39m[36mthis[39m[33m.[39mstart[33m=[39m[36mthis[39m[33m.
[23m[39mpos[33m,[39m[36mthis[39m[33m.[39moptions[33m.[39mlocations[33m&&[39m([36mthis[39m[33m.[39mstartLoc[33m=[39m[36mthis[39m[33m.[39mcurPosition())[33m,[39m[36mthis[39m[33m.[39mpos[33m>=[39m[36mthis[39m[33m.[39min
[23mput[33m.[39mlength[33m?[39m[36mthis[39m[33m.[39mfinishToken([33mA[39m[33m.[39meof)[33m:[39me[33m.[39moverride[33m?[39me[33m.[39moverride([36mthis[39m)[33m:[39m[36mvoid[39m
[23m[36mthis[39m[33m.[39mreadToken([36mthis[39m[33m.[39mfullCharCodeAtPos())}[33m,[39m[33mBe[39m[33m.[39mreadToken[33m=[39m[36mfunction[39m(e){[36mreturn[39m
[23mh(e[33m,[39m[36mthis[39m[33m.[39moptions[33m.[39mecmaVersion[33m>=[39m[35m6[39m)[33m||[39m[35m92[39m[33m===[39me[33m?[39m[36mthis[39m[33m.[39mreadWord()[33m:[39m[36mthis[39m[33m.[39mgetTokenFromCode(e
[23m)}[33m,[39m[33mBe[39m[33m.[39mfullCharCodeAtPos[33m=[39m[36mfunction[39m(){[36mvar[39m e[33m=[39m[36mthis[39m[33m.[39minput[33m.[39mcharCodeAt([36mthis[39m[33m.[39mpos)[33m;[39m[36mreturn[39m
[23me[33m<=[39m[35m55295[39m[33m||[39me[33m>=[39m[35m57344[39m[33m?[39me[33m:[39m(e[33m<<[39m[35m10[39m)[33m+[39m[36mthis[39m[33m.[39minput[33m.[39mcharCodeAt([36mthis[39m[33m.[39mpos[33m+[39m[35m1[39m)[33m-[39m[35m56613888[39m}[33m,[39m[33mBe[39m[33m.[39mskip
[23mBlockComment[33m=[39m[36mfunction[39m(){[36mvar[39m
[23me[33m,[39mt[33m=[39m[36mthis[39m[33m.[39moptions[33m.[39monComment[33m&&[39m[36mthis[39m[33m.[39mcurPosition()[33m,[39mn[33m=[39m[36mthis[39m[33m.[39mpos[33m,[39mr[33m=[39m[36mthis[39m[33m.[39minput[33m.[39mindexOf([32m"
[23m*/"[39m[33m,[39m[36mthis[39m[33m.[39mpos[33m+=[39m[35m2[39m)[33m;[39m[36mif[39m([33m-[39m[35m1[39m[33m===[39mr[33m&&[39m[36mthis[39m[33m.[39mraise([36mthis[39m[33m.[39mpos[33m-[39m[35m2[39m[33m,[39m[32m"Unterminated
[23mcomment"[39m)[33m,[39m[36mthis[39m[33m.[39mpos[33m=[39mr[33m+[39m[35m2[39m[33m,[39m[36mthis[39m[33m.[39moptions[33m.[39mlocations)[36mfor[39m([33mE[39m[33m.[39mlastIndex[33m=[39mn[33m;[39m(e[33m=[39m[33mE[39m[33m.[39mexec([36mthis[39m[33m.[39mi
[23mnput))[33m&&[39me[33m.[39mindex[33m<[39m[36mthis[39m[33m.[39mpos[33m;[39m)[33m++[39m[36mthis[39m[33m.[39mcurLine[33m,[39m[36mthis[39m[33m.[39mlineStart[33m=[39me[33m.[39mindex[33m+[39me[[35m0[39m][33m.[39mlength[33m;[39m[36mthis
[23m[39m[33m.[39moptions[33m.[39monComment[33m&&[39m[36mthis[39m[33m.[39moptions[33m.[39monComment([33m![39m[35m0[39m[33m,[39m[36mthis[39m[33m.[39minput[33m.[39mslice(n[33m+[39m[35m2[39m[33m,[39mr)[33m,[39mn[33m,[39m[36mthis[39m[33m.[39mpos
[23m[33m,[39mt[33m,[39m[36mthis[39m[33m.[39mcurPosition())}[33m,[39m[33mBe[39m[33m.[39mskipLineComment[33m=[39m[36mfunction[39m(e){[36mfor[39m([36mvar[39m
[23mt[33m=[39m[36mthis[39m[33m.[39mpos[33m,[39mn[33m=[39m[36mthis[39m[33m.[39moptions[33m.[39monComment[33m&&[39m[36mthis[39m[33m.[39mcurPosition()[33m,[39mr[33m=[39m[36mthis[39m[33m.[39minput[33m.[39mcharCodeAt(
[23m[36mthis[39m[33m.[39mpos[33m+=[39me)[33m;[39m[36mthis[39m[33m.[39mpos[33m<[39m[36mthis[39m[33m.[39minput[33m.[39mlength[33m&&[39m[33m![39m[33mC[39m(r)[33m;[39m)r[33m=[39m[36mthis[39m[33m.[39minput[33m.[39mcharCodeAt([33m++[39m[36mthis[39m[33m.[39mp
[23mos)[33m;[39m[36mthis[39m[33m.[39moptions[33m.[39monComment[33m&&[39m[36mthis[39m[33m.[39moptions[33m.[39monComment([33m![39m[35m1[39m[33m,[39m[36mthis[39m[33m.[39minput[33m.[39mslice(t[33m+[39me[33m,[39m[36mthis[39m[33m.
[23m[39mpos)[33m,[39mt[33m,[39m[36mthis[39m[33m.[39mpos[33m,[39mn[33m,[39m[36mthis[39m[33m.[39mcurPosition())}[33m,[39m[33mBe[39m[33m.[39mskipSpace[33m=[39m[36mfunction[39m(){e[33m:[39m[36mfor[39m([33m;[39m[36mthis[39m[33m.[39mpos[33m<[39m[36mt
[23mhis[39m[33m.[39minput[33m.[39mlength[33m;[39m){[36mvar[39m e[33m=[39m[36mthis[39m[33m.[39minput[33m.[39mcharCodeAt([36mthis[39m[33m.[39mpos)[33m;[39m[36mswitch[39m(e){[36mcase[39m [35m32[39m[33m:[39m[36mcase[39m
[23m[35m160[39m[33m:[39m[33m++[39m[36mthis[39m[33m.[39mpos[33m;[39m[36mbreak[39m[33m;[39m[36mcase[39m
[23m[35m13[39m[33m:[39m[35m10[39m[33m===[39m[36mthis[39m[33m.[39minput[33m.[39mcharCodeAt([36mthis[39m[33m.[39mpos[33m+[39m[35m1[39m)[33m&&[39m[33m++[39m[36mthis[39m[33m.[39mpos[33m;[39m[36mcase[39m [35m10[39m[33m:[39m[36mcase[39m [35m8232[39m[33m:[39m[36mcase[39m
[23m[35m8233[39m[33m:[39m[33m++[39m[36mthis[39m[33m.[39mpos[33m,[39m[36mthis[39m[33m.[39moptions[33m.[39mlocations[33m&&[39m([33m++[39m[36mthis[39m[33m.[39mcurLine[33m,[39m[36mthis[39m[33m.[39mlineStart[33m=[39m[36mthis[39m[33m.[39mpos)
[23m[33m;[39m[36mbreak[39m[33m;[39m[36mcase[39m [35m47[39m[33m:[39m[36mswitch[39m([36mthis[39m[33m.[39minput[33m.[39mcharCodeAt([36mthis[39m[33m.[39mpos[33m+[39m[35m1[39m)){[36mcase[39m
[23m[35m42[39m[33m:[39m[36mthis[39m[33m.[39mskipBlockComment()[33m;[39m[36mbreak[39m[33m;[39m[36mcase[39m
[23m[35m47[39m[33m:[39m[36mthis[39m[33m.[39mskipLineComment([35m2[39m)[33m;[39m[36mbreak[39m[33m;[39m[36mdefault[39m[33m:[39m[36mbreak[39m
[23me}[36mbreak[39m[33m;[39m[36mdefault[39m[33m:[39m[36mif[39m([33m![39m(e[33m>[39m[35m8[39m[33m&&[39me[33m<[39m[35m14[39m[33m||[39me[33m>=[39m[35m5760[39m[33m&&[39m[33mF[39m[33m.[39mtest([33mString[39m[33m.[39mfromCharCode(e))))[36mbreak[39m
[23me[33m;[39m[33m++[39m[36mthis[39m[33m.[39mpos}}}[33m,[39m[33mBe[39m[33m.[39mfinishToken[33m=[39m[36mfunction[39m(e[33m,[39mt){[36mthis[39m[33m.[39mend[33m=[39m[36mthis[39m[33m.[39mpos[33m,[39m[36mthis[39m[33m.[39moptions[33m.[39mloca
[23mtions[33m&&[39m([36mthis[39m[33m.[39mendLoc[33m=[39m[36mthis[39m[33m.[39mcurPosition())[33m;[39m[36mvar[39m n[33m=[39m[36mthis[39m[33m.[39mtype[33m;[39m[36mthis[39m[33m.[39mtype[33m=[39me[33m,[39m[36mthis[39m[33m.[39mvalue[33m=[39mt
[23m[33m,[39m[36mthis[39m[33m.[39mupdateContext(n)}[33m,[39m[33mBe[39m[33m.[39mreadToken_dot[33m=[39m[36mfunction[39m(){[36mvar[39m
[23me[33m=[39m[36mthis[39m[33m.[39minput[33m.[39mcharCodeAt([36mthis[39m[33m.[39mpos[33m+[39m[35m1[39m)[33m;[39m[36mif[39m(e[33m>=[39m[35m48[39m[33m&&[39me[33m<=[39m[35m57[39m)[36mreturn[39m
[23m[36mthis[39m[33m.[39mreadNumber([33m![39m[35m0[39m)[33m;[39m[36mvar[39m t[33m=[39m[36mthis[39m[33m.[39minput[33m.[39mcharCodeAt([36mthis[39m[33m.[39mpos[33m+[39m[35m2[39m)[33m;[39m[36mreturn[39m
[23m[36mthis[39m[33m.[39moptions[33m.[39mecmaVersion[33m>=[39m[35m6[39m[33m&&[39m[35m46[39m[33m===[39me[33m&&[39m[35m46[39m[33m===[39mt[33m?[39m([36mthis[39m[33m.[39mpos[33m+=[39m[35m3[39m[33m,[39m[36mthis[39m[33m.[39mfinishToken([33mA[39m[33m.[39melli
[23mpsis))[33m:[39m([33m++[39m[36mthis[39m[33m.[39mpos[33m,[39m[36mthis[39m[33m.[39mfinishToken([33mA[39m[33m.[39mdot))}[33m,[39m[33mBe[39m[33m.[39mreadToken_slash[33m=[39m[36mfunction[39m(){[36mvar[39m
[23me[33m=[39m[36mthis[39m[33m.[39minput[33m.[39mcharCodeAt([36mthis[39m[33m.[39mpos[33m+[39m[35m1[39m)[33m;[39m[36mreturn[39m
[23m[36mthis[39m[33m.[39mexprAllowed[33m?[39m([33m++[39m[36mthis[39m[33m.[39mpos[33m,[39m[36mthis[39m[33m.[39mreadRegexp())[33m:[39m[35m61[39m[33m===[39me[33m?[39m[36mthis[39m[33m.[39mfinishOp([33mA[39m[33m.[39massign[33m,[39m[35m2[39m)
[22m[33m:[39m[36mthis[39m[33m.[39mfinishOp([33mA[39m[33m.[39mslash[33m,[39m[35m1[39m)}[33m,[39m[33mBe[39m[33m.[39mreadToken_mult_modulo_exp[33m=[39m[36mfunction[39m(e){[36mvar[39m
[23mt[33m=[39m[36mthis[39m[33m.[39minput[33m.[39mcharCodeAt([36mthis[39m[33m.[39mpos[33m+[39m[35m1[39m)[33m,[39mn[33m=[39m[35m1[39m[33m,[39mr[33m=[39m[35m42[39m[33m===[39me[33m?[39m[33mA[39m[33m.[39mstar[33m:[39m[33mA[39m[33m.[39mmodulo[33m;[39m[36mreturn[39m
[23m[36mthis[39m[33m.[39moptions[33m.[39mecmaVersion[33m>=[39m[35m7[39m[33m&&[39m[35m42[39m[33m===[39me[33m&&[39m[35m42[39m[33m===[39mt[33m&&[39m([33m++[39mn[33m,[39mr[33m=[39m[33mA[39m[33m.[39mstarstar[33m,[39mt[33m=[39m[36mthis[39m[33m.[39minput[33m.[39mchar
[23mCodeAt([36mthis[39m[33m.[39mpos[33m+[39m[35m2[39m))[33m,[39m[35m61[39m[33m===[39mt[33m?[39m[36mthis[39m[33m.[39mfinishOp([33mA[39m[33m.[39massign[33m,[39mn[33m+[39m[35m1[39m)[33m:[39m[36mthis[39m[33m.[39mfinishOp(r[33m,[39mn)}[33m,[39m[33mBe[39m[33m.[39mre
[23madToken_pipe_amp[33m=[39m[36mfunction[39m(e){[36mvar[39m t[33m=[39m[36mthis[39m[33m.[39minput[33m.[39mcharCodeAt([36mthis[39m[33m.[39mpos[33m+[39m[35m1[39m)[33m;[39m[36mreturn[39m
[23mt[33m===[39me[33m?[39m[36mthis[39m[33m.[39moptions[33m.[39mecmaVersion[33m>=[39m[35m12[39m[33m&&[39m[35m61[39m[33m===[39m[36mthis[39m[33m.[39minput[33m.[39mcharCodeAt([36mthis[39m[33m.[39mpos[33m+[39m[35m2[39m)[33m?[39m[36mthis[39m[33m.
[23m[39mfinishOp([33mA[39m[33m.[39massign[33m,[39m[35m3[39m)[33m:[39m[36mthis[39m[33m.[39mfinishOp([35m124[39m[33m===[39me[33m?[39m[33mA[39m[33m.[39mlogicalOR[33m:[39m[33mA[39m[33m.[39mlogicalAND[33m,[39m[35m2[39m)[33m:[39m[35m61[39m[33m===[39mt[33m?[39m[36mth
[23mis[39m[33m.[39mfinishOp([33mA[39m[33m.[39massign[33m,[39m[35m2[39m)[33m:[39m[36mthis[39m[33m.[39mfinishOp([35m124[39m[33m===[39me[33m?[39m[33mA[39m[33m.[39mbitwiseOR[33m:[39m[33mA[39m[33m.[39mbitwiseAND[33m,[39m[35m1[39m)}[33m,[39m[33mBe[39m[33m.[39mre
[23madToken_caret[33m=[39m[36mfunction[39m(){[36mreturn[39m
[23m[35m61[39m[33m===[39m[36mthis[39m[33m.[39minput[33m.[39mcharCodeAt([36mthis[39m[33m.[39mpos[33m+[39m[35m1[39m)[33m?[39m[36mthis[39m[33m.[39mfinishOp([33mA[39m[33m.[39massign[33m,[39m[35m2[39m)[33m:[39m[36mthis[39m[33m.[39mfinishOp([33mA
[23m[39m[33m.[39mbitwiseXOR[33m,[39m[35m1[39m)}[33m,[39m[33mBe[39m[33m.[39mreadToken_plus_min[33m=[39m[36mfunction[39m(e){[36mvar[39m
[23mt[33m=[39m[36mthis[39m[33m.[39minput[33m.[39mcharCodeAt([36mthis[39m[33m.[39mpos[33m+[39m[35m1[39m)[33m;[39m[36mreturn[39m t[33m===[39me[33m?[39m[35m45[39m[33m!==[39mt[33m||[39m[36mthis[39m[33m.[39minModule[33m||[39m[35m62[39m[33m!==[39m[36mthi
[23ms[39m[33m.[39minput[33m.[39mcharCodeAt([36mthis[39m[33m.[39mpos[33m+[39m[35m2[39m)[33m||[39m[35m0[39m[33m!==[39m[36mthis[39m[33m.[39mlastTokEnd[33m&&[39m[33m![39mb[33m.[39mtest([36mthis[39m[33m.[39minput[33m.[39mslice([36mth
[23mis[39m[33m.[39mlastTokEnd[33m,[39m[36mthis[39m[33m.[39mpos))[33m?[39m[36mthis[39m[33m.[39mfinishOp([33mA[39m[33m.[39mincDec[33m,[39m[35m2[39m)[33m:[39m([36mthis[39m[33m.[39mskipLineComment([35m3[39m)[33m,[39m[36mthis
[23m[39m[33m.[39mskipSpace()[33m,[39m[36mthis[39m[33m.[39mnextToken())[33m:[39m[35m61[39m[33m===[39mt[33m?[39m[36mthis[39m[33m.[39mfinishOp([33mA[39m[33m.[39massign[33m,[39m[35m2[39m)[33m:[39m[36mthis[39m[33m.[39mfinishOp([33mA[39m[33m.
[23m[39mplusMin[33m,[39m[35m1[39m)}[33m,[39m[33mBe[39m[33m.[39mreadToken_lt_gt[33m=[39m[36mfunction[39m(e){[36mvar[39m
[23mt[33m=[39m[36mthis[39m[33m.[39minput[33m.[39mcharCodeAt([36mthis[39m[33m.[39mpos[33m+[39m[35m1[39m)[33m,[39mn[33m=[39m[35m1[39m[33m;[39m[36mreturn[39m t[33m===[39me[33m?[39m(n[33m=[39m[35m62[39m[33m===[39me[33m&&[39m[35m62[39m[33m===[39m[36mthis[39m[33m.[39minput[33m.
[23m[39mcharCodeAt([36mthis[39m[33m.[39mpos[33m+[39m[35m2[39m)[33m?[39m[35m3[39m[33m:[39m[35m2[39m[33m,[39m[35m61[39m[33m===[39m[36mthis[39m[33m.[39minput[33m.[39mcharCodeAt([36mthis[39m[33m.[39mpos[33m+[39mn)[33m?[39m[36mthis[39m[33m.[39mfinishOp(
[23m[33mA[39m[33m.[39massign[33m,[39mn[33m+[39m[35m1[39m)[33m:[39m[36mthis[39m[33m.[39mfinishOp([33mA[39m[33m.[39mbitShift[33m,[39mn))[33m:[39m[35m33[39m[33m!==[39mt[33m||[39m[35m60[39m[33m!==[39me[33m||[39m[36mthis[39m[33m.[39minModule[33m||[39m[35m45[39m[33m!==[39m[36mt
[23mhis[39m[33m.[39minput[33m.[39mcharCodeAt([36mthis[39m[33m.[39mpos[33m+[39m[35m2[39m)[33m||[39m[35m45[39m[33m!==[39m[36mthis[39m[33m.[39minput[33m.[39mcharCodeAt([36mthis[39m[33m.[39mpos[33m+[39m[35m3[39m)[33m?[39m([35m61[39m[33m===[39mt
[23m[33m&&[39m(n[33m=[39m[35m2[39m)[33m,[39m[36mthis[39m[33m.[39mfinishOp([33mA[39m[33m.[39mrelational[33m,[39mn))[33m:[39m([36mthis[39m[33m.[39mskipLineComment([35m4[39m)[33m,[39m[36mthis[39m[33m.[39mskipSpace()
[23m[33m,[39m[36mthis[39m[33m.[39mnextToken())}[33m,[39m[33mBe[39m[33m.[39mreadToken_eq_excl[33m=[39m[36mfunction[39m(e){[36mvar[39m
[23mt[33m=[39m[36mthis[39m[33m.[39minput[33m.[39mcharCodeAt([36mthis[39m[33m.[39mpos[33m+[39m[35m1[39m)[33m;[39m[36mreturn[39m
[23m[35m61[39m[33m===[39mt[33m?[39m[36mthis[39m[33m.[39mfinishOp([33mA[39m[33m.[39mequality[33m,[39m[35m61[39m[33m===[39m[36mthis[39m[33m.[39minput[33m.[39mcharCodeAt([36mthis[39m[33m.[39mpos[33m+[39m[35m2[39m)[33m?[39m[35m3[39m[33m:[39m[35m2[39m)[33m:[39m[35m61[39m[33m==
[23m=[39me[33m&&[39m[35m62[39m[33m===[39mt[33m&&[39m[36mthis[39m[33m.[39moptions[33m.[39mecmaVersion[33m>=[39m[35m6[39m[33m?[39m([36mthis[39m[33m.[39mpos[33m+=[39m[35m2[39m[33m,[39m[36mthis[39m[33m.[39mfinishToken([33mA[39m[33m.[39marrow))[33m:
[23m[39m[36mthis[39m[33m.[39mfinishOp([35m61[39m[33m===[39me[33m?[39m[33mA[39m[33m.[39meq[33m:[39m[33mA[39m[33m.[39mprefix[33m,[39m[35m1[39m)}[33m,[39m[33mBe[39m[33m.[39mreadToken_question[33m=[39m[36mfunction[39m(){[36mvar[39m
[23me[33m=[39m[36mthis[39m[33m.[39moptions[33m.[39mecmaVersion[33m;[39m[36mif[39m(e[33m>=[39m[35m11[39m){[36mvar[39m
[23mt[33m=[39m[36mthis[39m[33m.[39minput[33m.[39mcharCodeAt([36mthis[39m[33m.[39mpos[33m+[39m[35m1[39m)[33m;[39m[36mif[39m([35m46[39m[33m===[39mt){[36mvar[39m
[23mn[33m=[39m[36mthis[39m[33m.[39minput[33m.[39mcharCodeAt([36mthis[39m[33m.[39mpos[33m+[39m[35m2[39m)[33m;[39m[36mif[39m(n[33m<[39m[35m48[39m[33m||[39mn[33m>[39m[35m57[39m)[36mreturn[39m
[23m[36mthis[39m[33m.[39mfinishOp([33mA[39m[33m.[39mquestionDot[33m,[39m[35m2[39m)}[36mif[39m([35m63[39m[33m===[39mt)[36mreturn[39m e[33m>=[39m[35m12[39m[33m&&[39m[35m61[39m[33m===[39m[36mthis[39m[33m.[39minput[33m.[39mcharCodeA
[23mt([36mthis[39m[33m.[39mpos[33m+[39m[35m2[39m)[33m?[39m[36mthis[39m[33m.[39mfinishOp([33mA[39m[33m.[39massign[33m,[39m[35m3[39m)[33m:[39m[36mthis[39m[33m.[39mfinishOp([33mA[39m[33m.[39mcoalesce[33m,[39m[35m2[39m)}[36mreturn[39m
[23m[36mthis[39m[33m.[39mfinishOp([33mA[39m[33m.[39mquestion[33m,[39m[35m1[39m)}[33m,[39m[33mBe[39m[33m.[39mgetTokenFromCode[33m=[39m[36mfunction[39m(e){[36mswitch[39m(e){[36mcase[39m
[23m[35m46[39m[33m:[39m[36mreturn[39m [36mthis[39m[33m.[39mreadToken_dot()[33m;[39m[36mcase[39m
[23m[35m40[39m[33m:[39m[36mreturn[39m[33m++[39m[36mthis[39m[33m.[39mpos[33m,[39m[36mthis[39m[33m.[39mfinishToken([33mA[39m[33m.[39mparenL)[33m;[39m[36mcase[39m
[23m[35m41[39m[33m:[39m[36mreturn[39m[33m++[39m[36mthis[39m[33m.[39mpos[33m,[39m[36mthis[39m[33m.[39mfinishToken([33mA[39m[33m.[39mparenR)[33m;[39m[36mcase[39m
[23m[35m59[39m[33m:[39m[36mreturn[39m[33m++[39m[36mthis[39m[33m.[39mpos[33m,[39m[36mthis[39m[33m.[39mfinishToken([33mA[39m[33m.[39msemi)[33m;[39m[36mcase[39m
[23m[35m44[39m[33m:[39m[36mreturn[39m[33m++[39m[36mthis[39m[33m.[39mpos[33m,[39m[36mthis[39m[33m.[39mfinishToken([33mA[39m[33m.[39mcomma)[33m;[39m[36mcase[39m
[23m[35m91[39m[33m:[39m[36mreturn[39m[33m++[39m[36mthis[39m[33m.[39mpos[33m,[39m[36mthis[39m[33m.[39mfinishToken([33mA[39m[33m.[39mbracketL)[33m;[39m[36mcase[39m
[23m[35m93[39m[33m:[39m[36mreturn[39m[33m++[39m[36mthis[39m[33m.[39mpos[33m,[39m[36mthis[39m[33m.[39mfinishToken([33mA[39m[33m.[39mbracketR)[33m;[39m[36mcase[39m
[23m[35m123[39m[33m:[39m[36mreturn[39m[33m++[39m[36mthis[39m[33m.[39mpos[33m,[39m[36mthis[39m[33m.[39mfinishToken([33mA[39m[33m.[39mbraceL)[33m;[39m[36mcase[39m
[23m[35m125[39m[33m:[39m[36mreturn[39m[33m++[39m[36mthis[39m[33m.[39mpos[33m,[39m[36mthis[39m[33m.[39mfinishToken([33mA[39m[33m.[39mbraceR)[33m;[39m[36mcase[39m
[23m[35m58[39m[33m:[39m[36mreturn[39m[33m++[39m[36mthis[39m[33m.[39mpos[33m,[39m[36mthis[39m[33m.[39mfinishToken([33mA[39m[33m.[39mcolon)[33m;[39m[36mcase[39m [35m96[39m[33m:[39m[36mif[39m([36mthis[39m[33m.[39moptions[33m.[39mecmaVersio
[23mn[33m<[39m[35m6[39m)[36mbreak[39m[33m;[39m[36mreturn[39m[33m++[39m[36mthis[39m[33m.[39mpos[33m,[39m[36mthis[39m[33m.[39mfinishToken([33mA[39m[33m.[39mbackQuote)[33m;[39m[36mcase[39m [35m48[39m[33m:[39m[36mvar[39m
[23mt[33m=[39m[36mthis[39m[33m.[39minput[33m.[39mcharCodeAt([36mthis[39m[33m.[39mpos[33m+[39m[35m1[39m)[33m;[39m[36mif[39m([35m120[39m[33m===[39mt[33m||[39m[35m88[39m[33m===[39mt)[36mreturn[39m [36mthis[39m[33m.[39mreadRadixNumb
[23mer([35m16[39m)[33m;[39m[36mif[39m([36mthis[39m[33m.[39moptions[33m.[39mecmaVersion[33m>=[39m[35m6[39m){[36mif[39m([35m111[39m[33m===[39mt[33m||[39m[35m79[39m[33m===[39mt)[36mreturn[39m
[23m[36mthis[39m[33m.[39mreadRadixNumber([35m8[39m)[33m;[39m[36mif[39m([35m98[39m[33m===[39mt[33m||[39m[35m66[39m[33m===[39mt)[36mreturn[39m [36mthis[39m[33m.[39mreadRadixNumber([35m2[39m)}[36mcase[39m
[23m[35m49[39m[33m:[39m[36mcase[39m [35m50[39m[33m:[39m[36mcase[39m [35m51[39m[33m:[39m[36mcase[39m [35m52[39m[33m:[39m[36mcase[39m [35m53[39m[33m:[39m[36mcase[39m [35m54[39m[33m:[39m[36mcase[39m [35m55[39m[33m:[39m[36mcase[39m [35m56[39m[33m:[39m[36mcase[39m [35m57[39m[33m:[39m[36mreturn[39m
[23m[36mthis[39m[33m.[39mreadNumber([33m![39m[35m1[39m)[33m;[39m[36mcase[39m [35m34[39m[33m:[39m[36mcase[39m [35m39[39m[33m:[39m[36mreturn[39m [36mthis[39m[33m.[39mreadString(e)[33m;[39m[36mcase[39m [35m47[39m[33m:[39m[36mreturn[39m
[23m[36mthis[39m[33m.[39mreadToken_slash()[33m;[39m[36mcase[39m [35m37[39m[33m:[39m[36mcase[39m [35m42[39m[33m:[39m[36mreturn[39m
[23m[36mthis[39m[33m.[39mreadToken_mult_modulo_exp(e)[33m;[39m[36mcase[39m [35m124[39m[33m:[39m[36mcase[39m [35m38[39m[33m:[39m[36mreturn[39m
[23m[36mthis[39m[33m.[39mreadToken_pipe_amp(e)[33m;[39m[36mcase[39m [35m94[39m[33m:[39m[36mreturn[39m [36mthis[39m[33m.[39mreadToken_caret()[33m;[39m[36mcase[39m [35m43[39m[33m:[39m[36mcase[39m
[23m[35m45[39m[33m:[39m[36mreturn[39m [36mthis[39m[33m.[39mreadToken_plus_min(e)[33m;[39m[36mcase[39m [35m60[39m[33m:[39m[36mcase[39m [35m62[39m[33m:[39m[36mreturn[39m
[23m[36mthis[39m[33m.[39mreadToken_lt_gt(e)[33m;[39m[36mcase[39m [35m61[39m[33m:[39m[36mcase[39m [35m33[39m[33m:[39m[36mreturn[39m [36mthis[39m[33m.[39mreadToken_eq_excl(e)[33m;[39m[36mcase[39m
[23m[35m63[39m[33m:[39m[36mreturn[39m [36mthis[39m[33m.[39mreadToken_question()[33m;[39m[36mcase[39m [35m126[39m[33m:[39m[36mreturn[39m
[23m[36mthis[39m[33m.[39mfinishOp([33mA[39m[33m.[39mprefix[33m,[39m[35m1[39m)}[36mthis[39m[33m.[39mraise([36mthis[39m[33m.[39mpos[33m,[39m[32m"Unexpected character
[23m'"[39m[33m+[39m[33mTe[39m(e)[33m+[39m[32m"'"[39m)}[33m,[39m[33mBe[39m[33m.[39mfinishOp[33m=[39m[36mfunction[39m(e[33m,[39mt){[36mvar[39m
[23mn[33m=[39m[36mthis[39m[33m.[39minput[33m.[39mslice([36mthis[39m[33m.[39mpos[33m,[39m[36mthis[39m[33m.[39mpos[33m+[39mt)[33m;[39m[36mreturn[39m
[23m[36mthis[39m[33m.[39mpos[33m+=[39mt[33m,[39m[36mthis[39m[33m.[39mfinishToken(e[33m,[39mn)}[33m,[39m[33mBe[39m[33m.[39mreadRegexp[33m=[39m[36mfunction[39m(){[36mfor[39m([36mvar[39m
[23me[33m,[39mt[33m,[39mn[33m=[39m[36mthis[39m[33m.[39mpos[33m;[39m[33m;[39m){[36mthis[39m[33m.[39mpos[33m>=[39m[36mthis[39m[33m.[39minput[33m.[39mlength[33m&&[39m[36mthis[39m[33m.[39mraise(n[33m,[39m[32m"Unterminated
[23mregular expression"[39m)[33m;[39m[36mvar[39m
[23mr[33m=[39m[36mthis[39m[33m.[39minput[33m.[39mcharAt([36mthis[39m[33m.[39mpos)[33m;[39m[36mif[39m(b[33m.[39mtest(r)[33m&&[39m[36mthis[39m[33m.[39mraise(n[33m,[39m[32m"Unterminated regular
[23mexpression"[39m)[33m,[39me)e[33m=[39m[33m![39m[35m1[39m[33m;[39m[36melse[39m{[36mif[39m([32m"["[39m[33m===[39mr)t[33m=[39m[33m![39m[35m0[39m[33m;[39m[36melse[39m [36mif[39m([32m"]"[39m[33m===[39mr[33m&&[39mt)t[33m=[39m[33m![39m[35m1[39m[33m;[39m[36melse[39m
[23m[36mif[39m([32m"/"[39m[33m===[39mr[33m&&[39m[33m![39mt)[36mbreak[39m[33m;[39me[33m=[39m[32m"\\"[39m[33m===[39mr}[33m++[39m[36mthis[39m[33m.[39mpos}[36mvar[39m
[23mi[33m=[39m[36mthis[39m[33m.[39minput[33m.[39mslice(n[33m,[39m[36mthis[39m[33m.[39mpos)[33m;[39m[33m++[39m[36mthis[39m[33m.[39mpos[33m;[39m[36mvar[39m
[23ms[33m=[39m[36mthis[39m[33m.[39mpos[33m,[39ma[33m=[39m[36mthis[39m[33m.[39mreadWord1()[33m;[39m[36mthis[39m[33m.[39mcontainsEsc[33m&&[39m[36mthis[39m[33m.[39munexpected(s)[33m;[39m[36mvar[39m
[23mo[33m=[39m[36mthis[39m[33m.[39mregexpState[33m||[39m([36mthis[39m[33m.[39mregexpState[33m=[39m[36mnew[39m ye([36mthis[39m))[33m;[39mo[33m.[39mreset(n[33m,[39mi[33m,[39ma)[33m,[39m[36mthis[39m[33m.[39mvalidate
[23mRegExpFlags(o)[33m,[39m[36mthis[39m[33m.[39mvalidateRegExpPattern(o)[33m;[39m[36mvar[39m u[33m=[39m[36mnull[39m[33m;[39m[36mtry[39m{u[33m=[39m[36mnew[39m
[23m[33mRegExp[39m(i[33m,[39ma)}[36mcatch[39m(e){}[36mreturn[39m [36mthis[39m[33m.[39mfinishToken([33mA[39m[33m.[39mregexp[33m,[39m{pattern[33m:[39mi[33m,[39mflags[33m:[39ma[33m,[39mvalue[33m:
[23m[39mu})}[33m,[39m[33mBe[39m[33m.[39mreadInt[33m=[39m[36mfunction[39m(e[33m,[39mt[33m,[39mn){[36mfor[39m([36mvar[39m r[33m=[39m[36mthis[39m[33m.[39moptions[33m.[39mecmaVersion[33m>=[39m[35m12[39m[33m&&[39m[36mvoid[39m
[23m[35m0[39m[33m===[39mt[33m,[39mi[33m=[39mn[33m&&[39m[35m48[39m[33m===[39m[36mthis[39m[33m.[39minput[33m.[39mcharCodeAt([36mthis[39m[33m.[39mpos)[33m,[39ms[33m=[39m[36mthis[39m[33m.[39mpos[33m,[39ma[33m=[39m[35m0[39m[33m,[39mo[33m=[39m[35m0[39m[33m,[39mu[33m=[39m[35m0[39m[33m,[39ml[33m=[39m[36mnull[39m[33m==[39mt
[23m[33m?[39m[35m1[39m[33m/[39m[35m0[39m[33m:[39mt[33m;[39mu[33m<[39m[33ml[39m[33m;[39m[33m++[39mu[33m,[39m[33m++[39m[36mthis[39m[33m.[39mpos){[36mvar[39m c[33m=[39m[36mthis[39m[33m.[39minput[33m.[39mcharCodeAt([36mthis[39m[33m.[39mpos)[33m,[39mp[33m=[39m[36mvoid[39m
[23m[35m0[39m[33m;[39m[36mif[39m(r[33m&&[39m[35m95[39m[33m===[39mc)i[33m&&[39m[36mthis[39m[33m.[39mraiseRecoverable([36mthis[39m[33m.[39mpos[33m,[39m[32m"Numeric separator is not
[23mallowed in legacy octal numeric
[23mliterals"[39m)[33m,[39m[35m95[39m[33m===[39mo[33m&&[39m[36mthis[39m[33m.[39mraiseRecoverable([36mthis[39m[33m.[39mpos[33m,[39m[32m"Numeric separator must be
[23mexactly one underscore"[39m)[33m,[39m[35m0[39m[33m===[39mu[33m&&[39m[36mthis[39m[33m.[39mraiseRecoverable([36mthis[39m[33m.[39mpos[33m,[39m[32m"Numeric
[23mseparator is not allowed at the first of digits"[39m)[33m,[39mo[33m=[39mc[33m;[39m[36melse[39m{[36mif[39m((p[33m=[39mc[33m>=[39m[35m97[39m[33m?[39mc[33m-[39m[35m97[39m[33m+[39m[35m10[39m[33m:[39mc
[23m[33m>=[39m[35m65[39m[33m?[39mc[33m-[39m[35m65[39m[33m+[39m[35m10[39m[33m:[39mc[33m>=[39m[35m48[39m[33m&&[39mc[33m<=[39m[35m57[39m[33m?[39mc[33m-[39m[35m48[39m[33m:[39m[35m1[39m[35m/0)>=e)break;o=c,a=a*e+p}}return
[23mr&&95===o&&this.raiseRecoverable(this.pos-1,"Numeric separator is not allowed at
[23m the last of digits"),this.pos===s||null!=t&&this.pos-s!==t?null:a},Be.readRadix
[23mNumber=function(e){var t=this.pos;this.pos+=2;var n=this.readInt(e);return
[23mnull==n&&this.raise(this.start+2,"Expected number in radix "+e),this.options.ecm
[23maVersion>=11&&110===this.input.charCodeAt(this.pos)?(n=_e(this.input.slice(t,thi
[23ms.pos)),++this.pos):h(this.fullCharCodeAtPos())&&this.raise(this.pos,"Identifier
[23m directly after
[23mnumber"),this.finishToken(A.num,n)},Be.readNumber=function(e){var
[23mt=this.pos;e||null!==this.readInt(10,void 0,!0)||this.raise(t,"Invalid
[23mnumber");var n=this.pos-t>=2&&48===this.input.charCodeAt(t);n&&this.strict&&this
[23m.raise(t,"Invalid number");var r=this.input.charCodeAt(this.pos);if(!n&&!e&&this
[23m.options.ecmaVersion>=11&&110===r){var i=_e(this.input.slice(t,this.pos));return
[23m++this.pos,h(this.fullCharCodeAtPos())&&this.raise(this.pos,"Identifier directly
[23m after number"),this.finishToken(A.num,i)}n&&/[39m[[35m89[39m][33m/[39m[33m.[39mtest([36mthis[39m[33m.[39minput[33m.[39mslice(t[33m,[39m[36mthis
[23m[39m[33m.[39mpos))[33m&&[39m(n[33m=[39m[33m![39m[35m1[39m)[33m,[39m[35m46[39m[33m!==[39mr[33m||[39mn[33m||[39m([33m++[39m[36mthis[39m[33m.[39mpos[33m,[39m[36mthis[39m[33m.[39mreadInt([35m10[39m)[33m,[39mr[33m=[39m[36mthis[39m[33m.[39minput[33m.[39mcharCodeAt([36mt
[23mhis[39m[33m.[39mpos))[33m,[39m[35m69[39m[33m!==[39mr[33m&&[39m[35m101[39m[33m!==[39mr[33m||[39mn[33m||[39m([35m43[39m[33m!==[39m(r[33m=[39m[36mthis[39m[33m.[39minput[33m.[39mcharCodeAt([33m++[39m[36mthis[39m[33m.[39mpos))[33m&&[39m[35m45[39m[33m!==
[23m[39mr[33m||[39m[33m++[39m[36mthis[39m[33m.[39mpos[33m,[39m[36mnull[39m[33m===[39m[36mthis[39m[33m.[39mreadInt([35m10[39m)[33m&&[39m[36mthis[39m[33m.[39mraise(t[33m,[39m[32m"Invalid
[23mnumber"[39m))[33m,[39mh([36mthis[39m[33m.[39mfullCharCodeAtPos())[33m&&[39m[36mthis[39m[33m.[39mraise([36mthis[39m[33m.[39mpos[33m,[39m[32m"Identifier directly
[23mafter number"[39m)[33m;[39m[36mvar[39m s[33m,[39ma[33m=[39m(s[33m=[39m[36mthis[39m[33m.[39minput[33m.[39mslice(t[33m,[39m[36mthis[39m[33m.[39mpos)[33m,[39mn[33m?[39mparseInt(s[33m,[39m[35m8[39m)[33m:[39mparseFloa
[23mt(s[33m.[39mreplace([35m/_/g[39m[33m,[39m[32m""[39m)))[33m;[39m[36mreturn[39m
[23m[36mthis[39m[33m.[39mfinishToken([33mA[39m[33m.[39mnum[33m,[39ma)}[33m,[39m[33mBe[39m[33m.[39mreadCodePoint[33m=[39m[36mfunction[39m(){[36mvar[39m e[33m;[39m[36mif[39m([35m123[39m[33m===[39m[36mthis[39m[33m.[39minput
[23m[33m.[39mcharCodeAt([36mthis[39m[33m.[39mpos)){[36mthis[39m[33m.[39moptions[33m.[39mecmaVersion[33m<[39m[35m6[39m[33m&&[39m[36mthis[39m[33m.[39munexpected()[33m;[39m[36mvar[39m
[23mt[33m=[39m[33m++[39m[36mthis[39m[33m.[39mpos[33m;[39me[33m=[39m[36mthis[39m[33m.[39mreadHexChar([36mthis[39m[33m.[39minput[33m.[39mindexOf([32m"}"[39m[33m,[39m[36mthis[39m[33m.[39mpos)[33m-[39m[36mthis[39m[33m.[39mpos)[33m,[39m[33m++[39m[36mthi
[23ms[39m[33m.[39mpos[33m,[39me[33m>[39m[35m1114111[39m[33m&&[39m[36mthis[39m[33m.[39minvalidStringToken(t[33m,[39m[32m"Code point out of bounds"[39m)}[36melse[39m
[23me[33m=[39m[36mthis[39m[33m.[39mreadHexChar([35m4[39m)[33m;[39m[36mreturn[39m e}[33m,[39m[33mBe[39m[33m.[39mreadString[33m=[39m[36mfunction[39m(e){[36mfor[39m([36mvar[39m t[33m=[39m[32m""[39m[33m,[39mn[33m=[39m[33m++[39m[36mthis[39m[33m.
[23m[39mpos[33m;[39m[33m;[39m){[36mthis[39m[33m.[39mpos[33m>=[39m[36mthis[39m[33m.[39minput[33m.[39mlength[33m&&[39m[36mthis[39m[33m.[39mraise([36mthis[39m[33m.[39mstart[33m,[39m[32m"Unterminated string
[23mconstant"[39m)[33m;[39m[36mvar[39m r[33m=[39m[36mthis[39m[33m.[39minput[33m.[39mcharCodeAt([36mthis[39m[33m.[39mpos)[33m;[39m[36mif[39m(r[33m===[39me)[36mbreak[39m[33m;[39m[35m92[39m[33m===[39mr[33m?[39m(t[33m+=[39m[36mthis[39m[33m.
[23m[39minput[33m.[39mslice(n[33m,[39m[36mthis[39m[33m.[39mpos)[33m,[39mt[33m+=[39m[36mthis[39m[33m.[39mreadEscapedChar([33m![39m[35m1[39m)[33m,[39mn[33m=[39m[36mthis[39m[33m.[39mpos)[33m:[39m([33mC[39m(r[33m,[39m[36mthis[39m[33m.[39moption
[23ms[33m.[39mecmaVersion[33m>=[39m[35m10[39m)[33m&&[39m[36mthis[39m[33m.[39mraise([36mthis[39m[33m.[39mstart[33m,[39m[32m"Unterminated string
[23mconstant"[39m)[33m,[39m[33m++[39m[36mthis[39m[33m.[39mpos)}[36mreturn[39m
[23mt[33m+=[39m[36mthis[39m[33m.[39minput[33m.[39mslice(n[33m,[39m[36mthis[39m[33m.[39mpos[33m++[39m)[33m,[39m[36mthis[39m[33m.[39mfinishToken([33mA[39m[33m.[39mstring[33m,[39mt)}[33m;[39m[36mvar[39m
[23m[33mIe[39m[33m=[39m{}[33m;[39m[33mBe[39m[33m.[39mtryReadTemplateToken[33m=[39m[36mfunction[39m(){[36mthis[39m[33m.[39minTemplateElement[33m=[39m[33m![39m[35m0[39m[33m;[39m[36mtry[39m{[36mthis[39m[33m.[39mread
[23mTmplToken()}[36mcatch[39m(e){[36mif[39m(e[33m!==[39m[33mIe[39m)[36mthrow[39m
[23me[33m;[39m[36mthis[39m[33m.[39mreadInvalidTemplateToken()}[36mthis[39m[33m.[39minTemplateElement[33m=[39m[33m![39m[35m1[39m}[33m,[39m[33mBe[39m[33m.[39minvalidStringTok
[23men[33m=[39m[36mfunction[39m(e[33m,[39mt){[36mif[39m([36mthis[39m[33m.[39minTemplateElement[33m&&[39m[36mthis[39m[33m.[39moptions[33m.[39mecmaVersion[33m>=[39m[35m9[39m)[36mthrow[39m
[23m[33mIe[39m[33m;[39m[36mthis[39m[33m.[39mraise(e[33m,[39mt)}[33m,[39m[33mBe[39m[33m.[39mreadTmplToken[33m=[39m[36mfunction[39m(){[36mfor[39m([36mvar[39m e[33m=[39m[32m""[39m[33m,[39mt[33m=[39m[36mthis[39m[33m.[39mpos[33m;[39m[33m;[39m){[36mthis[39m[33m.
[23m[39mpos[33m>=[39m[36mthis[39m[33m.[39minput[33m.[39mlength[33m&&[39m[36mthis[39m[33m.[39mraise([36mthis[39m[33m.[39mstart[33m,[39m[32m"Unterminated template"[39m)[33m;[39m[36mvar[39m
[23mn[33m=[39m[36mthis[39m[33m.[39minput[33m.[39mcharCodeAt([36mthis[39m[33m.[39mpos)[33m;[39m[36mif[39m([35m96[39m[33m===[39mn[33m||[39m[35m36[39m[33m===[39mn[33m&&[39m[35m123[39m[33m===[39m[36mthis[39m[33m.[39minput[33m.[39mcharCodeAt
[23m([36mthis[39m[33m.[39mpos[33m+[39m[35m1[39m))[36mreturn[39m [36mthis[39m[33m.[39mpos[33m!==[39m[36mthis[39m[33m.[39mstart[33m||[39m[36mthis[39m[33m.[39mtype[33m!==[39m[33mA[39m[33m.[39mtemplate[33m&&[39m[36mthis[39m[33m.[39mtype[33m!==[39m[33mA
[23m[39m[33m.[39minvalidTemplate[33m?[39m(e[33m+=[39m[36mthis[39m[33m.[39minput[33m.[39mslice(t[33m,[39m[36mthis[39m[33m.[39mpos)[33m,[39m[36mthis[39m[33m.[39mfinishToken([33mA[39m[33m.[39mtemplate[33m,[39me)
[23m)[33m:[39m[35m36[39m[33m===[39mn[33m?[39m([36mthis[39m[33m.[39mpos[33m+=[39m[35m2[39m[33m,[39m[36mthis[39m[33m.[39mfinishToken([33mA[39m[33m.[39mdollarBraceL))[33m:[39m([33m++[39m[36mthis[39m[33m.[39mpos[33m,[39m[36mthis[39m[33m.[39mfinishT
[23moken([33mA[39m[33m.[39mbackQuote))[33m;[39m[36mif[39m([35m92[39m[33m===[39mn)e[33m+=[39m[36mthis[39m[33m.[39minput[33m.[39mslice(t[33m,[39m[36mthis[39m[33m.[39mpos)[33m,[39me[33m+=[39m[36mthis[39m[33m.[39mreadEscaped
[23mChar([33m![39m[35m0[39m)[33m,[39mt[33m=[39m[36mthis[39m[33m.[39mpos[33m;[39m[36melse[39m
[23m[36mif[39m([33mC[39m(n)){[36mswitch[39m(e[33m+=[39m[36mthis[39m[33m.[39minput[33m.[39mslice(t[33m,[39m[36mthis[39m[33m.[39mpos)[33m,[39m[33m++[39m[36mthis[39m[33m.[39mpos[33m,[39mn){[36mcase[39m
[23m[35m13[39m[33m:[39m[35m10[39m[33m===[39m[36mthis[39m[33m.[39minput[33m.[39mcharCodeAt([36mthis[39m[33m.[39mpos)[33m&&[39m[33m++[39m[36mthis[39m[33m.[39mpos[33m;[39m[36mcase[39m [35m10[39m[33m:[39me[33m+=[39m[32m"\n"[39m[33m;[39m[36mbreak[39m[33m;[39m[36mdefaul
[23mt[39m[33m:[39me[33m+=[39m[33mString[39m[33m.[39mfromCharCode(n)}[36mthis[39m[33m.[39moptions[33m.[39mlocations[33m&&[39m([33m++[39m[36mthis[39m[33m.[39mcurLine[33m,[39m[36mthis[39m[33m.[39mlineSta
[23mrt[33m=[39m[36mthis[39m[33m.[39mpos)[33m,[39mt[33m=[39m[36mthis[39m[33m.[39mpos}[36melse[39m[33m++[39m[36mthis[39m[33m.[39mpos}}[33m,[39m[33mBe[39m[33m.[39mreadInvalidTemplateToken[33m=[39m[36mfunction[39m(){
[23m[36mfor[39m([33m;[39m[36mthis[39m[33m.[39mpos[33m<[39m[36mthis[39m[33m.[39minput[33m.[39mlength[33m;[39m[36mthis[39m[33m.[39mpos[33m++[39m)[36mswitch[39m([36mthis[39m[33m.[39minput[[36mthis[39m[33m.[39mpos]){[36mcase[39m[32m"\\"
[23m[39m[33m:[39m[33m++[39m[36mthis[39m[33m.[39mpos[33m;[39m[36mbreak[39m[33m;[39m[36mcase[39m[32m"$"[39m[33m:[39m[36mif[39m([32m"{"[39m[33m!==[39m[36mthis[39m[33m.[39minput[[36mthis[39m[33m.[39mpos[33m+[39m[35m1[39m])[36mbreak[39m[33m;[39m[36mcase[39m[32m"`"[39m[33m:[39m[36mreturn[39m
[23m[36mthis[39m[33m.[39mfinishToken([33mA[39m[33m.[39minvalidTemplate[33m,[39m[36mthis[39m[33m.[39minput[33m.[39mslice([36mthis[39m[33m.[39mstart[33m,[39m[36mthis[39m[33m.[39mpos))}[36mthis[39m[33m.[39mr
[23maise([36mthis[39m[33m.[39mstart[33m,[39m[32m"Unterminated template"[39m)}[33m,[39m[33mBe[39m[33m.[39mreadEscapedChar[33m=[39m[36mfunction[39m(e){[36mvar[39m
[23mt[33m=[39m[36mthis[39m[33m.[39minput[33m.[39mcharCodeAt([33m++[39m[36mthis[39m[33m.[39mpos)[33m;[39m[36mswitch[39m([33m++[39m[36mthis[39m[33m.[39mpos[33m,[39mt){[36mcase[39m
[23m[35m110[39m[33m:[39m[36mreturn[39m[32m"\n"[39m[33m;[39m[36mcase[39m [35m114[39m[33m:[39m[36mreturn[39m[32m"\r"[39m[33m;[39m[36mcase[39m [35m120[39m[33m:[39m[36mreturn[39m
[23m[33mString[39m[33m.[39mfromCharCode([36mthis[39m[33m.[39mreadHexChar([35m2[39m))[33m;[39m[36mcase[39m [35m117[39m[33m:[39m[36mreturn[39m
[23m[33mTe[39m([36mthis[39m[33m.[39mreadCodePoint())[33m;[39m[36mcase[39m [35m116[39m[33m:[39m[36mreturn[39m[32m"\t"[39m[33m;[39m[36mcase[39m [35m98[39m[33m:[39m[36mreturn[39m[32m"\b"[39m[33m;[39m[36mcase[39m
[23m[35m118[39m[33m:[39m[36mreturn[39m[32m"\v"[39m[33m;[39m[36mcase[39m [35m102[39m[33m:[39m[36mreturn[39m[32m"\f"[39m[33m;[39m[36mcase[39m
[23m[35m13[39m[33m:[39m[35m10[39m[33m===[39m[36mthis[39m[33m.[39minput[33m.[39mcharCodeAt([36mthis[39m[33m.[39mpos)[33m&&[39m[33m++[39m[36mthis[39m[33m.[39mpos[33m;[39m[36mcase[39m [35m10[39m[33m:[39m[36mreturn[39m
[23m[36mthis[39m[33m.[39moptions[33m.[39mlocations[33m&&[39m([36mthis[39m[33m.[39mlineStart[33m=[39m[36mthis[39m[33m.[39mpos[33m,[39m[33m++[39m[36mthis[39m[33m.[39mcurLine)[33m,[39m[32m""[39m[33m;[39m[36mcase[39m [35m56[39m[33m:[39m[36mcase[39m
[23m [35m57[39m[33m:[39m[36mif[39m([36mthis[39m[33m.[39mstrict[33m&&[39m[36mthis[39m[33m.[39minvalidStringToken([36mthis[39m[33m.[39mpos[33m-[39m[35m1[39m[33m,[39m[32m"Invalid escape
[23msequence"[39m)[33m,[39me){[36mvar[39m n[33m=[39m[36mthis[39m[33m.[39mpos[33m-[39m[35m1[39m[33m;[39m[36mreturn[39m [36mthis[39m[33m.[39minvalidStringToken(n[33m,[39m[32m"Invalid escape
[23msequence in template string"[39m)[33m,[39m[36mnull[39m}[36mdefault[39m[33m:[39m[36mif[39m(t[33m>=[39m[35m48[39m[33m&&[39mt[33m<=[39m[35m55[39m){[36mvar[39m
[23mr[33m=[39m[36mthis[39m[33m.[39minput[33m.[39msubstr([36mthis[39m[33m.[39mpos[33m-[39m[35m1[39m[33m,[39m[35m3[39m)[33m.[39mmatch([35m/^[0-7]+/[39m)[[35m0[39m][33m,[39mi[33m=[39mparseInt(r[33m,[39m[35m8[39m)[33m;[39m[36mreturn[39m
[23mi[33m>[39m[35m255[39m[33m&&[39m(r[33m=[39mr[33m.[39mslice([35m0[39m[33m,[39m[33m-[39m[35m1[39m)[33m,[39mi[33m=[39mparseInt(r[33m,[39m[35m8[39m))[33m,[39m[36mthis[39m[33m.[39mpos[33m+=[39mr[33m.[39mlength[33m-[39m[35m1[39m[33m,[39mt[33m=[39m[36mthis[39m[33m.[39minput[33m.[39mcharC
[23modeAt([36mthis[39m[33m.[39mpos)[33m,[39m[32m"0"[39m[33m===[39mr[33m&&[39m[35m56[39m[33m!==[39mt[33m&&[39m[35m57[39m[33m!==[39mt[33m||[39m[33m![39m[36mthis[39m[33m.[39mstrict[33m&&[39m[33m![39me[33m||[39m[36mthis[39m[33m.[39minvalidStringTok
[23men([36mthis[39m[33m.[39mpos[33m-[39m[35m1[39m[33m-[39mr[33m.[39mlength[33m,[39me[33m?[39m[32m"Octal literal in template string"[39m[33m:[39m[32m"Octal literal in
[23mstrict mode"[39m)[33m,[39m[33mString[39m[33m.[39mfromCharCode(i)}[36mreturn[39m
[23m[33mC[39m(t)[33m?[39m[32m""[39m[33m:[39m[33mString[39m[33m.[39mfromCharCode(t)}}[33m,[39m[33mBe[39m[33m.[39mreadHexChar[33m=[39m[36mfunction[39m(e){[36mvar[39m
[23mt[33m=[39m[36mthis[39m[33m.[39mpos[33m,[39mn[33m=[39m[36mthis[39m[33m.[39mreadInt([35m16[39m[33m,[39me)[33m;[39m[36mreturn[39m [36mnull[39m[33m===[39mn[33m&&[39m[36mthis[39m[33m.[39minvalidStringToken(t[33m,[39m[32m"Bad
[23mcharacter escape
[23msequence"[39m)[33m,[39mn}[33m,[39m[33mBe[39m[33m.[39mreadWord1[33m=[39m[36mfunction[39m(){[36mthis[39m[33m.[39mcontainsEsc[33m=[39m[33m![39m[35m1[39m[33m;[39m[36mfor[39m([36mvar[39m e[33m=[39m[32m""[39m[33m,[39mt[33m=[39m[33m![39m[35m0[39m[33m,[39mn[33m=[39m[36mth
[23mis[39m[33m.[39mpos[33m,[39mr[33m=[39m[36mthis[39m[33m.[39moptions[33m.[39mecmaVersion[33m>=[39m[35m6[39m[33m;[39m[36mthis[39m[33m.[39mpos[33m<[39m[36mthis[39m[33m.[39minput[33m.[39mlength[33m;[39m){[36mvar[39m
[23mi[33m=[39m[36mthis[39m[33m.[39mfullCharCodeAtPos()[33m;[39m[36mif[39m(d(i[33m,[39mr))[36mthis[39m[33m.[39mpos[33m+=[39mi[33m<=[39m[35m65535[39m[33m?[39m[35m1[39m[33m:[39m[35m2[39m[33m;[39m[36melse[39m{[36mif[39m([35m92[39m[33m!==[39mi)[36mbreak
[23m[39m[33m;[39m[36mthis[39m[33m.[39mcontainsEsc[33m=[39m[33m![39m[35m0[39m[33m,[39me[33m+=[39m[36mthis[39m[33m.[39minput[33m.[39mslice(n[33m,[39m[36mthis[39m[33m.[39mpos)[33m;[39m[36mvar[39m s[33m=[39m[36mthis[39m[33m.[39mpos[33m;[39m[35m117[39m[33m!==[39m[36mthis[39m[33m.[39mi
[23mnput[33m.[39mcharCodeAt([33m++[39m[36mthis[39m[33m.[39mpos)[33m&&[39m[36mthis[39m[33m.[39minvalidStringToken([36mthis[39m[33m.[39mpos[33m,[39m[32m"Expecting Unicode
[23m escape sequence \\uXXXX"[39m)[33m,[39m[33m++[39m[36mthis[39m[33m.[39mpos[33m;[39m[36mvar[39m
[23ma[33m=[39m[36mthis[39m[33m.[39mreadCodePoint()[33m;[39m(t[33m?[39mh[33m:[39md)(a[33m,[39mr)[33m||[39m[36mthis[39m[33m.[39minvalidStringToken(s[33m,[39m[32m"Invalid Unicode
[23mescape"[39m)[33m,[39me[33m+=[39m[33mTe[39m(a)[33m,[39mn[33m=[39m[36mthis[39m[33m.[39mpos}t[33m=[39m[33m![39m[35m1[39m}[36mreturn[39m
[23me[33m+[39m[36mthis[39m[33m.[39minput[33m.[39mslice(n[33m,[39m[36mthis[39m[33m.[39mpos)}[33m,[39m[33mBe[39m[33m.[39mreadWord[33m=[39m[36mfunction[39m(){[36mvar[39m
[23me[33m=[39m[36mthis[39m[33m.[39mreadWord1()[33m,[39mt[33m=[39m[33mA[39m[33m.[39mname[33m;[39m[36mreturn[39m
[23m[36mthis[39m[33m.[39mkeywords[33m.[39mtest(e)[33m&&[39m(t[33m=[39my[e])[33m,[39m[36mthis[39m[33m.[39mfinishToken(t[33m,[39me)}[33m;[39m[36mvar[39m [33mPe[39m[33m=[39m[32m"8.1.1"[39m[33m;[39mj[33m.[39macorn[33m=[39m{[33mP
[23marser[39m[33m:[39mj[33m,[39mversion[33m:[39m[33mPe[39m[33m,[39mdefaultOptions[33m:[39m[33mO[39m[33m,[39m[33mPosition[39m[33m:[39m[33mI[39m[33m,[39m[33mSourceLocation[39m[33m:[39m[33mP[39m[33m,[39mgetLineInfo[33m:[39m[33mL[39m[33m,[39m[33mNo
[23mde[39m[33m:[39mte[33m,[39m[33mTokenType[39m[33m:[39mf[33m,[39mtokTypes[33m:[39m[33mA[39m[33m,[39mkeywordTypes[33m:[39my[33m,[39m[33mTokContext[39m[33m:[39mie[33m,[39mtokContexts[33m:[39mse[33m,[39misIdent
[23mifierChar[33m:[39md[33m,[39misIdentifierStart[33m:[39mh[33m,[39m[33mToken[39m[33m:[39m[33mSe[39m[33m,[39misNewLine[33m:[39m[33mC[39m[33m,[39mlineBreak[33m:[39mb[33m,[39mlineBreakG[33m:[39m[33mE[39m[33m,[39mno
[23mnASCIIwhitespace[33m:[39m[33mF[39m}[33m,[39me[33m.[39m[33mNode[39m[33m=[39mte[33m,[39me[33m.[39m[33mParser[39m[33m=[39mj[33m,[39me[33m.[39m[33mPosition[39m[33m=[39m[33mI[39m[33m,[39me[33m.[39m[33mSourceLocation[39m[33m=[39m[33mP[39m[33m,[39me[33m.[39m[33mTokCo
[23mntext[39m[33m=[39mie[33m,[39me[33m.[39m[33mToken[39m[33m=[39m[33mSe[39m[33m,[39me[33m.[39m[33mTokenType[39m[33m=[39mf[33m,[39me[33m.[39mdefaultOptions[33m=[39m[33mO[39m[33m,[39me[33m.[39mgetLineInfo[33m=[39m[33mL[39m[33m,[39me[33m.[39misIdentif
[23mierChar[33m=[39md[33m,[39me[33m.[39misIdentifierStart[33m=[39mh[33m,[39me[33m.[39misNewLine[33m=[39m[33mC[39m[33m,[39me[33m.[39mkeywordTypes[33m=[39my[33m,[39me[33m.[39mlineBreak[33m=[39mb[33m,[39me[33m.[39ml
[23mineBreakG[33m=[39m[33mE[39m[33m,[39me[33m.[39mnonASCIIwhitespace[33m=[39m[33mF[39m[33m,[39me[33m.[39mparse[33m=[39m[36mfunction[39m(e[33m,[39mt){[36mreturn[39m
[23mj[33m.[39mparse(e[33m,[39mt)}[33m,[39me[33m.[39mparseExpressionAt[33m=[39m[36mfunction[39m(e[33m,[39mt[33m,[39mn){[36mreturn[39m j[33m.[39mparseExpressionAt(e[33m,[39mt
[23m[33m,[39mn)}[33m,[39me[33m.[39mtokContexts[33m=[39mse[33m,[39me[33m.[39mtokTypes[33m=[39m[33mA[39m[33m,[39me[33m.[39mtokenizer[33m=[39m[36mfunction[39m(e[33m,[39mt){[36mreturn[39m
[23mj[33m.[39mtokenizer(e[33m,[39mt)}[33m,[39me[33m.[39mversion[33m=[39m[33mPe[39m[33m,[39m[33mObject[39m[33m.[39mdefineProperty(e[33m,[39m[32m"__esModule"[39m[33m,[39m{value[33m:[39m[33m![39m[35m0[39m})}
(t)}[33m,[39m[35m8869[39m[33m:[39me[33m=>[39m{[32m"use strict"[39m[33m;[39me[33m.[39mexports[33m=[39m[36mfunction[39m(e){[36mif[39m(e)[36mthrow[39m e}}[33m,[39m[35m6588[39m[33m:[39me[33m=>[39m{[32m"use
[23mstrict"[39m[33m;[39me[33m.[39mexports[33m=[39m[33mJSON[39m[33m.[39mparse([32m'{"AElig":"├å","AMP":"&","Aacute":"├ü","Acirc":"├é","A
[23mgrave":"├Ç","Aring":"├à","Atilde":"├â","Auml":"├ä","COPY":"┬⌐","Ccedil":"├ç","ETH":"├É"
[23m,"Eacute":"├ë","Ecirc":"├è","Egrave":"├ê","Euml":"├ï","GT":">","Iacute":"├ì","Icirc":
[23m"├Ä","Igrave":"├î","Iuml":"├Å","LT":"<","Ntilde":"├æ","Oacute":"├ô","Ocirc":"├ö","Ogra
[23mve":"├Æ","Oslash":"├ÿ","Otilde":"├ò","Ouml":"├û","QUOT":"\\"","REG":"┬«","THORN":"├₧",
[23m"Uacute":"├Ü","Ucirc":"├¢","Ugrave":"├Ö","Uuml":"├£","Yacute":"├¥","aacute":"├í","acir
[23mc":"├ó","acute":"┬┤","aelig":"├ª","agrave":"├á","amp":"&","aring":"├Ñ","atilde":"├ú","
[23mauml":"├ñ","brvbar":"┬ª","ccedil":"├º","cedil":"┬╕","cent":"┬ó","copy":"┬⌐","curren":"
[23m┬ñ","deg":"┬░","divide":"├╖","eacute":"├⌐","ecirc":"├¬","egrave":"├¿","eth":"├░","euml"
[23m:"├½","frac12":"┬╜","frac14":"┬╝","frac34":"┬╛","gt":">","iacute":"├¡","icirc":"├«","i
[23mexcl":"┬í","igrave":"├¼","iquest":"┬┐","iuml":"├»","laquo":"┬½","lt":"<","macr":"┬»","
[23mmicro":"┬╡","middot":"┬╖","nbsp":"┬á","not":"┬¼","ntilde":"├▒","oacute":"├│","ocirc":"
[23m├┤","ograve":"├▓","ordf":"┬¬","ordm":"┬║","oslash":"├╕","otilde":"├╡","ouml":"├╢","para
[23m":"┬╢","plusmn":"┬▒","pound":"┬ú","quot":"\\"","raquo":"┬╗","reg":"┬«","sect":"┬º","sh
[23my":"┬¡","sup1":"┬╣","sup2":"┬▓","sup3":"┬│","szlig":"├ƒ","thorn":"├╛","times":"├ù","uac
[23mute":"├║","ucirc":"├╗","ugrave":"├╣","uml":"┬¿","uuml":"├╝","yacute":"├╜","yen":"┬Ñ","y
[23muml":"├┐"}'[39m)}[33m,[39m[35m6852[39m[33m:[39me[33m=>[39m{[32m"use strict"[39m[33m;[39me[33m.[39mexports[33m=[39m[33mJSON[39m[33m.[39mparse([32m'{"0":"∩┐╜","128":"Γé¼","130
[23m":"ΓÇÜ","131":"╞Æ","132":"ΓÇ₧","133":"ΓÇª","134":"ΓÇá","135":"ΓÇí","136":"╦å","137":"ΓÇ░","138
[23m":"┼á","139":"ΓÇ╣","140":"┼Æ","142":"┼╜","145":"ΓÇÿ","146":"ΓÇÖ","147":"ΓÇ£","148":"ΓÇ¥","149
[23m":"ΓÇó","150":"ΓÇô","151":"ΓÇö","152":"╦£","153":"Γäó","154":"┼í","155":"ΓÇ║","156":"┼ô","158
[23m":"┼╛","159":"┼╕"}'[39m)}[33m,[39m[35m6851[39m[33m:[39m(e[33m,[39mt)[33m=>[39m{[32m"use strict"[39m[33m;[39mt[33m.[39mparse[33m=[39m[36mfunction[39m(e){[36mfor[39m([36mvar[39m
[23mt[33m,[39mn[33m=[39m[][33m,[39mr[33m=[39m[33mString[39m(e[33m||[39m[32m""[39m)[33m,[39mi[33m=[39mr[33m.[39mindexOf([32m","[39m)[33m,[39ms[33m=[39m[35m0[39m[33m,[39ma[33m=[39m[33m![39m[35m1[39m[33m;[39m[33m![39ma[33m;[39m)[33m-[39m[35m1[39m[33m===[39mi[33m&&[39m(i[33m=[39mr[33m.[39mlength[33m,[39ma[33m=[39m[33m![39m[35m0[39m)[33m,[39m[33m!
[23m[39m(t[33m=[39mr[33m.[39mslice(s[33m,[39mi)[33m.[39mtrim())[33m&&[39ma[33m||[39mn[33m.[39mpush(t)[33m,[39ms[33m=[39mi[33m+[39m[35m1[39m[33m,[39mi[33m=[39mr[33m.[39mindexOf([32m","[39m[33m,[39ms)[33m;[39m[36mreturn[39m
[23mn}[33m,[39mt[33m.[39mstringify[33m=[39m[36mfunction[39m(e[33m,[39mt){[36mvar[39m n[33m=[39mt[33m||[39m{}[33m,[39mr[33m=[39m[33m![39m[35m1[39m[33m===[39mn[33m.[39mpadLeft[33m?[39m[32m""[39m[33m:[39m[32m" "[39m[33m,[39mi[33m=[39mn[33m.[39mpadRight[33m?[39m[32m"
[23m"[39m[33m:[39m[32m""[39m[33m;[39m[36mreturn[39m[32m""[39m[33m===[39me[e[33m.[39mlength[33m-[39m[35m1[39m][33m&&[39m(e[33m=[39me[33m.[39mconcat([32m""[39m))[33m,[39me[33m.[39mjoin(i[33m+[39m[32m","[39m[33m+[39mr)[33m.[39mtrim()}}[33m,[39m[35m847[39m[33m:[39me[33m=>
[23m[39m{[32m"use strict"[39m[33m;[39me[33m.[39mexports[33m=[39m[36mfunction[39m(e[33m,[39mt){[36mreturn[39m
[23mn(e[33m,[39m{comments[33m:[39mt[33m.[39mconcat()[33m.[39msort(i)[33m,[39mindex[33m:[39m[35m0[39m})[33m,[39me}[33m;[39m[36mvar[39m t[33m=[39m[][33m.[39mpush[33m;[39m[36mfunction[39m n(e[33m,[39ms){[36mvar[39m
[23ma[33m,[39mo[33m,[39mu[33m,[39ml[33m=[39m[][33m,[39mc[33m=[39m[][33m;[39m[36mif[39m(s[33m.[39mindex[33m!==[39ms[33m.[39mcomments[33m.[39mlength){[36mfor[39m(a [36min[39m
[23me)[36mif[39m((o[33m=[39me[a])[33m&&[39m[32m"object"[39m[33m==[39m[36mtypeof[39m o[33m&&[39m[32m"comments"[39m[33m!==[39ma)[36mif[39m([32m"string"[39m[33m==[39m[36mtypeof[39m
[23mo[33m.[39mtype)l[33m.[39mpush(o)[33m;[39m[36melse[39m
[23m[36mif[39m([33mArray[39m[33m.[39misArray(o))[36mfor[39m(u[33m=[39m[33m-[39m[35m1[39m[33m;[39m[33m++[39mu[33m<[39m[33mo[39m[33m.[39mlength[33m;[39m)o[u][33m&&[39m[32m"string"[39m[33m==[39m[36mtypeof[39m
[23mo[u][33m.[39mtype[33m&&[39ml[33m.[39mpush(o[u])[33m;[39m[36mfor[39m(l[33m.[39msort(i)[33m,[39mt[33m.[39mapply(c[33m,[39mr(s[33m,[39me[33m,[39m[33m![39m[35m1[39m[33m,[39m{leading[33m:[39m[33m![39m[35m0[39m[33m,[39mtrailing[33m:[39m[33m![39m[35m1
[23m[39m}))[33m,[39mu[33m=[39m[33m-[39m[35m1[39m[33m;[39m[33m++[39mu[33m<[39m[33ml[39m[33m.[39mlength[33m;[39m)n(l[u][33m,[39ms)[33m;[39mt[33m.[39mapply(c[33m,[39mr(s[33m,[39me[33m,[39m[33m![39m[35m0[39m[33m,[39m{leading[33m:[39m[33m![39m[35m1[39m[33m,[39mtrailing[33m:[39m[33mBoolean
[23m[39m(l[33m.[39mlength)}))[33m,[39mc[33m.[39mlength[33m&&[39m(e[33m.[39mcomments[33m=[39mc)}}[36mfunction[39m r(e[33m,[39mt[33m,[39mn[33m,[39mr){[36mfor[39m([36mvar[39m
[23ms[33m=[39m[][33m;[39me[33m.[39mcomments[e[33m.[39mindex][33m&&[39mi(e[33m.[39mcomments[e[33m.[39mindex][33m,[39mt[33m,[39mn)[33m<[39m[35m1[39m[33m;[39m)s[33m.[39mpush([33mObject[39m[33m.[39massign({}[33m,
[23m[39me[33m.[39mcomments[e[33m.[39mindex[33m++[39m][33m,[39mr))[33m;[39m[36mreturn[39m s}[36mfunction[39m i(e[33m,[39mt[33m,[39mn){[36mvar[39m
[23mr[33m=[39mn[33m?[39m[32m"end"[39m[33m:[39m[32m"start"[39m[33m;[39m[36mreturn[39m
[23me[33m.[39mrange[33m&&[39mt[33m.[39mrange[33m?[39me[33m.[39mrange[[35m0[39m][33m-[39mt[33m.[39mrange[n[33m?[39m[35m1[39m[33m:[39m[35m0[39m][33m:[39me[33m.[39mloc[33m&&[39me[33m.[39mloc[33m.[39mstart[33m&&[39mt[33m.[39mloc[33m&&[39mt[33m.[39mloc[r][33m?[39me
[23m[33m.[39mloc[33m.[39mstart[33m.[39mline[33m-[39mt[33m.[39mloc[r][33m.[39mline[33m||[39me[33m.[39mloc[33m.[39mstart[33m.[39mcolumn[33m-[39mt[33m.[39mloc[r][33m.[39mcolumn[33m:[39m[32m"start"[39m[36min[39m e[33m&&[39mr
[23m [36min[39m t[33m?[39me[33m.[39mstart[33m-[39mt[r][33m:[39m[33mNaN[39m}}[33m,[39m[35m4470[39m[33m:[39me[33m=>[39m{[32m"use strict"[39m[33m;[39m[36mvar[39m
[23mt[33m=[39m[33mObject[39m[33m.[39mprototype[33m.[39mhasOwnProperty[33m,[39mn[33m=[39m[33mObject[39m[33m.[39mprototype[33m.[39mtoString[33m,[39mr[33m=[39m[33mObject[39m[33m.[39mdefinePro
[23mperty[33m,[39mi[33m=[39m[33mObject[39m[33m.[39mgetOwnPropertyDescriptor[33m,[39ms[33m=[39m[36mfunction[39m(e){[36mreturn[39m[32m"function"[39m[33m==[39m[36mtypeof[39m
[23m[33mArray[39m[33m.[39misArray[33m?[39m[33mArray[39m[33m.[39misArray(e)[33m:[39m[32m"[object
[23mArray]"[39m[33m===[39mn[33m.[39mcall(e)}[33m,[39ma[33m=[39m[36mfunction[39m(e){[36mif[39m([33m![39me[33m||[39m[32m"[object
[23mObject]"[39m[33m!==[39mn[33m.[39mcall(e))[36mreturn[39m[33m![39m[35m1[39m[33m;[39m[36mvar[39m
[23mr[33m,[39mi[33m=[39mt[33m.[39mcall(e[33m,[39m[32m"constructor"[39m)[33m,[39ms[33m=[39me[33m.[39mconstructor[33m&&[39me[33m.[39mconstructor[33m.[39mprototype[33m&&[39mt[33m.[39mcall(e[33m.[39mc
[23monstructor[33m.[39mprototype[33m,[39m[32m"isPrototypeOf"[39m)[33m;[39m[36mif[39m(e[33m.[39mconstructor[33m&&[39m[33m![39mi[33m&&[39m[33m![39ms)[36mreturn[39m[33m![39m[35m1[39m[33m;[39m[36mfor[39m(r [36min[39m
[23m e)[33m;[39m[36mreturn[39m [36mvoid[39m
[23m[35m0[39m[33m===[39mr[33m||[39mt[33m.[39mcall(e[33m,[39mr)}[33m,[39mo[33m=[39m[36mfunction[39m(e[33m,[39mt){r[33m&&[39m[32m"__proto__"[39m[33m===[39mt[33m.[39mname[33m?[39mr(e[33m,[39mt[33m.[39mname[33m,[39m{enumerab
[23mle[33m:[39m[33m![39m[35m0[39m[33m,[39mconfigurable[33m:[39m[33m![39m[35m0[39m[33m,[39mvalue[33m:[39mt[33m.[39mnewValue[33m,[39mwritable[33m:[39m[33m![39m[35m0[39m})[33m:[39me[t[33m.[39mname][33m=[39mt[33m.[39mnewValue}[33m,[39mu[33m=[39m[36mfun
[23mction[39m(e[33m,[39mn){[36mif[39m([32m"__proto__"[39m[33m===[39mn){[36mif[39m([33m![39mt[33m.[39mcall(e[33m,[39mn))[36mreturn[39m[33m;[39m[36mif[39m(i)[36mreturn[39m
[23mi(e[33m,[39mn)[33m.[39mvalue}[36mreturn[39m e[n]}[33m;[39me[33m.[39mexports[33m=[39m[36mfunction[39m e(){[36mvar[39m
[23mt[33m,[39mn[33m,[39mr[33m,[39mi[33m,[39ml[33m,[39mc[33m,[39mp[33m=[39marguments[[35m0[39m][33m,[39mh[33m=[39m[35m1[39m[33m,[39md[33m=[39marguments[33m.[39mlength[33m,[39mf[33m=[39m[33m![39m[35m1[39m[33m;[39m[36mfor[39m([32m"boolean"[39m[33m==[39m[36mtypeof[39m
[23mp[33m&&[39m(f[33m=[39mp[33m,[39mp[33m=[39marguments[[35m1[39m][33m||[39m{}[33m,[39mh[33m=[39m[35m2[39m)[33m,[39m([36mnull[39m[33m==[39mp[33m||[39m[32m"object"[39m[33m!=[39m[36mtypeof[39m p[33m&&[39m[32m"function"[39m[33m!=[39m[36mtypeof[39m
[23m p)[33m&&[39m(p[33m=[39m{})[33m;[39mh[33m<[39m[33md[39m[33m;[39m[33m++[39mh)[36mif[39m([36mnull[39m[33m!=[39m(t[33m=[39marguments[h]))[36mfor[39m(n [36min[39m
[23mt)r[33m=[39mu(p[33m,[39mn)[33m,[39mp[33m!==[39m(i[33m=[39mu(t[33m,[39mn))[33m&&[39m(f[33m&&[39mi[33m&&[39m(a(i)[33m||[39m(l[33m=[39ms(i)))[33m?[39m(l[33m?[39m(l[33m=[39m[33m![39m[35m1[39m[33m,[39mc[33m=[39mr[33m&&[39ms(r)[33m?[39mr[33m:[39m[])[33m:[39mc[33m=[39mr[33m&
[23m&[39ma(r)[33m?[39mr[33m:[39m{}[33m,[39mo(p[33m,[39m{name[33m:[39mn[33m,[39mnewValue[33m:[39me(f[33m,[39mc[33m,[39mi)}))[33m:[39m[36mvoid[39m
[23m[35m0[39m[33m!==[39mi[33m&&[39mo(p[33m,[39m{name[33m:[39mn[33m,[39mnewValue[33m:[39mi}))[33m;[39m[36mreturn[39m p}}[33m,[39m[35m4973[39m[33m:[39m(e[33m,[39mt[33m,[39mn)[33m=>[39m{[32m"use
[23mstrict"[39m[33m;[39me[33m.[39mexports[33m=[39m[36mfunction[39m(e[33m,[39mt){[36mvar[39m
[23mn[33m=[39m{schema[33m:[39mt[33m&&[39m[32m"svg"[39m[33m===[39mt[33m.[39mspace[33m?[39mp[33m:[39mc[33m,[39mcomments[33m:[39m[][33m,[39mesm[33m:[39m[][33m,[39mhandle[33m:[39mm([32m"type"[39m[33m,[39m{invalid[33m:[39mv[33m,[39mu
[23mnknown[33m:[39m[33mA[39m[33m,[39mhandlers[33m:[39my})}[33m,[39mr[33m=[39mn[33m.[39mhandle(e[33m,[39mn)[33m,[39mi[33m=[39mn[33m.[39mesm[33m;[39m[36mreturn[39m r[33m&&[39m([32m"JSXFragment"[39m[33m!==[39mr[33m.[39mtype
[23m[33m&&[39m[32m"JSXElement"[39m[33m!==[39mr[33m.[39mtype[33m&&[39m(r[33m=[39mw(e[33m,[39m{type[33m:[39m[32m"JSXFragment"[39m[33m,[39mopeningFragment[33m:[39m{type[33m:[39m[32m"JSXOp
[23meningFragment"[39m[33m,[39mattributes[33m:[39m[][33m,[39mselfClosing[33m:[39m[33m![39m[35m1[39m}[33m,[39mclosingFragment[33m:[39m{type[33m:[39m[32m"JSXClosingFr
[23magment"[39m}[33m,[39mchildren[33m:[39m[r]}))[33m,[39mi[33m.[39mpush(w(e[33m,[39m{type[33m:[39m[32m"ExpressionStatement"[39m[33m,[39mexpression[33m:[39mr})))
[23m[33m,[39mw(e[33m,[39m{type[33m:[39m[32m"Program"[39m[33m,[39mbody[33m:[39mi[33m,[39msourceType[33m:[39m[32m"module"[39m[33m,[39mcomments[33m:[39mn[33m.[39mcomments})}[33m;[39m[36mvar[39m
[23mr[33m=[39mn([35m6851[39m)[33m,[39mi[33m=[39mn([35m847[39m)[33m,[39m{start[33m:[39ms[33m,[39mcont[33m:[39ma}[33m=[39mn([35m2024[39m)[33m,[39mo[33m=[39mn([35m3560[39m)[33m,[39mu[33m=[39mn([35m9560[39m)[33m,[39ml[33m=[39mn([35m3934[39m)[33m,[39mc[33m=[39mn([35m72
[23m47[39m)[33m,[39mp[33m=[39mn([35m6023[39m)[33m,[39mh[33m=[39mn([35m6582[39m)[33m,[39md[33m=[39mn([35m7848[39m)[33m,[39mf[33m=[39mn([35m7361[39m)[33m,[39mm[33m=[39mn([35m8019[39m)[33m,[39mg[33m=[39m{}[33m.[39mhasOwnProperty[33m,[39mx[33m=[39m[][33m.[39mp
[23mush[33m,[39my[33m=[39m{comment[33m:[39m[36mfunction[39m(e[33m,[39mt){[36mvar[39m n[33m=[39m[33mF[39m(e[33m,[39m{type[33m:[39m[32m"Block"[39m[33m,[39mvalue[33m:[39me[33m.[39mvalue})[33m;[39m[36mreturn[39m
[23mt[33m.[39mcomments[33m.[39mpush(n)[33m,[39mw(e[33m,[39m{type[33m:[39m[32m"JSXExpressionContainer"[39m[33m,[39mexpression[33m:[39mw(e[33m,[39m{type[33m:[39m[32m"JSXE
[23mmptyExpression"[39m[33m,[39mcomments[33m:[39m[[33mObject[39m[33m.[39massign({}[33m,[39mn[33m,[39m{leading[33m:[39m[33m![39m[35m1[39m[33m,[39mtrailing[33m:[39m[33m![39m[35m0[39m})]})})}[33m,[39mdoc
[23mtype[33m:[39m[36mfunction[39m(){}[33m,[39melement[33m:[39m[36mfunction[39m(e[33m,[39mt){[36mvar[39m
[23mn[33m,[39mi[33m,[39ms[33m,[39ma[33m,[39mo[33m,[39mc[33m,[39md[33m=[39mt[33m.[39mschema[33m,[39mf[33m=[39md[33m,[39mm[33m=[39me[33m.[39mproperties[33m||[39m{}[33m,[39mg[33m=[39m[][33m;[39m[36mfor[39m(s
[23m[36min[39m[32m"html"[39m[33m===[39md[33m.[39mspace[33m&&[39m[32m"svg"[39m[33m===[39me[33m.[39mtagName[33m.[39mtoLowerCase()[33m&&[39m(f[33m=[39mp[33m,[39mt[33m.[39mschema[33m=[39mf)[33m,[39mn[33m=[39m[33mC[39m(e[33m,[39mt)[33m,[39mm
[23m)[36mif[39m(a[33m=[39mm[s][33m,[39mi[33m=[39mu(f[33m,[39ms)[33m,[39m[36mnull[39m[33m!=[39ma[33m&&[39ma[33m==[39ma[33m&&[39m[33m![39m[35m1[39m[33m!==[39ma[33m&&[39m(a[33m||[39m[33m![39mi[33m.[39mboolean)){[36mif[39m(s[33m=[39mi[33m.[39mspace[33m?[39ml[i[33m.[39mpro
[23mperty][33m||[39mi[33m.[39mproperty[33m:[39mi[33m.[39mattribute[33m,[39ma[33m&&[39m[32m"object"[39m[33m==[39m[36mtypeof[39m a[33m&&[39m[32m"length"[39m[36min[39m
[23ma[33m&&[39m(a[33m=[39m(i[33m.[39mcommaSeparated[33m?[39mr[33m:[39mh)[33m.[39mstringify(a))[33m,[39m[32m"style"[39m[33m===[39ms[33m&&[39m[32m"string"[39m[33m==[39m[36mtypeof[39m
[23ma[33m&&[39m(a[33m=[39m[33mD[39m(a[33m,[39me[33m.[39mtagName))[33m,[39m[33m![39m[35m0[39m[33m===[39ma)a[33m=[39m[36mnull[39m[33m;[39m[36melse[39m [36mif[39m([32m"style"[39m[33m===[39ms[33m&&[39m[32m"object"[39m[33m==[39m[36mtypeof[39m
[23ma){[36mfor[39m(o [36min[39m c[33m=[39m[][33m,[39ma)c[33m.[39mpush({type[33m:[39m[32m"Property"[39m[33m,[39mmethod[33m:[39m[33m![39m[35m1[39m[33m,[39mshorthand[33m:[39m[33m![39m[35m1[39m[33m,[39mcomputed[33m:[39m[33m![39m[35m1[39m[33m,[39mke
[23my[33m:[39m{type[33m:[39m[32m"Identifier"[39m[33m,[39mname[33m:[39mo}[33m,[39mvalue[33m:[39m{type[33m:[39m[32m"Literal"[39m[33m,[39mvalue[33m:[39m[33mString[39m(a[o])}[33m,[39mkind[33m:[39m[32m"ini
[23mt"[39m})[33m;[39ma[33m=[39m{type[33m:[39m[32m"JSXExpressionContainer"[39m[33m,[39mexpression[33m:[39m{type[33m:[39m[32m"ObjectExpression"[39m[33m,[39mproper
[23mties[33m:[39mc}}}[36melse[39m a[33m=[39m{type[33m:[39m[32m"Literal"[39m[33m,[39mvalue[33m:[39m[33mString[39m(a)}[33m;[39m[33mB[39m(s)[33m?[39mg[33m.[39mpush({type[33m:[39m[32m"JSXAttribute
[23m"[39m[33m,[39mname[33m:[39m{type[33m:[39m[32m"JSXIdentifier"[39m[33m,[39mname[33m:[39ms}[33m,[39mvalue[33m:[39ma})[33m:[39mg[33m.[39mpush({type[33m:[39m[32m"JSXSpreadAttribute"
[23m[39m[33m,[39margument[33m:[39m{type[33m:[39m[32m"ObjectExpression"[39m[33m,[39mproperties[33m:[39m[{type[33m:[39m[32m"Property"[39m[33m,[39mmethod[33m:[39m[33m![39m[35m1[39m[33m,[39mshorth
[23mand[33m:[39m[33m![39m[35m1[39m[33m,[39mcomputed[33m:[39m[33m![39m[35m1[39m[33m,[39mkey[33m:[39m{type[33m:[39m[32m"Literal"[39m[33m,[39mvalue[33m:[39m[33mString[39m(s)}[33m,[39mvalue[33m:[39ma[33m||[39m{type[33m:[39m[32m"Literal"
[23m[39m[33m,[39mvalue[33m:[39m[33m![39m[35m0[39m}[33m,[39mkind[33m:[39m[32m"init"[39m}]}})}[36mreturn[39m t[33m.[39mschema[33m=[39md[33m,[39m[33mF[39m(e[33m,[39m{type[33m:[39m[32m"JSXElement"[39m[33m,[39mopeningElem
[23ment[33m:[39m{type[33m:[39m[32m"JSXOpeningElement"[39m[33m,[39mattributes[33m:[39mg[33m,[39mname[33m:[39mk(e[33m.[39mtagName)[33m,[39mselfClosing[33m:[39m[33m![39mn[33m.[39mleng
[23mth}[33m,[39mclosingElement[33m:[39mn[33m.[39mlength[33m?[39m{type[33m:[39m[32m"JSXClosingElement"[39m[33m,[39mname[33m:[39mk(e[33m.[39mtagName)}[33m:[39m[36mnull[39m[33m,[39mch
[23mildren[33m:[39mn})}[33m,[39mmdxjsEsm[33m:[39m[36mfunction[39m(e[33m,[39mt){[36mvar[39m
[23mn[33m=[39me[33m.[39mdata[33m&&[39me[33m.[39mdata[33m.[39mestree[33m,[39mr[33m=[39mn[33m&&[39mn[33m.[39mcomments[33m||[39m[][33m;[39mn[33m&&[39m(x[33m.[39mapply(t[33m.[39mcomments[33m,[39mr)[33m,[39mi(n[33m,[39mr)[33m,[39mx[33m.[39ma
[23mpply(t[33m.[39mesm[33m,[39mn[33m.[39mbody))}[33m,[39mmdxFlowExpression[33m:[39mb[33m,[39mmdxJsxFlowElement[33m:[39m[33mE[39m[33m,[39mmdxJsxTextElement[33m:[39m[33mE
[23m[39m[33m,[39mmdxTextExpression[33m:[39mb[33m,[39mroot[33m:[39m[36mfunction[39m(e[33m,[39mt){[36mfor[39m([36mvar[39m n[33m,[39mr[33m=[39m[33mC[39m(e[33m,[39mt)[33m,[39mi[33m=[39m[][33m,[39ms[33m=[39m[33m-[39m[35m1[39m[33m;[39m[33m++[39ms[33m<[39m[33mr[39m[33m.[39mlengt
[23mh[33m;[39m)[32m"JSXExpressionContainer"[39m[33m===[39mr[s][33m.[39mtype[33m&&[39m[32m"Literal"[39m[33m===[39mr[s][33m.[39mexpression[33m.[39mtype[33m&&[39mo(r[s
[23m][33m.[39mexpression[33m.[39mvalue)[33m?[39mn[33m&&[39mn[33m.[39mpush(r[s])[33m:[39m(x[33m.[39mapply(i[33m,[39mn)[33m,[39mi[33m.[39mpush(r[s])[33m,[39mn[33m=[39m[])[33m;[39m[36mreturn[39m
[23m[33mF[39m(e[33m,[39m{type[33m:[39m[32m"JSXFragment"[39m[33m,[39mopeningFragment[33m:[39m{type[33m:[39m[32m"JSXOpeningFragment"[39m[33m,[39mattributes[33m:[39m[]
[23m[33m,[39mselfClosing[33m:[39m[33m![39m[35m1[39m}[33m,[39mclosingFragment[33m:[39m{type[33m:[39m[32m"JSXClosingFragment"[39m}[33m,[39mchildren[33m:[39mi})}[33m,[39mtext[33m:
[23m[39m[36mfunction[39m(e){[36mvar[39m t[33m=[39m[33mString[39m(e[33m.[39mvalue[33m||[39m[32m""[39m)[33m;[39m[36mif[39m(t)[36mreturn[39m w(e[33m,[39m{type[33m:[39m[32m"JSXExpressionContai
[23mner"[39m[33m,[39mexpression[33m:[39m[33mF[39m(e[33m,[39m{type[33m:[39m[32m"Literal"[39m[33m,[39mvalue[33m:[39mt})})}}[33m;[39m[36mfunction[39m v(e){[36mthrow[39m [36mnew[39m
[23m[33mError[39m([32m"Cannot handle value `"[39m[33m+[39me[33m+[39m[32m"`, expected node"[39m)}[36mfunction[39m [33mA[39m(e){[36mthrow[39m [36mnew[39m
[23m[33mError[39m([32m"Cannot handle unknown node `"[39m[33m+[39me[33m.[39mtype[33m+[39m[32m"`"[39m)}[36mfunction[39m b(e[33m,[39mt){[36mvar[39m
[23mn[33m,[39mr[33m=[39me[33m.[39mdata[33m&&[39me[33m.[39mdata[33m.[39mestree[33m;[39m[36mreturn[39m r[33m&&[39m(x[33m.[39mapply(t[33m.[39mcomments[33m,[39mr[33m.[39mcomments)[33m,[39mi(r[33m,[39mr[33m.[39mcommen
[23mts)[33m,[39mn[33m=[39mr[33m.[39mbody[[35m0[39m][33m&&[39mr[33m.[39mbody[[35m0[39m][33m.[39mexpression)[33m,[39m[33mF[39m(e[33m,[39m{type[33m:[39m[32m"JSXExpressionContainer"[39m[33m,[39mexpres
[23msion[33m:[39mn[33m||[39mw(e[33m,[39m{type[33m:[39m[32m"JSXEmptyExpression"[39m})})}[36mfunction[39m [33mE[39m(e[33m,[39mt){[36mvar[39m
[23mn[33m,[39mr[33m,[39ms[33m,[39ma[33m,[39mo[33m,[39mu[33m=[39mt[33m.[39mschema[33m,[39ml[33m=[39mu[33m,[39mc[33m=[39me[33m.[39mattributes[33m||[39m[][33m,[39mh[33m=[39m[][33m,[39md[33m=[39m[33m-[39m[35m1[39m[33m;[39m[36mfor[39m(e[33m.[39mname[33m&&[39m[32m"html"[39m[33m===[39mu[33m.[39mspa
[23mce[33m&&[39m[32m"svg"[39m[33m===[39me[33m.[39mname[33m.[39mtoLowerCase()[33m&&[39m(l[33m=[39mp[33m,[39mt[33m.[39mschema[33m=[39ml)[33m,[39mn[33m=[39m[33mC[39m(e[33m,[39mt)[33m;[39m[33m++[39md[33m<[39m[33mc[39m[33m.[39mlength[33m;[39m)s[33m=[39m(r[33m=[39mc
[23m[d])[33m.[39mvalue[33m,[39m[32m"mdxJsxAttribute"[39m[33m===[39mr[33m.[39mtype[33m?[39m([36mnull[39m[33m==[39ms[33m||[39m([32m"object"[39m[33m==[39m[36mtypeof[39m
[23ms[33m?[39m(a[33m=[39m[36mnull[39m[33m,[39m(o[33m=[39ms[33m.[39mdata[33m&&[39ms[33m.[39mdata[33m.[39mestree)[33m&&[39m(x[33m.[39mapply(t[33m.[39mcomments[33m,[39mo[33m.[39mcomments)[33m,[39mi(o[33m,[39mo[33m.[39mcomme
[23mnts)[33m,[39ma[33m=[39mo[33m.[39mbody[[35m0[39m][33m&&[39mo[33m.[39mbody[[35m0[39m][33m.[39mexpression)[33m,[39ms[33m=[39m[33mF[39m(s[33m,[39m{type[33m:[39m[32m"JSXExpressionContainer"[39m[33m,[39mexp
[23mression[33m:[39ma[33m||[39m{type[33m:[39m[32m"JSXEmptyExpression"[39m}}))[33m:[39ms[33m=[39m{type[33m:[39m[32m"Literal"[39m[33m,[39mvalue[33m:[39m[33mString[39m(s)})[33m,[39mh[33m.
[23m[39mpush([33mF[39m(r[33m,[39m{type[33m:[39m[32m"JSXAttribute"[39m[33m,[39mname[33m:[39mk(r[33m.[39mname)[33m,[39mvalue[33m:[39ms})))[33m:[39m(s[33m=[39m[36mnull[39m[33m,[39m(o[33m=[39mr[33m.[39mdata[33m&&[39mr[33m.[39mda
[23mta[33m.[39mestree)[33m&&[39m(x[33m.[39mapply(t[33m.[39mcomments[33m,[39mo[33m.[39mcomments)[33m,[39mi(o[33m,[39mo[33m.[39mcomments)[33m,[39ms[33m=[39mo[33m.[39mbody[[35m0[39m][33m&&[39mo[33m.[39mbody[
[23m[35m0[39m][33m.[39mexpression[33m&&[39mo[33m.[39mbody[[35m0[39m][33m.[39mexpression[33m.[39mproperties[33m&&[39mo[33m.[39mbody[[35m0[39m][33m.[39mexpression[33m.[39mproperties[
[23m[35m0[39m][33m&&[39mo[33m.[39mbody[[35m0[39m][33m.[39mexpression[33m.[39mproperties[[35m0[39m][33m.[39margument)[33m,[39mh[33m.[39mpush([33mF[39m(r[33m,[39m{type[33m:[39m[32m"JSXSpreadAttr
[23mibute"[39m[33m,[39margument[33m:[39ms[33m||[39m{type[33m:[39m[32m"ObjectExpression"[39m[33m,[39mproperties[33m:[39m{}}})))[33m;[39m[36mreturn[39m
[23mt[33m.[39mschema[33m=[39mu[33m,[39m[33mF[39m(e[33m,[39me[33m.[39mname[33m?[39m{type[33m:[39m[32m"JSXElement"[39m[33m,[39mopeningElement[33m:[39m{type[33m:[39m[32m"JSXOpeningElement
[23m"[39m[33m,[39mattributes[33m:[39mh[33m,[39mname[33m:[39mk(e[33m.[39mname)[33m,[39mselfClosing[33m:[39m[33m![39mn[33m.[39mlength}[33m,[39mclosingElement[33m:[39mn[33m.[39mlength[33m?[39m{ty
[23mpe[33m:[39m[32m"JSXClosingElement"[39m[33m,[39mname[33m:[39mk(e[33m.[39mname)}[33m:[39m[36mnull[39m[33m,[39mchildren[33m:[39mn}[33m:[39m{type[33m:[39m[32m"JSXFragment"[39m[33m,[39mopen
[23mingFragment[33m:[39m{type[33m:[39m[32m"JSXOpeningFragment"[39m[33m,[39mattributes[33m:[39m[][33m,[39mselfClosing[33m:[39m[33m![39m[35m1[39m}[33m,[39mclosingFrag
[23mment[33m:[39m{type[33m:[39m[32m"JSXClosingFragment"[39m}[33m,[39mchildren[33m:[39mn})}[36mfunction[39m [33mC[39m(e[33m,[39mt){[36mfor[39m([36mvar[39m n[33m,[39mr[33m=[39me[33m.[39mchil
[23mdren[33m||[39m[][33m,[39mi[33m=[39m[][33m,[39ms[33m=[39m[33m-[39m[35m1[39m[33m;[39m[33m++[39ms[33m<[39m[33mr[39m[33m.[39mlength[33m;[39m)(n[33m=[39mt[33m.[39mhandle(r[s][33m,[39mt))[33m&&[39mi[33m.[39mpush(n)[33m;[39m[36mreturn[39m
[23mi}[36mfunction[39m [33mF[39m(e[33m,[39mt){[36mvar[39m n[33m,[39mr[33m,[39mi[33m=[39me[33m.[39mdata[33m;[39m[36mif[39m(w(e[33m,[39mt)[33m,[39mi){[36mfor[39m(r [36min[39m
[23mi)g[33m.[39mcall(i[33m,[39mr)[33m&&[39m[32m"estree"[39m[33m!==[39mr[33m&&[39m(n[33m||[39m(n[33m=[39m{})[33m,[39mn[r][33m=[39mi[r])[33m;[39mn[33m&&[39m(t[33m.[39mdata[33m=[39mn)}[36mreturn[39m
[23mt}[36mfunction[39m w(e[33m,[39mt){[36mvar[39m n[33m=[39mf(e)[33m;[39m[36mreturn[39m
[23mn[33m.[39mstart[33m.[39mline[33m&&[39m(t[33m.[39mstart[33m=[39mn[33m.[39mstart[33m.[39moffset[33m,[39mt[33m.[39mend[33m=[39mn[33m.[39mend[33m.[39moffset[33m,[39mt[33m.[39mloc[33m=[39m{start[33m:[39m{line[33m:[39mn[33m.[39mst
[23mart[33m.[39mline[33m,[39mcolumn[33m:[39mn[33m.[39mstart[33m.[39mcolumn[33m-[39m[35m1[39m}[33m,[39mend[33m:[39m{line[33m:[39mn[33m.[39mend[33m.[39mline[33m,[39mcolumn[33m:[39mn[33m.[39mend[33m.[39mcolumn[33m-[39m[35m1[39m}}[33m,[39mt
[23m[33m.[39mrange[33m=[39m[n[33m.[39mstart[33m.[39moffset[33m,[39mn[33m.[39mend[33m.[39moffset])[33m,[39mt}[36mfunction[39m k(e){[36mvar[39m
[23mt[33m,[39mn[33m;[39m[36mif[39m(e[33m.[39mindexOf([32m"."[39m)[33m>[39m[33m-[39m[35m1[39m)[36mfor[39m(n[33m=[39m{type[33m:[39m[32m"JSXIdentifier"[39m[33m,[39mname[33m:[39m(t[33m=[39me[33m.[39msplit([32m"."[39m))[33m.[39mshift
[23m()}[33m;[39mt[33m.[39mlength[33m;[39m)n[33m=[39m{type[33m:[39m[32m"JSXMemberExpression"[39m[33m,[39mobject[33m:[39mn[33m,[39mproperty[33m:[39m{type[33m:[39m[32m"JSXIdentifi
[23mer"[39m[33m,[39mname[33m:[39mt[33m.[39mshift()}}[33m;[39m[36melse[39m n[33m=[39me[33m.[39mindexOf([32m":"[39m)[33m>[39m[33m-[39m[35m1[39m[33m?[39m{type[33m:[39m[32m"JSXNamespacedName"[39m[33m,[39mnamespac
[23me[33m:[39m{type[33m:[39m[32m"JSXIdentifier"[39m[33m,[39mname[33m:[39m(t[33m=[39me[33m.[39msplit([32m":"[39m))[[35m0[39m]}[33m,[39mname[33m:[39m{type[33m:[39m[32m"JSXIdentifier"[39m[33m,[39mnam
[23me[33m:[39mt[[35m1[39m]}}[33m:[39m{type[33m:[39m[32m"JSXIdentifier"[39m[33m,[39mname[33m:[39me}[33m;[39m[36mreturn[39m n}[36mfunction[39m [33mD[39m(e[33m,[39mt){[36mvar[39m
[23mn[33m=[39m{}[33m;[39m[36mtry[39m{d(e[33m,[39m[36mfunction[39m(e[33m,[39mt){[32m"-ms-"[39m[33m===[39me[33m.[39mslice([35m0[39m[33m,[39m[35m4[39m)[33m&&[39m(e[33m=[39m[32m"ms-"[39m[33m+[39me[33m.[39mslice([35m4[39m))[33m,[39mn[e[33m.[39mrepla
[23mce([35m/-([a-z])/g[39m[33m,[39m[33mS[39m)][33m=[39mt})}[36mcatch[39m(e){[36mthrow[39m
[23me[33m.[39mmessage[33m=[39mt[33m+[39m[32m"[style]"[39m[33m+[39me[33m.[39mmessage[33m.[39mslice([35m9[39m)[33m,[39me}[36mreturn[39m n}[36mfunction[39m [33mS[39m(e[33m,[39mt){[36mreturn[39m
[23mt[33m.[39mtoUpperCase()}[36mfunction[39m [33mB[39m(e){[36mfor[39m([36mvar[39m
[23mt[33m=[39m[33m-[39m[35m1[39m[33m;[39m[33m++[39mt[33m<[39m[33me[39m[33m.[39mlength[33m;[39m)[36mif[39m([33m![39m(t[33m?[39mn[33m:[39ms)(e[33m.[39mcharCodeAt(t)))[36mreturn[39m[33m![39m[35m1[39m[33m;[39m[36mreturn[39m t[33m>[39m[35m0[39m[33m;[39m[36mfunction[39m
[23mn(e){[36mreturn[39m a(e)[33m||[39m[35m45[39m[33m===[39me}}}[33m,[39m[35m2024[39m[33m:[39m(e[33m,[39mt[33m,[39mn)[33m=>[39m{[32m"use
[23mstrict"[39m[33m;[39mt[33m.[39mstart[33m=[39mi[33m,[39mt[33m.[39mcont[33m=[39ms[33m,[39mt[33m.[39mname[33m=[39m[36mfunction[39m(e){[36mfor[39m([36mvar[39m
[23mt[33m=[39m[33m-[39m[35m1[39m[33m;[39m[33m++[39mt[33m<[39m[33me[39m[33m.[39mlength[33m;[39m)[36mif[39m([33m![39m(t[33m?[39ms[33m:[39mi)(e[33m.[39mcharCodeAt(t)))[36mreturn[39m[33m![39m[35m1[39m[33m;[39m[36mreturn[39m t[33m>[39m[35m0[39m}[33m;[39m[36mvar[39m
[23mr[33m=[39mn([35m7980[39m)[33m;[39m[36mfunction[39m i(e){[36mreturn[39m r[33m.[39mstart[33m.[39mtest([33mString[39m[33m.[39mfromCharCode(e))}[36mfunction[39m
[23ms(e){[36mvar[39m t[33m=[39m[33mString[39m[33m.[39mfromCharCode(e)[33m;[39m[36mreturn[39m r[33m.[39mstart[33m.[39mtest(t)[33m||[39mr[33m.[39mcont[33m.[39mtest(t)}}[33m,[39m[35m7980[39m[33m:
[23m[39m(e[33m,[39mt)[33m=>[39m{t[33m.[39mstart[33m=[39m[35m/[\$A-Z_a-z\xAA\xB5\xBA\xC0-\xD6\xD8-\xF6\xF8-\u02C1\u02C6-\u02D
[23m1\u02E0-\u02E4\u02EC\u02EE\u0370-\u0374\u0376\u0377\u037A-\u037D\u037F\u0386\u03
[23m88-\u038A\u038C\u038E-\u03A1\u03A3-\u03F5\u03F7-\u0481\u048A-\u052F\u0531-\u0556
[23m\u0559\u0560-\u0588\u05D0-\u05EA\u05EF-\u05F2\u0620-\u064A\u066E\u066F\u0671-\u0
[23m6D3\u06D5\u06E5\u06E6\u06EE\u06EF\u06FA-\u06FC\u06FF\u0710\u0712-\u072F\u074D-\u
[23m07A5\u07B1\u07CA-\u07EA\u07F4\u07F5\u07FA\u0800-\u0815\u081A\u0824\u0828\u0840-\
[23mu0858\u0860-\u086A\u08A0-\u08B4\u08B6-\u08C7\u0904-\u0939\u093D\u0950\u0958-\u09
[23m61\u0971-\u0980\u0985-\u098C\u098F\u0990\u0993-\u09A8\u09AA-\u09B0\u09B2\u09B6-\
[23mu09B9\u09BD\u09CE\u09DC\u09DD\u09DF-\u09E1\u09F0\u09F1\u09FC\u0A05-\u0A0A\u0A0F\
[23mu0A10\u0A13-\u0A28\u0A2A-\u0A30\u0A32\u0A33\u0A35\u0A36\u0A38\u0A39\u0A59-\u0A5C
[23m\u0A5E\u0A72-\u0A74\u0A85-\u0A8D\u0A8F-\u0A91\u0A93-\u0AA8\u0AAA-\u0AB0\u0AB2\u0
[23mAB3\u0AB5-\u0AB9\u0ABD\u0AD0\u0AE0\u0AE1\u0AF9\u0B05-\u0B0C\u0B0F\u0B10\u0B13-\u
[23m0B28\u0B2A-\u0B30\u0B32\u0B33\u0B35-\u0B39\u0B3D\u0B5C\u0B5D\u0B5F-\u0B61\u0B71\
[23mu0B83\u0B85-\u0B8A\u0B8E-\u0B90\u0B92-\u0B95\u0B99\u0B9A\u0B9C\u0B9E\u0B9F\u0BA3
[23m\u0BA4\u0BA8-\u0BAA\u0BAE-\u0BB9\u0BD0\u0C05-\u0C0C\u0C0E-\u0C10\u0C12-\u0C28\u0
[23mC2A-\u0C39\u0C3D\u0C58-\u0C5A\u0C60\u0C61\u0C80\u0C85-\u0C8C\u0C8E-\u0C90\u0C92-
[23m\u0CA8\u0CAA-\u0CB3\u0CB5-\u0CB9\u0CBD\u0CDE\u0CE0\u0CE1\u0CF1\u0CF2\u0D04-\u0D0
[23mC\u0D0E-\u0D10\u0D12-\u0D3A\u0D3D\u0D4E\u0D54-\u0D56\u0D5F-\u0D61\u0D7A-\u0D7F\u
[23m0D85-\u0D96\u0D9A-\u0DB1\u0DB3-\u0DBB\u0DBD\u0DC0-\u0DC6\u0E01-\u0E30\u0E32\u0E3
[23m3\u0E40-\u0E46\u0E81\u0E82\u0E84\u0E86-\u0E8A\u0E8C-\u0EA3\u0EA5\u0EA7-\u0EB0\u0
[23mEB2\u0EB3\u0EBD\u0EC0-\u0EC4\u0EC6\u0EDC-\u0EDF\u0F00\u0F40-\u0F47\u0F49-\u0F6C\
[23mu0F88-\u0F8C\u1000-\u102A\u103F\u1050-\u1055\u105A-\u105D\u1061\u1065\u1066\u106
[23mE-\u1070\u1075-\u1081\u108E\u10A0-\u10C5\u10C7\u10CD\u10D0-\u10FA\u10FC-\u1248\u
[23m124A-\u124D\u1250-\u1256\u1258\u125A-\u125D\u1260-\u1288\u128A-\u128D\u1290-\u12
[23mB0\u12B2-\u12B5\u12B8-\u12BE\u12C0\u12C2-\u12C5\u12C8-\u12D6\u12D8-\u1310\u1312-
[23m\u1315\u1318-\u135A\u1380-\u138F\u13A0-\u13F5\u13F8-\u13FD\u1401-\u166C\u166F-\u
[23m167F\u1681-\u169A\u16A0-\u16EA\u16EE-\u16F8\u1700-\u170C\u170E-\u1711\u1720-\u17
[23m31\u1740-\u1751\u1760-\u176C\u176E-\u1770\u1780-\u17B3\u17D7\u17DC\u1820-\u1878\
[23mu1880-\u18A8\u18AA\u18B0-\u18F5\u1900-\u191E\u1950-\u196D\u1970-\u1974\u1980-\u1
[23m9AB\u19B0-\u19C9\u1A00-\u1A16\u1A20-\u1A54\u1AA7\u1B05-\u1B33\u1B45-\u1B4B\u1B83
[23m-\u1BA0\u1BAE\u1BAF\u1BBA-\u1BE5\u1C00-\u1C23\u1C4D-\u1C4F\u1C5A-\u1C7D\u1C80-\u
[23m1C88\u1C90-\u1CBA\u1CBD-\u1CBF\u1CE9-\u1CEC\u1CEE-\u1CF3\u1CF5\u1CF6\u1CFA\u1D00
[23m-\u1DBF\u1E00-\u1F15\u1F18-\u1F1D\u1F20-\u1F45\u1F48-\u1F4D\u1F50-\u1F57\u1F59\u
[23m1F5B\u1F5D\u1F5F-\u1F7D\u1F80-\u1FB4\u1FB6-\u1FBC\u1FBE\u1FC2-\u1FC4\u1FC6-\u1FC
[23mC\u1FD0-\u1FD3\u1FD6-\u1FDB\u1FE0-\u1FEC\u1FF2-\u1FF4\u1FF6-\u1FFC\u2071\u207F\u
[23m2090-\u209C\u2102\u2107\u210A-\u2113\u2115\u2118-\u211D\u2124\u2126\u2128\u212A-
[23m\u2139\u213C-\u213F\u2145-\u2149\u214E\u2160-\u2188\u2C00-\u2C2E\u2C30-\u2C5E\u2
[23mC60-\u2CE4\u2CEB-\u2CEE\u2CF2\u2CF3\u2D00-\u2D25\u2D27\u2D2D\u2D30-\u2D67\u2D6F\
[23mu2D80-\u2D96\u2DA0-\u2DA6\u2DA8-\u2DAE\u2DB0-\u2DB6\u2DB8-\u2DBE\u2DC0-\u2DC6\u2
[23mDC8-\u2DCE\u2DD0-\u2DD6\u2DD8-\u2DDE\u3005-\u3007\u3021-\u3029\u3031-\u3035\u303
[23m8-\u303C\u3041-\u3096\u309B-\u309F\u30A1-\u30FA\u30FC-\u30FF\u3105-\u312F\u3131-
[23m\u318E\u31A0-\u31BF\u31F0-\u31FF\u3400-\u4DBF\u4E00-\u9FFC\uA000-\uA48C\uA4D0-\u
[23mA4FD\uA500-\uA60C\uA610-\uA61F\uA62A\uA62B\uA640-\uA66E\uA67F-\uA69D\uA6A0-\uA6E
[23mF\uA717-\uA71F\uA722-\uA788\uA78B-\uA7BF\uA7C2-\uA7CA\uA7F5-\uA801\uA803-\uA805\
[23muA807-\uA80A\uA80C-\uA822\uA840-\uA873\uA882-\uA8B3\uA8F2-\uA8F7\uA8FB\uA8FD\uA8
[23mFE\uA90A-\uA925\uA930-\uA946\uA960-\uA97C\uA984-\uA9B2\uA9CF\uA9E0-\uA9E4\uA9E6-
[23m\uA9EF\uA9FA-\uA9FE\uAA00-\uAA28\uAA40-\uAA42\uAA44-\uAA4B\uAA60-\uAA76\uAA7A\uA
[23mA7E-\uAAAF\uAAB1\uAAB5\uAAB6\uAAB9-\uAABD\uAAC0\uAAC2\uAADB-\uAADD\uAAE0-\uAAEA\
[23muAAF2-\uAAF4\uAB01-\uAB06\uAB09-\uAB0E\uAB11-\uAB16\uAB20-\uAB26\uAB28-\uAB2E\uA
[23mB30-\uAB5A\uAB5C-\uAB69\uAB70-\uABE2\uAC00-\uD7A3\uD7B0-\uD7C6\uD7CB-\uD7FB\uF90
[23m0-\uFA6D\uFA70-\uFAD9\uFB00-\uFB06\uFB13-\uFB17\uFB1D\uFB1F-\uFB28\uFB2A-\uFB36\
[23muFB38-\uFB3C\uFB3E\uFB40\uFB41\uFB43\uFB44\uFB46-\uFBB1\uFBD3-\uFD3D\uFD50-\uFD8
[23mF\uFD92-\uFDC7\uFDF0-\uFDFB\uFE70-\uFE74\uFE76-\uFEFC\uFF21-\uFF3A\uFF41-\uFF5A\
[23muFF66-\uFFBE\uFFC2-\uFFC7\uFFCA-\uFFCF\uFFD2-\uFFD7\uFFDA-\uFFDC]/[39m[33m,[39mt[33m.[39mcont[33m=[39m[35m/[0-9\
[23mxB7\u0300-\u036F\u0387\u0483-\u0487\u0591-\u05BD\u05BF\u05C1\u05C2\u05C4\u05C5\u
[23m05C7\u0610-\u061A\u064B-\u0669\u0670\u06D6-\u06DC\u06DF-\u06E4\u06E7\u06E8\u06EA
[23m-\u06ED\u06F0-\u06F9\u0711\u0730-\u074A\u07A6-\u07B0\u07C0-\u07C9\u07EB-\u07F3\u
[23m07FD\u0816-\u0819\u081B-\u0823\u0825-\u0827\u0829-\u082D\u0859-\u085B\u08D3-\u08
[23mE1\u08E3-\u0903\u093A-\u093C\u093E-\u094F\u0951-\u0957\u0962\u0963\u0966-\u096F\
[23mu0981-\u0983\u09BC\u09BE-\u09C4\u09C7\u09C8\u09CB-\u09CD\u09D7\u09E2\u09E3\u09E6
[23m-\u09EF\u09FE\u0A01-\u0A03\u0A3C\u0A3E-\u0A42\u0A47\u0A48\u0A4B-\u0A4D\u0A51\u0A
[23m66-\u0A71\u0A75\u0A81-\u0A83\u0ABC\u0ABE-\u0AC5\u0AC7-\u0AC9\u0ACB-\u0ACD\u0AE2\
[23mu0AE3\u0AE6-\u0AEF\u0AFA-\u0AFF\u0B01-\u0B03\u0B3C\u0B3E-\u0B44\u0B47\u0B48\u0B4
[23mB-\u0B4D\u0B55-\u0B57\u0B62\u0B63\u0B66-\u0B6F\u0B82\u0BBE-\u0BC2\u0BC6-\u0BC8\u
[23m0BCA-\u0BCD\u0BD7\u0BE6-\u0BEF\u0C00-\u0C04\u0C3E-\u0C44\u0C46-\u0C48\u0C4A-\u0C
[23m4D\u0C55\u0C56\u0C62\u0C63\u0C66-\u0C6F\u0C81-\u0C83\u0CBC\u0CBE-\u0CC4\u0CC6-\u
[23m0CC8\u0CCA-\u0CCD\u0CD5\u0CD6\u0CE2\u0CE3\u0CE6-\u0CEF\u0D00-\u0D03\u0D3B\u0D3C\
[23mu0D3E-\u0D44\u0D46-\u0D48\u0D4A-\u0D4D\u0D57\u0D62\u0D63\u0D66-\u0D6F\u0D81-\u0D
[23m83\u0DCA\u0DCF-\u0DD4\u0DD6\u0DD8-\u0DDF\u0DE6-\u0DEF\u0DF2\u0DF3\u0E31\u0E34-\u
[23m0E3A\u0E47-\u0E4E\u0E50-\u0E59\u0EB1\u0EB4-\u0EBC\u0EC8-\u0ECD\u0ED0-\u0ED9\u0F1
[23m8\u0F19\u0F20-\u0F29\u0F35\u0F37\u0F39\u0F3E\u0F3F\u0F71-\u0F84\u0F86\u0F87\u0F8
[23mD-\u0F97\u0F99-\u0FBC\u0FC6\u102B-\u103E\u1040-\u1049\u1056-\u1059\u105E-\u1060\
[23mu1062-\u1064\u1067-\u106D\u1071-\u1074\u1082-\u108D\u108F-\u109D\u135D-\u135F\u1
[23m369-\u1371\u1712-\u1714\u1732-\u1734\u1752\u1753\u1772\u1773\u17B4-\u17D3\u17DD\
[23mu17E0-\u17E9\u180B-\u180D\u1810-\u1819\u18A9\u1920-\u192B\u1930-\u193B\u1946-\u1
[23m94F\u19D0-\u19DA\u1A17-\u1A1B\u1A55-\u1A5E\u1A60-\u1A7C\u1A7F-\u1A89\u1A90-\u1A9
[23m9\u1AB0-\u1ABD\u1ABF\u1AC0\u1B00-\u1B04\u1B34-\u1B44\u1B50-\u1B59\u1B6B-\u1B73\u
[23m1B80-\u1B82\u1BA1-\u1BAD\u1BB0-\u1BB9\u1BE6-\u1BF3\u1C24-\u1C37\u1C40-\u1C49\u1C
[23m50-\u1C59\u1CD0-\u1CD2\u1CD4-\u1CE8\u1CED\u1CF4\u1CF7-\u1CF9\u1DC0-\u1DF9\u1DFB-
[23m\u1DFF\u200C\u200D\u203F\u2040\u2054\u20D0-\u20DC\u20E1\u20E5-\u20F0\u2CEF-\u2CF
[23m1\u2D7F\u2DE0-\u2DFF\u302A-\u302F\u3099\u309A\uA620-\uA629\uA66F\uA674-\uA67D\uA
[23m69E\uA69F\uA6F0\uA6F1\uA802\uA806\uA80B\uA823-\uA827\uA82C\uA880\uA881\uA8B4-\uA
[23m8C5\uA8D0-\uA8D9\uA8E0-\uA8F1\uA8FF-\uA909\uA926-\uA92D\uA947-\uA953\uA980-\uA98
[23m3\uA9B3-\uA9C0\uA9D0-\uA9D9\uA9E5\uA9F0-\uA9F9\uAA29-\uAA36\uAA43\uAA4C\uAA4D\uA
[23mA50-\uAA59\uAA7B-\uAA7D\uAAB0\uAAB2-\uAAB4\uAAB7\uAAB8\uAABE\uAABF\uAAC1\uAAEB-\
[23muAAEF\uAAF5\uAAF6\uABE3-\uABEA\uABEC\uABED\uABF0-\uABF9\uFB1E\uFE00-\uFE0F\uFE20
[23m-\uFE2F\uFE33\uFE34\uFE4D-\uFE4F\uFF10-\uFF19\uFF3F]/[39m}[33m,[39m[35m3560[39m[33m:[39me[33m=>[39m{[32m"use
[23mstrict"[39m[33m;[39me[33m.[39mexports[33m=[39m[36mfunction[39m(e){[36mvar[39m n[33m;[39m[36mif[39m(e[33m&&[39m[32m"object"[39m[33m==[39m[36mtypeof[39m
[23me[33m&&[39m[32m"text"[39m[33m===[39me[33m.[39mtype)n[33m=[39me[33m.[39mvalue[33m||[39m[32m""[39m[33m;[39m[36melse[39m{[36mif[39m([32m"string"[39m[33m!=[39m[36mtypeof[39m
[23me)[36mreturn[39m[33m![39m[35m1[39m[33m;[39mn[33m=[39me}[36mreturn[39m[32m""[39m[33m===[39mn[33m.[39mreplace(t[33m,[39m[32m""[39m)}[33m;[39m[36mvar[39m t[33m=[39m[35m/[ \t\n\f\r]/g[39m}[33m,[39m[35m8139[39m[33m:[39me[33m=>[39m{[36mvar[39m
[23mt[33m=[39m[35m/\/\*[^*]*\*+([^/*][^*]*\*+)*\//g[39m[33m,[39mn[33m=[39m[35m/\n/g[39m[33m,[39mr[33m=[39m[35m/^\s*/[39m[33m,[39mi[33m=[39m[35m/^(\*?[-#/*\\\w]+(\[[0-9a
[23m-z_-]+\])?)\s*/[39m[33m,[39ms[33m=[39m[35m/^:\s*/[39m[33m,[39ma[33m=[39m[35m/^((?:'(?:\\'|.)*?'|"(?:\\"|.)*?"|\([^)]*?\)|[^};])+
[23m)/[39m[33m,[39mo[33m=[39m[35m/^[;\s]*/[39m[33m,[39mu[33m=[39m[35m/^\s+|\s+$/g[39m[33m,[39ml[33m=[39m[32m""[39m[33m;[39m[36mfunction[39m c(e){[36mreturn[39m
[23me[33m?[39me[33m.[39mreplace(u[33m,[39ml)[33m:[39ml}e[33m.[39mexports[33m=[39m[36mfunction[39m(e[33m,[39mu){[36mif[39m([32m"string"[39m[33m!=[39m[36mtypeof[39m e)[36mthrow[39m [36mnew[39m
[23m[33mTypeError[39m([32m"First argument must be a string"[39m)[33m;[39m[36mif[39m([33m![39me)[36mreturn[39m[][33m;[39mu[33m=[39mu[33m||[39m{}[33m;[39m[36mvar[39m
[23mp[33m=[39m[35m1[39m[33m,[39mh[33m=[39m[35m1[39m[33m;[39m[36mfunction[39m d(e){[36mvar[39m t[33m=[39me[33m.[39mmatch(n)[33m;[39mt[33m&&[39m(p[33m+=[39mt[33m.[39mlength)[33m;[39m[36mvar[39m
[23mr[33m=[39me[33m.[39mlastIndexOf([32m"\n"[39m)[33m;[39mh[33m=[39m[33m~[39mr[33m?[39me[33m.[39mlength[33m-[39mr[33m:[39mh[33m+[39me[33m.[39mlength}[36mfunction[39m f(){[36mvar[39m
[23me[33m=[39m{line[33m:[39mp[33m,[39mcolumn[33m:[39mh}[33m;[39m[36mreturn[39m [36mfunction[39m(t){[36mreturn[39m t[33m.[39mposition[33m=[39m[36mnew[39m
[23mm(e)[33m,[39mv()[33m,[39mt}}[36mfunction[39m m(e){[36mthis[39m[33m.[39mstart[33m=[39me[33m,[39m[36mthis[39m[33m.[39mend[33m=[39m{line[33m:[39mp[33m,[39mcolumn[33m:[39mh}[33m,[39m[36mthis[39m[33m.[39msource[33m=[39mu[33m.
[23m[39msource}m[33m.[39mprototype[33m.[39mcontent[33m=[39me[33m;[39m[36mvar[39m g[33m=[39m[][33m;[39m[36mfunction[39m x(t){[36mvar[39m n[33m=[39m[36mnew[39m
[23m[33mError[39m(u[33m.[39msource[33m+[39m[32m":"[39m[33m+[39mp[33m+[39m[32m":"[39m[33m+[39mh[33m+[39m[32m": "[39m[33m+[39mt)[33m;[39m[36mif[39m(n[33m.[39mreason[33m=[39mt[33m,[39mn[33m.[39mfilename[33m=[39mu[33m.[39msource[33m,[39mn[33m.[39mline[33m=[39mp[33m,[39mn[33m.
[23m[39mcolumn[33m=[39mh[33m,[39mn[33m.[39msource[33m=[39me[33m,[39m[33m![39mu[33m.[39msilent)[36mthrow[39m n[33m;[39mg[33m.[39mpush(n)}[36mfunction[39m y(t){[36mvar[39m
[23mn[33m=[39mt[33m.[39mexec(e)[33m;[39m[36mif[39m(n){[36mvar[39m r[33m=[39mn[[35m0[39m][33m;[39m[36mreturn[39m d(r)[33m,[39me[33m=[39me[33m.[39mslice(r[33m.[39mlength)[33m,[39mn}}[36mfunction[39m
[23mv(){y(r)}[36mfunction[39m [33mA[39m(e){[36mvar[39m t[33m;[39m[36mfor[39m(e[33m=[39me[33m||[39m[][33m;[39mt[33m=[39mb()[33m;[39m)[33m![39m[35m1[39m[33m!==[39mt[33m&&[39me[33m.[39mpush(t)[33m;[39m[36mreturn[39m
[23me}[36mfunction[39m b(){[36mvar[39m t[33m=[39mf()[33m;[39m[36mif[39m([32m"/"[39m[33m==[39me[33m.[39mcharAt([35m0[39m)[33m&&[39m[32m"*"[39m[33m==[39me[33m.[39mcharAt([35m1[39m)){[36mfor[39m([36mvar[39m
[23mn[33m=[39m[35m2[39m[33m;[39ml[33m!=[39me[33m.[39mcharAt(n)[33m&&[39m([32m"*"[39m[33m!=[39me[33m.[39mcharAt(n)[33m||[39m[32m"/"[39m[33m!=[39me[33m.[39mcharAt(n[33m+[39m[35m1[39m))[33m;[39m)[33m++[39mn[33m;[39m[36mif[39m(n[33m+=[39m[35m2[39m[33m,[39ml[33m===[39me[33m.[39mch
[23marAt(n[33m-[39m[35m1[39m))[36mreturn[39m x([32m"End of comment missing"[39m)[33m;[39m[36mvar[39m r[33m=[39me[33m.[39mslice([35m2[39m[33m,[39mn[33m-[39m[35m2[39m)[33m;[39m[36mreturn[39m
[23mh[33m+=[39m[35m2[39m[33m,[39md(r)[33m,[39me[33m=[39me[33m.[39mslice(n)[33m,[39mh[33m+=[39m[35m2[39m[33m,[39mt({type[33m:[39m[32m"comment"[39m[33m,[39mcomment[33m:[39mr})}}[36mfunction[39m [33mE[39m(){[36mvar[39m
[23me[33m=[39mf()[33m,[39mn[33m=[39my(i)[33m;[39m[36mif[39m(n){[36mif[39m(b()[33m,[39m[33m![39my(s))[36mreturn[39m x([32m"property missing ':'"[39m)[33m;[39m[36mvar[39m
[23mr[33m=[39my(a)[33m,[39mu[33m=[39me({type[33m:[39m[32m"declaration"[39m[33m,[39mproperty[33m:[39mc(n[[35m0[39m][33m.[39mreplace(t[33m,[39ml))[33m,[39mvalue[33m:[39mr[33m?[39mc(r[[35m0[39m][33m.[39mrepl
[23mace(t[33m,[39ml))[33m:[39ml})[33m;[39m[36mreturn[39m y(o)[33m,[39mu}}[36mreturn[39m v()[33m,[39m[36mfunction[39m(){[36mvar[39m
[23me[33m,[39mt[33m=[39m[][33m;[39m[36mfor[39m([33mA[39m(t)[33m;[39me[33m=[39m[33mE[39m()[33m;[39m)[33m![39m[35m1[39m[33m!==[39me[33m&&[39m(t[33m.[39mpush(e)[33m,[39m[33mA[39m(t))[33m;[39m[36mreturn[39m t}()}}[33m,[39m[35m6260[39m[33m:[39me[33m=>[39m{[32m"use
[23mstrict"[39m[33m;[39me[33m.[39mexports[33m=[39m[36mfunction[39m(e){[36mvar[39m t[33m=[39m[32m"string"[39m[33m==[39m[36mtypeof[39m e[33m?[39me[33m.[39mcharCodeAt([35m0[39m)[33m:[39me[33m;[39m[36mreturn[39m
[23mt[33m>=[39m[35m97[39m[33m&&[39mt[33m<=[39m[35m122[39m[33m||[39mt[33m>=[39m[35m65[39m[33m&&[39mt[33m<=[39m[35m90[39m}}[33m,[39m[35m7961[39m[33m:[39m(e[33m,[39mt[33m,[39mn)[33m=>[39m{[32m"use strict"[39m[33m;[39m[36mvar[39m
[23mr[33m=[39mn([35m6260[39m)[33m,[39mi[33m=[39mn([35m6195[39m)[33m;[39me[33m.[39mexports[33m=[39m[36mfunction[39m(e){[36mreturn[39m
[23mr(e)[33m||[39mi(e)}}[33m,[39m[35m8738[39m[33m:[39me[33m=>[39m{e[33m.[39mexports[33m=[39m[36mfunction[39m(e){[36mreturn[39m
[23m[36mnull[39m[33m!=[39me[33m&&[39m[36mnull[39m[33m!=[39me[33m.[39mconstructor[33m&&[39m[32m"function"[39m[33m==[39m[36mtypeof[39m
[23me[33m.[39mconstructor[33m.[39misBuffer[33m&&[39me[33m.[39mconstructor[33m.[39misBuffer(e)}}[33m,[39m[35m6195[39m[33m:[39me[33m=>[39m{[32m"use
[23mstrict"[39m[33m;[39me[33m.[39mexports[33m=[39m[36mfunction[39m(e){[36mvar[39m t[33m=[39m[32m"string"[39m[33m==[39m[36mtypeof[39m e[33m?[39me[33m.[39mcharCodeAt([35m0[39m)[33m:[39me[33m;[39m[36mreturn[39m
[23mt[33m>=[39m[35m48[39m[33m&&[39mt[33m<=[39m[35m57[39m}}[33m,[39m[35m9480[39m[33m:[39me[33m=>[39m{[32m"use strict"[39m[33m;[39me[33m.[39mexports[33m=[39m[36mfunction[39m(e){[36mvar[39m
[23mt[33m=[39m[32m"string"[39m[33m==[39m[36mtypeof[39m e[33m?[39me[33m.[39mcharCodeAt([35m0[39m)[33m:[39me[33m;[39m[36mreturn[39m
[23mt[33m>=[39m[35m97[39m[33m&&[39mt[33m<=[39m[35m102[39m[33m||[39mt[33m>=[39m[35m65[39m[33m&&[39mt[33m<=[39m[35m70[39m[33m||[39mt[33m>=[39m[35m48[39m[33m&&[39mt[33m<=[39m[35m57[39m}}[33m,[39m[35m3310[39m[33m:[39me[33m=>[39m{[32m"use
[23mstrict"[39m[33m;[39me[33m.[39mexports[33m=[39me[33m=>[39m{[36mif[39m([32m"[object
[23mObject]"[39m[33m!==[39m[33mObject[39m[33m.[39mprototype[33m.[39mtoString[33m.[39mcall(e))[36mreturn[39m[33m![39m[35m1[39m[33m;[39m[36mconst[39m
[23mt[33m=[39m[33mObject[39m[33m.[39mgetPrototypeOf(e)[33m;[39m[36mreturn[39m
[23m[36mnull[39m[33m===[39mt[33m||[39mt[33m===[39m[33mObject[39m[33m.[39mprototype}}[33m,[39m[35m6024[39m[33m:[39m(e[33m,[39mt[33m,[39mn)[33m=>[39m{[32m"use
[23mstrict"[39m[33m;[39me[33m.[39mexports[33m=[39mn([35m2415[39m)}[33m,[39m[35m2415[39m[33m:[39me[33m=>[39m{[32m"use strict"[39m[33m;[39me[33m.[39mexports[33m=[39m[33mJSON[39m[33m.[39mparse([32m'["md","ma
[23mrkdown","mdown","mkdn","mkd","mdwn","mkdown","ron"]'[39m)}[33m,[39m[35m6630[39m[33m:[39m(e[33m,[39mt[33m,[39mn)[33m=>[39m{[32m"use
[23mstrict"[39m[33m;[39m[36mvar[39m r[33m=[39mn([35m2854[39m)[33m;[39me[33m.[39mexports[33m=[39m[36mfunction[39m(e[33m,[39mt){[36mvar[39m n[33m;[39m[36mreturn[39m n[33m=[39m[36mfunction[39m(e){[36mvar[39m
[23mt[33m=[39m{}[33m;[39m[36mif[39m([33m![39me[33m||[39m[33m![39me[33m.[39mtype)[36mthrow[39m [36mnew[39m [33mError[39m([32m"mdast-util-definitions expected
[23mnode"[39m)[33m;[39m[36mreturn[39m r(e[33m,[39m[32m"definition"[39m[33m,[39m[36mfunction[39m(e){[36mvar[39m
[23mn[33m=[39ms(e[33m.[39midentifier)[33m;[39mi[33m.[39mcall(t[33m,[39mn)[33m||[39m(t[n][33m=[39me)})[33m,[39mt}(e)[33m,[39m[36mfunction[39m(e){[36mvar[39m t[33m=[39me[33m&&[39ms(e)[33m;[39m[36mreturn[39m
[23m t[33m&&[39mi[33m.[39mcall(n[33m,[39mt)[33m?[39mn[t][33m:[39m[36mnull[39m}}[33m;[39m[36mvar[39m i[33m=[39m{}[33m.[39mhasOwnProperty[33m;[39m[36mfunction[39m s(e){[36mreturn[39m
[23me[33m.[39mtoUpperCase()}}[33m,[39m[35m2524[39m[33m:[39m(e[33m,[39mt[33m,[39mn)[33m=>[39m{[32m"use
[23mstrict"[39m[33m;[39me[33m.[39mexports[33m=[39m[36mfunction[39m(e[33m,[39mt[33m,[39mn){[36mreturn[39m[32m"string"[39m[33m!=[39m[36mtypeof[39m t[33m&&[39m(n[33m=[39mt[33m,[39mt[33m=[39m[36mvoid[39m
[23m[35m0[39m)[33m,[39m[36mfunction[39m(e){[36mvar[39m t[33m=[39me[33m||[39m{}[33m,[39mn[33m=[39m[36mfunction[39m(e[33m,[39mt){[36mfor[39m([36mvar[39m
[23mn[33m=[39m[33m-[39m[35m1[39m[33m;[39m[33m++[39mn[33m<[39m[33mt[39m[33m.[39mlength[33m;[39m)d(e[33m,[39mt[n])[33m;[39m[36mreturn[39m
[23me}({transforms[33m:[39m[][33m,[39mcanContainEols[33m:[39m[[32m"emphasis"[39m[33m,[39m[32m"fragment"[39m[33m,[39m[32m"heading"[39m[33m,[39m[32m"paragraph"[39m[33m,[39m[32m"s
[23mtrong"[39m][33m,[39menter[33m:[39m{autolink[33m:[39mg(_)[33m,[39mautolinkProtocol[33m:[39m[33mE[39m[33m,[39mautolinkEmail[33m:[39m[33mE[39m[33m,[39matxHeading[33m:[39mg([33mD[39m)[33m,
[23m[39mblockQuote[33m:[39mg([36mfunction[39m(){[36mreturn[39m{type[33m:[39m[32m"blockquote"[39m[33m,[39mchildren[33m:[39m[]}})[33m,[39mcharacterEscape[33m:
[23m[39m[33mE[39m[33m,[39mcharacterReference[33m:[39m[33mE[39m[33m,[39mcodeFenced[33m:[39mg(k)[33m,[39mcodeFencedFenceInfo[33m:[39mx[33m,[39mcodeFencedFenceMeta
[23m[33m:[39mx[33m,[39mcodeIndented[33m:[39mg(k[33m,[39mx)[33m,[39mcodeText[33m:[39mg([36mfunction[39m(){[36mreturn[39m{type[33m:[39m[32m"inlineCode"[39m[33m,[39mvalue[33m:[39m[32m""[39m}}
[23m[33m,[39mx)[33m,[39mcodeTextData[33m:[39m[33mE[39m[33m,[39mdata[33m:[39m[33mE[39m[33m,[39mcodeFlowValue[33m:[39m[33mE[39m[33m,[39mdefinition[33m:[39mg([36mfunction[39m(){[36mreturn[39m{type[33m:[39m[32m"d
[23mefinition"[39m[33m,[39midentifier[33m:[39m[32m""[39m[33m,[39mlabel[33m:[39m[36mnull[39m[33m,[39mtitle[33m:[39m[36mnull[39m[33m,[39murl[33m:[39m[32m""[39m}})[33m,[39mdefinitionDestinationSt
[23mring[33m:[39mx[33m,[39mdefinitionLabelString[33m:[39mx[33m,[39mdefinitionTitleString[33m:[39mx[33m,[39memphasis[33m:[39mg([36mfunction[39m(){[36mret
[23murn[39m{type[33m:[39m[32m"emphasis"[39m[33m,[39mchildren[33m:[39m[]}})[33m,[39mhardBreakEscape[33m:[39mg([33mS[39m)[33m,[39mhardBreakTrailing[33m:[39mg([33mS[39m)[33m,[39mh
[23mtmlFlow[33m:[39mg([33mB[39m[33m,[39mx)[33m,[39mhtmlFlowData[33m:[39m[33mE[39m[33m,[39mhtmlText[33m:[39mg([33mB[39m[33m,[39mx)[33m,[39mhtmlTextData[33m:[39m[33mE[39m[33m,[39mimage[33m:[39mg([36mfunction[39m(){
[23m[36mreturn[39m{type[33m:[39m[32m"image"[39m[33m,[39mtitle[33m:[39m[36mnull[39m[33m,[39murl[33m:[39m[32m""[39m[33m,[39malt[33m:[39m[36mnull[39m}})[33m,[39mlabel[33m:[39mx[33m,[39mlink[33m:[39mg(_)[33m,[39mlistItem[33m:[39mg([36mf
[23munction[39m(e){[36mreturn[39m{type[33m:[39m[32m"listItem"[39m[33m,[39mspread[33m:[39me[33m.[39m_spread[33m,[39mchecked[33m:[39m[36mnull[39m[33m,[39mchildren[33m:[39m[]}})[33m,[39ml
[23mistItemValue[33m:[39m[36mfunction[39m(e){f([32m"expectingFirstListItemValue"[39m)[33m&&[39m([36mthis[39m[33m.[39mstack[[36mthis[39m[33m.[39mstac
[23mk[33m.[39mlength[33m-[39m[35m2[39m][33m.[39mstart[33m=[39mparseInt([36mthis[39m[33m.[39msliceSerialize(e)[33m,[39m[35m10[39m)[33m,[39mc([32m"expectingFirstListItemV
[23malue"[39m))}[33m,[39mlistOrdered[33m:[39mg([33mT[39m[33m,[39m[36mfunction[39m(){c([32m"expectingFirstListItemValue"[39m[33m,[39m[33m![39m[35m0[39m)})[33m,[39mlistUn
[23mordered[33m:[39mg([33mT[39m)[33m,[39mparagraph[33m:[39mg([36mfunction[39m(){[36mreturn[39m{type[33m:[39m[32m"paragraph"[39m[33m,[39mchildren[33m:[39m[]}})[33m,[39mrefer
[23mence[33m:[39m[36mfunction[39m(){c([32m"referenceType"[39m[33m,[39m[32m"collapsed"[39m)}[33m,[39mreferenceString[33m:[39mx[33m,[39mresourceDestin
[23mationString[33m:[39mx[33m,[39mresourceTitleString[33m:[39mx[33m,[39msetextHeading[33m:[39mg([33mD[39m)[33m,[39mstrong[33m:[39mg([36mfunction[39m(){[36mretur
[23mn[39m{type[33m:[39m[32m"strong"[39m[33m,[39mchildren[33m:[39m[]}})[33m,[39mthematicBreak[33m:[39mg([36mfunction[39m(){[36mreturn[39m{type[33m:[39m[32m"thematicB
[23mreak"[39m}})}[33m,[39mexit[33m:[39m{atxHeading[33m:[39mv()[33m,[39matxHeadingSequence[33m:[39m[36mfunction[39m(e){[36mthis[39m[33m.[39mstack[[36mthis[39m[33m.[39mst
[23mack[33m.[39mlength[33m-[39m[35m1[39m][33m.[39mdepth[33m||[39m([36mthis[39m[33m.[39mstack[[36mthis[39m[33m.[39mstack[33m.[39mlength[33m-[39m[35m1[39m][33m.[39mdepth[33m=[39m[36mthis[39m[33m.[39msliceSerialize(
[23me)[33m.[39mlength)}[33m,[39mautolink[33m:[39mv()[33m,[39mautolinkEmail[33m:[39m[36mfunction[39m(e){[33mC[39m[33m.[39mcall([36mthis[39m[33m,[39me)[33m,[39m[36mthis[39m[33m.[39mstack[[36mthi
[23ms[39m[33m.[39mstack[33m.[39mlength[33m-[39m[35m1[39m][33m.[39murl[33m=[39m[32m"mailto:"[39m[33m+[39m[36mthis[39m[33m.[39msliceSerialize(e)}[33m,[39mautolinkProtocol[33m:[39m[36mfunctio
[23mn[39m(e){[33mC[39m[33m.[39mcall([36mthis[39m[33m,[39me)[33m,[39m[36mthis[39m[33m.[39mstack[[36mthis[39m[33m.[39mstack[33m.[39mlength[33m-[39m[35m1[39m][33m.[39murl[33m=[39m[36mthis[39m[33m.[39msliceSerialize(e)}[33m,
[23m[39mblockQuote[33m:[39mv()[33m,[39mcharacterEscapeValue[33m:[39m[33mC[39m[33m,[39mcharacterReferenceMarkerHexadecimal[33m:[39mw[33m,[39mchar
[23macterReferenceMarkerNumeric[33m:[39mw[33m,[39mcharacterReferenceValue[33m:[39m[36mfunction[39m(e){[36mvar[39m
[23mt[33m,[39mn[33m,[39mr[33m=[39m[36mthis[39m[33m.[39msliceSerialize(e)[33m,[39mi[33m=[39mf([32m"characterReferenceType"[39m)[33m;[39mi[33m?[39m(t[33m=[39mo(r[33m,[39m[32m"characterRe
[23mferenceMarkerNumeric"[39m[33m===[39mi[33m?[39m[35m10[39m[33m:[39m[35m16[39m)[33m,[39mc([32m"characterReferenceType"[39m))[33m:[39mt[33m=[39mp(r)[33m,[39m(n[33m=[39m[36mthis[39m[33m.[39msta
[23mck[33m.[39mpop())[33m.[39mvalue[33m+=[39mt[33m,[39mn[33m.[39mposition[33m.[39mend[33m=[39mm(e[33m.[39mend)}[33m,[39mcodeFenced[33m:[39mv([36mfunction[39m(){[36mvar[39m
[23me[33m=[39m[36mthis[39m[33m.[39mresume()[33m;[39m[36mthis[39m[33m.[39mstack[[36mthis[39m[33m.[39mstack[33m.[39mlength[33m-[39m[35m1[39m][33m.[39mvalue[33m=[39me[33m.[39mreplace([35m/^(\r?\n|\r)|(\r
[23m?\n|\r)$/g[39m[33m,[39m[32m""[39m)[33m,[39mc([32m"flowCodeInside"[39m)})[33m,[39mcodeFencedFence[33m:[39m[36mfunction[39m(){f([32m"flowCodeInsid
[23me"[39m)[33m||[39m([36mthis[39m[33m.[39mbuffer()[33m,[39mc([32m"flowCodeInside"[39m[33m,[39m[33m![39m[35m0[39m))}[33m,[39mcodeFencedFenceInfo[33m:[39m[36mfunction[39m(){[36mvar[39m
[23me[33m=[39m[36mthis[39m[33m.[39mresume()[33m;[39m[36mthis[39m[33m.[39mstack[[36mthis[39m[33m.[39mstack[33m.[39mlength[33m-[39m[35m1[39m][33m.[39mlang[33m=[39me}[33m,[39mcodeFencedFenceMeta[33m:[39m[36mfunc
[23mtion[39m(){[36mvar[39m e[33m=[39m[36mthis[39m[33m.[39mresume()[33m;[39m[36mthis[39m[33m.[39mstack[[36mthis[39m[33m.[39mstack[33m.[39mlength[33m-[39m[35m1[39m][33m.[39mmeta[33m=[39me}[33m,[39mcodeFlowValue
[23m[33m:[39m[33mC[39m[33m,[39mcodeIndented[33m:[39mv([36mfunction[39m(){[36mvar[39m e[33m=[39m[36mthis[39m[33m.[39mresume()[33m;[39m[36mthis[39m[33m.[39mstack[[36mthis[39m[33m.[39mstack[33m.[39mlength[33m-[39m[35m1[39m]
[22m[33m.[39mvalue[33m=[39me})[33m,[39mcodeText[33m:[39mv([36mfunction[39m(){[36mvar[39m
[23me[33m=[39m[36mthis[39m[33m.[39mresume()[33m;[39m[36mthis[39m[33m.[39mstack[[36mthis[39m[33m.[39mstack[33m.[39mlength[33m-[39m[35m1[39m][33m.[39mvalue[33m=[39me})[33m,[39mcodeTextData[33m:[39m[33mC[39m[33m,[39mdata[33m:[39m[33mC[39m[33m,
[23m[39mdefinition[33m:[39mv()[33m,[39mdefinitionDestinationString[33m:[39m[36mfunction[39m(){[36mvar[39m e[33m=[39m[36mthis[39m[33m.[39mresume()[33m;[39m[36mthis[39m[33m.[39ms
[23mtack[[36mthis[39m[33m.[39mstack[33m.[39mlength[33m-[39m[35m1[39m][33m.[39murl[33m=[39me}[33m,[39mdefinitionLabelString[33m:[39m[36mfunction[39m(e){[36mvar[39m
[23mt[33m=[39m[36mthis[39m[33m.[39mresume()[33m;[39m[36mthis[39m[33m.[39mstack[[36mthis[39m[33m.[39mstack[33m.[39mlength[33m-[39m[35m1[39m][33m.[39mlabel[33m=[39mt[33m,[39m[36mthis[39m[33m.[39mstack[[36mthis[39m[33m.[39mstack[33m.[39mle
[23mngth[33m-[39m[35m1[39m][33m.[39midentifier[33m=[39ma([36mthis[39m[33m.[39msliceSerialize(e))[33m.[39mtoLowerCase()}[33m,[39mdefinitionTitleStrin
[23mg[33m:[39m[36mfunction[39m(){[36mvar[39m e[33m=[39m[36mthis[39m[33m.[39mresume()[33m;[39m[36mthis[39m[33m.[39mstack[[36mthis[39m[33m.[39mstack[33m.[39mlength[33m-[39m[35m1[39m][33m.[39mtitle[33m=[39me}[33m,[39memphas
[23mis[33m:[39mv()[33m,[39mhardBreakEscape[33m:[39mv([33mF[39m)[33m,[39mhardBreakTrailing[33m:[39mv([33mF[39m)[33m,[39mhtmlFlow[33m:[39mv([36mfunction[39m(){[36mvar[39m
[23me[33m=[39m[36mthis[39m[33m.[39mresume()[33m;[39m[36mthis[39m[33m.[39mstack[[36mthis[39m[33m.[39mstack[33m.[39mlength[33m-[39m[35m1[39m][33m.[39mvalue[33m=[39me})[33m,[39mhtmlFlowData[33m:[39m[33mC[39m[33m,[39mhtmlTex
[23mt[33m:[39mv([36mfunction[39m(){[36mvar[39m e[33m=[39m[36mthis[39m[33m.[39mresume()[33m;[39m[36mthis[39m[33m.[39mstack[[36mthis[39m[33m.[39mstack[33m.[39mlength[33m-[39m[35m1[39m][33m.[39mvalue[33m=[39me})[33m,[39mhtm
[23mlTextData[33m:[39m[33mC[39m[33m,[39mimage[33m:[39mv([36mfunction[39m(){[36mvar[39m e[33m=[39m[36mthis[39m[33m.[39mstack[[36mthis[39m[33m.[39mstack[33m.[39mlength[33m-[39m[35m1[39m][33m;[39mf([32m"inRefere
[23mnce"[39m)[33m?[39m(e[33m.[39mtype[33m+=[39m[32m"Reference"[39m[33m,[39me[33m.[39mreferenceType[33m=[39mf([32m"referenceType"[39m)[33m||[39m[32m"shortcut"[39m[33m,[39m[36mdelete[39m
[23m e[33m.[39murl[33m,[39m[36mdelete[39m e[33m.[39mtitle)[33m:[39m([36mdelete[39m e[33m.[39midentifier[33m,[39m[36mdelete[39m e[33m.[39mlabel[33m,[39m[36mdelete[39m
[23me[33m.[39mreferenceType)[33m,[39mc([32m"referenceType"[39m)})[33m,[39mlabel[33m:[39m[36mfunction[39m(){[36mvar[39m
[23me[33m=[39m[36mthis[39m[33m.[39mstack[[36mthis[39m[33m.[39mstack[33m.[39mlength[33m-[39m[35m1[39m][33m,[39mt[33m=[39m[36mthis[39m[33m.[39mresume()[33m;[39m[36mthis[39m[33m.[39mstack[[36mthis[39m[33m.[39mstack[33m.[39mlength[33m-[39m[35m1
[23m[39m][33m.[39mlabel[33m=[39mt[33m,[39mc([32m"inReference"[39m[33m,[39m[33m![39m[35m0[39m)[33m,[39m[32m"link"[39m[33m===[39m[36mthis[39m[33m.[39mstack[[36mthis[39m[33m.[39mstack[33m.[39mlength[33m-[39m[35m1[39m][33m.[39mtype[33m?[39m[36mthis
[23m[39m[33m.[39mstack[[36mthis[39m[33m.[39mstack[33m.[39mlength[33m-[39m[35m1[39m][33m.[39mchildren[33m=[39me[33m.[39mchildren[33m:[39m[36mthis[39m[33m.[39mstack[[36mthis[39m[33m.[39mstack[33m.[39mlength[33m-[39m[35m1[39m][33m.
[23m[39malt[33m=[39mt}[33m,[39mlabelText[33m:[39m[36mfunction[39m(e){[36mthis[39m[33m.[39mstack[[36mthis[39m[33m.[39mstack[33m.[39mlength[33m-[39m[35m2[39m][33m.[39midentifier[33m=[39ma([36mthis[39m[33m.[39ms
[23mliceSerialize(e))[33m.[39mtoLowerCase()}[33m,[39mlineEnding[33m:[39m[36mfunction[39m(e){[36mvar[39m
[23mt[33m=[39m[36mthis[39m[33m.[39mstack[[36mthis[39m[33m.[39mstack[33m.[39mlength[33m-[39m[35m1[39m][33m;[39m[36mif[39m(f([32m"atHardBreak"[39m))[36mreturn[39m
[23mt[33m.[39mchildren[t[33m.[39mchildren[33m.[39mlength[33m-[39m[35m1[39m][33m.[39mposition[33m.[39mend[33m=[39mm(e[33m.[39mend)[33m,[39m[36mvoid[39m
[23mc([32m"atHardBreak"[39m)[33m;[39m[33m![39mf([32m"setextHeadingSlurpLineEnding"[39m)[33m&&[39mn[33m.[39mcanContainEols[33m.[39mindexOf(t[33m.
[23m[39mtype)[33m>[39m[33m-[39m[35m1[39m[33m&&[39m([33mE[39m[33m.[39mcall([36mthis[39m[33m,[39me)[33m,[39m[33mC[39m[33m.[39mcall([36mthis[39m[33m,[39me))}[33m,[39mlink[33m:[39mv([36mfunction[39m(){[36mvar[39m
[23me[33m=[39m[36mthis[39m[33m.[39mstack[[36mthis[39m[33m.[39mstack[33m.[39mlength[33m-[39m[35m1[39m][33m;[39mf([32m"inReference"[39m)[33m?[39m(e[33m.[39mtype[33m+=[39m[32m"Reference"[39m[33m,[39me[33m.[39mrefere
[23mnceType[33m=[39mf([32m"referenceType"[39m)[33m||[39m[32m"shortcut"[39m[33m,[39m[36mdelete[39m e[33m.[39murl[33m,[39m[36mdelete[39m e[33m.[39mtitle)[33m:[39m([36mdelete[39m
[23me[33m.[39midentifier[33m,[39m[36mdelete[39m e[33m.[39mlabel[33m,[39m[36mdelete[39m
[23me[33m.[39mreferenceType)[33m,[39mc([32m"referenceType"[39m)})[33m,[39mlistItem[33m:[39mv()[33m,[39mlistOrdered[33m:[39mv()[33m,[39mlistUnordered
[23m[33m:[39mv()[33m,[39mparagraph[33m:[39mv()[33m,[39mreferenceString[33m:[39m[36mfunction[39m(e){[36mvar[39m
[23mt[33m=[39m[36mthis[39m[33m.[39mresume()[33m;[39m[36mthis[39m[33m.[39mstack[[36mthis[39m[33m.[39mstack[33m.[39mlength[33m-[39m[35m1[39m][33m.[39mlabel[33m=[39mt[33m,[39m[36mthis[39m[33m.[39mstack[[36mthis[39m[33m.[39mstack[33m.[39mle
[23mngth[33m-[39m[35m1[39m][33m.[39midentifier[33m=[39ma([36mthis[39m[33m.[39msliceSerialize(e))[33m.[39mtoLowerCase()[33m,[39mc([32m"referenceType"[39m[33m,[39m[32m"fu
[23mll"[39m)}[33m,[39mresourceDestinationString[33m:[39m[36mfunction[39m(){[36mvar[39m e[33m=[39m[36mthis[39m[33m.[39mresume()[33m;[39m[36mthis[39m[33m.[39mstack[[36mthis[39m[33m.[39ms
[23mtack[33m.[39mlength[33m-[39m[35m1[39m][33m.[39murl[33m=[39me}[33m,[39mresourceTitleString[33m:[39m[36mfunction[39m(){[36mvar[39m e[33m=[39m[36mthis[39m[33m.[39mresume()[33m;[39m[36mthis[39m[33m.[39mst
[23mack[[36mthis[39m[33m.[39mstack[33m.[39mlength[33m-[39m[35m1[39m][33m.[39mtitle[33m=[39me}[33m,[39mresource[33m:[39m[36mfunction[39m(){c([32m"inReference"[39m)}[33m,[39msetextHe
[23mading[33m:[39mv([36mfunction[39m(){c([32m"setextHeadingSlurpLineEnding"[39m)})[33m,[39msetextHeadingLineSequence
[23m[33m:[39m[36mfunction[39m(e){[36mthis[39m[33m.[39mstack[[36mthis[39m[33m.[39mstack[33m.[39mlength[33m-[39m[35m1[39m][33m.[39mdepth[33m=[39m[35m61[39m[33m===[39m[36mthis[39m[33m.[39msliceSerialize(e)[33m.[39mc
[23mharCodeAt([35m0[39m)[33m?[39m[35m1[39m[33m:[39m[35m2[39m}[33m,[39msetextHeadingText[33m:[39m[36mfunction[39m(){c([32m"setextHeadingSlurpLineEnding"[39m[33m,
[23m[39m[33m![39m[35m0[39m)}[33m,[39mstrong[33m:[39mv()[33m,[39mthematicBreak[33m:[39mv()}}[33m,[39mt[33m.[39mmdastExtensions[33m||[39m[])[33m,[39mu[33m=[39m{}[33m;[39m[36mreturn[39m
[23m[36mfunction[39m(e){[36mfor[39m([36mvar[39m t[33m,[39mr[33m=[39m{type[33m:[39m[32m"root"[39m[33m,[39mchildren[33m:[39m[]}[33m,[39ma[33m=[39m[][33m,[39mo[33m=[39m[][33m,[39mu[33m=[39m[33m-[39m[35m1[39m[33m,[39mp[33m=[39m{stack[33m:[39m[r][33m,[39mto
[23mkenStack[33m:[39ma[33m,[39mconfig[33m:[39mn[33m,[39menter[33m:[39my[33m,[39mexit[33m:[39m[33mA[39m[33m,[39mbuffer[33m:[39mx[33m,[39mresume[33m:[39mb[33m,[39msetData[33m:[39mc[33m,[39mgetData[33m:[39mf}[33m;[39m[33m++[39mu[33m<[39m[33me[39m[33m.
[23m[39mlength[33m;[39m)[32m"listOrdered"[39m[33m!==[39me[u][[35m1[39m][33m.[39mtype[33m&&[39m[32m"listUnordered"[39m[33m!==[39me[u][[35m1[39m][33m.[39mtype[33m||[39m([32m"enter"[39m[33m==
[23m=[39me[u][[35m0[39m][33m?[39mo[33m.[39mpush(u)[33m:[39mu[33m=[39ml(e[33m,[39mo[33m.[39mpop(u)[33m,[39mu))[33m;[39m[36mfor[39m(u[33m=[39m[33m-[39m[35m1[39m[33m;[39m[33m++[39mu[33m<[39m[33me[39m[33m.[39mlength[33m;[39m)t[33m=[39mn[e[u][[35m0[39m]][33m,[39ms[33m.[39mcall
[23m(t[33m,[39me[u][[35m1[39m][33m.[39mtype)[33m&&[39mt[e[u][[35m1[39m][33m.[39mtype][33m.[39mcall(i({sliceSerialize[33m:[39me[u][[35m2[39m][33m.[39msliceSerialize}
[23m[33m,[39mp)[33m,[39me[u][[35m1[39m])[33m;[39m[36mif[39m(a[33m.[39mlength)[36mthrow[39m [36mnew[39m [33mError[39m([32m"Cannot close document, a token
[23m(`"[39m[33m+[39ma[a[33m.[39mlength[33m-[39m[35m1[39m][33m.[39mtype[33m+[39m[32m"`,
[23m"[39m[33m+[39mh({start[33m:[39ma[a[33m.[39mlength[33m-[39m[35m1[39m][33m.[39mstart[33m,[39mend[33m:[39ma[a[33m.[39mlength[33m-[39m[35m1[39m][33m.[39mend})[33m+[39m[32m") is still
[23mopen"[39m)[33m;[39m[36mfor[39m(r[33m.[39mposition[33m=[39m{start[33m:[39mm(e[33m.[39mlength[33m?[39me[[35m0[39m][[35m1[39m][33m.[39mstart[33m:[39m{line[33m:[39m[35m1[39m[33m,[39mcolumn[33m:[39m[35m1[39m[33m,[39moffset[33m:[39m[35m0[39m}
)[33m,[39mend[33m:[39mm(e[33m.[39mlength[33m?[39me[e[33m.[39mlength[33m-[39m[35m2[39m][[35m1[39m][33m.[39mend[33m:[39m{line[33m:[39m[35m1[39m[33m,[39mcolumn[33m:[39m[35m1[39m[33m,[39moffset[33m:[39m[35m0[39m})}[33m,[39mu[33m=[39m[33m-[39m[35m1[39m[33m;[39m[33m++[39mu[33m<[39m[33mn[39m[33m.[39mtr
[23mansforms[33m.[39mlength[33m;[39m)r[33m=[39mn[33m.[39mtransforms[u](r)[33m||[39mr[33m;[39m[36mreturn[39m r}[33m;[39m[36mfunction[39m l(e[33m,[39mt[33m,[39mn){[36mfor[39m([36mvar[39m
[23mr[33m,[39mi[33m,[39ms[33m,[39ma[33m,[39mo[33m,[39mu[33m,[39ml[33m,[39mc[33m=[39mt[33m-[39m[35m1[39m[33m,[39mp[33m=[39m[33m-[39m[35m1[39m[33m,[39mh[33m=[39m[33m![39m[35m1[39m[33m;[39m[33m++[39mc[33m<=[39mn[33m;[39m)[36mif[39m([32m"listUnordered"[39m[33m===[39m(o[33m=[39me[c])[[35m1[39m][33m.[39mtype[33m||[39m[32m"li
[23mstOrdered"[39m[33m===[39mo[[35m1[39m][33m.[39mtype[33m||[39m[32m"blockQuote"[39m[33m===[39mo[[35m1[39m][33m.[39mtype[33m?[39m([32m"enter"[39m[33m===[39mo[[35m0[39m][33m?[39mp[33m++[39m[33m:[39mp[33m--[39m[33m,[39ml[33m=[39m[36mvoid[39m
[23m[35m0[39m)[33m:[39m[32m"lineEndingBlank"[39m[33m===[39mo[[35m1[39m][33m.[39mtype[33m?[39m[32m"enter"[39m[33m===[39mo[[35m0[39m][33m&&[39m([33m![39mr[33m||[39ml[33m||[39mp[33m||[39mu[33m||[39m(u[33m=[39mc)[33m,[39ml[33m=[39m[36mvoid[39m
[23m[35m0[39m)[33m:[39m[32m"linePrefix"[39m[33m===[39mo[[35m1[39m][33m.[39mtype[33m||[39m[32m"listItemValue"[39m[33m===[39mo[[35m1[39m][33m.[39mtype[33m||[39m[32m"listItemMarker"[39m[33m===[39mo[[35m1
[23m[39m][33m.[39mtype[33m||[39m[32m"listItemPrefix"[39m[33m===[39mo[[35m1[39m][33m.[39mtype[33m||[39m[32m"listItemPrefixWhitespace"[39m[33m===[39mo[[35m1[39m][33m.[39mtype[33m||[39m(l
[23m[33m=[39m[36mvoid[39m [35m0[39m)[33m,[39m[33m![39mp[33m&&[39m[32m"enter"[39m[33m===[39mo[[35m0[39m][33m&&[39m[32m"listItemPrefix"[39m[33m===[39mo[[35m1[39m][33m.[39mtype[33m||[39m[33m-[39m[35m1[39m[33m===[39mp[33m&&[39m[32m"exit"[39m[33m===[39mo[[35m0[39m]
[33m&&[39m([32m"listUnordered"[39m[33m===[39mo[[35m1[39m][33m.[39mtype[33m||[39m[32m"listOrdered"[39m[33m===[39mo[[35m1[39m][33m.[39mtype)){[36mif[39m(r){[36mfor[39m(i[33m=[39mc[33m,[39ms[33m=[39m[36mvoid[39m
[23m [35m0[39m[33m;[39mi[33m--[39m[33m;[39m)[36mif[39m([32m"lineEnding"[39m[33m===[39m(a[33m=[39me[i])[[35m1[39m][33m.[39mtype[33m||[39m[32m"lineEndingBlank"[39m[33m===[39ma[[35m1[39m][33m.[39mtype){[36mif[39m([32m"e
[23mxit"[39m[33m===[39ma[[35m0[39m])[36mcontinue[39m[33m;[39ms[33m&&[39m(e[s][[35m1[39m][33m.[39mtype[33m=[39m[32m"lineEndingBlank"[39m[33m,[39mh[33m=[39m[33m![39m[35m0[39m)[33m,[39ma[[35m1[39m][33m.[39mtype[33m=[39m[32m"lineEnd
[23ming"[39m[33m,[39ms[33m=[39mi}[36melse[39m [36mif[39m([32m"linePrefix"[39m[33m!==[39ma[[35m1[39m][33m.[39mtype[33m&&[39m[32m"blockQuotePrefix"[39m[33m!==[39ma[[35m1[39m][33m.[39mtype[33m&&[39m[32m"bloc
[23mkQuotePrefixWhitespace"[39m[33m!==[39ma[[35m1[39m][33m.[39mtype[33m&&[39m[32m"blockQuoteMarker"[39m[33m!==[39ma[[35m1[39m][33m.[39mtype[33m&&[39m[32m"listItemIn
[23mdent"[39m[33m!==[39ma[[35m1[39m][33m.[39mtype)[36mbreak[39m[33m;[39mu[33m&&[39m([33m![39ms[33m||[39mu[33m<[39m[33ms[39m)[33m&&[39m(r[33m.[39m_spread[33m=[39m[33m![39m[35m0[39m)[33m,[39mr[33m.[39mend[33m=[39mm(s[33m?[39me[s][[35m1[39m][33m.[39mstart[33m:[39mo[[35m1
[23m[39m][33m.[39mend)[33m,[39me[33m.[39msplice(s[33m||[39mc[33m,[39m[35m0[39m[33m,[39m[[32m"exit"[39m[33m,[39mr[33m,[39mo[[35m2[39m]])[33m,[39mc[33m++[39m[33m,[39mn[33m++[39m}[32m"listItemPrefix"[39m[33m===[39mo[[35m1[39m][33m.[39mtype[33m&&[39m(r
[23m[33m=[39m{type[33m:[39m[32m"listItem"[39m[33m,[39m_spread[33m:[39m[33m![39m[35m1[39m[33m,[39mstart[33m:[39mm(o[[35m1[39m][33m.[39mstart)}[33m,[39me[33m.[39msplice(c[33m,[39m[35m0[39m[33m,[39m[[32m"enter"[39m[33m,[39mr[33m,[39mo[[35m2[39m]])
[22m[33m,[39mc[33m++[39m[33m,[39mn[33m++[39m[33m,[39mu[33m=[39m[36mvoid[39m [35m0[39m[33m,[39ml[33m=[39m[33m![39m[35m0[39m)}[36mreturn[39m e[t][[35m1[39m][33m.[39m_spread[33m=[39mh[33m,[39mn}[36mfunction[39m
[23mc(e[33m,[39mt){u[e][33m=[39mt}[36mfunction[39m f(e){[36mreturn[39m u[e]}[36mfunction[39m
[23mm(e){[36mreturn[39m{line[33m:[39me[33m.[39mline[33m,[39mcolumn[33m:[39me[33m.[39mcolumn[33m,[39moffset[33m:[39me[33m.[39moffset}}[36mfunction[39m g(e[33m,[39mt){[36mreturn[39m
[23m[36mfunction[39m(n){y[33m.[39mcall([36mthis[39m[33m,[39me(n)[33m,[39mn)[33m,[39mt[33m&&[39mt[33m.[39mcall([36mthis[39m[33m,[39mn)}}[36mfunction[39m
[23mx(){[36mthis[39m[33m.[39mstack[33m.[39mpush({type[33m:[39m[32m"fragment"[39m[33m,[39mchildren[33m:[39m[]})}[36mfunction[39m y(e[33m,[39mt){[36mreturn[39m
[23m[36mthis[39m[33m.[39mstack[[36mthis[39m[33m.[39mstack[33m.[39mlength[33m-[39m[35m1[39m][33m.[39mchildren[33m.[39mpush(e)[33m,[39m[36mthis[39m[33m.[39mstack[33m.[39mpush(e)[33m,[39m[36mthis[39m[33m.[39mtokenSt
[23mack[33m.[39mpush(t)[33m,[39me[33m.[39mposition[33m=[39m{start[33m:[39mm(t[33m.[39mstart)}[33m,[39me}[36mfunction[39m v(e){[36mreturn[39m
[23m[36mfunction[39m(t){e[33m&&[39me[33m.[39mcall([36mthis[39m[33m,[39mt)[33m,[39m[33mA[39m[33m.[39mcall([36mthis[39m[33m,[39mt)}}[36mfunction[39m [33mA[39m(e){[36mvar[39m
[23mt[33m=[39m[36mthis[39m[33m.[39mstack[33m.[39mpop()[33m,[39mn[33m=[39m[36mthis[39m[33m.[39mtokenStack[33m.[39mpop()[33m;[39m[36mif[39m([33m![39mn)[36mthrow[39m [36mnew[39m [33mError[39m([32m"Cannot close
[23m`"[39m[33m+[39me[33m.[39mtype[33m+[39m[32m"` ("[39m[33m+[39mh({start[33m:[39me[33m.[39mstart[33m,[39mend[33m:[39me[33m.[39mend})[33m+[39m[32m"): itΓÇÖs not
[23mopen"[39m)[33m;[39m[36mif[39m(n[33m.[39mtype[33m!==[39me[33m.[39mtype)[36mthrow[39m [36mnew[39m [33mError[39m([32m"Cannot close `"[39m[33m+[39me[33m.[39mtype[33m+[39m[32m"`
[23m("[39m[33m+[39mh({start[33m:[39me[33m.[39mstart[33m,[39mend[33m:[39me[33m.[39mend})[33m+[39m[32m"): a different token (`"[39m[33m+[39mn[33m.[39mtype[33m+[39m[32m"`,
[23m"[39m[33m+[39mh({start[33m:[39mn[33m.[39mstart[33m,[39mend[33m:[39mn[33m.[39mend})[33m+[39m[32m") is open"[39m)[33m;[39m[36mreturn[39m
[23mt[33m.[39mposition[33m.[39mend[33m=[39mm(e[33m.[39mend)[33m,[39mt}[36mfunction[39m b(){[36mreturn[39m r([36mthis[39m[33m.[39mstack[33m.[39mpop())}[36mfunction[39m
[23m[33mE[39m(e){[36mvar[39m t[33m=[39m[36mthis[39m[33m.[39mstack[[36mthis[39m[33m.[39mstack[33m.[39mlength[33m-[39m[35m1[39m][33m.[39mchildren[33m,[39mn[33m=[39mt[t[33m.[39mlength[33m-[39m[35m1[39m][33m;[39mn[33m&&[39m[32m"text"[39m[33m===
[23m[39mn[33m.[39mtype[33m||[39m((n[33m=[39m{type[33m:[39m[32m"text"[39m[33m,[39mvalue[33m:[39m[32m""[39m})[33m.[39mposition[33m=[39m{start[33m:[39mm(e[33m.[39mstart)}[33m,[39m[36mthis[39m[33m.[39mstack[[36mthis[39m[33m.
[23m[39mstack[33m.[39mlength[33m-[39m[35m1[39m][33m.[39mchildren[33m.[39mpush(n))[33m,[39m[36mthis[39m[33m.[39mstack[33m.[39mpush(n)}[36mfunction[39m [33mC[39m(e){[36mvar[39m t[33m=[39m[36mthis[39m[33m.[39mst
[23mack[33m.[39mpop()[33m;[39mt[33m.[39mvalue[33m+=[39m[36mthis[39m[33m.[39msliceSerialize(e)[33m,[39mt[33m.[39mposition[33m.[39mend[33m=[39mm(e[33m.[39mend)}[36mfunction[39m
[23m[33mF[39m(){c([32m"atHardBreak"[39m[33m,[39m[33m![39m[35m0[39m)}[36mfunction[39m
[23mw(e){c([32m"characterReferenceType"[39m[33m,[39me[33m.[39mtype)}[36mfunction[39m
[23mk(){[36mreturn[39m{type[33m:[39m[32m"code"[39m[33m,[39mlang[33m:[39m[36mnull[39m[33m,[39mmeta[33m:[39m[36mnull[39m[33m,[39mvalue[33m:[39m[32m""[39m}}[36mfunction[39m
[23m[33mD[39m(){[36mreturn[39m{type[33m:[39m[32m"heading"[39m[33m,[39mdepth[33m:[39m[36mvoid[39m [35m0[39m[33m,[39mchildren[33m:[39m[]}}[36mfunction[39m
[23m[33mS[39m(){[36mreturn[39m{type[33m:[39m[32m"break"[39m}}[36mfunction[39m [33mB[39m(){[36mreturn[39m{type[33m:[39m[32m"html"[39m[33m,[39mvalue[33m:[39m[32m""[39m}}[36mfunction[39m
[23m_(){[36mreturn[39m{type[33m:[39m[32m"link"[39m[33m,[39mtitle[33m:[39m[36mnull[39m[33m,[39murl[33m:[39m[32m""[39m[33m,[39mchildren[33m:[39m[]}}[36mfunction[39m
[23m[33mT[39m(e){[36mreturn[39m{type[33m:[39m[32m"list"[39m[33m,[39mordered[33m:[39m[32m"listOrdered"[39m[33m===[39me[33m.[39mtype[33m,[39mstart[33m:[39m[36mnull[39m[33m,[39mspread[33m:[39me[33m.[39m_spre
[23mad[33m,[39mchildren[33m:[39m[]}}}(n)(c(u(n)[33m.[39mdocument()[33m.[39mwrite(l()(e[33m,[39mt[33m,[39m[33m![39m[35m0[39m))))}[33m;[39m[36mvar[39m
[23mr[33m=[39mn([35m6326[39m)[33m,[39mi[33m=[39mn([35m9198[39m)[33m,[39ms[33m=[39mn([35m6706[39m)[33m,[39ma[33m=[39mn([35m5478[39m)[33m,[39mo[33m=[39mn([35m596[39m)[33m,[39mu[33m=[39mn([35m2976[39m)[33m,[39ml[33m=[39mn([35m162[39m)[33m,[39mc[33m=[39mn([35m1242[39m)[33m,[39mp[33m=
[23m[39mn([35m9435[39m)[33m,[39mh[33m=[39mn([35m5432[39m)[33m;[39m[36mfunction[39m d(e[33m,[39mt){[36mvar[39m n[33m,[39mr[33m;[39m[36mfor[39m(n [36min[39m
[23mt)r[33m=[39ms[33m.[39mcall(e[33m,[39mn)[33m?[39me[n][33m:[39me[n][33m=[39m{}[33m,[39m[32m"canContainEols"[39m[33m===[39mn[33m||[39m[32m"transforms"[39m[33m===[39mn[33m?[39me[n][33m=[39m[][33m.[39mconc
[23mat(r[33m,[39mt[n])[33m:[39m[33mObject[39m[33m.[39massign(r[33m,[39mt[n])}}[33m,[39m[35m9671[39m[33m:[39m(e[33m,[39mt[33m,[39mn)[33m=>[39m{[32m"use
[23mstrict"[39m[33m;[39me[33m.[39mexports[33m=[39mn([35m2524[39m)}[33m,[39m[35m6326[39m[33m:[39me[33m=>[39m{[32m"use strict"[39m[33m;[39m[36mfunction[39m t(e){[36mreturn[39m
[23me[33m&&[39m(e[33m.[39mvalue[33m||[39me[33m.[39malt[33m||[39me[33m.[39mtitle[33m||[39m[32m"children"[39m[36min[39m e[33m&&[39mn(e[33m.[39mchildren)[33m||[39m[32m"length"[39m[36min[39m
[23me[33m&&[39mn(e))[33m||[39m[32m""[39m}[36mfunction[39m n(e){[36mfor[39m([36mvar[39m n[33m=[39m[][33m,[39mr[33m=[39m[33m-[39m[35m1[39m[33m;[39m[33m++[39mr[33m<[39m[33me[39m[33m.[39mlength[33m;[39m)n[r][33m=[39mt(e[r])[33m;[39m[36mreturn[39m
[23mn[33m.[39mjoin([32m""[39m)}e[33m.[39mexports[33m=[39mt}[33m,[39m[35m4523[39m[33m:[39m(e[33m,[39mt[33m,[39mn)[33m=>[39m{t[33m.[39menter[33m=[39m{mdxFlowExpression[33m:[39m[36mfunction[39m(e){[36mth
[23mis[39m[33m.[39menter({type[33m:[39m[32m"mdxFlowExpression"[39m[33m,[39mvalue[33m:[39m[32m""[39m}[33m,[39me)[33m,[39m[36mthis[39m[33m.[39mbuffer()}[33m,[39mmdxTextExpression
[23m[33m:[39m[36mfunction[39m(e){[36mthis[39m[33m.[39menter({type[33m:[39m[32m"mdxTextExpression"[39m[33m,[39mvalue[33m:[39m[32m""[39m}[33m,[39me)[33m,[39m[36mthis[39m[33m.[39mbuffer()}}[33m,[39mt
[23m[33m.[39mexit[33m=[39m{mdxFlowExpression[33m:[39mi[33m,[39mmdxFlowExpressionChunk[33m:[39ms[33m,[39mmdxTextExpression[33m:[39mi[33m,[39mmdxTextE
[23mxpressionChunk[33m:[39ms}[33m;[39m[36mvar[39m r[33m=[39mn([35m9922[39m)[33m;[39m[36mfunction[39m i(e){[36mvar[39m
[23mt[33m,[39mn[33m,[39mi[33m,[39ms[33m=[39m[36mthis[39m[33m.[39mresume()[33m,[39ma[33m=[39m[36mthis[39m[33m.[39mexit(e)[33m;[39ma[33m.[39mvalue[33m=[39m[32m"mdxFlowExpression"[39m[33m===[39me[33m.[39mtype[33m?[39m(n[33m=[39m[35m/\r
[23m?\n|\r/[39m[33m.[39mexec(t[33m=[39ms)[33m,[39m(i[33m=[39mn[33m?[39mn[33m.[39mindex[33m+[39mn[[35m0[39m][33m.[39mlength[33m:[39m[33m-[39m[35m1[39m)[33m>[39m[33m-[39m[35m1[39m[33m?[39mt[33m.[39mslice([35m0[39m[33m,[39mi)[33m+[39mr(t[33m.[39mslice(i))[33m:[39mt)[33m:
[23m[39ms[33m,[39me[33m.[39mestree[33m&&[39m(a[33m.[39mdata[33m=[39m{estree[33m:[39me[33m.[39mestree})}[36mfunction[39m
[23ms(e){[36mthis[39m[33m.[39mconfig[33m.[39menter[33m.[39mdata[33m.[39mcall([36mthis[39m[33m,[39me)[33m,[39m[36mthis[39m[33m.[39mconfig[33m.[39mexit[33m.[39mdata[33m.[39mcall([36mthis[39m[33m,[39me)}}[33m,[39m[35m11
[23m29[39m[33m:[39m(e[33m,[39mt)[33m=>[39m{t[33m.[39mhandlers[33m=[39m{mdxFlowExpression[33m:[39mr[33m,[39mmdxTextExpression[33m:[39mr}[33m,[39mt[33m.[39munsafe[33m=[39m[{chara
[23mcter[33m:[39m[32m"{"[39m[33m,[39minConstruct[33m:[39m[[32m"phrasing"[39m]}[33m,[39m{atBreak[33m:[39m[33m![39m[35m0[39m[33m,[39mcharacter[33m:[39m[32m"{"[39m}][33m;[39m[36mvar[39m
[23mn[33m=[39m[35m/\r?\n|\r/g[39m[33m;[39m[36mfunction[39m r(e){[36mvar[39m
[23mt[33m=[39me[33m.[39mvalue[33m||[39m[32m""[39m[33m;[39m[36mreturn[39m[32m"{"[39m[33m+[39m([32m"mdxFlowExpression"[39m[33m===[39me[33m.[39mtype[33m?[39m[36mfunction[39m(e){[36mfor[39m([36mvar[39m
[23mt[33m,[39mr[33m=[39m[][33m,[39mi[33m=[39m[35m0[39m[33m,[39ms[33m=[39m[35m0[39m[33m;[39mt[33m=[39mn[33m.[39mexec(e)[33m;[39m)a(e[33m.[39mslice(i[33m,[39mt[33m.[39mindex))[33m,[39mr[33m.[39mpush(t[[35m0[39m])[33m,[39mi[33m=[39mt[33m.[39mindex[33m+[39mt[[35m0[39m][33m.[39mle
[23mngth[33m,[39ms[33m++[39m[33m;[39m[36mreturn[39m a(e[33m.[39mslice(i))[33m,[39mr[33m.[39mjoin([32m""[39m)[33m;[39m[36mfunction[39m a(e){r[33m.[39mpush((s[33m&&[39me[33m?[39m[32m"
[23m"[39m[33m:[39m[32m""[39m)[33m+[39me)}}(t)[33m:[39mt)[33m+[39m[32m"}"[39m}}[33m,[39m[35m437[39m[33m:[39m(e[33m,[39mt[33m,[39mn)[33m=>[39m{t[33m.[39mcanContainEols[33m=[39m[[32m"mdxJsxTextElement"[39m][33m,[39mt[33m.[39men
[23mter[33m=[39m{mdxJsxFlowTag[33m:[39mu[33m,[39mmdxJsxFlowTagClosingMarker[33m:[39ml[33m,[39mmdxJsxFlowTagAttribute[33m:[39mg[33m,[39mmdxJs
[23mxFlowTagExpressionAttribute[33m:[39mx[33m,[39mmdxJsxFlowTagAttributeValueLiteral[33m:[39ma[33m,[39mmdxJsxFlowTag
[23mAttributeValueExpression[33m:[39ma[33m,[39mmdxJsxFlowTagSelfClosingMarker[33m:[39mp[33m,[39mmdxJsxTextTag[33m:[39mu[33m,[39mmdxJ
[23msxTextTagClosingMarker[33m:[39ml[33m,[39mmdxJsxTextTagAttribute[33m:[39mg[33m,[39mmdxJsxTextTagExpressionAttribu
[23mte[33m:[39mx[33m,[39mmdxJsxTextTagAttributeValueLiteral[33m:[39ma[33m,[39mmdxJsxTextTagAttributeValueExpression[33m:
[23m[39ma[33m,[39mmdxJsxTextTagSelfClosingMarker[33m:[39mp}[33m,[39mt[33m.[39mexit[33m=[39m{mdxJsxFlowTagClosingMarker[33m:[39mh[33m,[39mmdxJsxF
[23mlowTagNamePrimary[33m:[39md[33m,[39mmdxJsxFlowTagNameMember[33m:[39mf[33m,[39mmdxJsxFlowTagNameLocal[33m:[39mm[33m,[39mmdxJsxFlo
[23mwTagExpressionAttribute[33m:[39my[33m,[39mmdxJsxFlowTagExpressionAttributeValue[33m:[39mo[33m,[39mmdxJsxFlowTagA
[23mttributeNamePrimary[33m:[39mv[33m,[39mmdxJsxFlowTagAttributeNameLocal[33m:[39m[33mA[39m[33m,[39mmdxJsxFlowTagAttributeVa
[23mlueLiteral[33m:[39mb[33m,[39mmdxJsxFlowTagAttributeValueLiteralValue[33m:[39mo[33m,[39mmdxJsxFlowTagAttributeVal
[23mueExpression[33m:[39m[33mE[39m[33m,[39mmdxJsxFlowTagAttributeValueExpressionValue[33m:[39mo[33m,[39mmdxJsxFlowTagSelfClo
[23msingMarker[33m:[39m[33mC[39m[33m,[39mmdxJsxFlowTag[33m:[39m[33mF[39m[33m,[39mmdxJsxTextTagClosingMarker[33m:[39mh[33m,[39mmdxJsxTextTagNamePrima
[23mry[33m:[39md[33m,[39mmdxJsxTextTagNameMember[33m:[39mf[33m,[39mmdxJsxTextTagNameLocal[33m:[39mm[33m,[39mmdxJsxTextTagExpressionA
[23mttribute[33m:[39my[33m,[39mmdxJsxTextTagExpressionAttributeValue[33m:[39mo[33m,[39mmdxJsxTextTagAttributeNamePri
[23mmary[33m:[39mv[33m,[39mmdxJsxTextTagAttributeNameLocal[33m:[39m[33mA[39m[33m,[39mmdxJsxTextTagAttributeValueLiteral[33m:[39mb[33m,[39mmd
[23mxJsxTextTagAttributeValueLiteralValue[33m:[39mo[33m,[39mmdxJsxTextTagAttributeValueExpression[33m:[39m[33mE[39m[33m,
[23m[39mmdxJsxTextTagAttributeValueExpressionValue[33m:[39mo[33m,[39mmdxJsxTextTagSelfClosingMarker[33m:[39m[33mC[39m[33m,[39mmd
[23mxJsxTextTag[33m:[39m[33mF[39m}[33m;[39m[36mvar[39m r[33m=[39mn([35m7574[39m)[33m,[39mi[33m=[39mn([35m5432[39m)[33m,[39ms[33m=[39mn([35m734[39m)[33m;[39m[36mfunction[39m
[23ma(){[36mthis[39m[33m.[39mbuffer()}[36mfunction[39m o(e){[36mthis[39m[33m.[39mconfig[33m.[39menter[33m.[39mdata[33m.[39mcall([36mthis[39m[33m,[39me)[33m,[39m[36mthis[39m[33m.[39mconfig[33m.
[23m[39mexit[33m.[39mdata[33m.[39mcall([36mthis[39m[33m,[39me)}[36mfunction[39m u(e){[36mthis[39m[33m.[39mgetData([32m"mdxJsxTagStack"[39m)[33m||[39m[36mthis[39m[33m.[39msetDat
[23ma([32m"mdxJsxTagStack"[39m[33m,[39m[])[33m,[39m[36mthis[39m[33m.[39msetData([32m"mdxJsxTag"[39m[33m,[39m{name[33m:[39m[36mnull[39m[33m,[39mattributes[33m:[39m[][33m,[39mstart[33m:[39me
[23m[33m.[39mstart[33m,[39mend[33m:[39me[33m.[39mend})[33m,[39m[36mthis[39m[33m.[39mbuffer()}[36mfunction[39m
[23ml(e){[36mif[39m([33m![39m[36mthis[39m[33m.[39mgetData([32m"mdxJsxTagStack"[39m)[33m.[39mlength)[36mthrow[39m [36mnew[39m s([32m"Unexpected closing
[23mslash `/` in tag, expected an open tag first"[39m[33m,[39m{start[33m:[39me[33m.[39mstart[33m,[39mend[33m:[39me[33m.[39mend}[33m,[39m[32m"mdast-u
[23mtil-mdx-jsx:unexpected-closing-slash"[39m)}[36mfunction[39m
[23mc(e){[36mif[39m([36mthis[39m[33m.[39mgetData([32m"mdxJsxTag"[39m)[33m.[39mclose)[36mthrow[39m [36mnew[39m s([32m"Unexpected attribute in
[23mclosing tag, expected the end of the tag"[39m[33m,[39m{start[33m:[39me[33m.[39mstart[33m,[39mend[33m:[39me[33m.[39mend}[33m,[39m[32m"mdast-util-
[23mmdx-jsx:unexpected-attribute"[39m)}[36mfunction[39m
[23mp(e){[36mif[39m([36mthis[39m[33m.[39mgetData([32m"mdxJsxTag"[39m)[33m.[39mclose)[36mthrow[39m [36mnew[39m s([32m"Unexpected self-closing
[23mslash `/` in closing tag, expected the end of the tag"[39m[33m,[39m{start[33m:[39me[33m.[39mstart[33m,[39mend[33m:[39me[33m.[39mend}
[23m[33m,[39m[32m"mdast-util-mdx-jsx:unexpected-self-closing-slash"[39m)}[36mfunction[39m
[23mh(){[36mthis[39m[33m.[39mgetData([32m"mdxJsxTag"[39m)[33m.[39mclose[33m=[39m[33m![39m[35m0[39m}[36mfunction[39m
[23md(e){[36mthis[39m[33m.[39mgetData([32m"mdxJsxTag"[39m)[33m.[39mname[33m=[39m[36mthis[39m[33m.[39msliceSerialize(e)}[36mfunction[39m
[23mf(e){[36mthis[39m[33m.[39mgetData([32m"mdxJsxTag"[39m)[33m.[39mname[33m+=[39m[32m"."[39m[33m+[39m[36mthis[39m[33m.[39msliceSerialize(e)}[36mfunction[39m
[23mm(e){[36mthis[39m[33m.[39mgetData([32m"mdxJsxTag"[39m)[33m.[39mname[33m+=[39m[32m":"[39m[33m+[39m[36mthis[39m[33m.[39msliceSerialize(e)}[36mfunction[39m
[23mg(e){c[33m.[39mcall([36mthis[39m[33m,[39me)[33m,[39m[36mthis[39m[33m.[39mgetData([32m"mdxJsxTag"[39m)[33m.[39mattributes[33m.[39mpush({type[33m:[39m[32m"mdxJsxAttri
[23mbute"[39m[33m,[39mname[33m:[39m[36mnull[39m[33m,[39mvalue[33m:[39m[36mnull[39m})}[36mfunction[39m
[23mx(e){c[33m.[39mcall([36mthis[39m[33m,[39me)[33m,[39m[36mthis[39m[33m.[39mgetData([32m"mdxJsxTag"[39m)[33m.[39mattributes[33m.[39mpush({type[33m:[39m[32m"mdxJsxExpre
[23mssionAttribute"[39m[33m,[39mvalue[33m:[39m[36mnull[39m})[33m,[39m[36mthis[39m[33m.[39mbuffer()}[36mfunction[39m y(e){[36mvar[39m
[23mt[33m=[39m[36mthis[39m[33m.[39mgetData([32m"mdxJsxTag"[39m)[33m.[39mattributes[33m;[39mt[t[33m.[39mlength[33m-[39m[35m1[39m][33m.[39mvalue[33m=[39m[36mthis[39m[33m.[39mresume()[33m,[39me[33m.[39mestre
[23me[33m&&[39m(t[t[33m.[39mlength[33m-[39m[35m1[39m][33m.[39mdata[33m=[39m{estree[33m:[39me[33m.[39mestree})}[36mfunction[39m v(e){[36mvar[39m t[33m=[39m[36mthis[39m[33m.[39mgetData([32m"mdxJ
[23msxTag"[39m)[33m.[39mattributes[33m;[39mt[t[33m.[39mlength[33m-[39m[35m1[39m][33m.[39mname[33m=[39m[36mthis[39m[33m.[39msliceSerialize(e)}[36mfunction[39m [33mA[39m(e){[36mvar[39m
[23mt[33m=[39m[36mthis[39m[33m.[39mgetData([32m"mdxJsxTag"[39m)[33m.[39mattributes[33m;[39mt[t[33m.[39mlength[33m-[39m[35m1[39m][33m.[39mname[33m+=[39m[32m":"[39m[33m+[39m[36mthis[39m[33m.[39msliceSeriali
[23mze(e)}[36mfunction[39m b(){[36mvar[39m e[33m=[39m[36mthis[39m[33m.[39mgetData([32m"mdxJsxTag"[39m)[33m.[39mattributes[33m;[39me[e[33m.[39mlength[33m-[39m[35m1[39m][33m.[39mvalu
[23me[33m=[39mr([36mthis[39m[33m.[39mresume()[33m,[39m{nonTerminated[33m:[39m[33m![39m[35m1[39m})}[36mfunction[39m [33mE[39m(e){[36mvar[39m t[33m=[39m[36mthis[39m[33m.[39mgetData([32m"mdxJsxTa
[23mg"[39m)[33m.[39mattributes[33m;[39mt[t[33m.[39mlength[33m-[39m[35m1[39m][33m.[39mvalue[33m=[39m{type[33m:[39m[32m"mdxJsxAttributeValueExpression"[39m[33m,[39mvalue[33m:
[23m[39m[36mthis[39m[33m.[39mresume()}[33m,[39me[33m.[39mestree[33m&&[39m(t[t[33m.[39mlength[33m-[39m[35m1[39m][33m.[39mvalue[33m.[39mdata[33m=[39m{estree[33m:[39me[33m.[39mestree})}[36mfunction[39m
[23m[33mC[39m(){[36mthis[39m[33m.[39mgetData([32m"mdxJsxTag"[39m)[33m.[39mselfClosing[33m=[39m[33m![39m[35m0[39m}[36mfunction[39m [33mF[39m(e){[36mvar[39m
[23mt[33m=[39m[36mthis[39m[33m.[39mgetData([32m"mdxJsxTag"[39m)[33m,[39mn[33m=[39m[36mthis[39m[33m.[39mgetData([32m"mdxJsxTagStack"[39m)[33m,[39mr[33m=[39mn[n[33m.[39mlength[33m-[39m[35m1[39m][33m;[39m[36mif[39m(
[23mt[33m.[39mclose[33m&&[39mr[33m.[39mname[33m!==[39mt[33m.[39mname)[36mthrow[39m [36mnew[39m s([32m"Unexpected closing tag `"[39m[33m+[39mw(t)[33m+[39m[32m"`,
[23mexpected corresponding closing tag for `"[39m[33m+[39mw(r)[33m+[39m[32m"`
[23m("[39m[33m+[39mi(r)[33m+[39m[32m")"[39m[33m,[39m{start[33m:[39me[33m.[39mstart[33m,[39mend[33m:[39me[33m.[39mend}[33m,[39m[32m"mdast-util-mdx-jsx:end-tag-mismatch"[39m)[33m;[39m[36mthi
[23ms[39m[33m.[39mresume()[33m,[39mt[33m.[39mclose[33m?[39mn[33m.[39mpop()[33m:[39m[36mthis[39m[33m.[39menter({type[33m:[39m[32m"mdxJsxTextTag"[39m[33m===[39me[33m.[39mtype[33m?[39m[32m"mdxJsxText
[23mElement"[39m[33m:[39m[32m"mdxJsxFlowElement"[39m[33m,[39mname[33m:[39mt[33m.[39mname[33m,[39mattributes[33m:[39mt[33m.[39mattributes[33m,[39mchildren[33m:[39m[]}[33m,[39me)
[23m[33m,[39mt[33m.[39mselfClosing[33m||[39mt[33m.[39mclose[33m?[39m[36mthis[39m[33m.[39mexit(e)[33m:[39mn[33m.[39mpush(t)}[36mfunction[39m w(e){[36mreturn[39m[32m"<"[39m[33m+[39m(e[33m.[39mclose[33m?
[23m[39m[32m"/"[39m[33m:[39m[32m""[39m)[33m+[39m(e[33m.[39mname[33m||[39m[32m""[39m)[33m+[39m[32m">"[39m}}[33m,[39m[35m1821[39m[33m:[39me[33m=>[39m{e[33m.[39mexports[33m=[39m[33mObject[39m[33m.[39massign}[33m,[39m[35m6420[39m[33m:[39me[33m=>[39m{[32m"use
[23mstrict"[39m[33m;[39me[33m.[39mexports[33m=[39m[36mfunction[39m(e[33m,[39mt){[36mreturn[39m e[33m=[39me[33m.[39mreplace(t[33m.[39msubset[33m?[39m[36mfunction[39m(e){[36mfor[39m([36mvar[39m
[23mt[33m=[39m[][33m,[39mn[33m=[39m[33m-[39m[35m1[39m[33m;[39m[33m++[39mn[33m<[39m[33me[39m[33m.[39mlength[33m;[39m)t[33m.[39mpush(e[n][33m.[39mreplace([35m/[|\\{}()[\]^$+*?.]/g[39m[33m,[39m[32m"\\$&"[39m))[33m;[39m[36mretur
[23mn[39m [36mnew[39m [33mRegExp[39m([32m"(?:"[39m[33m+[39mt[33m.[39mjoin([32m"|"[39m)[33m+[39m[32m")"[39m[33m,[39m[32m"g"[39m)}(t[33m.[39msubset)[33m:[39m[35m/["&'<>`]/g[39m[33m,[39mn)[33m,[39mt[33m.[39msubset[33m||[39mt[33m.[39mes
[23mcapeOnly[33m?[39me[33m:[39me[33m.[39mreplace([35m/[\uD800-\uDBFF][\uDC00-\uDFFF]/g[39m[33m,[39m[36mfunction[39m(e[33m,[39mn[33m,[39mr){[36mreturn[39m
[23mt[33m.[39mformat([35m1024[39m[33m*[39m(e[33m.[39mcharCodeAt([35m0[39m)[33m-[39m[35m55296[39m)[33m+[39me[33m.[39mcharCodeAt([35m1[39m)[33m-[39m[35m56320[39m[33m+[39m[35m65536[39m[33m,[39mr[33m.[39mcharCodeAt(n
[23m[33m+[39m[35m2[39m)[33m,[39mt)})[33m.[39mreplace([35m/[\x01-\t\v\f\x0E-\x1F\x7F\x81\x8D\x8F\x90\x9D\xA0-\uFFFF]/g[39m[33m,[39mn)
[23m[33m;[39m[36mfunction[39m n(e[33m,[39mn[33m,[39mr){[36mreturn[39m
[23mt[33m.[39mformat(e[33m.[39mcharCodeAt([35m0[39m)[33m,[39mr[33m.[39mcharCodeAt(n[33m+[39m[35m1[39m)[33m,[39mt)}}}[33m,[39m[35m2292[39m[33m:[39m(e[33m,[39mt[33m,[39mn)[33m=>[39m{[32m"use strict"[39m[33m;[39m[36mvar[39m
[23m r[33m=[39mn([35m6420[39m)[33m,[39mi[33m=[39mn([35m1821[39m)[33m,[39ms[33m=[39mn([35m2875[39m)[33m;[39me[33m.[39mexports[33m=[39m[36mfunction[39m(e[33m,[39mt){[36mreturn[39m
[23mr(e[33m,[39mi({format[33m:[39ms}[33m,[39mt))}}[33m,[39m[35m2875[39m[33m:[39me[33m=>[39m{e[33m.[39mexports[33m=[39m[36mfunction[39m(e){[36mreturn[39m[32m"&#x"[39m[33m+[39me[33m.[39mtoString([35m16[39m)
[33m.[39mtoUpperCase()[33m+[39m[32m";"[39m}}[33m,[39m[35m5575[39m[33m:[39m(e[33m,[39mt[33m,[39mn)[33m=>[39m{[32m"use
[23mstrict"[39m[33m;[39me[33m.[39mexports[33m=[39mn([35m2292[39m)}[33m,[39m[35m8058[39m[33m:[39m(e[33m,[39mt[33m,[39mn)[33m=>[39m{t[33m.[39mhandlers[33m=[39m{mdxJsxFlowElement[33m:[39mu[33m,[39mmdxJsx
[23mTextElement[33m:[39mu}[33m,[39mt[33m.[39munsafe[33m=[39m[{character[33m:[39m[32m"<"[39m[33m,[39minConstruct[33m:[39m[[32m"phrasing"[39m]}[33m,[39m{atBreak[33m:[39m[33m![39m[35m0[39m[33m,[39mch
[23maracter[33m:[39m[32m"<"[39m}][33m,[39mt[33m.[39mfences[33m=[39m[33m![39m[35m0[39m[33m,[39mt[33m.[39mresourceLink[33m=[39m[33m![39m[35m0[39m[33m,[39mu[33m.[39mpeek[33m=[39m[36mfunction[39m(){[36mreturn[39m[32m"<"[39m}[33m;[39m[36mvar[39m
[23mr[33m=[39mn([35m5575[39m)[33m,[39mi[33m=[39mn([35m3493[39m)[33m,[39ms[33m=[39mn([35m5362[39m)[33m,[39ma[33m=[39mn([35m6004[39m)[33m,[39mo[33m=[39m[35m/\r?\n|\r/g[39m[33m;[39m[36mfunction[39m u(e[33m,[39mt[33m,[39mn){[36mvar[39m
[23mo[33m,[39mu[33m,[39mc[33m,[39mp[33m=[39me[33m.[39mname[33m&&[39m([33m![39me[33m.[39mchildren[33m||[39m[33m![39me[33m.[39mchildren[33m.[39mlength)[33m,[39mh[33m=[39ma(n)[33m,[39md[33m=[39mn[33m.[39menter(e[33m.[39mtype)[33m,[39mf[33m=[39m[33m-[39m[35m1[39m[33m,
[23m[39mm[33m=[39m[][33m;[39m[36mif[39m(e[33m.[39mattributes[33m&&[39me[33m.[39mattributes[33m.[39mlength){[36mif[39m([33m![39me[33m.[39mname)[36mthrow[39m [36mnew[39m [33mError[39m([32m"Cannot
[23mserialize fragment w/
[23mattributes"[39m)[33m;[39m[36mfor[39m([33m;[39m[33m++[39mf[33m<[39m[33me[39m[33m.[39mattributes[33m.[39mlength[33m;[39m){[36mif[39m([32m"mdxJsxExpressionAttribute"[39m[33m===[39m(o[33m=
[23m[39me[33m.[39mattributes[f])[33m.[39mtype)u[33m=[39m[32m"{"[39m[33m+[39m(o[33m.[39mvalue[33m||[39m[32m""[39m)[33m+[39m[32m"}"[39m[33m;[39m[36melse[39m{[36mif[39m([33m![39mo[33m.[39mname)[36mthrow[39m [36mnew[39m
[23m[33mError[39m([32m"Cannot serialize attribute w/o
[23mname"[39m)[33m;[39mu[33m=[39mo[33m.[39mname[33m+[39m([36mnull[39m[33m==[39mo[33m.[39mvalue[33m?[39m[32m""[39m[33m:[39m[32m"="[39m[33m+[39m([32m"object"[39m[33m==[39m[36mtypeof[39m o[33m.[39mvalue[33m?[39m[32m"{"[39m[33m+[39m(o[33m.[39mvalue[33m.[39mval
[23mue[33m||[39m[32m""[39m)[33m+[39m[32m"}"[39m[33m:[39mh[33m+[39mr(o[33m.[39mvalue[33m,[39m{subset[33m:[39m[h]})[33m+[39mh))}m[33m.[39mpush(u)}}[36mreturn[39m c[33m=[39m[32m"<"[39m[33m+[39m(e[33m.[39mname[33m||[39m[32m""[39m)[33m+[39m(
[23m[32m"mdxJsxFlowElement"[39m[33m===[39me[33m.[39mtype[33m&&[39mm[33m.[39mlength[33m>[39m[35m1[39m[33m?[39m[32m"\n"[39m[33m+[39ml(m[33m.[39mjoin([32m"\n"[39m))[33m+[39m[32m"\n"[39m[33m:[39mm[33m.[39mlength[33m?[39m[32m"
[23m"[39m[33m+[39ml(m[33m.[39mjoin([32m" "[39m))[33m.[39mreplace([35m/^ +/[39m[33m,[39m[32m""[39m)[33m:[39m[32m""[39m)[33m+[39m(p[33m?[39m[32m"/"[39m[33m:[39m[32m""[39m)[33m+[39m[32m">"[39m[33m+[39m(e[33m.[39mchildren[33m&&[39me[33m.[39mchildren[33m.[39mle
[23mngth[33m?[39m[32m"mdxJsxFlowElement"[39m[33m===[39me[33m.[39mtype[33m?[39m[32m"\n"[39m[33m+[39ml(i(e[33m,[39mn))[33m+[39m[32m"\n"[39m[33m:[39ms(e[33m,[39mn[33m,[39m{before[33m:[39m[32m"<"[39m[33m,[39mafter[33m:[39m[32m">
[23m"[39m})[33m:[39m[32m""[39m)[33m+[39m(p[33m?[39m[32m""[39m[33m:[39m[32m"</"[39m[33m+[39m(e[33m.[39mname[33m||[39m[32m""[39m)[33m+[39m[32m">"[39m)[33m,[39md()[33m,[39mc}[36mfunction[39m l(e){[36mfor[39m([36mvar[39m t[33m,[39mn[33m=[39m[][33m,[39mr[33m=[39m[35m0[39m[33m;[39mt[33m=[39mo[33m.
[23m[39mexec(e)[33m;[39m)i(e[33m.[39mslice(r[33m,[39mt[33m.[39mindex))[33m,[39mn[33m.[39mpush(t[[35m0[39m])[33m,[39mr[33m=[39mt[33m.[39mindex[33m+[39mt[[35m0[39m][33m.[39mlength[33m;[39m[36mreturn[39m
[23mi(e[33m.[39mslice(r))[33m,[39mn[33m.[39mjoin([32m""[39m)[33m;[39m[36mfunction[39m i(e){n[33m.[39mpush((e[33m?[39m[32m"
[23m"[39m[33m:[39m[32m""[39m)[33m+[39me)}}}[33m,[39m[35m1218[39m[33m:[39m(e[33m,[39mt[33m,[39mn)[33m=>[39m{[36mvar[39m
[23mr[33m=[39mn([35m4523[39m)[33m,[39mi[33m=[39mn([35m437[39m)[33m,[39ms[33m=[39mn([35m1865[39m)[33m,[39ma[33m=[39m{}[33m.[39mhasOwnProperty[33m;[39m[36mfunction[39m o(e[33m,[39mt){[36mvar[39m n[33m,[39mr[33m,[39mi[33m;[39m[36mfor[39m(n
[23m [36min[39m t)r[33m=[39ma[33m.[39mcall(e[33m,[39mn)[33m?[39me[n][33m:[39me[n][33m=[39m{}[33m,[39mi[33m=[39mt[n][33m,[39m[32m"canContainEols"[39m[33m===[39mn[33m?[39me[n][33m=[39m[][33m.[39mconcat(r[33m,[39mi)
[23m[33m:[39m[33mObject[39m[33m.[39massign(r[33m,[39mi)}e[33m.[39mexports[33m=[39m[36mfunction[39m(e){[36mfor[39m([36mvar[39m
[23mt[33m=[39m{canContainEols[33m:[39m[]}[33m,[39mn[33m=[39m[33m-[39m[35m1[39m[33m;[39m[33m++[39mn[33m<[39m[33me[39m[33m.[39mlength[33m;[39m)o(t[33m,[39me[n])[33m;[39m[36mreturn[39m t}([r[33m,[39mi[33m,[39ms])}[33m,[39m[35m2696[39m[33m:[39m(e[33m,[39mt
[23m[33m,[39mn)[33m=>[39m{t[33m.[39mfromMarkdown[33m=[39mn([35m1218[39m)[33m,[39mt[33m.[39mtoMarkdown[33m=[39mn([35m3313[39m)}[33m,[39m[35m3313[39m[33m:[39m(e[33m,[39mt[33m,[39mn)[33m=>[39m{[36mvar[39m r[33m=[39mn([35m1129[39m)[33m,
[23m[39mi[33m=[39mn([35m8058[39m)[33m,[39ms[33m=[39mn([35m8500[39m)[33m,[39ma[33m=[39mn([35m2564[39m)({handlers[33m:[39m{}[33m,[39mjoin[33m:[39m[][33m,[39munsafe[33m:[39m[][33m,[39moptions[33m:[39m{}}[33m,[39m{extens
[23mions[33m:[39m[r[33m,[39mi[33m,[39ms]})[33m;[39me[33m.[39mexports[33m=[39m[33mObject[39m[33m.[39massign(a[33m.[39moptions[33m,[39m{handlers[33m:[39ma[33m.[39mhandlers[33m,[39mjoin[33m:[39ma[33m.[39mjoi
[23mn[33m,[39munsafe[33m:[39ma[33m.[39munsafe})}[33m,[39m[35m1865[39m[33m:[39m(e[33m,[39mt)[33m=>[39m{t[33m.[39menter[33m=[39m{mdxjsEsm[33m:[39m[36mfunction[39m(e){[36mthis[39m[33m.[39menter({type
[23m[33m:[39m[32m"mdxjsEsm"[39m[33m,[39mvalue[33m:[39m[32m""[39m}[33m,[39me)[33m,[39m[36mthis[39m[33m.[39mbuffer()}}[33m,[39mt[33m.[39mexit[33m=[39m{mdxjsEsm[33m:[39m[36mfunction[39m(e){[36mvar[39m
[23mt[33m=[39m[36mthis[39m[33m.[39mresume()[33m,[39mn[33m=[39m[36mthis[39m[33m.[39mexit(e)[33m;[39mn[33m.[39mvalue[33m=[39mt[33m,[39me[33m.[39mestree[33m&&[39m(n[33m.[39mdata[33m=[39m{estree[33m:[39me[33m.[39mestree})}[33m,[39mm
[23mdxjsEsmData[33m:[39m[36mfunction[39m(e){[36mthis[39m[33m.[39mconfig[33m.[39menter[33m.[39mdata[33m.[39mcall([36mthis[39m[33m,[39me)[33m,[39m[36mthis[39m[33m.[39mconfig[33m.[39mexit[33m.[39mdat
[23ma[33m.[39mcall([36mthis[39m[33m,[39me)}}}[33m,[39m[35m8500[39m[33m:[39m(e[33m,[39mt)[33m=>[39m{t[33m.[39mhandlers[33m=[39m{mdxjsEsm[33m:[39m[36mfunction[39m(e){[36mreturn[39m
[23me[33m.[39mvalue[33m||[39m[32m""[39m}}}[33m,[39m[35m5288[39m[33m:[39m(e[33m,[39mt[33m,[39mn)[33m=>[39m{[32m"use
[23mstrict"[39m[33m;[39me[33m.[39mexports[33m=[39mn([35m1601[39m)}[33m,[39m[35m5426[39m[33m:[39m(e[33m,[39mt[33m,[39mn)[33m=>[39m{[32m"use
[23mstrict"[39m[33m;[39me[33m.[39mexports[33m=[39m[36mfunction[39m(e[33m,[39mt){[36mfor[39m([36mvar[39m
[23mn[33m,[39mi[33m,[39ms[33m=[39mt[33m.[39mchildren[33m||[39m[][33m,[39ma[33m=[39ms[33m.[39mlength[33m,[39mo[33m=[39m[][33m,[39mu[33m=[39m[33m-[39m[35m1[39m[33m;[39m[33m++[39mu[33m<[39m[33ma[39m[33m;[39m)(n[33m=[39mr(e[33m,[39ms[u][33m,[39mt))[33m&&[39m(u[33m&&[39m[32m"break"[39m[33m===
[23m[39ms[u[33m-[39m[35m1[39m][33m.[39mtype[33m&&[39m(n[33m.[39mvalue[33m&&[39m(n[33m.[39mvalue[33m=[39mn[33m.[39mvalue[33m.[39mreplace([35m/^\s+/[39m[33m,[39m[32m""[39m))[33m,[39m(i[33m=[39mn[33m.[39mchildren[33m&&[39mn[33m.[39mchi
[23mldren[[35m0[39m])[33m&&[39mi[33m.[39mvalue[33m&&[39m(i[33m.[39mvalue[33m=[39mi[33m.[39mvalue[33m.[39mreplace([35m/^\s+/[39m[33m,[39m[32m""[39m)))[33m,[39mo[33m=[39mo[33m.[39mconcat(n))[33m;[39m[36mreturn[39m
[23mo}[33m;[39m[36mvar[39m r[33m=[39mn([35m719[39m)}[33m,[39m[35m1696[39m[33m:[39m(e[33m,[39mt[33m,[39mn)[33m=>[39m{[32m"use strict"[39m[33m;[39me[33m.[39mexports[33m=[39m[36mfunction[39m(e){[36mfor[39m([36mvar[39m
[23mt[33m,[39mn[33m,[39ma[33m,[39mo[33m,[39mu[33m=[39me[33m.[39mfootnoteById[33m,[39ml[33m=[39me[33m.[39mfootnoteOrder[33m,[39mc[33m=[39ml[33m.[39mlength[33m,[39mp[33m=[39m[33m-[39m[35m1[39m[33m,[39mh[33m=[39m[][33m;[39m[33m++[39mp[33m<[39m[33mc[39m[33m;[39m)(t[33m=[39mu[l[p]
[23m[33m.[39mtoUpperCase()])[33m&&[39m(o[33m=[39m(a[33m=[39mt[33m.[39mchildren[33m.[39mconcat())[a[33m.[39mlength[33m-[39m[35m1[39m][33m,[39mn[33m=[39m{type[33m:[39m[32m"link"[39m[33m,[39murl[33m:[39m[32m"#fn
[23mref-"[39m[33m+[39mt[33m.[39midentifier[33m,[39mdata[33m:[39m{hProperties[33m:[39m{className[33m:[39m[[32m"footnote-backref"[39m]}}[33m,[39mchildren[33m:
[23m[39m[{type[33m:[39m[32m"text"[39m[33m,[39mvalue[33m:[39m[32m"Γå⌐"[39m}]}[33m,[39mo[33m&&[39m[32m"paragraph"[39m[33m===[39mo[33m.[39mtype[33m||[39m(o[33m=[39m{type[33m:[39m[32m"paragraph"[39m[33m,[39mchildre
[23mn[33m:[39m[]}[33m,[39ma[33m.[39mpush(o))[33m,[39mo[33m.[39mchildren[33m.[39mpush(n)[33m,[39mh[33m.[39mpush({type[33m:[39m[32m"listItem"[39m[33m,[39mdata[33m:[39m{hProperties[33m:[39m{i
[23md[33m:[39m[32m"fn-"[39m[33m+[39mt[33m.[39midentifier}}[33m,[39mchildren[33m:[39ma[33m,[39mposition[33m:[39mt[33m.[39mposition}))[33m;[39m[36mreturn[39m
[23m[35m0[39m[33m===[39mh[33m.[39mlength[33m?[39m[36mnull[39m[33m:[39me([36mnull[39m[33m,[39m[32m"div"[39m[33m,[39m{className[33m:[39m[[32m"footnotes"[39m]}[33m,[39ms([r(e)[33m,[39mi(e[33m,[39m{type[33m:[39m[32m"list
[23m"[39m[33m,[39mordered[33m:[39m[33m![39m[35m0[39m[33m,[39mchildren[33m:[39mh})][33m,[39m[33m![39m[35m0[39m))}[33m;[39m[36mvar[39m
[23mr[33m=[39mn([35m7552[39m)[33m,[39mi[33m=[39mn([35m7888[39m)[33m,[39ms[33m=[39mn([35m6115[39m)}[33m,[39m[35m3126[39m[33m:[39m(e[33m,[39mt[33m,[39mn)[33m=>[39m{[32m"use
[23mstrict"[39m[33m;[39me[33m.[39mexports[33m=[39m[36mfunction[39m(e[33m,[39mt){[36mreturn[39m e(t[33m,[39m[32m"blockquote"[39m[33m,[39mr(i(e[33m,[39mt)[33m,[39m[33m![39m[35m0[39m))}[33m;[39m[36mvar[39m
[23mr[33m=[39mn([35m6115[39m)[33m,[39mi[33m=[39mn([35m5426[39m)}[33m,[39m[35m3562[39m[33m:[39m(e[33m,[39mt[33m,[39mn)[33m=>[39m{[32m"use
[23mstrict"[39m[33m;[39me[33m.[39mexports[33m=[39m[36mfunction[39m(e[33m,[39mt){[36mreturn[39m[e(t[33m,[39m[32m"br"[39m)[33m,[39mr([32m"text"[39m[33m,[39m[32m"\n"[39m)]}[33m;[39m[36mvar[39m
[23mr[33m=[39mn([35m914[39m)}[33m,[39m[35m7891[39m[33m:[39m(e[33m,[39mt[33m,[39mn)[33m=>[39m{[32m"use strict"[39m[33m;[39me[33m.[39mexports[33m=[39m[36mfunction[39m(e[33m,[39mt){[36mvar[39m
[23mn[33m,[39mi[33m=[39mt[33m.[39mvalue[33m?[39mt[33m.[39mvalue[33m+[39m[32m"\n"[39m[33m:[39m[32m""[39m[33m,[39ms[33m=[39mt[33m.[39mlang[33m&&[39mt[33m.[39mlang[33m.[39mmatch([35m/^[^ \t]+(?=[
[23m\t]|$)/[39m)[33m,[39ma[33m=[39m{}[33m;[39m[36mreturn[39m s[33m&&[39m(a[33m.[39mclassName[33m=[39m[[32m"language-"[39m[33m+[39ms])[33m,[39mn[33m=[39me(t[33m,[39m[32m"code"[39m[33m,[39ma[33m,[39m[r([32m"text"[39m[33m,[39mi
[23m)])[33m,[39mt[33m.[39mmeta[33m&&[39m(n[33m.[39mdata[33m=[39m{meta[33m:[39mt[33m.[39mmeta})[33m,[39me(t[33m.[39mposition[33m,[39m[32m"pre"[39m[33m,[39m[n])}[33m;[39m[36mvar[39m
[23mr[33m=[39mn([35m914[39m)}[33m,[39m[35m9381[39m[33m:[39m(e[33m,[39mt[33m,[39mn)[33m=>[39m{[32m"use strict"[39m[33m;[39me[33m.[39mexports[33m=[39m[36mfunction[39m(e[33m,[39mt){[36mreturn[39m
[23me(t[33m,[39m[32m"del"[39m[33m,[39mr(e[33m,[39mt))}[33m;[39m[36mvar[39m r[33m=[39mn([35m5426[39m)}[33m,[39m[35m790[39m[33m:[39m(e[33m,[39mt[33m,[39mn)[33m=>[39m{[32m"use
[23mstrict"[39m[33m;[39me[33m.[39mexports[33m=[39m[36mfunction[39m(e[33m,[39mt){[36mreturn[39m e(t[33m,[39m[32m"em"[39m[33m,[39mr(e[33m,[39mt))}[33m;[39m[36mvar[39m
[23mr[33m=[39mn([35m5426[39m)}[33m,[39m[35m8235[39m[33m:[39m(e[33m,[39mt[33m,[39mn)[33m=>[39m{[32m"use strict"[39m[33m;[39me[33m.[39mexports[33m=[39m[36mfunction[39m(e[33m,[39mt){[36mvar[39m
[23mn[33m=[39me[33m.[39mfootnoteOrder[33m,[39mi[33m=[39m[33mString[39m(t[33m.[39midentifier)[33m;[39m[36mreturn[39m[33m-[39m[35m1[39m[33m===[39mn[33m.[39mindexOf(i)[33m&&[39mn[33m.[39mpush(i)[33m,[39me(t[33m.
[23m[39mposition[33m,[39m[32m"sup"[39m[33m,[39m{id[33m:[39m[32m"fnref-"[39m[33m+[39mi}[33m,[39m[e(t[33m,[39m[32m"a"[39m[33m,[39m{href[33m:[39m[32m"#fn-"[39m[33m+[39mi[33m,[39mclassName[33m:[39m[[32m"footnote-ref"
[23m[39m]}[33m,[39m[r([32m"text"[39m[33m,[39mt[33m.[39mlabel[33m||[39mi)])])}[33m;[39m[36mvar[39m r[33m=[39mn([35m914[39m)}[33m,[39m[35m5758[39m[33m:[39m(e[33m,[39mt[33m,[39mn)[33m=>[39m{[32m"use
[23mstrict"[39m[33m;[39me[33m.[39mexports[33m=[39m[36mfunction[39m(e[33m,[39mt){[36mfor[39m([36mvar[39m n[33m=[39me[33m.[39mfootnoteById[33m,[39mi[33m=[39me[33m.[39mfootnoteOrder[33m,[39ms[33m=[39m[35m1[39m[33m;[39ms
[23m [36min[39m n[33m;[39m)s[33m++[39m[33m;[39m[36mreturn[39m s[33m=[39m[33mString[39m(s)[33m,[39mi[33m.[39mpush(s)[33m,[39mn[s][33m=[39m{type[33m:[39m[32m"footnoteDefinition"[39m[33m,[39midentifi
[23mer[33m:[39ms[33m,[39mchildren[33m:[39m[{type[33m:[39m[32m"paragraph"[39m[33m,[39mchildren[33m:[39mt[33m.[39mchildren}][33m,[39mposition[33m:[39mt[33m.[39mposition}[33m,[39mr(e[33m,
[23m[39m{type[33m:[39m[32m"footnoteReference"[39m[33m,[39midentifier[33m:[39ms[33m,[39mposition[33m:[39mt[33m.[39mposition})}[33m;[39m[36mvar[39m
[23mr[33m=[39mn([35m8235[39m)}[33m,[39m[35m4890[39m[33m:[39m(e[33m,[39mt[33m,[39mn)[33m=>[39m{[32m"use strict"[39m[33m;[39me[33m.[39mexports[33m=[39m[36mfunction[39m(e[33m,[39mt){[36mreturn[39m
[23me(t[33m,[39m[32m"h"[39m[33m+[39mt[33m.[39mdepth[33m,[39mr(e[33m,[39mt))}[33m;[39m[36mvar[39m r[33m=[39mn([35m5426[39m)}[33m,[39m[35m2202[39m[33m:[39m(e[33m,[39mt[33m,[39mn)[33m=>[39m{[32m"use
[23mstrict"[39m[33m;[39me[33m.[39mexports[33m=[39m[36mfunction[39m(e[33m,[39mt){[36mreturn[39m
[23me[33m.[39mdangerous[33m?[39me[33m.[39maugment(t[33m,[39mr([32m"raw"[39m[33m,[39mt[33m.[39mvalue))[33m:[39m[36mnull[39m}[33m;[39m[36mvar[39m
[23mr[33m=[39mn([35m914[39m)}[33m,[39m[35m1454[39m[33m:[39m(e[33m,[39mt[33m,[39mn)[33m=>[39m{[32m"use strict"[39m[33m;[39me[33m.[39mexports[33m=[39m[36mfunction[39m(e[33m,[39mt){[36mvar[39m
[23mn[33m,[39ms[33m=[39me[33m.[39mdefinition(t[33m.[39midentifier)[33m;[39m[36mreturn[39m
[23ms[33m?[39m(n[33m=[39m{src[33m:[39mr(s[33m.[39murl[33m||[39m[32m""[39m)[33m,[39malt[33m:[39mt[33m.[39malt}[33m,[39m[36mnull[39m[33m!==[39ms[33m.[39mtitle[33m&&[39m[36mvoid[39m
[23m[35m0[39m[33m!==[39ms[33m.[39mtitle[33m&&[39m(n[33m.[39mtitle[33m=[39ms[33m.[39mtitle)[33m,[39me(t[33m,[39m[32m"img"[39m[33m,[39mn))[33m:[39mi(e[33m,[39mt)}[33m;[39m[36mvar[39m
[23mr[33m=[39mn([35m729[39m)[33m,[39mi[33m=[39mn([35m713[39m)}[33m,[39m[35m5037[39m[33m:[39m(e[33m,[39mt[33m,[39mn)[33m=>[39m{[32m"use strict"[39m[33m;[39m[36mvar[39m
[23mr[33m=[39mn([35m729[39m)[33m;[39me[33m.[39mexports[33m=[39m[36mfunction[39m(e[33m,[39mt){[36mvar[39m n[33m=[39m{src[33m:[39mr(t[33m.[39murl)[33m,[39malt[33m:[39mt[33m.[39malt}[33m;[39m[36mreturn[39m
[23m[36mnull[39m[33m!==[39mt[33m.[39mtitle[33m&&[39m[36mvoid[39m
[23m[35m0[39m[33m!==[39mt[33m.[39mtitle[33m&&[39m(n[33m.[39mtitle[33m=[39mt[33m.[39mtitle)[33m,[39me(t[33m,[39m[32m"img"[39m[33m,[39mn)}}[33m,[39m[35m4617[39m[33m:[39m(e[33m,[39mt[33m,[39mn)[33m=>[39m{[32m"use
[23mstrict"[39m[33m;[39m[36mfunction[39m r(){[36mreturn[39m [36mnull[39m}e[33m.[39mexports[33m=[39m{blockquote[33m:[39mn([35m3126[39m)[33m,[39m[36mbreak[39m[33m:[39mn([35m3562[39m)[33m,[39mcod
[23me[33m:[39mn([35m7891[39m)[33m,[39m[36mdelete[39m[33m:[39mn([35m9381[39m)[33m,[39memphasis[33m:[39mn([35m790[39m)[33m,[39mfootnoteReference[33m:[39mn([35m8235[39m)[33m,[39mfootnote[33m:[39mn([35m57
[23m58[39m)[33m,[39mheading[33m:[39mn([35m4890[39m)[33m,[39mhtml[33m:[39mn([35m2202[39m)[33m,[39mimageReference[33m:[39mn([35m1454[39m)[33m,[39mimage[33m:[39mn([35m5037[39m)[33m,[39minlineCode
[23m[33m:[39mn([35m8409[39m)[33m,[39mlinkReference[33m:[39mn([35m9266[39m)[33m,[39mlink[33m:[39mn([35m404[39m)[33m,[39mlistItem[33m:[39mn([35m4463[39m)[33m,[39mlist[33m:[39mn([35m7888[39m)[33m,[39mparagra
[23mph[33m:[39mn([35m8346[39m)[33m,[39mroot[33m:[39mn([35m8100[39m)[33m,[39mstrong[33m:[39mn([35m4970[39m)[33m,[39mtable[33m:[39mn([35m2605[39m)[33m,[39mtext[33m:[39mn([35m989[39m)[33m,[39mthematicBreak[33m:[39mn
[23m([35m7552[39m)[33m,[39mtoml[33m:[39mr[33m,[39myaml[33m:[39mr[33m,[39mdefinition[33m:[39mr[33m,[39mfootnoteDefinition[33m:[39mr}}[33m,[39m[35m8409[39m[33m:[39m(e[33m,[39mt[33m,[39mn)[33m=>[39m{[32m"use
[23mstrict"[39m[33m;[39me[33m.[39mexports[33m=[39m[36mfunction[39m(e[33m,[39mt){[36mvar[39m n[33m=[39mt[33m.[39mvalue[33m.[39mreplace([35m/\r?\n|\r/g[39m[33m,[39m[32m" "[39m)[33m;[39m[36mreturn[39m
[23me(t[33m,[39m[32m"code"[39m[33m,[39m[r([32m"text"[39m[33m,[39mn)])}[33m;[39m[36mvar[39m r[33m=[39mn([35m914[39m)}[33m,[39m[35m9266[39m[33m:[39m(e[33m,[39mt[33m,[39mn)[33m=>[39m{[32m"use
[23mstrict"[39m[33m;[39me[33m.[39mexports[33m=[39m[36mfunction[39m(e[33m,[39mt){[36mvar[39m n[33m,[39ma[33m=[39me[33m.[39mdefinition(t[33m.[39midentifier)[33m;[39m[36mreturn[39m
[23ma[33m?[39m(n[33m=[39m{href[33m:[39mr(a[33m.[39murl[33m||[39m[32m""[39m)}[33m,[39m[36mnull[39m[33m!==[39ma[33m.[39mtitle[33m&&[39m[36mvoid[39m
[23m[35m0[39m[33m!==[39ma[33m.[39mtitle[33m&&[39m(n[33m.[39mtitle[33m=[39ma[33m.[39mtitle)[33m,[39me(t[33m,[39m[32m"a"[39m[33m,[39mn[33m,[39ms(e[33m,[39mt)))[33m:[39mi(e[33m,[39mt)}[33m;[39m[36mvar[39m
[23mr[33m=[39mn([35m729[39m)[33m,[39mi[33m=[39mn([35m713[39m)[33m,[39ms[33m=[39mn([35m5426[39m)}[33m,[39m[35m404[39m[33m:[39m(e[33m,[39mt[33m,[39mn)[33m=>[39m{[32m"use strict"[39m[33m;[39m[36mvar[39m
[23mr[33m=[39mn([35m729[39m)[33m,[39mi[33m=[39mn([35m5426[39m)[33m;[39me[33m.[39mexports[33m=[39m[36mfunction[39m(e[33m,[39mt){[36mvar[39m n[33m=[39m{href[33m:[39mr(t[33m.[39murl)}[33m;[39m[36mreturn[39m
[23m[36mnull[39m[33m!==[39mt[33m.[39mtitle[33m&&[39m[36mvoid[39m
[23m[35m0[39m[33m!==[39mt[33m.[39mtitle[33m&&[39m(n[33m.[39mtitle[33m=[39mt[33m.[39mtitle)[33m,[39me(t[33m,[39m[32m"a"[39m[33m,[39mn[33m,[39mi(e[33m,[39mt))}}[33m,[39m[35m4463[39m[33m:[39m(e[33m,[39mt[33m,[39mn)[33m=>[39m{[32m"use
[23mstrict"[39m[33m;[39me[33m.[39mexports[33m=[39m[36mfunction[39m(e[33m,[39mt[33m,[39mn){[36mvar[39m
[23ma[33m,[39mo[33m,[39mu[33m,[39ml[33m=[39mi(e[33m,[39mt)[33m,[39mc[33m=[39ml[[35m0[39m][33m,[39mp[33m=[39mn[33m?[39m[36mfunction[39m(e){[36mfor[39m([36mvar[39m
[23mt[33m=[39me[33m.[39mspread[33m,[39mn[33m=[39me[33m.[39mchildren[33m,[39mr[33m=[39mn[33m.[39mlength[33m,[39mi[33m=[39m[33m-[39m[35m1[39m[33m;[39m[33m![39mt[33m&&[39m[33m++[39mi[33m<[39m[33mr[39m[33m;[39m)t[33m=[39ms(n[i])[33m;[39m[36mreturn[39m
[23mt}(n)[33m:[39ms(t)[33m,[39mh[33m=[39m{}[33m,[39md[33m=[39m[][33m;[39m[36mfor[39m([32m"boolean"[39m[33m==[39m[36mtypeof[39m t[33m.[39mchecked[33m&&[39m(c[33m&&[39m[32m"p"[39m[33m===[39mc[33m.[39mtagName[33m||[39m(c[33m=[39me(
[23m[36mnull[39m[33m,[39m[32m"p"[39m[33m,[39m[])[33m,[39ml[33m.[39munshift(c))[33m,[39mc[33m.[39mchildren[33m.[39mlength[33m>[39m[35m0[39m[33m&&[39mc[33m.[39mchildren[33m.[39munshift(r([32m"text"[39m[33m,[39m[32m"
[23m"[39m))[33m,[39mc[33m.[39mchildren[33m.[39munshift(e([36mnull[39m[33m,[39m[32m"input"[39m[33m,[39m{type[33m:[39m[32m"checkbox"[39m[33m,[39mchecked[33m:[39mt[33m.[39mchecked[33m,[39mdisable
[23md[33m:[39m[33m![39m[35m0[39m}))[33m,[39mh[33m.[39mclassName[33m=[39m[[32m"task-list-item"[39m])[33m,[39ma[33m=[39ml[33m.[39mlength[33m,[39mo[33m=[39m[33m-[39m[35m1[39m[33m;[39m[33m++[39mo[33m<[39m[33ma[39m[33m;[39m)u[33m=[39ml[o][33m,[39m(p[33m||[39m[35m0[39m[33m!==[39mo[33m|
[23m|[39m[32m"p"[39m[33m!==[39mu[33m.[39mtagName)[33m&&[39md[33m.[39mpush(r([32m"text"[39m[33m,[39m[32m"\n"[39m))[33m,[39m[32m"p"[39m[33m!==[39mu[33m.[39mtagName[33m||[39mp[33m?[39md[33m.[39mpush(u)[33m:[39md[33m=[39md[33m.[39mconca
[23mt(u[33m.[39mchildren)[33m;[39m[36mreturn[39m
[23ma[33m&&[39m(p[33m||[39m[32m"p"[39m[33m!==[39mu[33m.[39mtagName)[33m&&[39md[33m.[39mpush(r([32m"text"[39m[33m,[39m[32m"\n"[39m))[33m,[39me(t[33m,[39m[32m"li"[39m[33m,[39mh[33m,[39md)}[33m;[39m[36mvar[39m
[23mr[33m=[39mn([35m914[39m)[33m,[39mi[33m=[39mn([35m5426[39m)[33m;[39m[36mfunction[39m s(e){[36mvar[39m t[33m=[39me[33m.[39mspread[33m;[39m[36mreturn[39m
[23m[36mnull[39m[33m==[39mt[33m?[39me[33m.[39mchildren[33m.[39mlength[33m>[39m[35m1[39m[33m:[39mt}}[33m,[39m[35m7888[39m[33m:[39m(e[33m,[39mt[33m,[39mn)[33m=>[39m{[32m"use
[23mstrict"[39m[33m;[39me[33m.[39mexports[33m=[39m[36mfunction[39m(e[33m,[39mt){[36mvar[39m
[23mn[33m,[39ms[33m,[39ma[33m=[39m{}[33m,[39mo[33m=[39mt[33m.[39mordered[33m?[39m[32m"ol"[39m[33m:[39m[32m"ul"[39m[33m,[39mu[33m=[39m[33m-[39m[35m1[39m[33m;[39m[36mfor[39m([32m"number"[39m[33m==[39m[36mtypeof[39m
[23mt[33m.[39mstart[33m&&[39m[35m1[39m[33m!==[39mt[33m.[39mstart[33m&&[39m(a[33m.[39mstart[33m=[39mt[33m.[39mstart)[33m,[39ms[33m=[39m(n[33m=[39mi(e[33m,[39mt))[33m.[39mlength[33m;[39m[33m++[39mu[33m<[39m[33ms[39m[33m;[39m)[36mif[39m(n[u][33m.[39mprope
[23mrties[33m.[39mclassName[33m&&[39m[33m-[39m[35m1[39m[33m!==[39mn[u][33m.[39mproperties[33m.[39mclassName[33m.[39mindexOf([32m"task-list-item"[39m)){a[33m.[39mcla
[23mssName[33m=[39m[[32m"contains-task-list"[39m][33m;[39m[36mbreak[39m}[36mreturn[39m e(t[33m,[39mo[33m,[39ma[33m,[39mr(n[33m,[39m[33m![39m[35m0[39m))}[33m;[39m[36mvar[39m
[23mr[33m=[39mn([35m6115[39m)[33m,[39mi[33m=[39mn([35m5426[39m)}[33m,[39m[35m8346[39m[33m:[39m(e[33m,[39mt[33m,[39mn)[33m=>[39m{[32m"use strict"[39m[33m;[39me[33m.[39mexports[33m=[39m[36mfunction[39m(e[33m,[39mt){[36mreturn[39m
[23me(t[33m,[39m[32m"p"[39m[33m,[39mr(e[33m,[39mt))}[33m;[39m[36mvar[39m r[33m=[39mn([35m5426[39m)}[33m,[39m[35m8100[39m[33m:[39m(e[33m,[39mt[33m,[39mn)[33m=>[39m{[32m"use
[23mstrict"[39m[33m;[39me[33m.[39mexports[33m=[39m[36mfunction[39m(e[33m,[39mt){[36mreturn[39m e[33m.[39maugment(t[33m,[39mr([32m"root"[39m[33m,[39mi(s(e[33m,[39mt))))}[33m;[39m[36mvar[39m
[23mr[33m=[39mn([35m914[39m)[33m,[39mi[33m=[39mn([35m6115[39m)[33m,[39ms[33m=[39mn([35m5426[39m)}[33m,[39m[35m4970[39m[33m:[39m(e[33m,[39mt[33m,[39mn)[33m=>[39m{[32m"use
[23mstrict"[39m[33m;[39me[33m.[39mexports[33m=[39m[36mfunction[39m(e[33m,[39mt){[36mreturn[39m e(t[33m,[39m[32m"strong"[39m[33m,[39mr(e[33m,[39mt))}[33m;[39m[36mvar[39m
[23mr[33m=[39mn([35m5426[39m)}[33m,[39m[35m2605[39m[33m:[39m(e[33m,[39mt[33m,[39mn)[33m=>[39m{[32m"use strict"[39m[33m;[39me[33m.[39mexports[33m=[39m[36mfunction[39m(e[33m,[39mt){[36mfor[39m([36mvar[39m
[23mn[33m,[39ma[33m,[39mo[33m,[39mu[33m,[39ml[33m,[39mc[33m=[39mt[33m.[39mchildren[33m,[39mp[33m=[39mc[33m.[39mlength[33m,[39mh[33m=[39mt[33m.[39malign[33m||[39m[][33m,[39md[33m=[39mh[33m.[39mlength[33m,[39mf[33m=[39m[][33m;[39mp[33m--[39m[33m;[39m){[36mfor[39m(a[33m=[39mc[p]
[23m[33m.[39mchildren[33m,[39mu[33m=[39m[35m0[39m[33m===[39mp[33m?[39m[32m"th"[39m[33m:[39m[32m"td"[39m[33m,[39mn[33m=[39md[33m||[39ma[33m.[39mlength[33m,[39mo[33m=[39m[][33m;[39mn[33m--[39m[33m;[39m)l[33m=[39ma[n][33m,[39mo[n][33m=[39me(l[33m,[39mu[33m,[39m{align[33m:[39mh[n
[23m]}[33m,[39ml[33m?[39ms(e[33m,[39ml)[33m:[39m[])[33m;[39mf[p][33m=[39me(c[p][33m,[39m[32m"tr"[39m[33m,[39mi(o[33m,[39m[33m![39m[35m0[39m))}[36mreturn[39m
[23me(t[33m,[39m[32m"table"[39m[33m,[39mi([e(f[[35m0[39m][33m.[39mposition[33m,[39m[32m"thead"[39m[33m,[39mi([f[[35m0[39m]][33m,[39m[33m![39m[35m0[39m))][33m.[39mconcat(f[[35m1[39m][33m?[39me({start[33m:[39mr[33m.[39msta
[23mrt(f[[35m1[39m])[33m,[39mend[33m:[39mr[33m.[39mend(f[f[33m.[39mlength[33m-[39m[35m1[39m])}[33m,[39m[32m"tbody"[39m[33m,[39mi(f[33m.[39mslice([35m1[39m)[33m,[39m[33m![39m[35m0[39m))[33m:[39m[])[33m,[39m[33m![39m[35m0[39m))}[33m;[39m[36mvar[39m
[23mr[33m=[39mn([35m7361[39m)[33m,[39mi[33m=[39mn([35m6115[39m)[33m,[39ms[33m=[39mn([35m5426[39m)}[33m,[39m[35m989[39m[33m:[39m(e[33m,[39mt[33m,[39mn)[33m=>[39m{[32m"use
[23mstrict"[39m[33m;[39me[33m.[39mexports[33m=[39m[36mfunction[39m(e[33m,[39mt){[36mreturn[39m
[23me[33m.[39maugment(t[33m,[39mr([32m"text"[39m[33m,[39m[33mString[39m(t[33m.[39mvalue)[33m.[39mreplace([35m/[ \t]*(\r?\n|\r)[
[23m\t]*/g[39m[33m,[39m[32m"$1"[39m)))}[33m;[39m[36mvar[39m r[33m=[39mn([35m914[39m)}[33m,[39m[35m7552[39m[33m:[39me[33m=>[39m{[32m"use
[23mstrict"[39m[33m;[39me[33m.[39mexports[33m=[39m[36mfunction[39m(e[33m,[39mt){[36mreturn[39m e(t[33m,[39m[32m"hr"[39m)}}[33m,[39m[35m1601[39m[33m:[39m(e[33m,[39mt[33m,[39mn)[33m=>[39m{[32m"use
[23mstrict"[39m[33m;[39me[33m.[39mexports[33m=[39m[36mfunction[39m(e[33m,[39mt){[36mvar[39m n[33m=[39m[36mfunction[39m(e[33m,[39mt){[36mvar[39m n[33m=[39mt[33m||[39m{}[33m;[39m[36mvoid[39m
[23m[35m0[39m[33m===[39mn[33m.[39mallowDangerousHTML[33m||[39mh[33m||[39m(h[33m=[39m[33m![39m[35m0[39m[33m,[39mconsole[33m.[39mwarn([32m"mdast-util-to-hast:
[23mdeprecation: `allowDangerousHTML` is nonstandard, use `allowDangerousHtml`
[23minstead"[39m))[33m;[39m[36mvar[39m r[33m=[39mn[33m.[39mallowDangerousHtml[33m||[39mn[33m.[39mallowDangerousHTML[33m,[39mu[33m=[39m{}[33m;[39m[36mreturn[39m
[23md[33m.[39mdangerous[33m=[39mr[33m,[39md[33m.[39mdefinition[33m=[39mo(e)[33m,[39md[33m.[39mfootnoteById[33m=[39mu[33m,[39md[33m.[39mfootnoteOrder[33m=[39m[][33m,[39md[33m.[39maugment[33m=[39ml[33m,
[23m[39md[33m.[39mhandlers[33m=[39m[33mObject[39m[33m.[39massign({}[33m,[39mc[33m,[39mn[33m.[39mhandlers)[33m,[39md[33m.[39munknownHandler[33m=[39mn[33m.[39munknownHandler[33m,[39md[33m.[39mpa
[23mssThrough[33m=[39mn[33m.[39mpassThrough[33m,[39mi(e[33m,[39m[32m"footnoteDefinition"[39m[33m,[39m[36mfunction[39m(e){[36mvar[39m
[23mt[33m=[39m[33mString[39m(e[33m.[39midentifier)[33m.[39mtoUpperCase()[33m;[39mp[33m.[39mcall(u[33m,[39mt)[33m||[39m(u[t][33m=[39me)})[33m,[39md[33m;[39m[36mfunction[39m
[23ml(e[33m,[39mt){[36mvar[39m n[33m,[39mr[33m;[39m[36mreturn[39m e[33m&&[39me[33m.[39mdata[33m&&[39m((n[33m=[39me[33m.[39mdata)[33m.[39mhName[33m&&[39m([32m"element"[39m[33m!==[39mt[33m.[39mtype[33m&&[39m(t[33m=[39m{typ
[23me[33m:[39m[32m"element"[39m[33m,[39mtagName[33m:[39m[32m""[39m[33m,[39mproperties[33m:[39m{}[33m,[39mchildren[33m:[39m[]})[33m,[39mt[33m.[39mtagName[33m=[39mn[33m.[39mhName)[33m,[39m[32m"element"[39m[33m=
[23m==[39mt[33m.[39mtype[33m&&[39mn[33m.[39mhProperties[33m&&[39m(t[33m.[39mproperties[33m=[39m[33mObject[39m[33m.[39massign({}[33m,[39mt[33m.[39mproperties[33m,[39mn[33m.[39mhProperti
[23mes))[33m,[39mt[33m.[39mchildren[33m&&[39mn[33m.[39mhChildren[33m&&[39m(t[33m.[39mchildren[33m=[39mn[33m.[39mhChildren))[33m,[39mr[33m=[39me[33m&&[39me[33m.[39mposition[33m?[39me[33m:[39m{posit
[23mion[33m:[39me}[33m,[39ma(r)[33m||[39m(t[33m.[39mposition[33m=[39m{start[33m:[39ms[33m.[39mstart(r)[33m,[39mend[33m:[39ms[33m.[39mend(r)})[33m,[39mt}[36mfunction[39m
[23md(e[33m,[39mt[33m,[39mn[33m,[39mr){[36mreturn[39m [36mnull[39m[33m==[39mr[33m&&[39m[32m"object"[39m[33m==[39m[36mtypeof[39m n[33m&&[39m[32m"length"[39m[36min[39m
[23mn[33m&&[39m(r[33m=[39mn[33m,[39mn[33m=[39m{})[33m,[39ml(e[33m,[39m{type[33m:[39m[32m"element"[39m[33m,[39mtagName[33m:[39mt[33m,[39mproperties[33m:[39mn[33m||[39m{}[33m,[39mchildren[33m:[39mr[33m||[39m[]})}}(
[23me[33m,[39mt)[33m,[39md[33m=[39mu(n[33m,[39me)[33m,[39mf[33m=[39ml(n)[33m;[39m[36mreturn[39m
[23mf[33m&&[39m(d[33m.[39mchildren[33m=[39md[33m.[39mchildren[33m.[39mconcat(r([32m"text"[39m[33m,[39m[32m"\n"[39m)[33m,[39mf))[33m,[39md}[33m;[39m[36mvar[39m
[23mr[33m=[39mn([35m914[39m)[33m,[39mi[33m=[39mn([35m2854[39m)[33m,[39ms[33m=[39mn([35m7361[39m)[33m,[39ma[33m=[39mn([35m1744[39m)[33m,[39mo[33m=[39mn([35m6630[39m)[33m,[39mu[33m=[39mn([35m719[39m)[33m,[39ml[33m=[39mn([35m1696[39m)[33m,[39mc[33m=[39mn([35m4617[39m)[33m,[39mp[33m=
[23m[39m{}[33m.[39mhasOwnProperty[33m,[39mh[33m=[39m[33m![39m[35m1[39m}[33m,[39m[35m719[39m[33m:[39m(e[33m,[39mt[33m,[39mn)[33m=>[39m{[32m"use strict"[39m[33m;[39me[33m.[39mexports[33m=[39m[36mfunction[39m(e[33m,[39mt[33m,[39mn){[36mvar[39m
[23m r[33m,[39mi[33m=[39mt[33m&&[39mt[33m.[39mtype[33m;[39m[36mif[39m([33m![39mi)[36mthrow[39m [36mnew[39m [33mError[39m([32m"Expected node, got
[23m`"[39m[33m+[39mt[33m+[39m[32m"`"[39m)[33m;[39m[36mreturn[39m([32m"function"[39m[33m==[39m[36mtypeof[39m(r[33m=[39ms[33m.[39mcall(e[33m.[39mhandlers[33m,[39mi)[33m?[39me[33m.[39mhandlers[i][33m:[39me[33m.[39mpassT
[23mhrough[33m&&[39me[33m.[39mpassThrough[33m.[39mindexOf(i)[33m>[39m[33m-[39m[35m1[39m[33m?[39mo[33m:[39me[33m.[39munknownHandler)[33m?[39mr[33m:[39ma)(e[33m,[39mt[33m,[39mn)}[33m;[39m[36mvar[39m
[23mr[33m=[39mn([35m914[39m)[33m,[39mi[33m=[39mn([35m5426[39m)[33m,[39ms[33m=[39m{}[33m.[39mhasOwnProperty[33m;[39m[36mfunction[39m a(e[33m,[39mt){[36mreturn[39m a[33m=[39m(n[33m=[39mt)[33m.[39mdata[33m||[39m{}[33m,[39ms
[23m[33m.[39mcall(a[33m,[39m[32m"hName"[39m)[33m||[39ms[33m.[39mcall(a[33m,[39m[32m"hProperties"[39m)[33m||[39ms[33m.[39mcall(a[33m,[39m[32m"hChildren"[39m)[33m||[39m[33m![39m([32m"value"[39m[36min[39m
[23mn)[33m?[39me(t[33m,[39m[32m"div"[39m[33m,[39mi(e[33m,[39mt))[33m:[39me[33m.[39maugment(t[33m,[39mr([32m"text"[39m[33m,[39mt[33m.[39mvalue))[33m;[39m[36mvar[39m n[33m,[39ma}[36mfunction[39m o(e[33m,[39mt){[36mvar[39m
[23mn[33m;[39m[36mreturn[39m
[23mt[33m.[39mchildren[33m?[39m((n[33m=[39m[33mObject[39m[33m.[39massign({}[33m,[39mt))[33m.[39mchildren[33m=[39mi(e[33m,[39mt)[33m,[39mn)[33m:[39mt}}[33m,[39m[35m713[39m[33m:[39m(e[33m,[39mt[33m,[39mn)[33m=>[39m{[32m"use
[23mstrict"[39m[33m;[39me[33m.[39mexports[33m=[39m[36mfunction[39m(e[33m,[39mt){[36mvar[39m
[23mn[33m,[39ms[33m,[39ma[33m,[39mo[33m=[39mt[33m.[39mreferenceType[33m,[39mu[33m=[39m[32m"]"[39m[33m;[39m[36mreturn[39m[32m"collapsed"[39m[33m===[39mo[33m?[39mu[33m+=[39m[32m"[]"[39m[33m:[39m[32m"full"[39m[33m===[39mo[33m&&[39m(u[33m+=[39m[32m"["[39m[33m+
[23m[39m(t[33m.[39mlabel[33m||[39mt[33m.[39midentifier)[33m+[39m[32m"]"[39m)[33m,[39m[32m"imageReference"[39m[33m===[39mt[33m.[39mtype[33m?[39mr([32m"text"[39m[33m,[39m[32m"!["[39m[33m+[39mt[33m.[39malt[33m+[39mu)[33m:[39m((
[23ms[33m=[39m(n[33m=[39mi(e[33m,[39mt))[[35m0[39m])[33m&&[39m[32m"text"[39m[33m===[39ms[33m.[39mtype[33m?[39ms[33m.[39mvalue[33m=[39m[32m"["[39m[33m+[39ms[33m.[39mvalue[33m:[39mn[33m.[39munshift(r([32m"text"[39m[33m,[39m[32m"["[39m))[33m,[39m(
[23ma[33m=[39mn[n[33m.[39mlength[33m-[39m[35m1[39m])[33m&&[39m[32m"text"[39m[33m===[39ma[33m.[39mtype[33m?[39ma[33m.[39mvalue[33m+=[39mu[33m:[39mn[33m.[39mpush(r([32m"text"[39m[33m,[39mu))[33m,[39mn)}[33m;[39m[36mvar[39m
[23mr[33m=[39mn([35m914[39m)[33m,[39mi[33m=[39mn([35m5426[39m)}[33m,[39m[35m6115[39m[33m:[39m(e[33m,[39mt[33m,[39mn)[33m=>[39m{[32m"use strict"[39m[33m;[39me[33m.[39mexports[33m=[39m[36mfunction[39m(e[33m,[39mt){[36mvar[39m
[23mn[33m=[39m[][33m,[39mi[33m=[39m[33m-[39m[35m1[39m[33m,[39ms[33m=[39me[33m.[39mlength[33m;[39m[36mfor[39m(t[33m&&[39mn[33m.[39mpush(r([32m"text"[39m[33m,[39m[32m"\n"[39m))[33m;[39m[33m++[39mi[33m<[39m[33ms[39m[33m;[39m)i[33m&&[39mn[33m.[39mpush(r([32m"text"[39m[33m,[39m[32m"\n
[23m"[39m))[33m,[39mn[33m.[39mpush(e[i])[33m;[39m[36mreturn[39m t[33m&&[39me[33m.[39mlength[33m>[39m[35m0[39m[33m&&[39mn[33m.[39mpush(r([32m"text"[39m[33m,[39m[32m"\n"[39m))[33m,[39mn}[33m;[39m[36mvar[39m
[23mr[33m=[39mn([35m914[39m)}[33m,[39m[35m2564[39m[33m:[39me[33m=>[39m{e[33m.[39mexports[33m=[39m[36mfunction[39m e(t[33m,[39mn){[36mvar[39m
[23mr[33m,[39mi[33m=[39m[33m-[39m[35m1[39m[33m;[39m[36mif[39m(n[33m.[39mextensions)[36mfor[39m([33m;[39m[33m++[39mi[33m<[39m[33mn[39m[33m.[39mextensions[33m.[39mlength[33m;[39m)e(t[33m,[39mn[33m.[39mextensions[i])[33m;[39m[36mfor[39m(r
[23m[36min[39m n)[32m"extensions"[39m[33m===[39mr[33m||[39m([32m"unsafe"[39m[33m===[39mr[33m||[39m[32m"join"[39m[33m===[39mr[33m?[39mt[r][33m=[39mt[r][33m.[39mconcat(n[r][33m||[39m[])[33m:[39m[32m"han
[23mdlers"[39m[33m===[39mr[33m?[39mt[r][33m=[39m[33mObject[39m[33m.[39massign(t[r][33m,[39mn[r][33m||[39m{})[33m:[39mt[33m.[39moptions[r][33m=[39mn[r])[33m;[39m[36mreturn[39m
[23mt}}[33m,[39m[35m6004[39m[33m:[39me[33m=>[39m{e[33m.[39mexports[33m=[39m[36mfunction[39m(e){[36mvar[39m
[23mt[33m=[39me[33m.[39moptions[33m.[39mquote[33m||[39m[32m'"'[39m[33m;[39m[36mif[39m([32m'"'[39m[33m!==[39mt[33m&&[39m[32m"'"[39m[33m!==[39mt)[36mthrow[39m [36mnew[39m [33mError[39m([32m"Cannot serialize
[23mtitle with `"[39m[33m+[39mt[33m+[39m[32m"` for `options.quote`, expected `\"`, or `'`"[39m)[33m;[39m[36mreturn[39m
[23mt}}[33m,[39m[35m3493[39m[33m:[39m(e[33m,[39mt[33m,[39mn)[33m=>[39m{e[33m.[39mexports[33m=[39m[36mfunction[39m(e[33m,[39mt){[36mfor[39m([36mvar[39m
[23mn[33m,[39mi[33m=[39me[33m.[39mchildren[33m||[39m[][33m,[39ms[33m=[39m[][33m,[39ma[33m=[39m[33m-[39m[35m1[39m[33m;[39m[33m++[39ma[33m<[39m[33mi[39m[33m.[39mlength[33m;[39m)n[33m=[39mi[a][33m,[39ms[33m.[39mpush(t[33m.[39mhandle(n[33m,[39me[33m,[39mt[33m,[39m{before[33m:
[23m[39m[32m"\n"[39m[33m,[39mafter[33m:[39m[32m"\n"[39m}))[33m,[39ma[33m+[39m[35m1[39m[33m<[39m[33mi[39m[33m.[39mlength[33m&&[39ms[33m.[39mpush(o(n[33m,[39mi[a[33m+[39m[35m1[39m]))[33m;[39m[36mreturn[39m s[33m.[39mjoin([32m""[39m)[33m;[39m[36mfunction[39m
[23mo(n[33m,[39mi){[36mfor[39m([36mvar[39m s[33m,[39ma[33m=[39m[33m-[39m[35m1[39m[33m;[39m[33m++[39ma[33m<[39m[33mt[39m[33m.[39mjoin[33m.[39mlength[33m&&[39m[33m![39m[35m0[39m[33m!==[39m(s[33m=[39mt[33m.[39mjoin[a](n[33m,[39mi[33m,[39me[33m,[39mt))[33m&&[39m[35m1[39m[33m!==[39ms[33m;[39m){[36mif
[23m[39m([32m"number"[39m[33m==[39m[36mtypeof[39m s)[36mreturn[39m
[23mr([32m"\n"[39m[33m,[39m[35m1[39m[33m+[39m[33mNumber[39m(s))[33m;[39m[36mif[39m([33m![39m[35m1[39m[33m===[39ms)[36mreturn[39m[32m"\n\n\x3c!----\x3e\n\n"[39m}[36mreturn[39m[32m"\n\n"[39m}}[33m;[39m[36mvar[39m
[23mr[33m=[39mn([35m6464[39m)}[33m,[39m[35m5362[39m[33m:[39me[33m=>[39m{e[33m.[39mexports[33m=[39m[36mfunction[39m(e[33m,[39mt[33m,[39mn){[36mfor[39m([36mvar[39m
[23mr[33m,[39mi[33m,[39ms[33m,[39ma[33m=[39me[33m.[39mchildren[33m||[39m[][33m,[39mo[33m=[39m[][33m,[39mu[33m=[39m[33m-[39m[35m1[39m[33m,[39ml[33m=[39mn[33m.[39mbefore[33m;[39m[33m++[39mu[33m<[39m[33ma[39m[33m.[39mlength[33m;[39m)s[33m=[39ma[u][33m,[39mu[33m+[39m[35m1[39m[33m<[39m[33ma[39m[33m.[39mlength[33m?[39m((
[23mi[33m=[39mt[33m.[39mhandle[33m.[39mhandlers[a[u[33m+[39m[35m1[39m][33m.[39mtype])[33m&&[39mi[33m.[39mpeek[33m&&[39m(i[33m=[39mi[33m.[39mpeek)[33m,[39mr[33m=[39mi[33m?[39mi(a[u[33m+[39m[35m1[39m][33m,[39me[33m,[39mt[33m,[39m{before[33m:[39m[32m"
[23m"[39m[33m,[39mafter[33m:[39m[32m""[39m})[33m.[39mcharAt([35m0[39m)[33m:[39m[32m""[39m)[33m:[39mr[33m=[39mn[33m.[39mafter[33m,[39mo[33m.[39mlength[33m>[39m[35m0[39m[33m&&[39m([32m"\r"[39m[33m===[39ml[33m||[39m[32m"\n"[39m[33m===[39ml)[33m&&[39m[32m"html"[39m[33m===
[23m[39ms[33m.[39mtype[33m&&[39m(o[o[33m.[39mlength[33m-[39m[35m1[39m][33m=[39mo[o[33m.[39mlength[33m-[39m[35m1[39m][33m.[39mreplace([35m/(\r?\n|\r)$/[39m[33m,[39m[32m" "[39m)[33m,[39ml[33m=[39m[32m"
[23m"[39m)[33m,[39mo[33m.[39mpush(t[33m.[39mhandle(s[33m,[39me[33m,[39mt[33m,[39m{before[33m:[39ml[33m,[39mafter[33m:[39mr}))[33m,[39ml[33m=[39mo[o[33m.[39mlength[33m-[39m[35m1[39m][33m.[39mslice([33m-[39m[35m1[39m)[33m;[39m[36mreturn[39m
[23mo[33m.[39mjoin([32m""[39m)}}[33m,[39m[35m729[39m[33m:[39me[33m=>[39m{[32m"use strict"[39m[33m;[39m[36mvar[39m t[33m=[39m{}[33m;[39m[36mfunction[39m n(e[33m,[39mr[33m,[39mi){[36mvar[39m
[23ms[33m,[39ma[33m,[39mo[33m,[39mu[33m,[39ml[33m,[39mc[33m=[39m[32m""[39m[33m;[39m[36mfor[39m([32m"string"[39m[33m!=[39m[36mtypeof[39m r[33m&&[39m(i[33m=[39mr[33m,[39mr[33m=[39mn[33m.[39mdefaultChars)[33m,[39m[36mvoid[39m
[23m[35m0[39m[33m===[39mi[33m&&[39m(i[33m=[39m[33m![39m[35m0[39m)[33m,[39ml[33m=[39m[36mfunction[39m(e){[36mvar[39m n[33m,[39mr[33m,[39mi[33m=[39mt[e][33m;[39m[36mif[39m(i)[36mreturn[39m
[23mi[33m;[39m[36mfor[39m(i[33m=[39mt[e][33m=[39m[][33m,[39mn[33m=[39m[35m0[39m[33m;[39mn[33m<[39m[35m128[39m[33m;[39mn[33m++[39m)r[33m=[39m[33mString[39m[33m.[39mfromCharCode(n)[33m,[39m[35m/^[0-9a-z]$/i[39m[33m.[39mtest(r)[33m?[39mi[33m.[39mp
[23mush(r)[33m:[39mi[33m.[39mpush([32m"%"[39m[33m+[39m([32m"0"[39m[33m+[39mn[33m.[39mtoString([35m16[39m)[33m.[39mtoUpperCase())[33m.[39mslice([33m-[39m[35m2[39m))[33m;[39m[36mfor[39m(n[33m=[39m[35m0[39m[33m;[39mn[33m<[39m[33me[39m[33m.[39mleng
[23mth[33m;[39mn[33m++[39m)i[e[33m.[39mcharCodeAt(n)][33m=[39me[n][33m;[39m[36mreturn[39m
[23mi}(r)[33m,[39ms[33m=[39m[35m0[39m[33m,[39ma[33m=[39me[33m.[39mlength[33m;[39ms[33m<[39m[33ma[39m[33m;[39ms[33m++[39m)[36mif[39m(o[33m=[39me[33m.[39mcharCodeAt(s)[33m,[39mi[33m&&[39m[35m37[39m[33m===[39mo[33m&&[39ms[33m+[39m[35m2[39m[33m<[39m[33ma[39m[33m&&[39m[35m/^[0-9a-f]{2
[23m}$/i[39m[33m.[39mtest(e[33m.[39mslice(s[33m+[39m[35m1[39m[33m,[39ms[33m+[39m[35m3[39m)))c[33m+=[39me[33m.[39mslice(s[33m,[39ms[33m+[39m[35m3[39m)[33m,[39ms[33m+=[39m[35m2[39m[33m;[39m[36melse[39m [36mif[39m(o[33m<[39m[35m128[39m)c[33m+=[39ml[o][33m;[39m[36melse[39m
[23m[36mif[39m(o[33m>=[39m[35m55296[39m[33m&&[39mo[33m<=[39m[35m57343[39m){[36mif[39m(o[33m>=[39m[35m55296[39m[33m&&[39mo[33m<=[39m[35m56319[39m[33m&&[39ms[33m+[39m[35m1[39m[33m<[39m[33ma[39m[33m&&[39m(u[33m=[39me[33m.[39mcharCodeAt(s[33m+[39m[35m1[39m))[33m>=[39m[35m5632
[23m0[39m[33m&&[39mu[33m<=[39m[35m57343[39m){c[33m+=[39mencodeURIComponent(e[s][33m+[39me[s[33m+[39m[35m1[39m])[33m,[39ms[33m++[39m[33m;[39m[36mcontinue[39m}c[33m+=[39m[32m"%EF%BF%BD"[39m}[36melse[39m
[23m c[33m+=[39mencodeURIComponent(e[s])[33m;[39m[36mreturn[39m c}n[33m.[39mdefaultChars[33m=[39m[32m";/?:@&=+$,-_.!~*'()#"[39m[33m,[39mn[33m.[39mco
[23mmponentChars[33m=[39m[32m"-_.!~*'()"[39m[33m,[39me[33m.[39mexports[33m=[39mn}[33m,[39m[35m1857[39m[33m:[39m(e[33m,[39mt[33m,[39mn)[33m=>[39m{[32m"use
[23mstrict"[39m[33m;[39me[33m.[39mexports[33m=[39mn([35m8940[39m)}[33m,[39m[35m7637[39m[33m:[39m(e[33m,[39mt[33m,[39mn)[33m=>[39m{[32m"use
[23mstrict"[39m[33m;[39me[33m.[39mexports[33m=[39m[36mfunction[39m(e[33m,[39mt[33m,[39mn[33m,[39mo[33m,[39mu[33m,[39ml[33m,[39mc[33m,[39mp[33m,[39mh[33m,[39md[33m,[39mf){[36mvar[39m
[23mm[33m,[39mg[33m,[39mx[33m=[39m[36mthis[39m[33m,[39my[33m=[39m[36mthis[39m[33m.[39mevents[33m.[39mlength[33m+[39m[35m3[39m[33m,[39mv[33m=[39m[35m1[39m[33m;[39m[36mreturn[39m [36mfunction[39m(t){[36mreturn[39m
[23me[33m.[39menter(c)[33m,[39me[33m.[39menter(p)[33m,[39me[33m.[39mconsume(t)[33m,[39me[33m.[39mexit(p)[33m,[39mm[33m=[39mx[33m.[39mnow()[33m,[39m[33mA[39m}[33m;[39m[36mfunction[39m
[23m[33mA[39m(n){[36mif[39m([36mnull[39m[33m===[39mn)[36mthrow[39m g[33m||[39m[36mnew[39m s([32m"Unexpected end of file in expression, expected
[23ma corresponding closing brace for
[23m`{`"[39m[33m,[39mx[33m.[39mnow()[33m,[39m[32m"micromark-extension-mdx-expression:unexpected-eof"[39m)[33m;[39m[36mreturn[39m
[23m[35m125[39m[33m===[39mn[33m?[39m[36mfunction[39m(n){[36mvar[39m r[33m,[39mi[33m,[39m[33mA[39m[33m;[39m[36mif[39m(v[33m--[39m[33m,[39m[33m![39mo)[36mreturn[39m
[23mv[33m?[39m(e[33m.[39menter(h)[33m,[39me[33m.[39mconsume(n)[33m,[39mb)[33m:[39m(e[33m.[39menter(p)[33m,[39me[33m.[39mconsume(n)[33m,[39me[33m.[39mexit(p)[33m,[39me[33m.[39mexit(c)[33m,[39mt)[33m;[39m[36mif
[23m[39m([33mA[39m[33m=[39m(r[33m=[39ma(o[33m,[39mu[33m,[39mx[33m.[39mevents[33m.[39mslice(y)[33m,[39m{start[33m:[39mm[33m,[39mexpression[33m:[39m[33m![39m[35m0[39m[33m,[39mallowEmpty[33m:[39m[33m![39md[33m&&[39m[33m![39mf[33m,[39mprefix[33m:[39md[33m?
[23m[39m[32m"({"[39m[33m:[39m[32m""[39m[33m,[39msuffix[33m:[39md[33m?[39m[32m"})"[39m[33m:[39m[32m""[39m}))[33m.[39mestree[33m,[39md[33m&&[39m[33mA[39m[33m&&[39m[32m"Program"[39m[33m===[39m[33mA[39m[33m.[39mtype[33m&&[39m[33mA[39m[33m.[39mbody[[35m0[39m][33m&&[39m[32m"Express
[23mionStatement"[39m[33m===[39m[33mA[39m[33m.[39mbody[[35m0[39m][33m.[39mtype[33m&&[39m[32m"ObjectExpression"[39m[33m===[39m[33mA[39m[33m.[39mbody[[35m0[39m][33m.[39mexpression[33m.[39mtype){
[23m[36mif[39m([33mA[39m[33m.[39mbody[[35m0[39m][33m.[39mexpression[33m.[39mproperties[[35m1[39m])[36mthrow[39m [36mnew[39m s([32m"Unexpected extra content in
[23mspread: only a single spread is
[23msupported"[39m[33m,[39m{line[33m:[39m[33mA[39m[33m.[39mbody[[35m0[39m][33m.[39mexpression[33m.[39mproperties[[35m1[39m][33m.[39mloc[33m.[39mstart[33m.[39mline[33m,[39mcolumn[33m:[39m[33mA[39m[33m.[39mbody
[23m[[35m0[39m][33m.[39mexpression[33m.[39mproperties[[35m1[39m][33m.[39mloc[33m.[39mstart[33m.[39mcolumn[33m+[39m[35m1[39m[33m,[39moffset[33m:[39m[33mA[39m[33m.[39mbody[[35m0[39m][33m.[39mexpression[33m.[39mprop
[23merties[[35m1[39m][33m.[39mstart}[33m,[39m[32m"micromark-extension-mdx-expression:spread-extra"[39m)[33m;[39m[36mif[39m([32m"SpreadEl
[23mement"[39m[33m!==[39m[33mA[39m[33m.[39mbody[[35m0[39m][33m.[39mexpression[33m.[39mproperties[[35m0[39m][33m.[39mtype)[36mthrow[39m [36mnew[39m s([32m"Unexpected
[23m`"[39m[33m+[39m[33mA[39m[33m.[39mbody[[35m0[39m][33m.[39mexpression[33m.[39mproperties[[35m0[39m][33m.[39mtype[33m+[39m[32m"` in code: only spread elements are
[23msupported"[39m[33m,[39m{line[33m:[39m[33mA[39m[33m.[39mbody[[35m0[39m][33m.[39mexpression[33m.[39mproperties[[35m0[39m][33m.[39mloc[33m.[39mstart[33m.[39mline[33m,[39mcolumn[33m:[39m[33mA[39m[33m.[39mbody
[23m[[35m0[39m][33m.[39mexpression[33m.[39mproperties[[35m0[39m][33m.[39mloc[33m.[39mstart[33m.[39mcolumn[33m+[39m[35m1[39m[33m,[39moffset[33m:[39m[33mA[39m[33m.[39mbody[[35m0[39m][33m.[39mexpression[33m.[39mprop
[23merties[[35m0[39m][33m.[39mstart}[33m,[39m[32m"micromark-extension-mdx-expression:non-spread"[39m)}[36mif[39m(r[33m.[39merror){[36mif
[23m[39m(g[33m=[39m[36mnew[39m s([32m"Could not parse expression with acorn:
[23m"[39m[33m+[39mr[33m.[39merror[33m.[39mmessage[33m,[39m{line[33m:[39mr[33m.[39merror[33m.[39mloc[33m.[39mline[33m,[39mcolumn[33m:[39mr[33m.[39merror[33m.[39mloc[33m.[39mcolumn[33m+[39m[35m1[39m[33m,[39moffset[33m:[39mr[33m.[39mer
[23mror[33m.[39mpos}[33m,[39m[32m"micromark-extension-mdx-expression:acorn"[39m)[33m,[39m[36mnull[39m[33m!==[39mn[33m&&[39mr[33m.[39mswallow)[36mreturn[39m
[23me[33m.[39menter(h)[33m,[39me[33m.[39mconsume(n)[33m,[39mb[33m;[39m[36mthrow[39m g}[36mreturn[39m e[33m.[39menter(p)[33m,[39me[33m.[39mconsume(n)[33m,[39me[33m.[39mexit(p)[33m,[39mi[33m=[39me[33m.[39me
[23mxit(c)[33m,[39ml[33m&&[39m(i[33m.[39mestree[33m=[39m[33mA[39m)[33m,[39mt}(n)[33m:[39mr(n)[33m?[39mi(e[33m,[39m[33mA[39m)(n)[33m:[39m(e[33m.[39menter(h)[33m,[39mb(n))}[36mfunction[39m
[23mb(t){[36mreturn[39m [36mnull[39m[33m===[39mt[33m||[39m[35m125[39m[33m===[39mt[33m||[39mr(t)[33m?[39m(e[33m.[39mexit(h)[33m,[39m[33mA[39m(t))[33m:[39m[35m123[39m[33m!==[39mt[33m||[39mo[33m?[39m(e[33m.[39mconsume(t)[33m,[39mb)
[23m[33m:[39m(e[33m.[39mconsume(t)[33m,[39mv[33m++[39m[33m,[39mb)}}[33m;[39m[36mvar[39m
[23mr[33m=[39mn([35m7238[39m)[33m,[39mi[33m=[39mn([35m1056[39m)[33m,[39ms[33m=[39mn([35m734[39m)[33m,[39ma[33m=[39mn([35m2407[39m)}[33m,[39m[35m8940[39m[33m:[39m(e[33m,[39mt[33m,[39mn)[33m=>[39m{[32m"use
[23mstrict"[39m[33m;[39me[33m.[39mexports[33m=[39m[36mfunction[39m(e){[36mvar[39m
[23mt[33m,[39mn[33m,[39ma[33m,[39mo[33m=[39me[33m||[39m{}[33m,[39mu[33m=[39mo[33m.[39maddResult[33m,[39ml[33m=[39mo[33m.[39macorn[33m;[39m[36mif[39m(l){[36mif[39m([33m![39ml[33m.[39mparseExpressionAt)[36mthrow[39m [36mnew[39m
[23m[33mError[39m([32m"Expected a proper `acorn` instance passed in as
[23m`options.acorn`"[39m)[33m;[39ma[33m=[39m[33mObject[39m[33m.[39massign({ecmaVersion[33m:[39m[35m2020[39m[33m,[39msourceType[33m:[39m[32m"module"[39m}[33m,[39me[33m.[39macorn
[23mOptions[33m||[39m{})[33m,[39mt[33m=[39mo[33m.[39mspread[33m,[39mn[33m=[39mo[33m.[39mforbidEmpty}[36melse[39m
[23m[36mif[39m(o[33m.[39macornOptions[33m||[39mo[33m.[39maddResult)[36mthrow[39m [36mnew[39m [33mError[39m([32m"Expected an `acorn` instance
[23mpassed in as `options.acorn`"[39m)[33m;[39m[36mreturn[39m{flow[33m:[39m{[35m123[39m[33m:[39m{tokenize[33m:[39m[36mfunction[39m(e[33m,[39mo[33m,[39mc){[36mvar[39m
[23mp[33m=[39m[36mthis[39m[33m;[39m[36mreturn[39m [36mfunction[39m(r){[36mif[39m([35m123[39m[33m!==[39mr)[36mthrow[39m [36mnew[39m [33mError[39m([32m"Expected `{`"[39m)[33m;[39m[36mreturn[39m
[23ms[33m.[39mcall(p[33m,[39me[33m,[39mi(e[33m,[39mh[33m,[39m[32m"whitespace"[39m)[33m,[39mc[33m,[39ml[33m,[39ma[33m,[39mu[33m,[39m[32m"mdxFlowExpression"[39m[33m,[39m[32m"mdxFlowExpressionMar
[23mker"[39m[33m,[39m[32m"mdxFlowExpressionChunk"[39m[33m,[39mt[33m,[39mn)(r)}[33m;[39m[36mfunction[39m h(e){[36mreturn[39m
[23m[36mnull[39m[33m===[39me[33m||[39mr(e)[33m?[39mo(e)[33m:[39mc(e)}}[33m,[39mconcrete[33m:[39m[33m![39m[35m0[39m}}[33m,[39mtext[33m:[39m{[35m123[39m[33m:[39m{tokenize[33m:[39m[36mfunction[39m(e[33m,[39mr[33m,[39mi){[36mvar[39m
[23m o[33m=[39m[36mthis[39m[33m;[39m[36mreturn[39m [36mfunction[39m(c){[36mif[39m([35m123[39m[33m!==[39mc)[36mthrow[39m [36mnew[39m [33mError[39m([32m"Expected `{`"[39m)[33m;[39m[36mreturn[39m
[23ms[33m.[39mcall(o[33m,[39me[33m,[39mr[33m,[39mi[33m,[39ml[33m,[39ma[33m,[39mu[33m,[39m[32m"mdxTextExpression"[39m[33m,[39m[32m"mdxTextExpressionMarker"[39m[33m,[39m[32m"mdxTextExpre
[23mssionChunk"[39m[33m,[39mt[33m,[39mn)(c)}}}}}}[33m;[39m[36mvar[39m r[33m=[39mn([35m7238[39m)[33m,[39mi[33m=[39mn([35m2928[39m)[33m,[39ms[33m=[39mn([35m7637[39m)}[33m,[39m[35m2407[39m[33m:[39m(e[33m,[39mt[33m,[39mn)[33m=>[39m{[32m"use
[23m strict"[39m[33m;[39m[36mvar[39m r[33m=[39mn([35m734[39m)[33m;[39m[36mfunction[39m
[23mi(e){[36mreturn[39m[35m/^\s*$/[39m[33m.[39mtest(e[33m.[39mreplace([35m/\/\*[\s\S]*?\*\//g[39m[33m,[39m[32m""[39m)[33m.[39mreplace([35m/\/\/[^\r\n]*(
[23m\r\n|\n|\r)/g[39m[33m,[39m[32m""[39m))}e[33m.[39mexports[33m=[39m[36mfunction[39m(e[33m,[39mt[33m,[39mn[33m,[39ms){[36mvar[39m a[33m,[39mo[33m,[39mu[33m,[39ml[33m,[39mc[33m,[39mp[33m,[39mh[33m,[39md[33m,[39mf[33m=[39ms[33m.[39mprefix[33m||[39m[32m"
[23m"[39m[33m,[39mm[33m=[39ms[33m.[39msuffix[33m||[39m[32m""[39m[33m,[39mg[33m=[39m[][33m,[39mx[33m=[39m[33mObject[39m[33m.[39massign({}[33m,[39mt[33m,[39m{onComment[33m:[39mg})[33m,[39my[33m=[39m[33m![39m[35m1[39m[33m,[39mv[33m=[39m[33m-[39m[35m1[39m[33m,[39m[33mA[39m[33m=[39m[][33m,[39mb[33m=[39m{}[33m;[39m[36mfo
[23mr[39m(s[33m.[39mstart[33m&&[39m(l[33m=[39ms[33m.[39mstart[33m.[39moffset[33m,[39mb[s[33m.[39mstart[33m.[39mline][33m=[39ms[33m.[39mstart)[33m;[39m[33m++[39mv[33m<[39m[33mn[39m[33m.[39mlength[33m;[39m)p[33m=[39mn[v][[35m1[39m][33m,[39m[32m"e
[23mxit"[39m[33m===[39mn[v][[35m0[39m][33m&&[39m([33mA[39m[33m.[39mpush(n[v][[35m2[39m][33m.[39msliceSerialize(p))[33m,[39m[36mvoid[39m
[23m[35m0[39m[33m===[39ml[33m&&[39m(l[33m=[39mn[v][[35m1[39m][33m.[39mstart[33m.[39moffset)[33m,[39m([33m![39m(p[33m.[39mstart[33m.[39mline [36min[39m
[23mb)[33m||[39mb[p[33m.[39mstart[33m.[39mline][33m.[39moffset[33m>[39mp[33m.[39mstart[33m.[39moffset)[33m&&[39m(b[p[33m.[39mstart[33m.[39mline][33m=[39mp[33m.[39mstart))[33m;[39m[36mif[39m(c[33m=[39m[33mA[39m[33m.[39mjo
[23min([32m""[39m)[33m,[39ma[33m=[39mf[33m+[39mc[33m+[39mm[33m,[39m(d[33m=[39ms[33m.[39mexpression[33m&&[39mi(c))[33m&&[39m[33m![39ms[33m.[39mallowEmpty)[36mthrow[39m [36mnew[39m r([32m"Unexpected
[23mempty expression"[39m[33m,[39m[33mE[39m([35m0[39m)[33m,[39m[32m"micromark-extension-mdx-expression:unexpected-empty-expr
[23mession"[39m)[33m;[39m[36mtry[39m{o[33m=[39ms[33m.[39mexpression[33m&&[39m[33m![39md[33m?[39me[33m.[39mparseExpressionAt(a[33m,[39m[35m0[39m[33m,[39mx)[33m:[39me[33m.[39mparse(a[33m,[39mx)}[36mcatch[39m(e)
[23m{h[33m=[39m[33mE[39m(e[33m.[39mpos)[33m,[39me[33m.[39mmessage[33m=[39m[33mString[39m(e[33m.[39mmessage)[33m.[39mreplace([35m/
[23m\(\d+:\d+\)$/[39m[33m,[39m[32m""[39m)[33m,[39me[33m.[39mpos[33m=[39mh[33m.[39moffset[33m,[39me[33m.[39mloc[33m=[39m{line[33m:[39mh[33m.[39mline[33m,[39mcolumn[33m:[39mh[33m.[39mcolumn[33m-[39m[35m1[39m}[33m,[39mu[33m=[39me[33m,[39my[33m=[39me[33m.[39mr
[23maisedAt[33m>=[39mf[33m.[39mlength[33m+[39mc[33m.[39mlength[33m||[39m[32m"Unterminated comment"[39m[33m===[39me[33m.[39mmessage}[36mreturn[39m
[23mo[33m&&[39ms[33m.[39mexpression[33m&&[39m[33m![39md[33m&&[39m(i(a[33m.[39mslice(o[33m.[39mend[33m,[39ma[33m.[39mlength[33m-[39mm[33m.[39mlength))[33m?[39mo[33m=[39m{type[33m:[39m[32m"Program"[39m[33m,[39mstar
[23mt[33m:[39m[35m0[39m[33m,[39mend[33m:[39mf[33m.[39mlength[33m+[39mc[33m.[39mlength[33m,[39mbody[33m:[39m[{type[33m:[39m[32m"ExpressionStatement"[39m[33m,[39mexpression[33m:[39mo[33m,[39mstart[33m:[39m[35m0
[23m[39m[33m,[39mend[33m:[39mf[33m.[39mlength[33m+[39mc[33m.[39mlength}][33m,[39msourceType[33m:[39m[32m"module"[39m}[33m:[39m(h[33m=[39m[33mE[39m(o[33m.[39mend)[33m,[39m(u[33m=[39m[36mnew[39m
[23m[33mError[39m([32m"Unexpected content after
[23mexpression"[39m))[33m.[39mpos[33m=[39mh[33m.[39moffset[33m,[39mu[33m.[39mloc[33m=[39m{line[33m:[39mh[33m.[39mline[33m,[39mcolumn[33m:[39mh[33m.[39mcolumn[33m-[39m[35m1[39m}[33m,[39mo[33m=[39m[36mvoid[39m
[23m[35m0[39m))[33m,[39mo[33m&&[39m(o[33m.[39mcomments[33m=[39mg[33m,[39m[36mfunction[39m e(t){[36mvar[39m n[33m,[39mr[33m,[39mi[33m;[39m[36mif[39m(t[33m&&[39m[32m"object"[39m[33m==[39m[36mtypeof[39m t[33m&&[39m[32m"type"[39m[36min[39m
[23mt[33m&&[39m[32m"end"[39m[36min[39m t)[36mfor[39m(r [36min[39m[32m"start"[39m[36min[39m t[33m&&[39m[32m"end"[39m[36min[39m t[33m?[39m(n[33m=[39m[33mE[39m(t[33m.[39mstart)[33m,[39mt[33m.[39mstart[33m=[39mn[33m.[39moffset[33m,[39mt[33m.[39mloc
[23m[33m=[39m{start[33m:[39m{line[33m:[39mn[33m.[39mline[33m,[39mcolumn[33m:[39mn[33m.[39mcolumn[33m-[39m[35m1[39m}}[33m,[39mn[33m=[39m[33mE[39m(t[33m.[39mend)[33m,[39mt[33m.[39mend[33m=[39mn[33m.[39moffset[33m,[39mt[33m.[39mloc[33m.[39mend[33m=[39m{li
[23mne[33m:[39mn[33m.[39mline[33m,[39mcolumn[33m:[39mn[33m.[39mcolumn[33m-[39m[35m1[39m}[33m,[39mt[33m.[39mrange[33m=[39m[t[33m.[39mstart[33m,[39mt[33m.[39mend])[33m:[39m(t[33m.[39mstart[33m=[39m[36mvoid[39m [35m0[39m[33m,[39mt[33m.[39mend[33m=[39m[36mvoid[39m
[23m [35m0[39m[33m,[39mt[33m.[39mloc[33m=[39m[36mvoid[39m [35m0[39m[33m,[39mt[33m.[39mrange[33m=[39m[36mvoid[39m [35m0[39m)[33m,[39mt)[36mif[39m(t[r][33m&&[39m[32m"object"[39m[33m==[39m[36mtypeof[39m t[r])[36mif[39m([32m"length"[39m[36min[39m
[23mt[r])[36mfor[39m(i[33m=[39m[33m-[39m[35m1[39m[33m;[39m[33m++[39mi[33m<[39m[33mt[39m[r][33m.[39mlength[33m;[39m)e(t[r][i])[33m;[39m[36melse[39m
[23me(t[r])}(o))[33m,[39m{estree[33m:[39mo[33m,[39merror[33m:[39mu[33m,[39mswallow[33m:[39my}[33m;[39m[36mfunction[39m [33mE[39m(e){[36mvar[39m
[23mt[33m,[39mn[33m,[39mr[33m=[39me[33m-[39mf[33m.[39mlength[33m;[39m[36mfor[39m(t [36min[39m r[33m<[39m[35m0[39m[33m?[39mr[33m=[39m[35m0[39m[33m:[39mr[33m>[39mc[33m.[39mlength[33m&&[39m(r[33m=[39mc[33m.[39mlength)[33m,[39mr[33m+=[39ml[33m,[39mb){[36mif[39m(n[33m||[39m(n[33m=[39mb[t]
[23m)[33m,[39mb[t][33m.[39moffset[33m>[39me)[36mbreak[39m[33m;[39mn[33m=[39mb[t]}[36mreturn[39m{line[33m:[39mn[33m.[39mline[33m,[39mcolumn[33m:[39mn[33m.[39mcolumn[33m+[39m(r[33m-[39mn[33m.[39moffset)[33m,[39moff
[23mset[33m:[39mr}}}}[33m,[39m[35m8951[39m[33m:[39m(e[33m,[39mt[33m,[39mn)[33m=>[39m{[32m"use strict"[39m[33m;[39me[33m.[39mexports[33m=[39mn([35m8374[39m)}[33m,[39m[35m2664[39m[33m:[39m(e[33m,[39mt[33m,[39mn)[33m=>[39m{[32m"use
[23mstrict"[39m[33m;[39me[33m.[39mexports[33m=[39m[36mfunction[39m(e[33m,[39mt[33m,[39mn[33m,[39mp[33m,[39mh[33m,[39md[33m,[39mf[33m,[39mm[33m,[39mg[33m,[39mx[33m,[39my[33m,[39mv[33m,[39m[33mA[39m[33m,[39mb[33m,[39m[33mE[39m[33m,[39m[33mC[39m[33m,[39m[33mF[39m[33m,[39mw[33m,[39mk[33m,[39m[33mD[39m[33m,[39m[33mS[39m[33m,[39m[33mB[39m[33m,[39m_[33m,[39m[33mT[39m[33m,[39m[33mI[39m[33m,[39m[33mP[39m[33m,[39m[33mL
[23m[39m[33m,[39m[33mO[39m[33m,[39m[33mN[39m[33m,[39m[33mM[39m[33m,[39mj){[36mvar[39m [33mR[39m[33m,[39m[33mV[39m[33m,[39m[33mJ[39m[33m=[39m[36mthis[39m[33m;[39m[36mreturn[39m [36mfunction[39m(t){[36mreturn[39m
[23me[33m.[39menter(f)[33m,[39me[33m.[39menter(m)[33m,[39me[33m.[39mconsume(t)[33m,[39me[33m.[39mexit(m)[33m,[39m[33mU[39m}[33m;[39m[36mfunction[39m [33mU[39m(e){[36mreturn[39m
[23mi(e)[33m||[39ma(e)[33m?[39mn(e)[33m:[39m([33mR[39m[33m=[39mz[33m,[39mhe(e))}[36mfunction[39m z(t){[36mreturn[39m
[23m[35m47[39m[33m===[39mt[33m?[39m(e[33m.[39menter(g)[33m,[39me[33m.[39mconsume(t)[33m,[39me[33m.[39mexit(g)[33m,[39m[33mR[39m[33m=[39mq[33m,[39mhe)[33m:[39m[35m62[39m[33m===[39mt[33m?[39mpe(t)[33m:[39mr[33m.[39mstart(t)[33m?[39m(e[33m.[39ment
[23mer(y)[33m,[39me[33m.[39menter(v)[33m,[39me[33m.[39mconsume(t)[33m,[39m[33mX[39m)[33m:[39m[36mvoid[39m fe(t[33m,[39m[32m"before name"[39m[33m,[39m[32m"a character that can
[23mstart a name, such as a letter, `$`, or `_`"[39m[33m+[39m([35m33[39m[33m===[39mt[33m?[39m[32m" (note: to create a
[23mcomment in MDX, use `{/* text */}`)"[39m[33m:[39m[32m""[39m))}[36mfunction[39m q(t){[36mreturn[39m
[23m[35m62[39m[33m===[39mt[33m?[39mpe(t)[33m:[39mr[33m.[39mstart(t)[33m?[39m(e[33m.[39menter(y)[33m,[39me[33m.[39menter(v)[33m,[39me[33m.[39mconsume(t)[33m,[39m[33mX[39m)[33m:[39m[36mvoid[39m fe(t[33m,[39m[32m"before
[23m name"[39m[33m,[39m[32m"a character that can start a name, such as a letter, `$`, or
[23m`_`"[39m[33m+[39m([35m42[39m[33m===[39mt[33m||[39m[35m47[39m[33m===[39mt[33m?[39m[32m" (note: JS comments in JSX tags are not supported in
[23mMDX)"[39m[33m:[39m[32m""[39m))}[36mfunction[39m [33mX[39m(t){[36mreturn[39m [35m45[39m[33m===[39mt[33m||[39mr[33m.[39mcont(t)[33m?[39m(e[33m.[39mconsume(t)[33m,[39m[33mX[39m)[33m:[39m[35m46[39m[33m===[39mt[33m||[39m[35m47[39m[33m===
[23m[39mt[33m||[39m[35m58[39m[33m===[39mt[33m||[39m[35m62[39m[33m===[39mt[33m||[39m[35m123[39m[33m===[39mt[33m||[39ms(t)[33m||[39mo(t)[33m?[39m(e[33m.[39mexit(v)[33m,[39m[33mR[39m[33m=[39m$[33m,[39mhe(t))[33m:[39m[36mvoid[39m fe(t[33m,[39m[32m"in
[23mname"[39m[33m,[39m[32m"a name character such as letters, digits, `$`, or `_`; whitespace before
[23mattributes; or the end of the tag"[39m[33m+[39m([35m64[39m[33m===[39mt[33m?[39m[32m" (note: to create a link in MDX, use
[23m `[text](url)`)"[39m[33m:[39m[32m""[39m))}[36mfunction[39m $(t){[36mreturn[39m
[23m[35m46[39m[33m===[39mt[33m?[39m(e[33m.[39menter([33mA[39m)[33m,[39me[33m.[39mconsume(t)[33m,[39me[33m.[39mexit([33mA[39m)[33m,[39m[33mR[39m[33m=[39m[33mH[39m[33m,[39mhe)[33m:[39m[35m58[39m[33m===[39mt[33m?[39m(e[33m.[39menter([33mE[39m)[33m,[39me[33m.[39mconsume(t
[23m)[33m,[39me[33m.[39mexit([33mE[39m)[33m,[39m[33mR[39m[33m=[39m[33mQ[39m[33m,[39mhe)[33m:[39m[35m47[39m[33m===[39mt[33m||[39m[35m62[39m[33m===[39mt[33m||[39m[35m123[39m[33m===[39mt[33m||[39mr[33m.[39mstart(t)[33m?[39m(e[33m.[39mexit(y)[33m,[39m[33mZ[39m(t))[33m:[39m[36mvoid[39m
[23mfe(t[33m,[39m[32m"after name"[39m[33m,[39m[32m"a character that can start an attribute name, such as a
[23mletter, `$`, or `_`; whitespace before attributes; or the end of the
[23mtag"[39m)}[36mfunction[39m [33mH[39m(t){[36mif[39m(r[33m.[39mstart(t))[36mreturn[39m e[33m.[39menter(b)[33m,[39me[33m.[39mconsume(t)[33m,[39m[33mW[39m[33m;[39mfe(t[33m,[39m[32m"before
[23mmember name"[39m[33m,[39m[32m"a character that can start an attribute name, such as a letter,
[23m`$`, or `_`; whitespace before attributes; or the end of the tag"[39m)}[36mfunction[39m
[23m[33mW[39m(t){[36mreturn[39m [35m45[39m[33m===[39mt[33m||[39mr[33m.[39mcont(t)[33m?[39m(e[33m.[39mconsume(t)[33m,[39m[33mW[39m)[33m:[39m[35m46[39m[33m===[39mt[33m||[39m[35m47[39m[33m===[39mt[33m||[39m[35m62[39m[33m===[39mt[33m||[39m[35m123[39m[33m===[39mt[33m||
[23m[39ms(t)[33m||[39mo(t)[33m?[39m(e[33m.[39mexit(b)[33m,[39m[33mR[39m[33m=[39m[33mG[39m[33m,[39mhe(t))[33m:[39m[36mvoid[39m fe(t[33m,[39m[32m"in member name"[39m[33m,[39m[32m"a name character
[23msuch as letters, digits, `$`, or `_`; whitespace before attributes; or the end
[23mof the tag"[39m[33m+[39m([35m64[39m[33m===[39mt[33m?[39m[32m" (note: to create a link in MDX, use
[23m`[text](url)`)"[39m[33m:[39m[32m""[39m))}[36mfunction[39m [33mG[39m(t){[36mreturn[39m [35m46[39m[33m===[39mt[33m?[39m(e[33m.[39menter([33mA[39m)[33m,[39me[33m.[39mconsume(t)[33m,[39me[33m.[39mexit
[23m([33mA[39m)[33m,[39m[33mR[39m[33m=[39m[33mH[39m[33m,[39mhe)[33m:[39m[35m47[39m[33m===[39mt[33m||[39m[35m62[39m[33m===[39mt[33m||[39m[35m123[39m[33m===[39mt[33m||[39mr[33m.[39mstart(t)[33m?[39m(e[33m.[39mexit(y)[33m,[39m[33mZ[39m(t))[33m:[39m[36mvoid[39m
[23mfe(t[33m,[39m[32m"after member name"[39m[33m,[39m[32m"a character that can start an attribute name, such as
[23ma letter, `$`, or `_`; whitespace before attributes; or the end of the
[23mtag"[39m)}[36mfunction[39m [33mQ[39m(t){[36mif[39m(r[33m.[39mstart(t))[36mreturn[39m e[33m.[39menter([33mC[39m)[33m,[39me[33m.[39mconsume(t)[33m,[39m[33mK[39m[33m;[39mfe(t[33m,[39m[32m"before
[23mlocal name"[39m[33m,[39m[32m"a character that can start a name, such as a letter, `$`, or
[23m`_`"[39m[33m+[39m([35m43[39m[33m===[39mt[33m||[39mt[33m>[39m[35m46[39m[33m&&[39mt[33m<[39m[35m58[39m[33m?[39m[32m" (note: to create a link in MDX, use
[23m`[text](url)`)"[39m[33m:[39m[32m""[39m))}[36mfunction[39m [33mK[39m(t){[36mreturn[39m [35m45[39m[33m===[39mt[33m||[39mr[33m.[39mcont(t)[33m?[39m(e[33m.[39mconsume(t)[33m,[39m[33mK[39m)[33m:[39m[35m47[39m[33m=
[23m==[39mt[33m||[39m[35m62[39m[33m===[39mt[33m||[39m[35m123[39m[33m===[39mt[33m||[39ms(t)[33m||[39mo(t)[33m?[39m(e[33m.[39mexit([33mC[39m)[33m,[39m[33mR[39m[33m=[39m[33mY[39m[33m,[39mhe(t))[33m:[39m[36mvoid[39m fe(t[33m,[39m[32m"in local
[23mname"[39m[33m,[39m[32m"a name character such as letters, digits, `$`, or `_`; whitespace before
[23mattributes; or the end of the tag"[39m)}[36mfunction[39m
[23m[33mY[39m(t){[36mif[39m([35m47[39m[33m===[39mt[33m||[39m[35m62[39m[33m===[39mt[33m||[39m[35m123[39m[33m===[39mt[33m||[39mr[33m.[39mstart(t))[36mreturn[39m e[33m.[39mexit(y)[33m,[39m[33mZ[39m(t)[33m;[39mfe(t[33m,[39m[32m"after
[23mlocal name"[39m[33m,[39m[32m"a character that can start an attribute name, such as a letter,
[23m`$`, or `_`; whitespace before attributes; or the end of the tag"[39m)}[36mfunction[39m
[23m[33mZ[39m(t){[36mreturn[39m [35m47[39m[33m===[39mt[33m?[39m(e[33m.[39menter(x)[33m,[39me[33m.[39mconsume(t)[33m,[39me[33m.[39mexit(x)[33m,[39m[33mR[39m[33m=[39mce[33m,[39mhe)[33m:[39m[35m62[39m[33m===[39mt[33m?[39mpe(t)[33m:[39m[35m123[39m[33m=
[23m==[39mt[33m?[39ml[33m.[39mcall([33mJ[39m[33m,[39me[33m,[39mee[33m,[39mn[33m,[39mp[33m,[39mh[33m,[39md[33m,[39m[33mF[39m[33m,[39mw[33m,[39mk[33m,[39m[33m![39m[35m0[39m)(t)[33m:[39mr[33m.[39mstart(t)[33m?[39m(e[33m.[39menter([33mD[39m)[33m,[39me[33m.[39menter([33mS[39m)[33m,[39me[33m.[39menter
[23m([33mB[39m)[33m,[39me[33m.[39mconsume(t)[33m,[39mte)[33m:[39m[36mvoid[39m fe(t[33m,[39m[32m"before attribute name"[39m[33m,[39m[32m"a character that can
[23mstart an attribute name, such as a letter, `$`, or `_`; whitespace before
[23mattributes; or the end of the tag"[39m)}[36mfunction[39m ee(e){[36mreturn[39m [33mR[39m[33m=[39m[33mZ[39m[33m,[39mhe(e)}[36mfunction[39m
[23mte(t){[36mreturn[39m [35m45[39m[33m===[39mt[33m||[39mr[33m.[39mcont(t)[33m?[39m(e[33m.[39mconsume(t)[33m,[39mte)[33m:[39m[35m47[39m[33m===[39mt[33m||[39m[35m58[39m[33m===[39mt[33m||[39m[35m61[39m[33m===[39mt[33m||[39m[35m62[39m[33m===[39mt[33m|
[23m|[39m[35m123[39m[33m===[39mt[33m||[39ms(t)[33m||[39mo(t)[33m?[39m(e[33m.[39mexit([33mB[39m)[33m,[39m[33mR[39m[33m=[39mne[33m,[39mhe(t))[33m:[39m[36mvoid[39m fe(t[33m,[39m[32m"in attribute name"[39m[33m,[39m[32m"an
[23mattribute name character such as letters, digits, `$`, or `_`; `=` to initialize
[23m a value; whitespace before attributes; or the end of the tag"[39m)}[36mfunction[39m
[23mne(t){[36mreturn[39m [35m58[39m[33m===[39mt[33m?[39m(e[33m.[39menter(_)[33m,[39me[33m.[39mconsume(t)[33m,[39me[33m.[39mexit(_)[33m,[39m[33mR[39m[33m=[39mre[33m,[39mhe)[33m:[39m[35m61[39m[33m===[39mt[33m?[39m(e[33m.[39mexit([33mS
[23m[39m)[33m,[39me[33m.[39menter([33mI[39m)[33m,[39me[33m.[39mconsume(t)[33m,[39me[33m.[39mexit([33mI[39m)[33m,[39m[33mR[39m[33m=[39mae[33m,[39mhe)[33m:[39m[35m47[39m[33m===[39mt[33m||[39m[35m62[39m[33m===[39mt[33m||[39m[35m123[39m[33m===[39mt[33m||[39ms(t)[33m||[39mo(t)
[23m[33m||[39mr[33m.[39mstart(t)[33m?[39m(e[33m.[39mexit([33mS[39m)[33m,[39me[33m.[39mexit([33mD[39m)[33m,[39m[33mR[39m[33m=[39m[33mZ[39m[33m,[39mhe(t))[33m:[39m[36mvoid[39m fe(t[33m,[39m[32m"after attribute name"[39m[33m,[39m[32m"a
[23m character that can start an attribute name, such as a letter, `$`, or `_`; `=`
[23mto initialize a value; or the end of the tag"[39m)}[36mfunction[39m
[23mre(t){[36mif[39m(r[33m.[39mstart(t))[36mreturn[39m e[33m.[39menter([33mT[39m)[33m,[39me[33m.[39mconsume(t)[33m,[39mie[33m;[39mfe(t[33m,[39m[32m"before local
[23mattribute name"[39m[33m,[39m[32m"a character that can start an attribute name, such as a letter,
[23m `$`, or `_`; `=` to initialize a value; or the end of the tag"[39m)}[36mfunction[39m
[23mie(t){[36mreturn[39m [35m45[39m[33m===[39mt[33m||[39mr[33m.[39mcont(t)[33m?[39m(e[33m.[39mconsume(t)[33m,[39mie)[33m:[39m[35m47[39m[33m===[39mt[33m||[39m[35m61[39m[33m===[39mt[33m||[39m[35m62[39m[33m===[39mt[33m||[39m[35m123[39m[33m===[39mt
[23m[33m||[39ms(t)[33m||[39mo(t)[33m?[39m(e[33m.[39mexit([33mT[39m)[33m,[39me[33m.[39mexit([33mS[39m)[33m,[39m[33mR[39m[33m=[39mse[33m,[39mhe(t))[33m:[39m[36mvoid[39m fe(t[33m,[39m[32m"in local attribute
[23mname"[39m[33m,[39m[32m"an attribute name character such as letters, digits, `$`, or `_`; `=` to
[23minitialize a value; whitespace before attributes; or the end of the
[23mtag"[39m)}[36mfunction[39m se(t){[36mreturn[39m [35m61[39m[33m===[39mt[33m?[39m(e[33m.[39menter([33mI[39m)[33m,[39me[33m.[39mconsume(t)[33m,[39me[33m.[39mexit([33mI[39m)[33m,[39m[33mR[39m[33m=[39mae[33m,[39mhe)[33m:[39m[35m4
[23m7[39m[33m===[39mt[33m||[39m[35m62[39m[33m===[39mt[33m||[39m[35m123[39m[33m===[39mt[33m||[39mr[33m.[39mstart(t)[33m?[39m(e[33m.[39mexit([33mD[39m)[33m,[39m[33mZ[39m(t))[33m:[39m[36mvoid[39m fe(t[33m,[39m[32m"after local
[23mattribute name"[39m[33m,[39m[32m"a character that can start an attribute name, such as a letter,
[23m `$`, or `_`; `=` to initialize a value; or the end of the tag"[39m)}[36mfunction[39m
[23mae(t){[36mreturn[39m [35m34[39m[33m===[39mt[33m||[39m[35m39[39m[33m===[39mt[33m?[39m(e[33m.[39menter([33mP[39m)[33m,[39me[33m.[39menter([33mL[39m)[33m,[39me[33m.[39mconsume(t)[33m,[39me[33m.[39mexit([33mL[39m)[33m,[39m[33mV[39m[33m=[39mt[33m,[39mue
[23m)[33m:[39m[35m123[39m[33m===[39mt[33m?[39ml[33m.[39mcall([33mJ[39m[33m,[39me[33m,[39moe[33m,[39mn[33m,[39mp[33m,[39mh[33m,[39md[33m,[39m[33mN[39m[33m,[39m[33mM[39m[33m,[39mj[33m,[39m[33m![39m[35m1[39m[33m,[39m[33m![39m[35m0[39m)(t)[33m:[39m[36mvoid[39m fe(t[33m,[39m[32m"before attribute
[23mvalue"[39m[33m,[39m[32m"a character that can start an attribute value, such as `\"`, `'`, or
[23m`{`"[39m[33m+[39m([35m60[39m[33m===[39mt[33m?[39m[32m" (note: to use an element or fragment as a prop value in MDX, use
[23m`{<element />}`)"[39m[33m:[39m[32m""[39m))}[36mfunction[39m oe(t){[36mreturn[39m e[33m.[39mexit([33mD[39m)[33m,[39m[33mR[39m[33m=[39m[33mZ[39m[33m,[39mhe(t)}[36mfunction[39m
[23mue(t){[36mreturn[39m [36mnull[39m[33m===[39mt[33m&&[39mfe(t[33m,[39m[32m"in attribute value"[39m[33m,[39m[32m"a corresponding closing quote
[23m`"[39m[33m+[39mu([33mV[39m)[33m+[39m[32m"`"[39m)[33m,[39mt[33m===[39m[33mV[39m[33m?[39m(e[33m.[39menter([33mL[39m)[33m,[39me[33m.[39mconsume(t)[33m,[39me[33m.[39mexit([33mL[39m)[33m,[39me[33m.[39mexit([33mP[39m)[33m,[39me[33m.[39mexit([33mD[39m)[33m,[39m[33mV[39m[33m=[39m[36mvoid[39m
[23m [35m0[39m[33m,[39m[33mR[39m[33m=[39m[33mZ[39m[33m,[39mhe)[33m:[39mi(t)[33m?[39m([33mR[39m[33m=[39mue[33m,[39mhe(t))[33m:[39m(e[33m.[39menter([33mO[39m)[33m,[39mle(t))}[36mfunction[39m le(t){[36mreturn[39m
[23m[36mnull[39m[33m===[39mt[33m||[39mt[33m===[39m[33mV[39m[33m||[39mi(t)[33m?[39m(e[33m.[39mexit([33mO[39m)[33m,[39mue(t))[33m:[39m(e[33m.[39mconsume(t)[33m,[39mle)}[36mfunction[39m
[23mce(e){[36mif[39m([35m62[39m[33m===[39me)[36mreturn[39m pe(e)[33m;[39mfe(e[33m,[39m[32m"after self-closing slash"[39m[33m,[39m[32m"`>` to end the
[23mtag"[39m[33m+[39m([35m42[39m[33m===[39me[33m||[39m[35m47[39m[33m===[39me[33m?[39m[32m" (note: JS comments in JSX tags are not supported in
[23mMDX)"[39m[33m:[39m[32m""[39m))}[36mfunction[39m pe(n){[36mif[39m([35m62[39m[33m!==[39mn)[36mthrow[39m [36mnew[39m [33mError[39m([32m"expected `>`"[39m)[33m;[39m[36mreturn[39m
[23me[33m.[39menter(m)[33m,[39me[33m.[39mconsume(n)[33m,[39me[33m.[39mexit(m)[33m,[39me[33m.[39mexit(f)[33m,[39mt}[36mfunction[39m he(t){[36mreturn[39m
[23mi(t)[33m?[39m(e[33m.[39menter([32m"lineEnding"[39m)[33m,[39me[33m.[39mconsume(t)[33m,[39me[33m.[39mexit([32m"lineEnding"[39m)[33m,[39mhe)[33m:[39ma(t)[33m||[39mo(t)[33m?[39m(e[33m.
[23m[39menter([32m"esWhitespace"[39m)[33m,[39mde(t))[33m:[39m[33mR[39m(t)}[36mfunction[39m de(t){[36mreturn[39m
[23mi(t)[33m||[39m[33m![39ma(t)[33m&&[39m[33m![39mo(t)[33m?[39m(e[33m.[39mexit([32m"esWhitespace"[39m)[33m,[39mhe(t))[33m:[39m(e[33m.[39mconsume(t)[33m,[39mde)}[36mfunction[39m
[23mfe(e[33m,[39mt[33m,[39mn){[36mthrow[39m [36mnew[39m c([32m"Unexpected "[39m[33m+[39m([36mnull[39m[33m===[39me[33m?[39m[32m"end of file"[39m[33m:[39m[32m"character
[23m`"[39m[33m+[39m([35m96[39m[33m===[39me[33m?[39m[32m"` ` `"[39m[33m:[39mu(e))[33m+[39m[32m"` ("[39m[33m+[39m[36mfunction[39m(e){[36mfor[39m([36mvar[39m
[23mt[33m=[39me[33m.[39mtoString([35m16[39m)[33m.[39mtoUpperCase()[33m;[39mt[33m.[39mlength[33m<[39m[35m4[39m[33m;[39m)t[33m=[39m[32m"0"[39m[33m+[39mt[33m;[39m[36mreturn[39m[32m"U+"[39m[33m+[39mt}(e)[33m+[39m[32m")"[39m)[33m+[39m[32m"
[23m"[39m[33m+[39mt[33m+[39m[32m", expected "[39m[33m+[39mn[33m,[39m[33mJ[39m[33m.[39mnow()[33m,[39m[32m"micromark-extension-mdx-jsx:unexpected-"[39m[33m+[39m([36mnull[39m[33m===[39me[33m?
[23m[39m[32m"eof"[39m[33m:[39m[32m"character"[39m))}}[33m;[39m[36mvar[39m r[33m=[39mn([35m451[39m)[33m,[39mi[33m=[39mn([35m7238[39m)[33m,[39ms[33m=[39mn([35m8367[39m)[33m,[39ma[33m=[39mn([35m3654[39m)[33m,[39mo[33m=[39mn([35m395[39m)[33m,[39mu[33m=[39mn([35m32
[23m67[39m)[33m,[39ml[33m=[39mn([35m7637[39m)[33m,[39mc[33m=[39mn([35m734[39m)}[33m,[39m[35m8374[39m[33m:[39m(e[33m,[39mt[33m,[39mn)[33m=>[39m{[32m"use strict"[39m[33m;[39me[33m.[39mexports[33m=[39m[36mfunction[39m(e){[36mvar[39m
[23mt[33m,[39mn[33m=[39me[33m||[39m{}[33m,[39ms[33m=[39mn[33m.[39macorn[33m,[39ma[33m=[39mn[33m.[39maddResult[33m;[39m[36mif[39m(s){[36mif[39m([33m![39ms[33m.[39mparseExpressionAt)[36mthrow[39m [36mnew[39m
[23m[33mError[39m([32m"Expected a proper `acorn` instance passed in as
[23m`options.acorn`"[39m)[33m;[39mt[33m=[39m[33mObject[39m[33m.[39massign({ecmaVersion[33m:[39m[35m2020[39m[33m,[39msourceType[33m:[39m[32m"module"[39m}[33m,[39me[33m.[39macorn
[23mOptions[33m||[39m{}[33m,[39m{locations[33m:[39m[33m![39m[35m0[39m})}[36melse[39m [36mif[39m(n[33m.[39macornOptions[33m||[39ma)[36mthrow[39m [36mnew[39m [33mError[39m([32m"Expected
[23man `acorn` instance passed in as
[23m`options.acorn`"[39m)[33m;[39m[36mreturn[39m{flow[33m:[39m{[35m60[39m[33m:[39mi(s[33m,[39mt[33m,[39ma)}[33m,[39mtext[33m:[39m{[35m60[39m[33m:[39mr(s[33m,[39mt[33m,[39ma)}}}[33m;[39m[36mvar[39m
[23mr[33m=[39mn([35m9136[39m)[33m,[39mi[33m=[39mn([35m2262[39m)}[33m,[39m[35m2262[39m[33m:[39m(e[33m,[39mt[33m,[39mn)[33m=>[39m{[32m"use
[23mstrict"[39m[33m;[39me[33m.[39mexports[33m=[39m[36mfunction[39m(e[33m,[39mt[33m,[39mn){[36mreturn[39m{tokenize[33m:[39m[36mfunction[39m(a[33m,[39mo[33m,[39mu){[36mvar[39m
[23ml[33m=[39m[36mthis[39m[33m;[39m[36mreturn[39m c[33m;[39m[36mfunction[39m c(r){[36mreturn[39m s[33m.[39mcall(l[33m,[39ma[33m,[39mi(a[33m,[39mp[33m,[39m[32m"whitespace"[39m)[33m,[39mu[33m,[39me[33m,[39mt[33m,[39mn[33m,[39m[32m"mdx
[23mJsxFlowTag"[39m[33m,[39m[32m"mdxJsxFlowTagMarker"[39m[33m,[39m[32m"mdxJsxFlowTagClosingMarker"[39m[33m,[39m[32m"mdxJsxFlowTagSel
[23mfClosingMarker"[39m[33m,[39m[32m"mdxJsxFlowTagName"[39m[33m,[39m[32m"mdxJsxFlowTagNamePrimary"[39m[33m,[39m[32m"mdxJsxFlowTagNam
[23meMemberMarker"[39m[33m,[39m[32m"mdxJsxFlowTagNameMember"[39m[33m,[39m[32m"mdxJsxFlowTagNamePrefixMarker"[39m[33m,[39m[32m"mdxJsx
[23mFlowTagNameLocal"[39m[33m,[39m[32m"mdxJsxFlowTagExpressionAttribute"[39m[33m,[39m[32m"mdxJsxFlowTagExpressionAtt
[23mributeMarker"[39m[33m,[39m[32m"mdxJsxFlowTagExpressionAttributeValue"[39m[33m,[39m[32m"mdxJsxFlowTagAttribute"[39m[33m,[39m[32m"
[23mmdxJsxFlowTagAttributeName"[39m[33m,[39m[32m"mdxJsxFlowTagAttributeNamePrimary"[39m[33m,[39m[32m"mdxJsxFlowTagAt
[23mtributeNamePrefixMarker"[39m[33m,[39m[32m"mdxJsxFlowTagAttributeNameLocal"[39m[33m,[39m[32m"mdxJsxFlowTagAttribu
[23mteInitializerMarker"[39m[33m,[39m[32m"mdxJsxFlowTagAttributeValueLiteral"[39m[33m,[39m[32m"mdxJsxFlowTagAttribut
[23meValueLiteralMarker"[39m[33m,[39m[32m"mdxJsxFlowTagAttributeValueLiteralValue"[39m[33m,[39m[32m"mdxJsxFlowTagAtt
[23mributeValueExpression"[39m[33m,[39m[32m"mdxJsxFlowTagAttributeValueExpressionMarker"[39m[33m,[39m[32m"mdxJsxFlow
[23mTagAttributeValueExpressionValue"[39m)(r)}[36mfunction[39m p(e){[36mreturn[39m
[23m[35m60[39m[33m===[39me[33m?[39mc(e)[33m:[39m[36mnull[39m[33m===[39me[33m||[39mr(e)[33m?[39mo(e)[33m:[39mu(e)}}[33m,[39mconcrete[33m:[39m[33m![39m[35m0[39m}}[33m;[39m[36mvar[39m
[23mr[33m=[39mn([35m7238[39m)[33m,[39mi[33m=[39mn([35m2928[39m)[33m,[39ms[33m=[39mn([35m2664[39m)}[33m,[39m[35m9136[39m[33m:[39m(e[33m,[39mt[33m,[39mn)[33m=>[39m{[32m"use
[23mstrict"[39m[33m;[39me[33m.[39mexports[33m=[39m[36mfunction[39m(e[33m,[39mt[33m,[39mn){[36mreturn[39m{tokenize[33m:[39m[36mfunction[39m(i[33m,[39ms[33m,[39ma){[36mreturn[39m
[23mr[33m.[39mcall([36mthis[39m[33m,[39mi[33m,[39ms[33m,[39ma[33m,[39me[33m,[39mt[33m,[39mn[33m,[39m[32m"mdxJsxTextTag"[39m[33m,[39m[32m"mdxJsxTextTagMarker"[39m[33m,[39m[32m"mdxJsxTextTagClos
[23mingMarker"[39m[33m,[39m[32m"mdxJsxTextTagSelfClosingMarker"[39m[33m,[39m[32m"mdxJsxTextTagName"[39m[33m,[39m[32m"mdxJsxTextTagNa
[23mmePrimary"[39m[33m,[39m[32m"mdxJsxTextTagNameMemberMarker"[39m[33m,[39m[32m"mdxJsxTextTagNameMember"[39m[33m,[39m[32m"mdxJsxText
[23mTagNamePrefixMarker"[39m[33m,[39m[32m"mdxJsxTextTagNameLocal"[39m[33m,[39m[32m"mdxJsxTextTagExpressionAttribute"
[23m[39m[33m,[39m[32m"mdxJsxTextTagExpressionAttributeMarker"[39m[33m,[39m[32m"mdxJsxTextTagExpressionAttributeValue
[23m"[39m[33m,[39m[32m"mdxJsxTextTagAttribute"[39m[33m,[39m[32m"mdxJsxTextTagAttributeName"[39m[33m,[39m[32m"mdxJsxTextTagAttributeN
[23mamePrimary"[39m[33m,[39m[32m"mdxJsxTextTagAttributeNamePrefixMarker"[39m[33m,[39m[32m"mdxJsxTextTagAttributeName
[23mLocal"[39m[33m,[39m[32m"mdxJsxTextTagAttributeInitializerMarker"[39m[33m,[39m[32m"mdxJsxTextTagAttributeValueLit
[23meral"[39m[33m,[39m[32m"mdxJsxTextTagAttributeValueLiteralMarker"[39m[33m,[39m[32m"mdxJsxTextTagAttributeValueLit
[23meralValue"[39m[33m,[39m[32m"mdxJsxTextTagAttributeValueExpression"[39m[33m,[39m[32m"mdxJsxTextTagAttributeValueE
[23mxpressionMarker"[39m[33m,[39m[32m"mdxJsxTextTagAttributeValueExpressionValue"[39m)}}}[33m;[39m[36mvar[39m
[23mr[33m=[39mn([35m2664[39m)}[33m,[39m[35m451[39m[33m:[39m(e[33m,[39mt[33m,[39mn)[33m=>[39m{[32m"use
[23mstrict"[39m[33m;[39mt[33m.[39mstart[33m=[39mi[33m,[39mt[33m.[39mcont[33m=[39ms[33m,[39mt[33m.[39mname[33m=[39m[36mfunction[39m(e){[36mfor[39m([36mvar[39m
[23mt[33m=[39m[33m-[39m[35m1[39m[33m;[39m[33m++[39mt[33m<[39m[33me[39m[33m.[39mlength[33m;[39m)[36mif[39m([33m![39m(t[33m?[39ms[33m:[39mi)(e[33m.[39mcharCodeAt(t)))[36mreturn[39m[33m![39m[35m1[39m[33m;[39m[36mreturn[39m t[33m>[39m[35m0[39m}[33m;[39m[36mvar[39m
[23mr[33m=[39mn([35m5004[39m)[33m;[39m[36mfunction[39m i(e){[36mreturn[39m r[33m.[39mstart[33m.[39mtest([33mString[39m[33m.[39mfromCharCode(e))}[36mfunction[39m
[23ms(e){[36mvar[39m t[33m=[39m[33mString[39m[33m.[39mfromCharCode(e)[33m;[39m[36mreturn[39m r[33m.[39mstart[33m.[39mtest(t)[33m||[39mr[33m.[39mcont[33m.[39mtest(t)}}[33m,[39m[35m5004[39m[33m:
[23m[39m(e[33m,[39mt)[33m=>[39m{t[33m.[39mstart[33m=[39m[35m/[\$A-Z_a-z\xAA\xB5\xBA\xC0-\xD6\xD8-\xF6\xF8-\u02C1\u02C6-\u02D
[23m1\u02E0-\u02E4\u02EC\u02EE\u0370-\u0374\u0376\u0377\u037A-\u037D\u037F\u0386\u03
[23m88-\u038A\u038C\u038E-\u03A1\u03A3-\u03F5\u03F7-\u0481\u048A-\u052F\u0531-\u0556
[23m\u0559\u0560-\u0588\u05D0-\u05EA\u05EF-\u05F2\u0620-\u064A\u066E\u066F\u0671-\u0
[23m6D3\u06D5\u06E5\u06E6\u06EE\u06EF\u06FA-\u06FC\u06FF\u0710\u0712-\u072F\u074D-\u
[23m07A5\u07B1\u07CA-\u07EA\u07F4\u07F5\u07FA\u0800-\u0815\u081A\u0824\u0828\u0840-\
[23mu0858\u0860-\u086A\u08A0-\u08B4\u08B6-\u08C7\u0904-\u0939\u093D\u0950\u0958-\u09
[23m61\u0971-\u0980\u0985-\u098C\u098F\u0990\u0993-\u09A8\u09AA-\u09B0\u09B2\u09B6-\
[23mu09B9\u09BD\u09CE\u09DC\u09DD\u09DF-\u09E1\u09F0\u09F1\u09FC\u0A05-\u0A0A\u0A0F\
[23mu0A10\u0A13-\u0A28\u0A2A-\u0A30\u0A32\u0A33\u0A35\u0A36\u0A38\u0A39\u0A59-\u0A5C
[23m\u0A5E\u0A72-\u0A74\u0A85-\u0A8D\u0A8F-\u0A91\u0A93-\u0AA8\u0AAA-\u0AB0\u0AB2\u0
[23mAB3\u0AB5-\u0AB9\u0ABD\u0AD0\u0AE0\u0AE1\u0AF9\u0B05-\u0B0C\u0B0F\u0B10\u0B13-\u
[23m0B28\u0B2A-\u0B30\u0B32\u0B33\u0B35-\u0B39\u0B3D\u0B5C\u0B5D\u0B5F-\u0B61\u0B71\
[23mu0B83\u0B85-\u0B8A\u0B8E-\u0B90\u0B92-\u0B95\u0B99\u0B9A\u0B9C\u0B9E\u0B9F\u0BA3
[23m\u0BA4\u0BA8-\u0BAA\u0BAE-\u0BB9\u0BD0\u0C05-\u0C0C\u0C0E-\u0C10\u0C12-\u0C28\u0
[23mC2A-\u0C39\u0C3D\u0C58-\u0C5A\u0C60\u0C61\u0C80\u0C85-\u0C8C\u0C8E-\u0C90\u0C92-
[23m\u0CA8\u0CAA-\u0CB3\u0CB5-\u0CB9\u0CBD\u0CDE\u0CE0\u0CE1\u0CF1\u0CF2\u0D04-\u0D0
[23mC\u0D0E-\u0D10\u0D12-\u0D3A\u0D3D\u0D4E\u0D54-\u0D56\u0D5F-\u0D61\u0D7A-\u0D7F\u
[23m0D85-\u0D96\u0D9A-\u0DB1\u0DB3-\u0DBB\u0DBD\u0DC0-\u0DC6\u0E01-\u0E30\u0E32\u0E3
[23m3\u0E40-\u0E46\u0E81\u0E82\u0E84\u0E86-\u0E8A\u0E8C-\u0EA3\u0EA5\u0EA7-\u0EB0\u0
[23mEB2\u0EB3\u0EBD\u0EC0-\u0EC4\u0EC6\u0EDC-\u0EDF\u0F00\u0F40-\u0F47\u0F49-\u0F6C\
[23mu0F88-\u0F8C\u1000-\u102A\u103F\u1050-\u1055\u105A-\u105D\u1061\u1065\u1066\u106
[23mE-\u1070\u1075-\u1081\u108E\u10A0-\u10C5\u10C7\u10CD\u10D0-\u10FA\u10FC-\u1248\u
[23m124A-\u124D\u1250-\u1256\u1258\u125A-\u125D\u1260-\u1288\u128A-\u128D\u1290-\u12
[23mB0\u12B2-\u12B5\u12B8-\u12BE\u12C0\u12C2-\u12C5\u12C8-\u12D6\u12D8-\u1310\u1312-
[23m\u1315\u1318-\u135A\u1380-\u138F\u13A0-\u13F5\u13F8-\u13FD\u1401-\u166C\u166F-\u
[23m167F\u1681-\u169A\u16A0-\u16EA\u16EE-\u16F8\u1700-\u170C\u170E-\u1711\u1720-\u17
[23m31\u1740-\u1751\u1760-\u176C\u176E-\u1770\u1780-\u17B3\u17D7\u17DC\u1820-\u1878\
[23mu1880-\u18A8\u18AA\u18B0-\u18F5\u1900-\u191E\u1950-\u196D\u1970-\u1974\u1980-\u1
[23m9AB\u19B0-\u19C9\u1A00-\u1A16\u1A20-\u1A54\u1AA7\u1B05-\u1B33\u1B45-\u1B4B\u1B83
[23m-\u1BA0\u1BAE\u1BAF\u1BBA-\u1BE5\u1C00-\u1C23\u1C4D-\u1C4F\u1C5A-\u1C7D\u1C80-\u
[23m1C88\u1C90-\u1CBA\u1CBD-\u1CBF\u1CE9-\u1CEC\u1CEE-\u1CF3\u1CF5\u1CF6\u1CFA\u1D00
[23m-\u1DBF\u1E00-\u1F15\u1F18-\u1F1D\u1F20-\u1F45\u1F48-\u1F4D\u1F50-\u1F57\u1F59\u
[23m1F5B\u1F5D\u1F5F-\u1F7D\u1F80-\u1FB4\u1FB6-\u1FBC\u1FBE\u1FC2-\u1FC4\u1FC6-\u1FC
[23mC\u1FD0-\u1FD3\u1FD6-\u1FDB\u1FE0-\u1FEC\u1FF2-\u1FF4\u1FF6-\u1FFC\u2071\u207F\u
[23m2090-\u209C\u2102\u2107\u210A-\u2113\u2115\u2118-\u211D\u2124\u2126\u2128\u212A-
[23m\u2139\u213C-\u213F\u2145-\u2149\u214E\u2160-\u2188\u2C00-\u2C2E\u2C30-\u2C5E\u2
[23mC60-\u2CE4\u2CEB-\u2CEE\u2CF2\u2CF3\u2D00-\u2D25\u2D27\u2D2D\u2D30-\u2D67\u2D6F\
[23mu2D80-\u2D96\u2DA0-\u2DA6\u2DA8-\u2DAE\u2DB0-\u2DB6\u2DB8-\u2DBE\u2DC0-\u2DC6\u2
[23mDC8-\u2DCE\u2DD0-\u2DD6\u2DD8-\u2DDE\u3005-\u3007\u3021-\u3029\u3031-\u3035\u303
[23m8-\u303C\u3041-\u3096\u309B-\u309F\u30A1-\u30FA\u30FC-\u30FF\u3105-\u312F\u3131-
[23m\u318E\u31A0-\u31BF\u31F0-\u31FF\u3400-\u4DBF\u4E00-\u9FFC\uA000-\uA48C\uA4D0-\u
[23mA4FD\uA500-\uA60C\uA610-\uA61F\uA62A\uA62B\uA640-\uA66E\uA67F-\uA69D\uA6A0-\uA6E
[23mF\uA717-\uA71F\uA722-\uA788\uA78B-\uA7BF\uA7C2-\uA7CA\uA7F5-\uA801\uA803-\uA805\
[23muA807-\uA80A\uA80C-\uA822\uA840-\uA873\uA882-\uA8B3\uA8F2-\uA8F7\uA8FB\uA8FD\uA8
[23mFE\uA90A-\uA925\uA930-\uA946\uA960-\uA97C\uA984-\uA9B2\uA9CF\uA9E0-\uA9E4\uA9E6-
[23m\uA9EF\uA9FA-\uA9FE\uAA00-\uAA28\uAA40-\uAA42\uAA44-\uAA4B\uAA60-\uAA76\uAA7A\uA
[23mA7E-\uAAAF\uAAB1\uAAB5\uAAB6\uAAB9-\uAABD\uAAC0\uAAC2\uAADB-\uAADD\uAAE0-\uAAEA\
[23muAAF2-\uAAF4\uAB01-\uAB06\uAB09-\uAB0E\uAB11-\uAB16\uAB20-\uAB26\uAB28-\uAB2E\uA
[23mB30-\uAB5A\uAB5C-\uAB69\uAB70-\uABE2\uAC00-\uD7A3\uD7B0-\uD7C6\uD7CB-\uD7FB\uF90
[23m0-\uFA6D\uFA70-\uFAD9\uFB00-\uFB06\uFB13-\uFB17\uFB1D\uFB1F-\uFB28\uFB2A-\uFB36\
[23muFB38-\uFB3C\uFB3E\uFB40\uFB41\uFB43\uFB44\uFB46-\uFBB1\uFBD3-\uFD3D\uFD50-\uFD8
[23mF\uFD92-\uFDC7\uFDF0-\uFDFB\uFE70-\uFE74\uFE76-\uFEFC\uFF21-\uFF3A\uFF41-\uFF5A\
[23muFF66-\uFFBE\uFFC2-\uFFC7\uFFCA-\uFFCF\uFFD2-\uFFD7\uFFDA-\uFFDC]/[39m[33m,[39mt[33m.[39mcont[33m=[39m[35m/[0-9\
[23mxB7\u0300-\u036F\u0387\u0483-\u0487\u0591-\u05BD\u05BF\u05C1\u05C2\u05C4\u05C5\u
[23m05C7\u0610-\u061A\u064B-\u0669\u0670\u06D6-\u06DC\u06DF-\u06E4\u06E7\u06E8\u06EA
[23m-\u06ED\u06F0-\u06F9\u0711\u0730-\u074A\u07A6-\u07B0\u07C0-\u07C9\u07EB-\u07F3\u
[23m07FD\u0816-\u0819\u081B-\u0823\u0825-\u0827\u0829-\u082D\u0859-\u085B\u08D3-\u08
[23mE1\u08E3-\u0903\u093A-\u093C\u093E-\u094F\u0951-\u0957\u0962\u0963\u0966-\u096F\
[23mu0981-\u0983\u09BC\u09BE-\u09C4\u09C7\u09C8\u09CB-\u09CD\u09D7\u09E2\u09E3\u09E6
[23m-\u09EF\u09FE\u0A01-\u0A03\u0A3C\u0A3E-\u0A42\u0A47\u0A48\u0A4B-\u0A4D\u0A51\u0A
[23m66-\u0A71\u0A75\u0A81-\u0A83\u0ABC\u0ABE-\u0AC5\u0AC7-\u0AC9\u0ACB-\u0ACD\u0AE2\
[23mu0AE3\u0AE6-\u0AEF\u0AFA-\u0AFF\u0B01-\u0B03\u0B3C\u0B3E-\u0B44\u0B47\u0B48\u0B4
[23mB-\u0B4D\u0B55-\u0B57\u0B62\u0B63\u0B66-\u0B6F\u0B82\u0BBE-\u0BC2\u0BC6-\u0BC8\u
[23m0BCA-\u0BCD\u0BD7\u0BE6-\u0BEF\u0C00-\u0C04\u0C3E-\u0C44\u0C46-\u0C48\u0C4A-\u0C
[23m4D\u0C55\u0C56\u0C62\u0C63\u0C66-\u0C6F\u0C81-\u0C83\u0CBC\u0CBE-\u0CC4\u0CC6-\u
[23m0CC8\u0CCA-\u0CCD\u0CD5\u0CD6\u0CE2\u0CE3\u0CE6-\u0CEF\u0D00-\u0D03\u0D3B\u0D3C\
[23mu0D3E-\u0D44\u0D46-\u0D48\u0D4A-\u0D4D\u0D57\u0D62\u0D63\u0D66-\u0D6F\u0D81-\u0D
[23m83\u0DCA\u0DCF-\u0DD4\u0DD6\u0DD8-\u0DDF\u0DE6-\u0DEF\u0DF2\u0DF3\u0E31\u0E34-\u
[23m0E3A\u0E47-\u0E4E\u0E50-\u0E59\u0EB1\u0EB4-\u0EBC\u0EC8-\u0ECD\u0ED0-\u0ED9\u0F1
[23m8\u0F19\u0F20-\u0F29\u0F35\u0F37\u0F39\u0F3E\u0F3F\u0F71-\u0F84\u0F86\u0F87\u0F8
[23mD-\u0F97\u0F99-\u0FBC\u0FC6\u102B-\u103E\u1040-\u1049\u1056-\u1059\u105E-\u1060\
[23mu1062-\u1064\u1067-\u106D\u1071-\u1074\u1082-\u108D\u108F-\u109D\u135D-\u135F\u1
[23m369-\u1371\u1712-\u1714\u1732-\u1734\u1752\u1753\u1772\u1773\u17B4-\u17D3\u17DD\
[23mu17E0-\u17E9\u180B-\u180D\u1810-\u1819\u18A9\u1920-\u192B\u1930-\u193B\u1946-\u1
[23m94F\u19D0-\u19DA\u1A17-\u1A1B\u1A55-\u1A5E\u1A60-\u1A7C\u1A7F-\u1A89\u1A90-\u1A9
[23m9\u1AB0-\u1ABD\u1ABF\u1AC0\u1B00-\u1B04\u1B34-\u1B44\u1B50-\u1B59\u1B6B-\u1B73\u
[23m1B80-\u1B82\u1BA1-\u1BAD\u1BB0-\u1BB9\u1BE6-\u1BF3\u1C24-\u1C37\u1C40-\u1C49\u1C
[23m50-\u1C59\u1CD0-\u1CD2\u1CD4-\u1CE8\u1CED\u1CF4\u1CF7-\u1CF9\u1DC0-\u1DF9\u1DFB-
[23m\u1DFF\u200C\u200D\u203F\u2040\u2054\u20D0-\u20DC\u20E1\u20E5-\u20F0\u2CEF-\u2CF
[23m1\u2D7F\u2DE0-\u2DFF\u302A-\u302F\u3099\u309A\uA620-\uA629\uA66F\uA674-\uA67D\uA
[23m69E\uA69F\uA6F0\uA6F1\uA802\uA806\uA80B\uA823-\uA827\uA82C\uA880\uA881\uA8B4-\uA
[23m8C5\uA8D0-\uA8D9\uA8E0-\uA8F1\uA8FF-\uA909\uA926-\uA92D\uA947-\uA953\uA980-\uA98
[23m3\uA9B3-\uA9C0\uA9D0-\uA9D9\uA9E5\uA9F0-\uA9F9\uAA29-\uAA36\uAA43\uAA4C\uAA4D\uA
[23mA50-\uAA59\uAA7B-\uAA7D\uAAB0\uAAB2-\uAAB4\uAAB7\uAAB8\uAABE\uAABF\uAAC1\uAAEB-\
[23muAAEF\uAAF5\uAAF6\uABE3-\uABEA\uABEC\uABED\uABF0-\uABF9\uFB1E\uFE00-\uFE0F\uFE20
[23m-\uFE2F\uFE33\uFE34\uFE4D-\uFE4F\uFF10-\uFF19\uFF3F]/[39m}[33m,[39m[35m730[39m[33m:[39me[33m=>[39m{[32m"use
[23mstrict"[39m[33m;[39me[33m.[39mexports[33m=[39m{disable[33m:[39m{[36mnull[39m[33m:[39m[[32m"autolink"[39m[33m,[39m[32m"codeIndented"[39m[33m,[39m[32m"htmlFlow"[39m[33m,[39m[32m"htmlText
[23m"[39m]}}}[33m,[39m[35m7389[39m[33m:[39m(e[33m,[39mt[33m,[39mn)[33m=>[39m{[32m"use strict"[39m[33m;[39me[33m.[39mexports[33m=[39m[36mfunction[39m(e){[36mvar[39m
[23mt[33m,[39mn[33m,[39ms[33m=[39m{tokenize[33m:[39m[36mfunction[39m(s[33m,[39mc[33m,[39mp){[36mvar[39m h[33m,[39md[33m=[39m[36mthis[39m[33m,[39mf[33m=[39md[33m.[39mparser[33m.[39mdefinedModuleSpecifiers[33m|
[23m|[39m(d[33m.[39mparser[33m.[39mdefinedModuleSpecifiers[33m=[39m[])[33m,[39mm[33m=[39m[36mthis[39m[33m.[39mevents[33m.[39mlength[33m+[39m[35m1[39m[33m,[39mg[33m=[39m[35m0[39m[33m;[39m[36mreturn[39m
[23md[33m.[39minterrupt[33m?[39mp[33m:[39m[36mfunction[39m(e){[36mif[39m([35m101[39m[33m===[39me)h[33m=[39m[32m"export"[39m[33m;[39m[36melse[39m{[36mif[39m([35m105[39m[33m!==[39me)[36mthrow[39m [36mnew[39m
[23m[33mError[39m([32m"Expected `e` or `i`"[39m)[33m;[39mh[33m=[39m[32m"import"[39m}[36mreturn[39m [35m1[39m[33m!==[39md[33m.[39mnow()[33m.[39mcolumn[33m?[39mp(e)[33m:[39m(s[33m.[39menter(
[23m[32m"mdxjsEsm"[39m)[33m,[39ms[33m.[39menter([32m"mdxjsEsmData"[39m)[33m,[39mx(e))}[33m;[39m[36mfunction[39m x(e){[36mreturn[39m
[23me[33m===[39mh[33m.[39mcharCodeAt(g[33m++[39m)[33m?[39m(s[33m.[39mconsume(e)[33m,[39mg[33m===[39mh[33m.[39mlength[33m?[39my[33m:[39mx)[33m:[39mp(e)}[36mfunction[39m y(e){[36mreturn[39m
[23mi(e)[33m?[39m(s[33m.[39mconsume(e)[33m,[39mv)[33m:[39mp(e)}[36mfunction[39m v(e){[36mreturn[39m
[23m[36mnull[39m[33m===[39me[33m?[39m[33mE[39m(e)[33m:[39mr(e)[33m?[39ms[33m.[39mcheck(u[33m,[39m[33mE[39m[33m,[39m[33mA[39m)(e)[33m:[39m(s[33m.[39mconsume(e)[33m,[39mv)}[36mfunction[39m [33mA[39m(e){[36mreturn[39m
[23ms[33m.[39mexit([32m"mdxjsEsmData"[39m)[33m,[39mb(e)}[36mfunction[39m b(e){[36mreturn[39m r(e)[33m?[39m(s[33m.[39menter([32m"lineEnding"[39m)[33m,[39ms[33m.[39mc
[23monsume(e)[33m,[39ms[33m.[39mexit([32m"lineEnding"[39m)[33m,[39mb)[33m:[39m(s[33m.[39menter([32m"mdxjsEsmData"[39m)[33m,[39mv(e))}[36mfunction[39m
[23m[33mE[39m(r){[36mvar[39m i[33m,[39mu[33m,[39mp[33m,[39mh[33m;[39m[36mif[39m(s[33m.[39mexit([32m"mdxjsEsmData"[39m)[33m,[39mi[33m=[39ma(n[33m,[39mt[33m,[39md[33m.[39mevents[33m.[39mslice(m)[33m,[39m{prefix[33m:[39mf[33m.[39ml
[23mength[33m?[39m[32m"var "[39m[33m+[39mf[33m.[39mjoin([32m","[39m)[33m+[39m[32m"\n"[39m[33m:[39m[32m""[39m})[33m,[39m[36mnull[39m[33m!==[39mr[33m&&[39mi[33m.[39mswallow)[36mreturn[39m
[23mb(r)[33m;[39m[36mif[39m(i[33m.[39merror)[36mthrow[39m [36mnew[39m o([32m"Could not parse import/exports with acorn: "[39m[33m+[39m[33mString
[23m[39m(i[33m.[39merror)[33m,[39m{line[33m:[39mi[33m.[39merror[33m.[39mloc[33m.[39mline[33m,[39mcolumn[33m:[39mi[33m.[39merror[33m.[39mloc[33m.[39mcolumn[33m+[39m[35m1[39m[33m,[39moffset[33m:[39mi[33m.[39merror[33m.[39mpos}
[23m[33m,[39m[32m"micromark-extension-mdxjs-esm:acorn"[39m)[33m;[39m[36mfor[39m(u[33m=[39m[33m-[39m[35m1[39m[33m,[39mf[33m.[39mlength[33m&&[39mi[33m.[39mestree[33m.[39mbody[33m.[39mshift()
[23m[33m;[39m[33m++[39mu[33m<[39m[33mi[39m[33m.[39mestree[33m.[39mbody[33m.[39mlength[33m;[39m){[36mif[39m(h[33m=[39mi[33m.[39mestree[33m.[39mbody[u][33m,[39ml[33m.[39mindexOf(h[33m.[39mtype)[33m<[39m[35m0[39m)[36mthrow[39m [36mnew[39m
[23mo([32m"Unexpected `"[39m[33m+[39mh[33m.[39mtype[33m+[39m[32m"` in code: only import/exports are
[23msupported"[39m[33m,[39m{start[33m:[39m{line[33m:[39mh[33m.[39mloc[33m.[39mstart[33m.[39mline[33m,[39mcolumn[33m:[39mh[33m.[39mloc[33m.[39mstart[33m.[39mcolumn[33m+[39m[35m1[39m[33m,[39moffset[33m:[39mh[33m.[39mst
[23mart}[33m,[39mend[33m:[39m{line[33m:[39mh[33m.[39mloc[33m.[39mend[33m.[39mline[33m,[39mcolumn[33m:[39mh[33m.[39mloc[33m.[39mend[33m.[39mcolumn[33m+[39m[35m1[39m[33m,[39moffset[33m:[39mh[33m.[39mend}}[33m,[39m[32m"micromar
[23mk-extension-mdxjs-esm:non-esm"[39m)[33m;[39m[36mif[39m([32m"ImportDeclaration"[39m[33m===[39mh[33m.[39mtype[33m&&[39m[33m![39md[33m.[39minterrupt)[36mfo
[23mr[39m(p[33m=[39m[33m-[39m[35m1[39m[33m;[39m[33m++[39mp[33m<[39m[33mh[39m[33m.[39mspecifiers[33m.[39mlength[33m;[39m)f[33m.[39mpush(h[33m.[39mspecifiers[p][33m.[39mlocal[33m.[39mname)}[36mreturn[39m
[23mh[33m=[39ms[33m.[39mexit([32m"mdxjsEsm"[39m)[33m,[39me[33m.[39maddResult[33m&&[39m(h[33m.[39mestree[33m=[39mi[33m.[39mestree)[33m,[39mc(r)}}[33m,[39mconcrete[33m:[39m[33m![39m[35m0[39m}[33m;[39m[36mif[39m([33m![39me[33m|
[23m|[39m[33m![39me[33m.[39macorn[33m||[39m[33m![39me[33m.[39macorn[33m.[39mparse)[36mthrow[39m [36mnew[39m [33mError[39m([32m"Expected an `acorn` instance passed
[23min as `options.acorn`"[39m)[33m;[39m[36mreturn[39m n[33m=[39me[33m.[39macorn[33m,[39mt[33m=[39m[33mObject[39m[33m.[39massign({ecmaVersion[33m:[39m[35m2020[39m[33m,[39msourc
[23meType[33m:[39m[32m"module"[39m}[33m,[39me[33m.[39macornOptions[33m||[39m{})[33m,[39m{flow[33m:[39m{[35m101[39m[33m:[39ms[33m,[39m[35m105[39m[33m:[39ms}}}[33m;[39m[36mvar[39m r[33m=[39mn([35m7238[39m)[33m,[39mi[33m=[39mn([35m395[39m)
[33m,[39ms[33m=[39mn([35m6532[39m)[33m,[39ma[33m=[39mn([35m2407[39m)[33m,[39mo[33m=[39mn([35m734[39m)[33m,[39mu[33m=[39m{tokenize[33m:[39m[36mfunction[39m(e[33m,[39mt[33m,[39mn){[36mreturn[39m
[23m[36mfunction[39m(r){[36mreturn[39m
[23me[33m.[39mexit([32m"mdxjsEsmData"[39m)[33m,[39me[33m.[39menter([32m"lineEndingBlank"[39m)[33m,[39me[33m.[39mconsume(r)[33m,[39me[33m.[39mexit([32m"lineEndin
[23mgBlank"[39m)[33m,[39me[33m.[39mattempt(s[33m,[39mt[33m,[39mn)}}[33m,[39mpartial[33m:[39m[33m![39m[35m0[39m}[33m,[39ml[33m=[39m[[32m"ExportAllDeclaration"[39m[33m,[39m[32m"ExportDefault
[23mDeclaration"[39m[33m,[39m[32m"ExportNamedDeclaration"[39m[33m,[39m[32m"ImportDeclaration"[39m]}[33m,[39m[35m6242[39m[33m:[39m(e[33m,[39mt[33m,[39mn)[33m=>[39m{[36mvar[39m
[23mr[33m=[39mn([35m1234[39m)[33m,[39mi[33m=[39mn([35m5977[39m)[33m,[39ms[33m=[39mn([35m2952[39m)[33m,[39ma[33m=[39mn([35m1857[39m)[33m,[39mo[33m=[39mn([35m8951[39m)[33m,[39mu[33m=[39mn([35m730[39m)[33m,[39ml[33m=[39mn([35m7389[39m)[33m;[39me[33m.[39mexports[33m=[39m[36mf
[23munction[39m(e){[36mvar[39m t[33m=[39m[33mObject[39m[33m.[39massign({acorn[33m:[39mr[33m.[39m[33mParser[39m[33m.[39mextend(i())[33m,[39macornOptions[33m:[39m{ecmaVer
[23msion[33m:[39m[35m2020[39m[33m,[39msourceType[33m:[39m[32m"module"[39m}[33m,[39maddResult[33m:[39m[33m![39m[35m0[39m}[33m,[39me)[33m;[39m[36mreturn[39m
[23ms([l(t)[33m,[39ma(t)[33m,[39mo(t)[33m,[39mu])}}[33m,[39m[35m6734[39m[33m:[39m(e[33m,[39mt[33m,[39mn)[33m=>[39m{[32m"use strict"[39m[33m;[39m[36mvar[39m
[23mr[33m=[39mn([35m2841[39m)([35m/[A-Za-z]/[39m)[33m;[39me[33m.[39mexports[33m=[39mr}[33m,[39m[35m6712[39m[33m:[39m(e[33m,[39mt[33m,[39mn)[33m=>[39m{[32m"use strict"[39m[33m;[39m[36mvar[39m
[23mr[33m=[39mn([35m2841[39m)([35m/[\dA-Za-z]/[39m)[33m;[39me[33m.[39mexports[33m=[39mr}[33m,[39m[35m3571[39m[33m:[39m(e[33m,[39mt[33m,[39mn)[33m=>[39m{[32m"use strict"[39m[33m;[39m[36mvar[39m
[23mr[33m=[39mn([35m2841[39m)([35m/[#-'*+\--9=?A-Z^-~]/[39m)[33m;[39me[33m.[39mexports[33m=[39mr}[33m,[39m[35m9696[39m[33m:[39me[33m=>[39m{[32m"use
[23mstrict"[39m[33m;[39me[33m.[39mexports[33m=[39m[36mfunction[39m(e){[36mreturn[39m e[33m<[39m[35m32[39m[33m||[39m[35m127[39m[33m===[39me}}[33m,[39m[35m3977[39m[33m:[39m(e[33m,[39mt[33m,[39mn)[33m=>[39m{[32m"use
[23mstrict"[39m[33m;[39m[36mvar[39m r[33m=[39mn([35m2841[39m)([35m/\d/[39m)[33m;[39me[33m.[39mexports[33m=[39mr}[33m,[39m[35m6238[39m[33m:[39m(e[33m,[39mt[33m,[39mn)[33m=>[39m{[32m"use strict"[39m[33m;[39m[36mvar[39m
[23mr[33m=[39mn([35m2841[39m)([35m/[\dA-Fa-f]/[39m)[33m;[39me[33m.[39mexports[33m=[39mr}[33m,[39m[35m3074[39m[33m:[39m(e[33m,[39mt[33m,[39mn)[33m=>[39m{[32m"use strict"[39m[33m;[39m[36mvar[39m
[23mr[33m=[39mn([35m2841[39m)([35m/[!-/:-@[-`{-~]/[39m)[33m;[39me[33m.[39mexports[33m=[39mr}[33m,[39m[35m8367[39m[33m:[39me[33m=>[39m{[32m"use
[23mstrict"[39m[33m;[39me[33m.[39mexports[33m=[39m[36mfunction[39m(e){[36mreturn[39m e[33m<[39m[35m0[39m[33m||[39m[35m32[39m[33m===[39me}}[33m,[39m[35m7238[39m[33m:[39me[33m=>[39m{[32m"use
[23mstrict"[39m[33m;[39me[33m.[39mexports[33m=[39m[36mfunction[39m(e){[36mreturn[39m e[33m<[39m[33m-[39m[35m2[39m}}[33m,[39m[35m3654[39m[33m:[39me[33m=>[39m{[32m"use
[23mstrict"[39m[33m;[39me[33m.[39mexports[33m=[39m[36mfunction[39m(e){[36mreturn[39m[33m-[39m[35m2[39m[33m===[39me[33m||[39m[33m-[39m[35m1[39m[33m===[39me[33m||[39m[35m32[39m[33m===[39me}}[33m,[39m[35m6996[39m[33m:[39m(e[33m,[39mt[33m,[39mn)[33m=>[39m{[32m"use
[23m strict"[39m[33m;[39m[36mvar[39m r[33m=[39mn([35m6830[39m)[33m,[39mi[33m=[39mn([35m2841[39m)(r)[33m;[39me[33m.[39mexports[33m=[39mi}[33m,[39m[35m395[39m[33m:[39m(e[33m,[39mt[33m,[39mn)[33m=>[39m{[32m"use strict"[39m[33m;[39m[36mvar[39m
[23mr[33m=[39mn([35m2841[39m)([35m/\s/[39m)[33m;[39me[33m.[39mexports[33m=[39mr}[33m,[39m[35m9198[39m[33m:[39me[33m=>[39m{[32m"use strict"[39m[33m;[39m[36mvar[39m
[23mt[33m=[39m[33mObject[39m[33m.[39massign[33m;[39me[33m.[39mexports[33m=[39mt}[33m,[39m[35m3267[39m[33m:[39me[33m=>[39m{[32m"use strict"[39m[33m;[39m[36mvar[39m
[23mt[33m=[39m[33mString[39m[33m.[39mfromCharCode[33m;[39me[33m.[39mexports[33m=[39mt}[33m,[39m[35m6706[39m[33m:[39me[33m=>[39m{[32m"use strict"[39m[33m;[39m[36mvar[39m
[23mt[33m=[39m{}[33m.[39mhasOwnProperty[33m;[39me[33m.[39mexports[33m=[39mt}[33m,[39m[35m7139[39m[33m:[39me[33m=>[39m{[32m"use
[23mstrict"[39m[33m;[39me[33m.[39mexports[33m=[39m[[32m"address"[39m[33m,[39m[32m"article"[39m[33m,[39m[32m"aside"[39m[33m,[39m[32m"base"[39m[33m,[39m[32m"basefont"[39m[33m,[39m[32m"blockquote"[39m[33m,[39m[32m"b
[23mody"[39m[33m,[39m[32m"caption"[39m[33m,[39m[32m"center"[39m[33m,[39m[32m"col"[39m[33m,[39m[32m"colgroup"[39m[33m,[39m[32m"dd"[39m[33m,[39m[32m"details"[39m[33m,[39m[32m"dialog"[39m[33m,[39m[32m"dir"[39m[33m,[39m[32m"div"[39m[33m,[39m[32m"dl
[23m"[39m[33m,[39m[32m"dt"[39m[33m,[39m[32m"fieldset"[39m[33m,[39m[32m"figcaption"[39m[33m,[39m[32m"figure"[39m[33m,[39m[32m"footer"[39m[33m,[39m[32m"form"[39m[33m,[39m[32m"frame"[39m[33m,[39m[32m"frameset"[39m[33m,[39m[32m"h1"[39m[33m,
[23m[39m[32m"h2"[39m[33m,[39m[32m"h3"[39m[33m,[39m[32m"h4"[39m[33m,[39m[32m"h5"[39m[33m,[39m[32m"h6"[39m[33m,[39m[32m"head"[39m[33m,[39m[32m"header"[39m[33m,[39m[32m"hr"[39m[33m,[39m[32m"html"[39m[33m,[39m[32m"iframe"[39m[33m,[39m[32m"legend"[39m[33m,[39m[32m"li"[39m[33m,[39m[32m"lin
[23mk"[39m[33m,[39m[32m"main"[39m[33m,[39m[32m"menu"[39m[33m,[39m[32m"menuitem"[39m[33m,[39m[32m"nav"[39m[33m,[39m[32m"noframes"[39m[33m,[39m[32m"ol"[39m[33m,[39m[32m"optgroup"[39m[33m,[39m[32m"option"[39m[33m,[39m[32m"p"[39m[33m,[39m[32m"param
[23m"[39m[33m,[39m[32m"section"[39m[33m,[39m[32m"source"[39m[33m,[39m[32m"summary"[39m[33m,[39m[32m"table"[39m[33m,[39m[32m"tbody"[39m[33m,[39m[32m"td"[39m[33m,[39m[32m"tfoot"[39m[33m,[39m[32m"th"[39m[33m,[39m[32m"thead"[39m[33m,[39m[32m"title"
[23m[39m[33m,[39m[32m"tr"[39m[33m,[39m[32m"track"[39m[33m,[39m[32m"ul"[39m]}[33m,[39m[35m6871[39m[33m:[39me[33m=>[39m{[32m"use
[23mstrict"[39m[33m;[39me[33m.[39mexports[33m=[39m[[32m"pre"[39m[33m,[39m[32m"script"[39m[33m,[39m[32m"style"[39m[33m,[39m[32m"textarea"[39m]}[33m,[39m[35m1362[39m[33m:[39me[33m=>[39m{[32m"use strict"[39m[33m;[39m[36mvar[39m
[23m t[33m=[39m[][33m.[39msplice[33m;[39me[33m.[39mexports[33m=[39mt}[33m,[39m[35m6830[39m[33m:[39me[33m=>[39m{[32m"use strict"[39m[33m;[39me[33m.[39mexports[33m=[39m[35m/[!-\/:-@\[-`\{-~\xA1\
[23mxA7\xAB\xB6\xB7\xBB\xBF\u037E\u0387\u055A-\u055F\u0589\u058A\u05BE\u05C0\u05C3\u
[23m05C6\u05F3\u05F4\u0609\u060A\u060C\u060D\u061B\u061E\u061F\u066A-\u066D\u06D4\u0
[23m700-\u070D\u07F7-\u07F9\u0830-\u083E\u085E\u0964\u0965\u0970\u09FD\u0A76\u0AF0\u
[23m0C77\u0C84\u0DF4\u0E4F\u0E5A\u0E5B\u0F04-\u0F12\u0F14\u0F3A-\u0F3D\u0F85\u0FD0-\
[23mu0FD4\u0FD9\u0FDA\u104A-\u104F\u10FB\u1360-\u1368\u1400\u166E\u169B\u169C\u16EB-
[23m\u16ED\u1735\u1736\u17D4-\u17D6\u17D8-\u17DA\u1800-\u180A\u1944\u1945\u1A1E\u1A1
[23mF\u1AA0-\u1AA6\u1AA8-\u1AAD\u1B5A-\u1B60\u1BFC-\u1BFF\u1C3B-\u1C3F\u1C7E\u1C7F\u
[23m1CC0-\u1CC7\u1CD3\u2010-\u2027\u2030-\u2043\u2045-\u2051\u2053-\u205E\u207D\u207
[23mE\u208D\u208E\u2308-\u230B\u2329\u232A\u2768-\u2775\u27C5\u27C6\u27E6-\u27EF\u29
[23m83-\u2998\u29D8-\u29DB\u29FC\u29FD\u2CF9-\u2CFC\u2CFE\u2CFF\u2D70\u2E00-\u2E2E\u
[23m2E30-\u2E4F\u2E52\u3001-\u3003\u3008-\u3011\u3014-\u301F\u3030\u303D\u30A0\u30FB
[23m\uA4FE\uA4FF\uA60D-\uA60F\uA673\uA67E\uA6F2-\uA6F7\uA874-\uA877\uA8CE\uA8CF\uA8F
[23m8-\uA8FA\uA8FC\uA92E\uA92F\uA95F\uA9C1-\uA9CD\uA9DE\uA9DF\uAA5C-\uAA5F\uAADE\uAA
[23mDF\uAAF0\uAAF1\uABEB\uFD3E\uFD3F\uFE10-\uFE19\uFE30-\uFE52\uFE54-\uFE61\uFE63\uF
[23mE68\uFE6A\uFE6B\uFF01-\uFF03\uFF05-\uFF0A\uFF0C-\uFF0F\uFF1A\uFF1B\uFF1F\uFF20\u
[23mFF3B-\uFF3D\uFF3F\uFF5B\uFF5D\uFF5F-\uFF65]/[39m}[33m,[39m[35m6274[39m[33m:[39m(e[33m,[39mt[33m,[39mn)[33m=>[39m{[32m"use
[23mstrict"[39m[33m;[39m[33mObject[39m[33m.[39mdefineProperty(t[33m,[39m[32m"__esModule"[39m[33m,[39m{value[33m:[39m[33m![39m[35m0[39m})[33m;[39m[36mvar[39m
[23mr[33m=[39mn([35m7082[39m)[33m,[39mi[33m=[39mn([35m7542[39m)[33m,[39ms[33m=[39mn([35m1349[39m)[33m,[39ma[33m=[39mn([35m5485[39m)[33m,[39mo[33m=[39mn([35m9653[39m)[33m,[39mu[33m=[39mn([35m6713[39m)[33m,[39ml[33m=[39mn([35m6597[39m)[33m,[39mc[33m=[39mn([35m431[39m)[33m,[39mp
[23m[33m=[39mn([35m26[39m)[33m,[39mh[33m=[39mn([35m3865[39m)[33m,[39md[33m=[39mn([35m5694[39m)[33m,[39mf[33m=[39mn([35m5565[39m)[33m,[39mm[33m=[39mn([35m6872[39m)[33m,[39mg[33m=[39mn([35m8911[39m)[33m,[39mx[33m=[39mn([35m1294[39m)[33m,[39my[33m=[39mn([35m6215[39m)[33m,[39mv[33m=[39mn
[23m([35m534[39m)[33m,[39m[33mA[39m[33m=[39mn([35m2607[39m)[33m,[39mb[33m=[39mn([35m6931[39m)[33m,[39m[33mE[39m[33m=[39mn([35m5874[39m)[33m,[39m[33mC[39m[33m=[39mn([35m7039[39m)[33m,[39m[33mF[39m[33m=[39m{[35m42[39m[33m:[39mb[33m,[39m[35m43[39m[33m:[39mb[33m,[39m[35m45[39m[33m:[39mb[33m,[39m[35m48[39m[33m:[39mb[33m,[39m[35m49[39m[33m:[39mb[33m,[39m[35m50[39m[33m:[39mb[33m,[39m[35m5
[23m1[39m[33m:[39mb[33m,[39m[35m52[39m[33m:[39mb[33m,[39m[35m53[39m[33m:[39mb[33m,[39m[35m54[39m[33m:[39mb[33m,[39m[35m55[39m[33m:[39mb[33m,[39m[35m56[39m[33m:[39mb[33m,[39m[35m57[39m[33m:[39mb[33m,[39m[35m62[39m[33m:[39ma}[33m,[39mw[33m=[39m{[35m91[39m[33m:[39mh}[33m,[39mk[33m=[39m{[32m"-2"[39m[33m:[39mc[33m,[39m[32m"-1"[39m[33m:[39mc[33m,[39m[35m32[39m[33m:[39mc}[33m,[39m[33mD[39m[33m=[39m{[35m35[39m[33m:[39mf[33m,
[23m[39m[35m42[39m[33m:[39m[33mC[39m[33m,[39m[35m45[39m[33m:[39m[[33mE[39m[33m,[39m[33mC[39m][33m,[39m[35m60[39m[33m:[39mm[33m,[39m[35m61[39m[33m:[39m[33mE[39m[33m,[39m[35m95[39m[33m:[39m[33mC[39m[33m,[39m[35m96[39m[33m:[39ml[33m,[39m[35m126[39m[33m:[39ml}[33m,[39m[33mS[39m[33m=[39m{[35m38[39m[33m:[39mu[33m,[39m[35m92[39m[33m:[39mo}[33m,[39m[33mB[39m[33m=[39m{[32m"-5"[39m[33m:[39m[33mA[39m[33m,[39m[32m"-4"[39m[33m:[39m[33mA[39m[33m,[39m[32m"-3"[39m[33m:[39m[33mA[39m[33m,[39m[35m3
[23m3[39m[33m:[39my[33m,[39m[35m38[39m[33m:[39mu[33m,[39m[35m42[39m[33m:[39mi[33m,[39m[35m60[39m[33m:[39m[s[33m,[39mg][33m,[39m[35m91[39m[33m:[39mv[33m,[39m[35m92[39m[33m:[39m[d[33m,[39mo][33m,[39m[35m93[39m[33m:[39mx[33m,[39m[35m95[39m[33m:[39mi[33m,[39m[35m96[39m[33m:[39mp}[33m,[39m_[33m=[39m{[36mnull[39m[33m:[39m[i[33m,[39mr[33m.[39mresolver]}[33m;[39mt[33m.[39mc
[23montentInitial[33m=[39mw[33m,[39mt[33m.[39mdisable[33m=[39m{[36mnull[39m[33m:[39m[]}[33m,[39mt[33m.[39mdocument[33m=[39m[33mF[39m[33m,[39mt[33m.[39mflow[33m=[39m[33mD[39m[33m,[39mt[33m.[39mflowInitial[33m=[39mk[33m,[39mt[33m.[39minsi
[23mdeSpan[33m=[39m_[33m,[39mt[33m.[39mstring[33m=[39m[33mS[39m[33m,[39mt[33m.[39mtext[33m=[39m[33mB[39m}[33m,[39m[35m3745[39m[33m:[39m(e[33m,[39mt[33m,[39mn)[33m=>[39m{[32m"use
[23mstrict"[39m[33m;[39m[33mObject[39m[33m.[39mdefineProperty(t[33m,[39m[32m"__esModule"[39m[33m,[39m{value[33m:[39m[33m![39m[35m0[39m})[33m;[39m[36mvar[39m
[23mr[33m=[39mn([35m7238[39m)[33m,[39mi[33m=[39mn([35m2928[39m)[33m;[39mt[33m.[39mtokenize[33m=[39m[36mfunction[39m(e){[36mvar[39m t[33m,[39mn[33m=[39me[33m.[39mattempt([36mthis[39m[33m.[39mparser[33m.[39mconstru
[23mcts[33m.[39mcontentInitial[33m,[39m[36mfunction[39m(t){[36mif[39m([36mnull[39m[33m!==[39mt)[36mreturn[39m e[33m.[39menter([32m"lineEnding"[39m)[33m,[39me[33m.[39mconsum
[23me(t)[33m,[39me[33m.[39mexit([32m"lineEnding"[39m)[33m,[39mi(e[33m,[39mn[33m,[39m[32m"linePrefix"[39m)[33m;[39me[33m.[39mconsume(t)}[33m,[39m[36mfunction[39m(t){[36mreturn[39m
[23me[33m.[39menter([32m"paragraph"[39m)[33m,[39ms(t)})[33m;[39m[36mreturn[39m n[33m;[39m[36mfunction[39m s(n){[36mvar[39m
[23mr[33m=[39me[33m.[39menter([32m"chunkText"[39m[33m,[39m{contentType[33m:[39m[32m"text"[39m[33m,[39mprevious[33m:[39mt})[33m;[39m[36mreturn[39m
[23mt[33m&&[39m(t[33m.[39mnext[33m=[39mr)[33m,[39mt[33m=[39mr[33m,[39ma(n)}[36mfunction[39m a(t){[36mreturn[39m
[23m[36mnull[39m[33m===[39mt[33m?[39m(e[33m.[39mexit([32m"chunkText"[39m)[33m,[39me[33m.[39mexit([32m"paragraph"[39m)[33m,[39m[36mvoid[39m e[33m.[39mconsume(t))[33m:[39mr(t)[33m?[39m(e[33m.[39mcon
[23msume(t)[33m,[39me[33m.[39mexit([32m"chunkText"[39m)[33m,[39ms)[33m:[39m(e[33m.[39mconsume(t)[33m,[39ma)}}}[33m,[39m[35m4201[39m[33m:[39m(e[33m,[39mt[33m,[39mn)[33m=>[39m{[32m"use
[23mstrict"[39m[33m;[39m[33mObject[39m[33m.[39mdefineProperty(t[33m,[39m[32m"__esModule"[39m[33m,[39m{value[33m:[39m[33m![39m[35m0[39m})[33m;[39m[36mvar[39m
[23mr[33m=[39mn([35m7238[39m)[33m,[39mi[33m=[39mn([35m2928[39m)[33m,[39ms[33m=[39mn([35m6532[39m)[33m,[39ma[33m=[39m{tokenize[33m:[39m[36mfunction[39m(e[33m,[39mt[33m,[39mn){[36mreturn[39m
[23mi(e[33m,[39me[33m.[39mattempt([36mthis[39m[33m.[39mparser[33m.[39mconstructs[33m.[39mdocument[33m,[39mt[33m,[39mn)[33m,[39m[32m"linePrefix"[39m[33m,[39m[36mthis[39m[33m.[39mparser[33m.[39mcons
[23mtructs[33m.[39mdisable[33m.[39m[36mnull[39m[33m.[39mindexOf([32m"codeIndented"[39m)[33m>[39m[33m-[39m[35m1[39m[33m?[39m[36mvoid[39m
[23m[35m0[39m[33m:[39m[35m4[39m)}}[33m,[39mo[33m=[39m{tokenize[33m:[39m[36mfunction[39m(e[33m,[39mt[33m,[39mn){[36mreturn[39m
[23mi(e[33m,[39me[33m.[39mlazy([36mthis[39m[33m.[39mparser[33m.[39mconstructs[33m.[39mflow[33m,[39mt[33m,[39mn)[33m,[39m[32m"linePrefix"[39m[33m,[39m[36mthis[39m[33m.[39mparser[33m.[39mconstructs[33m.
[23m[39mdisable[33m.[39m[36mnull[39m[33m.[39mindexOf([32m"codeIndented"[39m)[33m>[39m[33m-[39m[35m1[39m[33m?[39m[36mvoid[39m [35m0[39m[33m:[39m[35m4[39m)}}[33m;[39mt[33m.[39mtokenize[33m=[39m[36mfunction[39m(e){[36mvar[39m
[23mt[33m,[39mn[33m,[39mi[33m,[39mu[33m=[39m[36mthis[39m[33m,[39ml[33m=[39m[][33m,[39mc[33m=[39m[35m0[39m[33m,[39mp[33m=[39m{tokenize[33m:[39m[36mfunction[39m(e[33m,[39mr){[36mvar[39m i[33m=[39m[35m0[39m[33m;[39m[36mreturn[39m t[33m=[39m{}[33m,[39mc[33m;[39m[36mfunction[39m
[23mc(r){[36mreturn[39m i[33m<[39m[33ml[39m[33m.[39mlength[33m?[39m(u[33m.[39mcontainerState[33m=[39ml[i][[35m1[39m][33m,[39me[33m.[39mattempt(l[i][[35m0[39m][33m.[39mcontinuation[33m,
[23m[39mp[33m,[39mh)(r))[33m:[39mn[33m.[39mcurrentConstruct[33m&&[39mn[33m.[39mcurrentConstruct[33m.[39mconcrete[33m?[39m(t[33m.[39mflowContinue[33m=[39m[33m![39m[35m0[39m[33m,[39mm(r)
[23m)[33m:[39m(u[33m.[39minterrupt[33m=[39mn[33m.[39mcurrentConstruct[33m&&[39mn[33m.[39mcurrentConstruct[33m.[39minterruptible[33m,[39mu[33m.[39mcontainerS
[23mtate[33m=[39m{}[33m,[39me[33m.[39mattempt(a[33m,[39mf[33m,[39mm)(r))}[36mfunction[39m p(e){[36mreturn[39m
[23mi[33m++[39m[33m,[39mu[33m.[39mcontainerState[33m.[39m_closeFlow[33m?[39mf(e)[33m:[39mc(e)}[36mfunction[39m h(t){[36mreturn[39m
[23mn[33m.[39mcurrentConstruct[33m&&[39mn[33m.[39mcurrentConstruct[33m.[39mlazy[33m?[39m(u[33m.[39mcontainerState[33m=[39m{}[33m,[39me[33m.[39mattempt(a[33m,[39mf[33m,[39me
[23m[33m.[39mattempt(o[33m,[39mf[33m,[39me[33m.[39mcheck(s[33m,[39mf[33m,[39md)))(t))[33m:[39mf(t)}[36mfunction[39m d(e){[36mreturn[39m
[23mi[33m=[39ml[33m.[39mlength[33m,[39mt[33m.[39mlazy[33m=[39m[33m![39m[35m0[39m[33m,[39mt[33m.[39mflowContinue[33m=[39m[33m![39m[35m0[39m[33m,[39mm(e)}[36mfunction[39m f(e){[36mreturn[39m
[23mt[33m.[39mflowEnd[33m=[39m[33m![39m[35m0[39m[33m,[39mm(e)}[36mfunction[39m m(e){[36mreturn[39m
[23mt[33m.[39mcontinued[33m=[39mi[33m,[39mu[33m.[39minterrupt[33m=[39mu[33m.[39mcontainerState[33m=[39m[36mvoid[39m [35m0[39m[33m,[39mr(e)}}[33m,[39mpartial[33m:[39m[33m![39m[35m0[39m}[33m;[39m[36mreturn[39m
[23mh[33m;[39m[36mfunction[39m h(t){[36mreturn[39m c[33m<[39m[33ml[39m[33m.[39mlength[33m?[39m(u[33m.[39mcontainerState[33m=[39ml[c][[35m1[39m][33m,[39me[33m.[39mattempt(l[c][[35m0[39m][33m.[39mco
[23mntinuation[33m,[39md[33m,[39mf)(t))[33m:[39mf(t)}[36mfunction[39m d(e){[36mreturn[39m c[33m++[39m[33m,[39mh(e)}[36mfunction[39m f(r){[36mreturn[39m
[23mt[33m&&[39mt[33m.[39mflowContinue[33m?[39mg(r)[33m:[39m(u[33m.[39minterrupt[33m=[39mn[33m&&[39mn[33m.[39mcurrentConstruct[33m&&[39mn[33m.[39mcurrentConstruct[33m.[39min
[23mterruptible[33m,[39mu[33m.[39mcontainerState[33m=[39m{}[33m,[39me[33m.[39mattempt(a[33m,[39mm[33m,[39mg)(r))}[36mfunction[39m m(e){[36mreturn[39m
[23ml[33m.[39mpush([u[33m.[39mcurrentConstruct[33m,[39mu[33m.[39mcontainerState])[33m,[39mu[33m.[39mcontainerState[33m=[39m[36mvoid[39m
[23m[35m0[39m[33m,[39mf(e)}[36mfunction[39m g(t){[36mreturn[39m [36mnull[39m[33m===[39mt[33m?[39m([33mA[39m([35m0[39m[33m,[39m[33m![39m[35m0[39m)[33m,[39m[36mvoid[39m
[23me[33m.[39mconsume(t))[33m:[39m(n[33m=[39mn[33m||[39mu[33m.[39mparser[33m.[39mflow(u[33m.[39mnow())[33m,[39me[33m.[39menter([32m"chunkFlow"[39m[33m,[39m{contentType[33m:[39m[32m"flo
[23mw"[39m[33m,[39mprevious[33m:[39mi[33m,[39m_tokenizer[33m:[39mn})[33m,[39mx(t))}[36mfunction[39m x(t){[36mreturn[39m
[23m[36mnull[39m[33m===[39mt[33m?[39m(v(e[33m.[39mexit([32m"chunkFlow"[39m))[33m,[39mg(t))[33m:[39mr(t)[33m?[39m(e[33m.[39mconsume(t)[33m,[39mv(e[33m.[39mexit([32m"chunkFlow"[39m))
[23m[33m,[39me[33m.[39mcheck(p[33m,[39my))[33m:[39m(e[33m.[39mconsume(t)[33m,[39mx)}[36mfunction[39m y(e){[36mreturn[39m
[23m[33mA[39m(t[33m.[39mcontinued[33m,[39mt[33m&&[39mt[33m.[39mflowEnd)[33m,[39mc[33m=[39m[35m0[39m[33m,[39mh(e)}[36mfunction[39m v(e){i[33m&&[39m(i[33m.[39mnext[33m=[39me)[33m,[39mi[33m=[39me[33m,[39mn[33m.[39mlazy[33m=[39mt[33m&&[39mt
[23m[33m.[39mlazy[33m,[39mn[33m.[39mdefineSkip(e[33m.[39mstart)[33m,[39mn[33m.[39mwrite(u[33m.[39msliceStream(e))}[36mfunction[39m [33mA[39m(t[33m,[39mr){[36mvar[39m
[23ms[33m=[39ml[33m.[39mlength[33m;[39m[36mfor[39m(n[33m&&[39mr[33m&&[39m(n[33m.[39mwrite([[36mnull[39m])[33m,[39mi[33m=[39mn[33m=[39m[36mvoid[39m [35m0[39m)[33m;[39ms[33m--[39m [33m>[39mt[33m;[39m)u[33m.[39mcontainerState[33m=[39ml[s][
[23m[35m1[39m][33m,[39ml[s][[35m0[39m][33m.[39mexit[33m.[39mcall(u[33m,[39me)[33m;[39ml[33m.[39mlength[33m=[39mt}}}[33m,[39m[35m2871[39m[33m:[39m(e[33m,[39mt[33m,[39mn)[33m=>[39m{[32m"use
[23mstrict"[39m[33m;[39m[33mObject[39m[33m.[39mdefineProperty(t[33m,[39m[32m"__esModule"[39m[33m,[39m{value[33m:[39m[33m![39m[35m0[39m})[33m;[39m[36mvar[39m
[23mr[33m=[39mn([35m4590[39m)[33m,[39mi[33m=[39mn([35m2928[39m)[33m,[39ms[33m=[39mn([35m6532[39m)[33m;[39mt[33m.[39mtokenize[33m=[39m[36mfunction[39m(e){[36mvar[39m
[23mt[33m=[39m[36mthis[39m[33m,[39mn[33m=[39me[33m.[39mattempt(s[33m,[39m[36mfunction[39m(r){[36mif[39m([36mnull[39m[33m!==[39mr)[36mreturn[39m e[33m.[39menter([32m"lineEndingBlank"[39m)[33m,[39me
[23m[33m.[39mconsume(r)[33m,[39me[33m.[39mexit([32m"lineEndingBlank"[39m)[33m,[39mt[33m.[39mcurrentConstruct[33m=[39m[36mvoid[39m
[23m[35m0[39m[33m,[39mn[33m;[39me[33m.[39mconsume(r)}[33m,[39me[33m.[39mattempt([36mthis[39m[33m.[39mparser[33m.[39mconstructs[33m.[39mflowInitial[33m,[39ma[33m,[39mi(e[33m,[39me[33m.[39mattempt([36mt
[23mhis[39m[33m.[39mparser[33m.[39mconstructs[33m.[39mflow[33m,[39ma[33m,[39me[33m.[39mattempt(r[33m,[39ma))[33m,[39m[32m"linePrefix"[39m)))[33m;[39m[36mreturn[39m n[33m;[39m[36mfunction[39m
[23ma(r){[36mif[39m([36mnull[39m[33m!==[39mr)[36mreturn[39m
[23me[33m.[39menter([32m"lineEnding"[39m)[33m,[39me[33m.[39mconsume(r)[33m,[39me[33m.[39mexit([32m"lineEnding"[39m)[33m,[39mt[33m.[39mcurrentConstruct[33m=[39m[36mvoid[39m
[23m[35m0[39m[33m,[39mn[33m;[39me[33m.[39mconsume(r)}}}[33m,[39m[35m7082[39m[33m:[39m(e[33m,[39mt[33m,[39mn)[33m=>[39m{[32m"use
[23mstrict"[39m[33m;[39m[33mObject[39m[33m.[39mdefineProperty(t[33m,[39m[32m"__esModule"[39m[33m,[39m{value[33m:[39m[33m![39m[35m0[39m})[33m;[39m[36mvar[39m
[23mr[33m=[39mn([35m9198[39m)[33m,[39mi[33m=[39mn([35m5923[39m)[33m,[39ms[33m=[39mu([32m"text"[39m)[33m,[39ma[33m=[39mu([32m"string"[39m)[33m,[39mo[33m=[39m{resolveAll[33m:[39ml()}[33m;[39m[36mfunction[39m
[23mu(e){[36mreturn[39m{tokenize[33m:[39m[36mfunction[39m(t){[36mvar[39m
[23mn[33m=[39m[36mthis[39m[33m,[39mr[33m=[39m[36mthis[39m[33m.[39mparser[33m.[39mconstructs[e][33m,[39mi[33m=[39mt[33m.[39mattempt(r[33m,[39ms[33m,[39ma)[33m;[39m[36mreturn[39m s[33m;[39m[36mfunction[39m
[23ms(e){[36mreturn[39m u(e)[33m?[39mi(e)[33m:[39ma(e)}[36mfunction[39m a(e){[36mif[39m([36mnull[39m[33m!==[39me)[36mreturn[39m
[23mt[33m.[39menter([32m"data"[39m)[33m,[39mt[33m.[39mconsume(e)[33m,[39mo[33m;[39mt[33m.[39mconsume(e)}[36mfunction[39m o(e){[36mreturn[39m
[23mu(e)[33m?[39m(t[33m.[39mexit([32m"data"[39m)[33m,[39mi(e))[33m:[39m(t[33m.[39mconsume(e)[33m,[39mo)}[36mfunction[39m u(e){[36mvar[39m
[23mt[33m=[39mr[e][33m,[39mi[33m=[39m[33m-[39m[35m1[39m[33m;[39m[36mif[39m([36mnull[39m[33m===[39me)[36mreturn[39m[33m![39m[35m0[39m[33m;[39m[36mif[39m(t)[36mfor[39m([33m;[39m[33m++[39mi[33m<[39m[33mt[39m[33m.[39mlength[33m;[39m)[36mif[39m([33m![39mt[i][33m.[39mprevious[33m||[39mt[i]
[23m[33m.[39mprevious[33m.[39mcall(n[33m,[39mn[33m.[39mprevious))[36mreturn[39m[33m![39m[35m0[39m}}[33m,[39mresolveAll[33m:[39ml([32m"text"[39m[33m===[39me[33m?[39mc[33m:[39m[36mvoid[39m
[23m[35m0[39m)}}[36mfunction[39m l(e){[36mreturn[39m [36mfunction[39m(t[33m,[39mn){[36mfor[39m([36mvar[39m r[33m,[39mi[33m=[39m[33m-[39m[35m1[39m[33m;[39m[33m++[39mi[33m<=[39mt[33m.[39mlength[33m;[39m)[36mvoid[39m
[23m[35m0[39m[33m===[39mr[33m?[39mt[i][33m&&[39m[32m"data"[39m[33m===[39mt[i][[35m1[39m][33m.[39mtype[33m&&[39m(r[33m=[39mi[33m,[39mi[33m++[39m)[33m:[39mt[i][33m&&[39m[32m"data"[39m[33m===[39mt[i][[35m1[39m][33m.[39mtype[33m||[39m(i[33m!==[39mr
[23m[33m+[39m[35m2[39m[33m&&[39m(t[r][[35m1[39m][33m.[39mend[33m=[39mt[i[33m-[39m[35m1[39m][[35m1[39m][33m.[39mend[33m,[39mt[33m.[39msplice(r[33m+[39m[35m2[39m[33m,[39mi[33m-[39mr[33m-[39m[35m2[39m)[33m,[39mi[33m=[39mr[33m+[39m[35m2[39m)[33m,[39mr[33m=[39m[36mvoid[39m [35m0[39m)[33m;[39m[36mreturn[39m
[23me[33m?[39me(t[33m,[39mn)[33m:[39mt}}[36mfunction[39m c(e[33m,[39mt){[36mfor[39m([36mvar[39m n[33m,[39ms[33m,[39ma[33m,[39mo[33m,[39mu[33m,[39ml[33m,[39mc[33m,[39mp[33m,[39mh[33m=[39m[33m-[39m[35m1[39m[33m;[39m[33m++[39mh[33m<=[39me[33m.[39mlength[33m;[39m)[36mif[39m((h[33m===
[23m[39me[33m.[39mlength[33m||[39m[32m"lineEnding"[39m[33m===[39me[h][[35m1[39m][33m.[39mtype)[33m&&[39m[32m"data"[39m[33m===[39me[h[33m-[39m[35m1[39m][[35m1[39m][33m.[39mtype){[36mfor[39m(s[33m=[39me[h[33m-[39m[35m1[39m][[35m1[39m]
[22m[33m,[39mo[33m=[39m(n[33m=[39mt[33m.[39msliceStream(s))[33m.[39mlength[33m,[39mu[33m=[39m[33m-[39m[35m1[39m[33m,[39ml[33m=[39m[35m0[39m[33m,[39mc[33m=[39m[36mvoid[39m [35m0[39m[33m;[39mo[33m--[39m[33m;[39m)[36mif[39m([32m"string"[39m[33m==[39m[36mtypeof[39m(a[33m=[39mn[o]
[23m)){[36mfor[39m(u[33m=[39ma[33m.[39mlength[33m;[39m[35m32[39m[33m===[39ma[33m.[39mcharCodeAt(u[33m-[39m[35m1[39m)[33m;[39m)l[33m++[39m[33m,[39mu[33m--[39m[33m;[39m[36mif[39m(u)[36mbreak[39m[33m;[39mu[33m=[39m[33m-[39m[35m1[39m}[36melse[39m
[23m[36mif[39m([33m-[39m[35m2[39m[33m===[39ma)c[33m=[39m[33m![39m[35m0[39m[33m,[39ml[33m++[39m[33m;[39m[36melse[39m [36mif[39m([33m-[39m[35m1[39m[33m!==[39ma){o[33m++[39m[33m;[39m[36mbreak[39m}l[33m&&[39m(p[33m=[39m{type[33m:[39mh[33m===[39me[33m.[39mlength[33m||[39mc[33m||[39ml[33m<[39m[35m2[39m[33m?[39m[32m"l
[23mineSuffix"[39m[33m:[39m[32m"hardBreakTrailing"[39m[33m,[39mstart[33m:[39m{line[33m:[39ms[33m.[39mend[33m.[39mline[33m,[39mcolumn[33m:[39ms[33m.[39mend[33m.[39mcolumn[33m-[39ml[33m,[39moffs
[23met[33m:[39ms[33m.[39mend[33m.[39moffset[33m-[39ml[33m,[39m_index[33m:[39ms[33m.[39mstart[33m.[39m_index[33m+[39mo[33m,[39m_bufferIndex[33m:[39mo[33m?[39mu[33m:[39ms[33m.[39mstart[33m.[39m_bufferIndex[33m+
[23m[39mu}[33m,[39mend[33m:[39mi(s[33m.[39mend)}[33m,[39ms[33m.[39mend[33m=[39mi(p[33m.[39mstart)[33m,[39ms[33m.[39mstart[33m.[39moffset[33m===[39ms[33m.[39mend[33m.[39moffset[33m?[39mr(s[33m,[39mp)[33m:[39m(e[33m.[39msplice
[23m(h[33m,[39m[35m0[39m[33m,[39m[[32m"enter"[39m[33m,[39mp[33m,[39mt][33m,[39m[[32m"exit"[39m[33m,[39mp[33m,[39mt])[33m,[39mh[33m+=[39m[35m2[39m))[33m,[39mh[33m++[39m}[36mreturn[39m
[23me}t[33m.[39mresolver[33m=[39mo[33m,[39mt[33m.[39mstring[33m=[39ma[33m,[39mt[33m.[39mtext[33m=[39ms}[33m,[39m[35m2976[39m[33m:[39m(e[33m,[39mt[33m,[39mn)[33m=>[39m{[32m"use strict"[39m[33m;[39m[36mvar[39m
[23mr[33m=[39mn([35m3745[39m)[33m,[39mi[33m=[39mn([35m4201[39m)[33m,[39ms[33m=[39mn([35m2871[39m)[33m,[39ma[33m=[39mn([35m7082[39m)[33m,[39mo[33m=[39mn([35m2952[39m)[33m,[39mu[33m=[39mn([35m1388[39m)[33m,[39ml[33m=[39mn([35m8180[39m)[33m,[39mc[33m=[39mn([35m6274[39m)[33m;
[23m[39me[33m.[39mexports[33m=[39m[36mfunction[39m(e){[36mvar[39m
[23mt[33m=[39m{defined[33m:[39m[][33m,[39mconstructs[33m:[39mo([c][33m.[39mconcat(l((e[33m||[39m{})[33m.[39mextensions)))[33m,[39mcontent[33m:[39mn(r)[33m,[39mdocum
[23ment[33m:[39mn(i)[33m,[39mflow[33m:[39mn(s)[33m,[39mstring[33m:[39mn(a[33m.[39mstring)[33m,[39mtext[33m:[39mn(a[33m.[39mtext)}[33m;[39m[36mreturn[39m t[33m;[39m[36mfunction[39m
[23mn(e){[36mreturn[39m [36mfunction[39m(n){[36mreturn[39m u(t[33m,[39me[33m,[39mn)}}}}[33m,[39m[35m1242[39m[33m:[39m(e[33m,[39mt[33m,[39mn)[33m=>[39m{[32m"use strict"[39m[33m;[39m[36mvar[39m
[23mr[33m=[39mn([35m4423[39m)[33m;[39me[33m.[39mexports[33m=[39m[36mfunction[39m(e){[36mfor[39m([33m;[39m[33m![39mr(e)[33m;[39m)[33m;[39m[36mreturn[39m e}}[33m,[39m[35m162[39m[33m:[39me[33m=>[39m{[32m"use strict"[39m[33m;[39m[36mvar[39m
[23m t[33m=[39m[35m/[\0\t\n\r]/g[39m[33m;[39me[33m.[39mexports[33m=[39m[36mfunction[39m(){[36mvar[39m e[33m,[39mn[33m=[39m[33m![39m[35m0[39m[33m,[39mr[33m=[39m[35m1[39m[33m,[39mi[33m=[39m[32m""[39m[33m;[39m[36mreturn[39m
[23m[36mfunction[39m(s[33m,[39ma[33m,[39mo){[36mvar[39m u[33m,[39ml[33m,[39mc[33m,[39mp[33m,[39mh[33m,[39md[33m=[39m[][33m;[39m[36mfor[39m(s[33m=[39mi[33m+[39ms[33m.[39mtoString(a)[33m,[39mc[33m=[39m[35m0[39m[33m,[39mi[33m=[39m[32m""[39m[33m,[39mn[33m&&[39m([35m65279[39m[33m===[39ms[33m.
[23m[39mcharCodeAt([35m0[39m)[33m&&[39mc[33m++[39m[33m,[39mn[33m=[39m[36mvoid[39m
[23m[35m0[39m)[33m;[39mc[33m<[39m[33ms[39m[33m.[39mlength[33m;[39m){[36mif[39m(t[33m.[39mlastIndex[33m=[39mc[33m,[39mp[33m=[39m(u[33m=[39mt[33m.[39mexec(s))[33m?[39mu[33m.[39mindex[33m:[39ms[33m.[39mlength[33m,[39mh[33m=[39ms[33m.[39mcharCodeAt
[23m(p)[33m,[39m[33m![39mu){i[33m=[39ms[33m.[39mslice(c)[33m;[39m[36mbreak[39m}[36mif[39m([35m10[39m[33m===[39mh[33m&&[39mc[33m===[39mp[33m&&[39me)d[33m.[39mpush([33m-[39m[35m3[39m)[33m,[39me[33m=[39m[36mvoid[39m [35m0[39m[33m;[39m[36melse[39m
[23m[36mif[39m(e[33m&&[39m(d[33m.[39mpush([33m-[39m[35m5[39m)[33m,[39me[33m=[39m[36mvoid[39m
[23m[35m0[39m)[33m,[39mc[33m<[39m[33mp[39m[33m&&[39m(d[33m.[39mpush(s[33m.[39mslice(c[33m,[39mp))[33m,[39mr[33m+=[39mp[33m-[39mc)[33m,[39m[35m0[39m[33m===[39mh)d[33m.[39mpush([35m65533[39m)[33m,[39mr[33m++[39m[33m;[39m[36melse[39m
[23m[36mif[39m([35m9[39m[33m===[39mh)[36mfor[39m(l[33m=[39m[35m4[39m[33m*[39m[33mMath[39m[33m.[39mceil(r[33m/[39m[35m4[39m)[33m,[39md[33m.[39mpush([33m-[39m[35m2[39m)[33m;[39mr[33m++[39m[33m<[39m[33ml[39m[33m;[39m)d[33m.[39mpush([33m-[39m[35m1[39m)[33m;[39m[36melse[39m
[23m[35m10[39m[33m===[39mh[33m?[39m(d[33m.[39mpush([33m-[39m[35m4[39m)[33m,[39mr[33m=[39m[35m1[39m)[33m:[39m(e[33m=[39m[33m![39m[35m0[39m[33m,[39mr[33m=[39m[35m1[39m)[33m;[39mc[33m=[39mp[33m+[39m[35m1[39m}[36mreturn[39m
[23mo[33m&&[39m(e[33m&&[39md[33m.[39mpush([33m-[39m[35m5[39m)[33m,[39mi[33m&&[39md[33m.[39mpush(i)[33m,[39md[33m.[39mpush([36mnull[39m))[33m,[39md}}}[33m,[39m[35m7542[39m[33m:[39m(e[33m,[39mt[33m,[39mn)[33m=>[39m{[32m"use
[23mstrict"[39m[33m;[39m[36mvar[39m r[33m=[39mn([35m8811[39m)[33m,[39mi[33m=[39mn([35m6808[39m)[33m,[39ms[33m=[39mn([35m9444[39m)[33m,[39ma[33m=[39mn([35m5644[39m)[33m,[39mo[33m=[39mn([35m8280[39m)[33m,[39mu[33m=[39mn([35m5923[39m)[33m,[39ml[33m=[39m{name[33m:
[23m[39m[32m"attention"[39m[33m,[39mtokenize[33m:[39m[36mfunction[39m(e[33m,[39mt){[36mvar[39m n[33m,[39mr[33m=[39ms([36mthis[39m[33m.[39mprevious)[33m;[39m[36mreturn[39m
[23m[36mfunction[39m(t){[36mreturn[39m e[33m.[39menter([32m"attentionSequence"[39m)[33m,[39mn[33m=[39mt[33m,[39mi(t)}[33m;[39m[36mfunction[39m i(a){[36mvar[39m
[23mo[33m,[39mu[33m,[39ml[33m,[39mc[33m;[39m[36mreturn[39m a[33m===[39mn[33m?[39m(e[33m.[39mconsume(a)[33m,[39mi)[33m:[39m(o[33m=[39me[33m.[39mexit([32m"attentionSequence"[39m)[33m,[39ml[33m=[39m[33m![39m(u[33m=[39ms(a))
[23m[33m||[39m[35m2[39m[33m===[39mu[33m&&[39mr[33m,[39mc[33m=[39m[33m![39mr[33m||[39m[35m2[39m[33m===[39mr[33m&&[39mu[33m,[39mo[33m.[39m_open[33m=[39m[35m42[39m[33m===[39mn[33m?[39ml[33m:[39ml[33m&&[39m(r[33m||[39m[33m![39mc)[33m,[39mo[33m.[39m_close[33m=[39m[35m42[39m[33m===[39mn[33m?[39mc[33m:[39mc[33m&&[39m(u[33m||[39m[33m!
[23m[39ml)[33m,[39mt(a))}}[33m,[39mresolveAll[33m:[39m[36mfunction[39m(e[33m,[39mt){[36mfor[39m([36mvar[39m
[23mn[33m,[39ms[33m,[39ml[33m,[39mc[33m,[39mp[33m,[39mh[33m,[39md[33m,[39mf[33m,[39mm[33m=[39m[33m-[39m[35m1[39m[33m;[39m[33m++[39mm[33m<[39m[33me[39m[33m.[39mlength[33m;[39m)[36mif[39m([32m"enter"[39m[33m===[39me[m][[35m0[39m][33m&&[39m[32m"attentionSequence"[39m[33m===[39me
[23m[m][[35m1[39m][33m.[39mtype[33m&&[39me[m][[35m1[39m][33m.[39m_close)[36mfor[39m(n[33m=[39mm[33m;[39mn[33m--[39m[33m;[39m)[36mif[39m([32m"exit"[39m[33m===[39me[n][[35m0[39m][33m&&[39m[32m"attentionSequence
[23m"[39m[33m===[39me[n][[35m1[39m][33m.[39mtype[33m&&[39me[n][[35m1[39m][33m.[39m_open[33m&&[39mt[33m.[39msliceSerialize(e[n][[35m1[39m])[33m.[39mcharCodeAt([35m0[39m)[33m===[39mt[33m.[39msli
[23mceSerialize(e[m][[35m1[39m])[33m.[39mcharCodeAt([35m0[39m)){[36mif[39m((e[n][[35m1[39m][33m.[39m_close[33m||[39me[m][[35m1[39m][33m.[39m_open)[33m&&[39m(e[m][[35m1[39m]
[22m[33m.[39mend[33m.[39moffset[33m-[39me[m][[35m1[39m][33m.[39mstart[33m.[39moffset)[33m%[39m[35m3[39m[33m&&[39m[33m![39m((e[n][[35m1[39m][33m.[39mend[33m.[39moffset[33m-[39me[n][[35m1[39m][33m.[39mstart[33m.[39moffset[33m+
[23m[39me[m][[35m1[39m][33m.[39mend[33m.[39moffset[33m-[39me[m][[35m1[39m][33m.[39mstart[33m.[39moffset)[33m%[39m[35m3[39m))[36mcontinue[39m[33m;[39mc[33m=[39m{type[33m:[39m(h[33m=[39me[n][[35m1[39m][33m.[39mend[33m.[39moffs
[23met[33m-[39me[n][[35m1[39m][33m.[39mstart[33m.[39moffset[33m>[39m[35m1[39m[33m&&[39me[m][[35m1[39m][33m.[39mend[33m.[39moffset[33m-[39me[m][[35m1[39m][33m.[39mstart[33m.[39moffset[33m>[39m[35m1[39m[33m?[39m[35m2[39m[33m:[39m[35m1[39m)[33m>[39m[35m1[39m[33m?[39m[32m"str
[23mongSequence"[39m[33m:[39m[32m"emphasisSequence"[39m[33m,[39mstart[33m:[39ma(u(e[n][[35m1[39m][33m.[39mend)[33m,[39m[33m-[39mh)[33m,[39mend[33m:[39mu(e[n][[35m1[39m][33m.[39mend)}[33m,[39mp
[23m[33m=[39m{type[33m:[39mh[33m>[39m[35m1[39m[33m?[39m[32m"strongSequence"[39m[33m:[39m[32m"emphasisSequence"[39m[33m,[39mstart[33m:[39mu(e[m][[35m1[39m][33m.[39mstart)[33m,[39mend[33m:[39ma(u(e[
[23mm][[35m1[39m][33m.[39mstart)[33m,[39mh)}[33m,[39ml[33m=[39m{type[33m:[39mh[33m>[39m[35m1[39m[33m?[39m[32m"strongText"[39m[33m:[39m[32m"emphasisText"[39m[33m,[39mstart[33m:[39mu(e[n][[35m1[39m][33m.[39mend)[33m,[39men
[23md[33m:[39mu(e[m][[35m1[39m][33m.[39mstart)}[33m,[39ms[33m=[39m{type[33m:[39mh[33m>[39m[35m1[39m[33m?[39m[32m"strong"[39m[33m:[39m[32m"emphasis"[39m[33m,[39mstart[33m:[39mu(c[33m.[39mstart)[33m,[39mend[33m:[39mu(p[33m.[39mend
[23m)}[33m,[39me[n][[35m1[39m][33m.[39mend[33m=[39mu(c[33m.[39mstart)[33m,[39me[m][[35m1[39m][33m.[39mstart[33m=[39mu(p[33m.[39mend)[33m,[39md[33m=[39m[][33m,[39me[n][[35m1[39m][33m.[39mend[33m.[39moffset[33m-[39me[n][[35m1[39m]
[22m[33m.[39mstart[33m.[39moffset[33m&&[39m(d[33m=[39mr(d[33m,[39m[[[32m"enter"[39m[33m,[39me[n][[35m1[39m][33m,[39mt][33m,[39m[[32m"exit"[39m[33m,[39me[n][[35m1[39m][33m,[39mt]]))[33m,[39md[33m=[39mr(d[33m,[39m[[[32m"enter"
[23m[39m[33m,[39ms[33m,[39mt][33m,[39m[[32m"enter"[39m[33m,[39mc[33m,[39mt][33m,[39m[[32m"exit"[39m[33m,[39mc[33m,[39mt][33m,[39m[[32m"enter"[39m[33m,[39ml[33m,[39mt]])[33m,[39md[33m=[39mr(d[33m,[39mo(t[33m.[39mparser[33m.[39mconstructs[33m.[39mins
[23mideSpan[33m.[39m[36mnull[39m[33m,[39me[33m.[39mslice(n[33m+[39m[35m1[39m[33m,[39mm)[33m,[39mt))[33m,[39md[33m=[39mr(d[33m,[39m[[[32m"exit"[39m[33m,[39ml[33m,[39mt][33m,[39m[[32m"enter"[39m[33m,[39mp[33m,[39mt][33m,[39m[[32m"exit"[39m[33m,[39mp[33m,[39mt][33m,[39m[
[23m[32m"exit"[39m[33m,[39ms[33m,[39mt]])[33m,[39me[m][[35m1[39m][33m.[39mend[33m.[39moffset[33m-[39me[m][[35m1[39m][33m.[39mstart[33m.[39moffset[33m?[39m(f[33m=[39m[35m2[39m[33m,[39md[33m=[39mr(d[33m,[39m[[[32m"enter"[39m[33m,[39me[m][
[23m[35m1[39m][33m,[39mt][33m,[39m[[32m"exit"[39m[33m,[39me[m][[35m1[39m][33m,[39mt]]))[33m:[39mf[33m=[39m[35m0[39m[33m,[39mi(e[33m,[39mn[33m-[39m[35m1[39m[33m,[39mm[33m-[39mn[33m+[39m[35m3[39m[33m,[39md)[33m,[39mm[33m=[39mn[33m+[39md[33m.[39mlength[33m-[39mf[33m-[39m[35m2[39m[33m;[39m[36mbreak[39m}[36mfor[39m(m[33m=[39m[33m-[39m[35m1
[23m[39m[33m;[39m[33m++[39mm[33m<[39m[33me[39m[33m.[39mlength[33m;[39m)[32m"attentionSequence"[39m[33m===[39me[m][[35m1[39m][33m.[39mtype[33m&&[39m(e[m][[35m1[39m][33m.[39mtype[33m=[39m[32m"data"[39m)[33m;[39m[36mreturn[39m
[23me}}[33m;[39me[33m.[39mexports[33m=[39ml}[33m,[39m[35m1349[39m[33m:[39m(e[33m,[39mt[33m,[39mn)[33m=>[39m{[32m"use strict"[39m[33m;[39m[36mvar[39m r[33m=[39mn([35m6734[39m)[33m,[39mi[33m=[39mn([35m6712[39m)[33m,[39ms[33m=[39mn([35m3571[39m)[33m,[39ma
[23m[33m=[39mn([35m9696[39m)[33m,[39mo[33m=[39m{name[33m:[39m[32m"autolink"[39m[33m,[39mtokenize[33m:[39m[36mfunction[39m(e[33m,[39mt[33m,[39mn){[36mvar[39m o[33m=[39m[35m1[39m[33m;[39m[36mreturn[39m
[23m[36mfunction[39m(t){[36mreturn[39m e[33m.[39menter([32m"autolink"[39m)[33m,[39me[33m.[39menter([32m"autolinkMarker"[39m)[33m,[39me[33m.[39mconsume(t)[33m,[39me[33m.
[23m[39mexit([32m"autolinkMarker"[39m)[33m,[39me[33m.[39menter([32m"autolinkProtocol"[39m)[33m,[39mu}[33m;[39m[36mfunction[39m u(t){[36mreturn[39m
[23mr(t)[33m?[39m(e[33m.[39mconsume(t)[33m,[39ml)[33m:[39ms(t)[33m?[39mh(t)[33m:[39mn(t)}[36mfunction[39m l(e){[36mreturn[39m
[23m[35m43[39m[33m===[39me[33m||[39m[35m45[39m[33m===[39me[33m||[39m[35m46[39m[33m===[39me[33m||[39mi(e)[33m?[39mc(e)[33m:[39mh(e)}[36mfunction[39m c(t){[36mreturn[39m [35m58[39m[33m===[39mt[33m?[39m(e[33m.[39mconsume(t)
[23m[33m,[39mp)[33m:[39m([35m43[39m[33m===[39mt[33m||[39m[35m45[39m[33m===[39mt[33m||[39m[35m46[39m[33m===[39mt[33m||[39mi(t))[33m&&[39mo[33m++[39m[33m<[39m[35m32[39m[33m?[39m(e[33m.[39mconsume(t)[33m,[39mc)[33m:[39mh(t)}[36mfunction[39m
[23mp(t){[36mreturn[39m [35m62[39m[33m===[39mt[33m?[39m(e[33m.[39mexit([32m"autolinkProtocol"[39m)[33m,[39mg(t))[33m:[39m[35m32[39m[33m===[39mt[33m||[39m[35m60[39m[33m===[39mt[33m||[39ma(t)[33m?[39mn(t)[33m:[39m(
[23me[33m.[39mconsume(t)[33m,[39mp)}[36mfunction[39m h(t){[36mreturn[39m
[23m[35m64[39m[33m===[39mt[33m?[39m(e[33m.[39mconsume(t)[33m,[39mo[33m=[39m[35m0[39m[33m,[39md)[33m:[39ms(t)[33m?[39m(e[33m.[39mconsume(t)[33m,[39mh)[33m:[39mn(t)}[36mfunction[39m d(e){[36mreturn[39m
[23mi(e)[33m?[39mf(e)[33m:[39mn(e)}[36mfunction[39m f(t){[36mreturn[39m [35m46[39m[33m===[39mt[33m?[39m(e[33m.[39mconsume(t)[33m,[39mo[33m=[39m[35m0[39m[33m,[39md)[33m:[39m[35m62[39m[33m===[39mt[33m?[39m(e[33m.[39mexit([32m"
[23mautolinkProtocol"[39m)[33m.[39mtype[33m=[39m[32m"autolinkEmail"[39m[33m,[39mg(t))[33m:[39mm(t)}[36mfunction[39m
[23mm(t){[36mreturn[39m([35m45[39m[33m===[39mt[33m||[39mi(t))[33m&&[39mo[33m++[39m[33m<[39m[35m63[39m[33m?[39m(e[33m.[39mconsume(t)[33m,[39m[35m45[39m[33m===[39mt[33m?[39mm[33m:[39mf)[33m:[39mn(t)}[36mfunction[39m
[23mg(n){[36mreturn[39m e[33m.[39menter([32m"autolinkMarker"[39m)[33m,[39me[33m.[39mconsume(n)[33m,[39me[33m.[39mexit([32m"autolinkMarker"[39m)[33m,[39me[33m.[39mex
[23mit([32m"autolink"[39m)[33m,[39mt}}}[33m;[39me[33m.[39mexports[33m=[39mo}[33m,[39m[35m5485[39m[33m:[39m(e[33m,[39mt[33m,[39mn)[33m=>[39m{[32m"use strict"[39m[33m;[39m[36mvar[39m
[23mr[33m=[39mn([35m3654[39m)[33m,[39mi[33m=[39mn([35m2928[39m)[33m,[39ms[33m=[39m{name[33m:[39m[32m"blockQuote"[39m[33m,[39mtokenize[33m:[39m[36mfunction[39m(e[33m,[39mt[33m,[39mn){[36mvar[39m
[23mi[33m=[39m[36mthis[39m[33m;[39m[36mreturn[39m [36mfunction[39m(t){[36mreturn[39m
[23m[35m62[39m[33m===[39mt[33m?[39m(i[33m.[39mcontainerState[33m.[39mopen[33m||[39m(e[33m.[39menter([32m"blockQuote"[39m[33m,[39m{_container[33m:[39m[33m![39m[35m0[39m})[33m,[39mi[33m.[39mcontaine
[23mrState[33m.[39mopen[33m=[39m[33m![39m[35m0[39m)[33m,[39me[33m.[39menter([32m"blockQuotePrefix"[39m)[33m,[39me[33m.[39menter([32m"blockQuoteMarker"[39m)[33m,[39me[33m.[39mconsum
[23me(t)[33m,[39me[33m.[39mexit([32m"blockQuoteMarker"[39m)[33m,[39ms)[33m:[39mn(t)}[33m;[39m[36mfunction[39m s(n){[36mreturn[39m
[23mr(n)[33m?[39m(e[33m.[39menter([32m"blockQuotePrefixWhitespace"[39m)[33m,[39me[33m.[39mconsume(n)[33m,[39me[33m.[39mexit([32m"blockQuotePrefi
[23mxWhitespace"[39m)[33m,[39me[33m.[39mexit([32m"blockQuotePrefix"[39m)[33m,[39mt)[33m:[39m(e[33m.[39mexit([32m"blockQuotePrefix"[39m)[33m,[39mt(n))}}[33m,
[23m[39mcontinuation[33m:[39m{tokenize[33m:[39m[36mfunction[39m(e[33m,[39mt[33m,[39mn){[36mreturn[39m i(e[33m,[39me[33m.[39mattempt(s[33m,[39mt[33m,[39mn)[33m,[39m[32m"linePrefix"[39m[33m,
[23m[39m[36mthis[39m[33m.[39mparser[33m.[39mconstructs[33m.[39mdisable[33m.[39m[36mnull[39m[33m.[39mindexOf([32m"codeIndented"[39m)[33m>[39m[33m-[39m[35m1[39m[33m?[39m[36mvoid[39m
[23m[35m0[39m[33m:[39m[35m4[39m)}}[33m,[39mexit[33m:[39m[36mfunction[39m(e){e[33m.[39mexit([32m"blockQuote"[39m)}}[33m;[39me[33m.[39mexports[33m=[39ms}[33m,[39m[35m9653[39m[33m:[39m(e[33m,[39mt[33m,[39mn)[33m=>[39m{[32m"use
[23mstrict"[39m[33m;[39m[36mvar[39m r[33m=[39mn([35m3074[39m)[33m,[39mi[33m=[39m{name[33m:[39m[32m"characterEscape"[39m[33m,[39mtokenize[33m:[39m[36mfunction[39m(e[33m,[39mt[33m,[39mn){[36mreturn[39m
[23m[36mfunction[39m(t){[36mreturn[39m e[33m.[39menter([32m"characterEscape"[39m)[33m,[39me[33m.[39menter([32m"escapeMarker"[39m)[33m,[39me[33m.[39mconsume(
[23mt)[33m,[39me[33m.[39mexit([32m"escapeMarker"[39m)[33m,[39mi}[33m;[39m[36mfunction[39m i(i){[36mreturn[39m
[23mr(i)[33m?[39m(e[33m.[39menter([32m"characterEscapeValue"[39m)[33m,[39me[33m.[39mconsume(i)[33m,[39me[33m.[39mexit([32m"characterEscapeValue"
[23m[39m)[33m,[39me[33m.[39mexit([32m"characterEscape"[39m)[33m,[39mt)[33m:[39mn(i)}}}[33m;[39me[33m.[39mexports[33m=[39mi}[33m,[39m[35m6713[39m[33m:[39m(e[33m,[39mt[33m,[39mn)[33m=>[39m{[32m"use
[23mstrict"[39m[33m;[39m[36mvar[39m r[33m=[39mn([35m9435[39m)[33m,[39mi[33m=[39mn([35m6712[39m)[33m,[39ms[33m=[39mn([35m3977[39m)[33m,[39ma[33m=[39mn([35m6238[39m)[33m;[39m[36mvar[39m
[23mo[33m,[39mu[33m=[39m(o[33m=[39mr)[33m&&[39m[32m"object"[39m[33m==[39m[36mtypeof[39m o[33m&&[39m[32m"default"[39m[36min[39m
[23mo[33m?[39mo[33m:[39m{[36mdefault[39m[33m:[39mo}[33m,[39ml[33m=[39m{name[33m:[39m[32m"characterReference"[39m[33m,[39mtokenize[33m:[39m[36mfunction[39m(e[33m,[39mt[33m,[39mn){[36mvar[39m
[23mr[33m,[39mo[33m,[39ml[33m=[39m[36mthis[39m[33m,[39mc[33m=[39m[35m0[39m[33m;[39m[36mreturn[39m [36mfunction[39m(t){[36mreturn[39m
[23me[33m.[39menter([32m"characterReference"[39m)[33m,[39me[33m.[39menter([32m"characterReferenceMarker"[39m)[33m,[39me[33m.[39mconsume(t)[33m,[39me
[23m[33m.[39mexit([32m"characterReferenceMarker"[39m)[33m,[39mp}[33m;[39m[36mfunction[39m p(t){[36mreturn[39m [35m35[39m[33m===[39mt[33m?[39m(e[33m.[39menter([32m"chara
[23mcterReferenceMarkerNumeric"[39m)[33m,[39me[33m.[39mconsume(t)[33m,[39me[33m.[39mexit([32m"characterReferenceMarkerNumeri
[23mc"[39m)[33m,[39mh)[33m:[39m(e[33m.[39menter([32m"characterReferenceValue"[39m)[33m,[39mr[33m=[39m[35m31[39m[33m,[39mo[33m=[39mi[33m,[39md(t))}[36mfunction[39m h(t){[36mreturn[39m
[23m[35m88[39m[33m===[39mt[33m||[39m[35m120[39m[33m===[39mt[33m?[39m(e[33m.[39menter([32m"characterReferenceMarkerHexadecimal"[39m)[33m,[39me[33m.[39mconsume(t)[33m,[39me[33m.[39me
[23mxit([32m"characterReferenceMarkerHexadecimal"[39m)[33m,[39me[33m.[39menter([32m"characterReferenceValue"[39m)[33m,[39mr[33m=
[23m[39m[35m6[39m[33m,[39mo[33m=[39ma[33m,[39md)[33m:[39m(e[33m.[39menter([32m"characterReferenceValue"[39m)[33m,[39mr[33m=[39m[35m7[39m[33m,[39mo[33m=[39ms[33m,[39md(t))}[36mfunction[39m d(s){[36mvar[39m
[23ma[33m;[39m[36mreturn[39m [35m59[39m[33m===[39ms[33m&&[39mc[33m?[39m(a[33m=[39me[33m.[39mexit([32m"characterReferenceValue"[39m)[33m,[39mo[33m!==[39mi[33m||[39mu[33m.[39m[36mdefault[39m(l[33m.[39mslice
[23mSerialize(a))[33m?[39m(e[33m.[39menter([32m"characterReferenceMarker"[39m)[33m,[39me[33m.[39mconsume(s)[33m,[39me[33m.[39mexit([32m"characte
[23mrReferenceMarker"[39m)[33m,[39me[33m.[39mexit([32m"characterReference"[39m)[33m,[39mt)[33m:[39mn(s))[33m:[39mo(s)[33m&&[39mc[33m++[39m[33m<[39m[33mr[39m[33m?[39m(e[33m.[39mconsume(
[23ms)[33m,[39md)[33m:[39mn(s)}}}[33m;[39me[33m.[39mexports[33m=[39ml}[33m,[39m[35m6597[39m[33m:[39m(e[33m,[39mt[33m,[39mn)[33m=>[39m{[32m"use strict"[39m[33m;[39m[36mvar[39m r[33m=[39mn([35m7238[39m)[33m,[39mi[33m=[39mn([35m8367[39m)[33m,[39ms
[23m[33m=[39mn([35m5096[39m)[33m,[39ma[33m=[39mn([35m2928[39m)[33m,[39mo[33m=[39m{name[33m:[39m[32m"codeFenced"[39m[33m,[39mtokenize[33m:[39m[36mfunction[39m(e[33m,[39mt[33m,[39mn){[36mvar[39m
[23mo[33m,[39mu[33m=[39m[36mthis[39m[33m,[39ml[33m=[39m{tokenize[33m:[39m[36mfunction[39m(e[33m,[39mt[33m,[39mn){[36mvar[39m i[33m=[39m[35m0[39m[33m;[39m[36mreturn[39m a(e[33m,[39m[36mfunction[39m(t){[36mreturn[39m
[23me[33m.[39menter([32m"codeFencedFence"[39m)[33m,[39me[33m.[39menter([32m"codeFencedFenceSequence"[39m)[33m,[39ms(t)}[33m,[39m[32m"linePrefix"
[23m[39m[33m,[39m[36mthis[39m[33m.[39mparser[33m.[39mconstructs[33m.[39mdisable[33m.[39m[36mnull[39m[33m.[39mindexOf([32m"codeIndented"[39m)[33m>[39m[33m-[39m[35m1[39m[33m?[39m[36mvoid[39m
[23m[35m0[39m[33m:[39m[35m4[39m)[33m;[39m[36mfunction[39m s(t){[36mreturn[39m t[33m===[39mo[33m?[39m(e[33m.[39mconsume(t)[33m,[39mi[33m++[39m[33m,[39ms)[33m:[39mi[33m<[39m[33mp[39m[33m?[39mn(t)[33m:[39m(e[33m.[39mexit([32m"codeFence
[23mdFenceSequence"[39m)[33m,[39ma(e[33m,[39mu[33m,[39m[32m"whitespace"[39m)(t))}[36mfunction[39m u(i){[36mreturn[39m
[23m[36mnull[39m[33m===[39mi[33m||[39mr(i)[33m?[39m(e[33m.[39mexit([32m"codeFencedFence"[39m)[33m,[39mt(i))[33m:[39mn(i)}}[33m,[39mpartial[33m:[39m[33m![39m[35m0[39m}[33m,[39mc[33m=[39ms([36mthis[39m[33m.[39meven
[23mts[33m,[39m[32m"linePrefix"[39m)[33m,[39mp[33m=[39m[35m0[39m[33m;[39m[36mreturn[39m [36mfunction[39m(t){[36mreturn[39m e[33m.[39menter([32m"codeFenced"[39m)[33m,[39me[33m.[39menter([32m"co
[23mdeFencedFence"[39m)[33m,[39me[33m.[39menter([32m"codeFencedFenceSequence"[39m)[33m,[39mo[33m=[39mt[33m,[39mh(t)}[33m;[39m[36mfunction[39m
[23mh(t){[36mreturn[39m t[33m===[39mo[33m?[39m(e[33m.[39mconsume(t)[33m,[39mp[33m++[39m[33m,[39mh)[33m:[39m(e[33m.[39mexit([32m"codeFencedFenceSequence"[39m)[33m,[39mp[33m<[39m[35m3[39m[33m?[39mn(
[23mt)[33m:[39ma(e[33m,[39md[33m,[39m[32m"whitespace"[39m)(t))}[36mfunction[39m d(t){[36mreturn[39m [36mnull[39m[33m===[39mt[33m||[39mr(t)[33m?[39mx(t)[33m:[39m(e[33m.[39menter([32m"co
[23mdeFencedFenceInfo"[39m)[33m,[39me[33m.[39menter([32m"chunkString"[39m[33m,[39m{contentType[33m:[39m[32m"string"[39m})[33m,[39mf(t))}[36mfunction[39m
[23m f(t){[36mreturn[39m [36mnull[39m[33m===[39mt[33m||[39mi(t)[33m?[39m(e[33m.[39mexit([32m"chunkString"[39m)[33m,[39me[33m.[39mexit([32m"codeFencedFenceInfo"[39m)
[23m[33m,[39ma(e[33m,[39mm[33m,[39m[32m"whitespace"[39m)(t))[33m:[39m[35m96[39m[33m===[39mt[33m&&[39mt[33m===[39mo[33m?[39mn(t)[33m:[39m(e[33m.[39mconsume(t)[33m,[39mf)}[36mfunction[39m
[23mm(t){[36mreturn[39m [36mnull[39m[33m===[39mt[33m||[39mr(t)[33m?[39mx(t)[33m:[39m(e[33m.[39menter([32m"codeFencedFenceMeta"[39m)[33m,[39me[33m.[39menter([32m"chunkSt
[23mring"[39m[33m,[39m{contentType[33m:[39m[32m"string"[39m})[33m,[39mg(t))}[36mfunction[39m g(t){[36mreturn[39m
[23m[36mnull[39m[33m===[39mt[33m||[39mr(t)[33m?[39m(e[33m.[39mexit([32m"chunkString"[39m)[33m,[39me[33m.[39mexit([32m"codeFencedFenceMeta"[39m)[33m,[39mx(t))[33m:[39m[35m96[39m[33m===[39mt
[23m[33m&&[39mt[33m===[39mo[33m?[39mn(t)[33m:[39m(e[33m.[39mconsume(t)[33m,[39mg)}[36mfunction[39m x(n){[36mreturn[39m
[23me[33m.[39mexit([32m"codeFencedFence"[39m)[33m,[39mu[33m.[39minterrupt[33m?[39mt(n)[33m:[39my(n)}[36mfunction[39m y(t){[36mreturn[39m
[23m[36mnull[39m[33m===[39mt[33m?[39m[33mA[39m(t)[33m:[39mr(t)[33m?[39m(e[33m.[39menter([32m"lineEnding"[39m)[33m,[39me[33m.[39mconsume(t)[33m,[39me[33m.[39mexit([32m"lineEnding"[39m)[33m,[39me[33m.[39mat
[23mtempt(l[33m,[39m[33mA[39m[33m,[39mc[33m?[39ma(e[33m,[39my[33m,[39m[32m"linePrefix"[39m[33m,[39mc[33m+[39m[35m1[39m)[33m:[39my))[33m:[39m(e[33m.[39menter([32m"codeFlowValue"[39m)[33m,[39mv(t))}[36mfunction[39m
[23m v(t){[36mreturn[39m
[23m[36mnull[39m[33m===[39mt[33m||[39mr(t)[33m?[39m(e[33m.[39mexit([32m"codeFlowValue"[39m)[33m,[39my(t))[33m:[39m(e[33m.[39mconsume(t)[33m,[39mv)}[36mfunction[39m
[23m[33mA[39m(n){[36mreturn[39m
[23me[33m.[39mexit([32m"codeFenced"[39m)[33m,[39mt(n)}}[33m,[39mconcrete[33m:[39m[33m![39m[35m0[39m}[33m;[39me[33m.[39mexports[33m=[39mo}[33m,[39m[35m431[39m[33m:[39m(e[33m,[39mt[33m,[39mn)[33m=>[39m{[32m"use
[23mstrict"[39m[33m;[39m[36mvar[39m r[33m=[39mn([35m7238[39m)[33m,[39mi[33m=[39mn([35m6808[39m)[33m,[39ms[33m=[39mn([35m5096[39m)[33m,[39ma[33m=[39mn([35m2928[39m)[33m,[39mo[33m=[39m{name[33m:[39m[32m"codeIndented"[39m[33m,[39mtoken
[23mize[33m:[39m[36mfunction[39m(e[33m,[39mt[33m,[39mn){[36mreturn[39m e[33m.[39mattempt(u[33m,[39mi[33m,[39mn)[33m;[39m[36mfunction[39m i(n){[36mreturn[39m
[23m[36mnull[39m[33m===[39mn[33m?[39mt(n)[33m:[39mr(n)[33m?[39me[33m.[39mattempt(u[33m,[39mi[33m,[39mt)(n)[33m:[39m(e[33m.[39menter([32m"codeFlowValue"[39m)[33m,[39ms(n))}[36mfunction[39m
[23ms(t){[36mreturn[39m [36mnull[39m[33m===[39mt[33m||[39mr(t)[33m?[39m(e[33m.[39mexit([32m"codeFlowValue"[39m)[33m,[39mi(t))[33m:[39m(e[33m.[39mconsume(t)[33m,[39ms)}}[33m,[39mres
[23molve[33m:[39m[36mfunction[39m(e[33m,[39mt){[36mvar[39m
[23mn[33m=[39m{type[33m:[39m[32m"codeIndented"[39m[33m,[39mstart[33m:[39me[[35m0[39m][[35m1[39m][33m.[39mstart[33m,[39mend[33m:[39me[e[33m.[39mlength[33m-[39m[35m1[39m][[35m1[39m][33m.[39mend}[33m;[39m[36mreturn[39m
[23mi(e[33m,[39m[35m0[39m[33m,[39m[35m0[39m[33m,[39m[[[32m"enter"[39m[33m,[39mn[33m,[39mt]])[33m,[39mi(e[33m,[39me[33m.[39mlength[33m,[39m[35m0[39m[33m,[39m[[[32m"exit"[39m[33m,[39mn[33m,[39mt]])[33m,[39me}}[33m,[39mu[33m=[39m{tokenize[33m:[39m[36mfunction
[23m[39m(e[33m,[39mt[33m,[39mn){[36mvar[39m i[33m=[39m[36mthis[39m[33m;[39m[36mreturn[39m a(e[33m,[39m[36mfunction[39m o(u){[36mreturn[39m r(u)[33m?[39m(e[33m.[39menter([32m"lineEnding"[39m)[33m,[39me
[23m[33m.[39mconsume(u)[33m,[39me[33m.[39mexit([32m"lineEnding"[39m)[33m,[39ma(e[33m,[39mo[33m,[39m[32m"linePrefix"[39m[33m,[39m[35m5[39m))[33m:[39ms(i[33m.[39mevents[33m,[39m[32m"linePrefix"[39m)
[23m[33m<[39m[35m4[39m[33m?[39mn(u)[33m:[39mt(u)}[33m,[39m[32m"linePrefix"[39m[33m,[39m[35m5[39m)}[33m,[39mpartial[33m:[39m[33m![39m[35m0[39m}[33m;[39me[33m.[39mexports[33m=[39mo}[33m,[39m[35m26[39m[33m:[39m(e[33m,[39mt[33m,[39mn)[33m=>[39m{[32m"use
[23mstrict"[39m[33m;[39m[36mvar[39m r[33m=[39mn([35m7238[39m)[33m,[39mi[33m=[39m{name[33m:[39m[32m"codeText"[39m[33m,[39mtokenize[33m:[39m[36mfunction[39m(e[33m,[39mt[33m,[39mn){[36mvar[39m
[23mi[33m,[39ms[33m,[39ma[33m=[39m[35m0[39m[33m;[39m[36mreturn[39m [36mfunction[39m(t){[36mreturn[39m
[23me[33m.[39menter([32m"codeText"[39m)[33m,[39me[33m.[39menter([32m"codeTextSequence"[39m)[33m,[39mo(t)}[33m;[39m[36mfunction[39m o(t){[36mreturn[39m
[23m[35m96[39m[33m===[39mt[33m?[39m(e[33m.[39mconsume(t)[33m,[39ma[33m++[39m[33m,[39mo)[33m:[39m(e[33m.[39mexit([32m"codeTextSequence"[39m)[33m,[39mu(t))}[36mfunction[39m
[23mu(t){[36mreturn[39m [36mnull[39m[33m===[39mt[33m?[39mn(t)[33m:[39m[35m96[39m[33m===[39mt[33m?[39m(s[33m=[39me[33m.[39menter([32m"codeTextSequence"[39m)[33m,[39mi[33m=[39m[35m0[39m[33m,[39mc(t))[33m:[39m[35m32[39m[33m===[39mt
[23m[33m?[39m(e[33m.[39menter([32m"space"[39m)[33m,[39me[33m.[39mconsume(t)[33m,[39me[33m.[39mexit([32m"space"[39m)[33m,[39mu)[33m:[39mr(t)[33m?[39m(e[33m.[39menter([32m"lineEnding"[39m)[33m,[39me
[23m[33m.[39mconsume(t)[33m,[39me[33m.[39mexit([32m"lineEnding"[39m)[33m,[39mu)[33m:[39m(e[33m.[39menter([32m"codeTextData"[39m)[33m,[39ml(t))}[36mfunction[39m
[23ml(t){[36mreturn[39m [36mnull[39m[33m===[39mt[33m||[39m[35m32[39m[33m===[39mt[33m||[39m[35m96[39m[33m===[39mt[33m||[39mr(t)[33m?[39m(e[33m.[39mexit([32m"codeTextData"[39m)[33m,[39mu(t))[33m:[39m(e[33m.[39mcons
[23mume(t)[33m,[39ml)}[36mfunction[39m c(n){[36mreturn[39m
[23m[35m96[39m[33m===[39mn[33m?[39m(e[33m.[39mconsume(n)[33m,[39mi[33m++[39m[33m,[39mc)[33m:[39mi[33m===[39ma[33m?[39m(e[33m.[39mexit([32m"codeTextSequence"[39m)[33m,[39me[33m.[39mexit([32m"codeText"[39m)
[23m[33m,[39mt(n))[33m:[39m(s[33m.[39mtype[33m=[39m[32m"codeTextData"[39m[33m,[39ml(n))}}[33m,[39mresolve[33m:[39m[36mfunction[39m(e){[36mvar[39m
[23mt[33m,[39mn[33m,[39mr[33m=[39me[33m.[39mlength[33m-[39m[35m4[39m[33m,[39mi[33m=[39m[35m3[39m[33m;[39m[36mif[39m([33m![39m([32m"lineEnding"[39m[33m!==[39me[i][[35m1[39m][33m.[39mtype[33m&&[39m[32m"space"[39m[33m!==[39me[i][[35m1[39m][33m.[39mtype[33m||[39m[32m"
[23mlineEnding"[39m[33m!==[39me[r][[35m1[39m][33m.[39mtype[33m&&[39m[32m"space"[39m[33m!==[39me[r][[35m1[39m][33m.[39mtype))[36mfor[39m(t[33m=[39mi[33m;[39m[33m++[39mt[33m<[39m[33mr[39m[33m;[39m)[36mif[39m([32m"codeTextD
[23mata"[39m[33m===[39me[t][[35m1[39m][33m.[39mtype){e[r][[35m1[39m][33m.[39mtype[33m=[39me[i][[35m1[39m][33m.[39mtype[33m=[39m[32m"codeTextPadding"[39m[33m,[39mi[33m+=[39m[35m2[39m[33m,[39mr[33m-=[39m[35m2[39m[33m;[39m[36mbreak
[23m[39m}[36mfor[39m(t[33m=[39mi[33m-[39m[35m1[39m[33m,[39mr[33m++[39m[33m;[39m[33m++[39mt[33m<=[39mr[33m;[39m)[36mvoid[39m [35m0[39m[33m===[39mn[33m?[39mt[33m!==[39mr[33m&&[39m[32m"lineEnding"[39m[33m!==[39me[t][[35m1[39m][33m.[39mtype[33m&&[39m(n[33m=[39mt)[33m:[39mt[33m!==
[23m[39mr[33m&&[39m[32m"lineEnding"[39m[33m!==[39me[t][[35m1[39m][33m.[39mtype[33m||[39m(e[n][[35m1[39m][33m.[39mtype[33m=[39m[32m"codeTextData"[39m[33m,[39mt[33m!==[39mn[33m+[39m[35m2[39m[33m&&[39m(e[n][[35m1[39m][33m.[39me
[23mnd[33m=[39me[t[33m-[39m[35m1[39m][[35m1[39m][33m.[39mend[33m,[39me[33m.[39msplice(n[33m+[39m[35m2[39m[33m,[39mt[33m-[39mn[33m-[39m[35m2[39m)[33m,[39mr[33m-=[39mt[33m-[39mn[33m-[39m[35m2[39m[33m,[39mt[33m=[39mn[33m+[39m[35m2[39m)[33m,[39mn[33m=[39m[36mvoid[39m [35m0[39m)[33m;[39m[36mreturn[39m
[23me}[33m,[39mprevious[33m:[39m[36mfunction[39m(e){[36mreturn[39m [35m96[39m[33m!==[39me[33m||[39m[32m"characterEscape"[39m[33m===[39m[36mthis[39m[33m.[39mevents[[36mthis[39m[33m.[39meven
[23mts[33m.[39mlength[33m-[39m[35m1[39m][[35m1[39m][33m.[39mtype}}[33m;[39me[33m.[39mexports[33m=[39mi}[33m,[39m[35m4590[39m[33m:[39m(e[33m,[39mt[33m,[39mn)[33m=>[39m{[32m"use strict"[39m[33m;[39m[36mvar[39m
[23mr[33m=[39mn([35m7238[39m)[33m,[39mi[33m=[39mn([35m5096[39m)[33m,[39ms[33m=[39mn([35m4423[39m)[33m,[39ma[33m=[39mn([35m2928[39m)[33m,[39mo[33m=[39m{tokenize[33m:[39m[36mfunction[39m(e[33m,[39mt){[36mvar[39m n[33m;[39m[36mreturn[39m
[23m[36mfunction[39m(t){[36mreturn[39m e[33m.[39menter([32m"content"[39m)[33m,[39mn[33m=[39me[33m.[39menter([32m"chunkContent"[39m[33m,[39m{contentType[33m:[39m[32m"con
[23mtent"[39m})[33m,[39mi(t)}[33m;[39m[36mfunction[39m i(t){[36mreturn[39m
[23m[36mnull[39m[33m===[39mt[33m?[39ms(t)[33m:[39mr(t)[33m?[39me[33m.[39mcheck(u[33m,[39ma[33m,[39ms)(t)[33m:[39m(e[33m.[39mconsume(t)[33m,[39mi)}[36mfunction[39m s(n){[36mreturn[39m
[23me[33m.[39mexit([32m"chunkContent"[39m)[33m,[39me[33m.[39mexit([32m"content"[39m)[33m,[39mt(n)}[36mfunction[39m a(t){[36mreturn[39m
[23me[33m.[39mconsume(t)[33m,[39me[33m.[39mexit([32m"chunkContent"[39m)[33m,[39mn[33m=[39mn[33m.[39mnext[33m=[39me[33m.[39menter([32m"chunkContent"[39m[33m,[39m{contentType
[23m[33m:[39m[32m"content"[39m[33m,[39mprevious[33m:[39mn})[33m,[39mi}}[33m,[39mresolve[33m:[39m[36mfunction[39m(e){[36mreturn[39m
[23ms(e)[33m,[39me}[33m,[39minterruptible[33m:[39m[33m![39m[35m0[39m[33m,[39mlazy[33m:[39m[33m![39m[35m0[39m}[33m,[39mu[33m=[39m{tokenize[33m:[39m[36mfunction[39m(e[33m,[39mt[33m,[39mn){[36mvar[39m s[33m=[39m[36mthis[39m[33m;[39m[36mreturn[39m
[23m[36mfunction[39m(t){[36mreturn[39m e[33m.[39menter([32m"lineEnding"[39m)[33m,[39me[33m.[39mconsume(t)[33m,[39me[33m.[39mexit([32m"lineEnding"[39m)[33m,[39ma(e[33m,[39mo
[23m[33m,[39m[32m"linePrefix"[39m)}[33m;[39m[36mfunction[39m o(a){[36mreturn[39m
[23m[36mnull[39m[33m===[39ma[33m||[39mr(a)[33m?[39mn(a)[33m:[39ms[33m.[39mparser[33m.[39mconstructs[33m.[39mdisable[33m.[39m[36mnull[39m[33m.[39mindexOf([32m"codeIndented"[39m)[33m>[39m[33m-[39m[35m1[39m[33m|
[23m|[39mi(s[33m.[39mevents[33m,[39m[32m"linePrefix"[39m)[33m<[39m[35m4[39m[33m?[39me[33m.[39minterrupt(s[33m.[39mparser[33m.[39mconstructs[33m.[39mflow[33m,[39mn[33m,[39mt)(a)[33m:[39mt(a)}}[33m,
[23m[39mpartial[33m:[39m[33m![39m[35m0[39m}[33m;[39me[33m.[39mexports[33m=[39mo}[33m,[39m[35m3865[39m[33m:[39m(e[33m,[39mt[33m,[39mn)[33m=>[39m{[32m"use strict"[39m[33m;[39m[36mvar[39m
[23mr[33m=[39mn([35m7238[39m)[33m,[39mi[33m=[39mn([35m8367[39m)[33m,[39ms[33m=[39mn([35m5478[39m)[33m,[39ma[33m=[39mn([35m8229[39m)[33m,[39mo[33m=[39mn([35m7154[39m)[33m,[39mu[33m=[39mn([35m2928[39m)[33m,[39ml[33m=[39mn([35m1056[39m)[33m,[39mc[33m=[39mn([35m9283[39m)[33m,
[23m[39mp[33m=[39m{name[33m:[39m[32m"definition"[39m[33m,[39mtokenize[33m:[39m[36mfunction[39m(e[33m,[39mt[33m,[39mn){[36mvar[39m i[33m,[39mc[33m=[39m[36mthis[39m[33m;[39m[36mreturn[39m
[23m[36mfunction[39m(t){[36mreturn[39m e[33m.[39menter([32m"definition"[39m)[33m,[39mo[33m.[39mcall(c[33m,[39me[33m,[39mp[33m,[39mn[33m,[39m[32m"definitionLabel"[39m[33m,[39m[32m"defin
[23mitionLabelMarker"[39m[33m,[39m[32m"definitionLabelString"[39m)(t)}[33m;[39m[36mfunction[39m p(t){[36mreturn[39m
[23mi[33m=[39ms(c[33m.[39msliceSerialize(c[33m.[39mevents[c[33m.[39mevents[33m.[39mlength[33m-[39m[35m1[39m][[35m1[39m])[33m.[39mslice([35m1[39m[33m,[39m[33m-[39m[35m1[39m))[33m,[39m[35m58[39m[33m===[39mt[33m?[39m(e[33m.[39mente
[23mr([32m"definitionMarker"[39m)[33m,[39me[33m.[39mconsume(t)[33m,[39me[33m.[39mexit([32m"definitionMarker"[39m)[33m,[39ml(e[33m,[39ma(e[33m,[39me[33m.[39mattempt(
[23mh[33m,[39mu(e[33m,[39md[33m,[39m[32m"whitespace"[39m)[33m,[39mu(e[33m,[39md[33m,[39m[32m"whitespace"[39m))[33m,[39mn[33m,[39m[32m"definitionDestination"[39m[33m,[39m[32m"definition
[23mDestinationLiteral"[39m[33m,[39m[32m"definitionDestinationLiteralMarker"[39m[33m,[39m[32m"definitionDestinationR
[23maw"[39m[33m,[39m[32m"definitionDestinationString"[39m)))[33m:[39mn(t)}[36mfunction[39m d(s){[36mreturn[39m
[23m[36mnull[39m[33m===[39ms[33m||[39mr(s)[33m?[39m(e[33m.[39mexit([32m"definition"[39m)[33m,[39mc[33m.[39mparser[33m.[39mdefined[33m.[39mindexOf(i)[33m<[39m[35m0[39m[33m&&[39mc[33m.[39mparser[33m.[39mdef
[23mined[33m.[39mpush(i)[33m,[39mt(s))[33m:[39mn(s)}}}[33m,[39mh[33m=[39m{tokenize[33m:[39m[36mfunction[39m(e[33m,[39mt[33m,[39mn){[36mreturn[39m [36mfunction[39m(t){[36mreturn[39m
[23m i(t)[33m?[39ml(e[33m,[39ms)(t)[33m:[39mn(t)}[33m;[39m[36mfunction[39m s(t){[36mreturn[39m
[23m[35m34[39m[33m===[39mt[33m||[39m[35m39[39m[33m===[39mt[33m||[39m[35m40[39m[33m===[39mt[33m?[39mc(e[33m,[39mu(e[33m,[39ma[33m,[39m[32m"whitespace"[39m)[33m,[39mn[33m,[39m[32m"definitionTitle"[39m[33m,[39m[32m"definitionTi
[23mtleMarker"[39m[33m,[39m[32m"definitionTitleString"[39m)(t)[33m:[39mn(t)}[36mfunction[39m a(e){[36mreturn[39m
[23m[36mnull[39m[33m===[39me[33m||[39mr(e)[33m?[39mt(e)[33m:[39mn(e)}}[33m,[39mpartial[33m:[39m[33m![39m[35m0[39m}[33m;[39me[33m.[39mexports[33m=[39mp}[33m,[39m[35m8229[39m[33m:[39m(e[33m,[39mt[33m,[39mn)[33m=>[39m{[32m"use
[23mstrict"[39m[33m;[39m[36mvar[39m
[23mr[33m=[39mn([35m9696[39m)[33m,[39mi[33m=[39mn([35m8367[39m)[33m,[39ms[33m=[39mn([35m7238[39m)[33m;[39me[33m.[39mexports[33m=[39m[36mfunction[39m(e[33m,[39mt[33m,[39mn[33m,[39ma[33m,[39mo[33m,[39mu[33m,[39ml[33m,[39mc[33m,[39mp){[36mvar[39m
[23mh[33m=[39mp[33m||[39m[35m1[39m[33m/[39m[35m0[39m[33m,[39md[33m=[39m[35m0[39m[33m;[39m[36mreturn[39m [36mfunction[39m(t){[36mreturn[39m [35m60[39m[33m===[39mt[33m?[39m(e[33m.[39menter(a)[33m,[39me[33m.[39menter(o)[33m,[39me[33m.[39menter(u)[33m,
[23m[39me[33m.[39mconsume(t)[33m,[39me[33m.[39mexit(u)[33m,[39mf)[33m:[39mr(t)[33m||[39m[35m41[39m[33m===[39mt[33m?[39mn(t)[33m:[39m(e[33m.[39menter(a)[33m,[39me[33m.[39menter(l)[33m,[39me[33m.[39menter(c)[33m,[39me[33m.
[23m[39menter([32m"chunkString"[39m[33m,[39m{contentType[33m:[39m[32m"string"[39m})[33m,[39mx(t))}[33m;[39m[36mfunction[39m f(n){[36mreturn[39m
[23m[35m62[39m[33m===[39mn[33m?[39m(e[33m.[39menter(u)[33m,[39me[33m.[39mconsume(n)[33m,[39me[33m.[39mexit(u)[33m,[39me[33m.[39mexit(o)[33m,[39me[33m.[39mexit(a)[33m,[39mt)[33m:[39m(e[33m.[39menter(c)[33m,[39me[33m.[39me
[23mnter([32m"chunkString"[39m[33m,[39m{contentType[33m:[39m[32m"string"[39m})[33m,[39mm(n))}[36mfunction[39m m(t){[36mreturn[39m
[23m[35m62[39m[33m===[39mt[33m?[39m(e[33m.[39mexit([32m"chunkString"[39m)[33m,[39me[33m.[39mexit(c)[33m,[39mf(t))[33m:[39m[36mnull[39m[33m===[39mt[33m||[39m[35m60[39m[33m===[39mt[33m||[39ms(t)[33m?[39mn(t)[33m:[39m(e[33m.[39mcon
[23msume(t)[33m,[39m[35m92[39m[33m===[39mt[33m?[39mg[33m:[39mm)}[36mfunction[39m g(t){[36mreturn[39m
[23m[35m60[39m[33m===[39mt[33m||[39m[35m62[39m[33m===[39mt[33m||[39m[35m92[39m[33m===[39mt[33m?[39m(e[33m.[39mconsume(t)[33m,[39mm)[33m:[39mm(t)}[36mfunction[39m x(s){[36mreturn[39m [35m40[39m[33m===[39ms[33m?[39m[33m++[39md[33m>[39mh[33m?[39mn
[23m(s)[33m:[39m(e[33m.[39mconsume(s)[33m,[39mx)[33m:[39m[35m41[39m[33m===[39ms[33m?[39md[33m--[39m[33m?[39m(e[33m.[39mconsume(s)[33m,[39mx)[33m:[39m(e[33m.[39mexit([32m"chunkString"[39m)[33m,[39me[33m.[39mexit(c
[23m)[33m,[39me[33m.[39mexit(l)[33m,[39me[33m.[39mexit(a)[33m,[39mt(s))[33m:[39m[36mnull[39m[33m===[39ms[33m||[39mi(s)[33m?[39md[33m?[39mn(s)[33m:[39m(e[33m.[39mexit([32m"chunkString"[39m)[33m,[39me[33m.[39mexit(
[23mc)[33m,[39me[33m.[39mexit(l)[33m,[39me[33m.[39mexit(a)[33m,[39mt(s))[33m:[39mr(s)[33m?[39mn(s)[33m:[39m(e[33m.[39mconsume(s)[33m,[39m[35m92[39m[33m===[39ms[33m?[39my[33m:[39mx)}[36mfunction[39m
[23my(t){[36mreturn[39m [35m40[39m[33m===[39mt[33m||[39m[35m41[39m[33m===[39mt[33m||[39m[35m92[39m[33m===[39mt[33m?[39m(e[33m.[39mconsume(t)[33m,[39mx)[33m:[39mx(t)}}}[33m,[39m[35m7154[39m[33m:[39m(e[33m,[39mt[33m,[39mn)[33m=>[39m{[32m"use
[23mstrict"[39m[33m;[39m[36mvar[39m r[33m=[39mn([35m7238[39m)[33m,[39mi[33m=[39mn([35m3654[39m)[33m;[39me[33m.[39mexports[33m=[39m[36mfunction[39m(e[33m,[39mt[33m,[39mn[33m,[39ms[33m,[39ma[33m,[39mo){[36mvar[39m
[23mu[33m,[39ml[33m=[39m[36mthis[39m[33m,[39mc[33m=[39m[35m0[39m[33m;[39m[36mreturn[39m [36mfunction[39m(t){[36mreturn[39m
[23me[33m.[39menter(s)[33m,[39me[33m.[39menter(a)[33m,[39me[33m.[39mconsume(t)[33m,[39me[33m.[39mexit(a)[33m,[39me[33m.[39menter(o)[33m,[39mp}[33m;[39m[36mfunction[39m p(i){[36mreturn[39m
[23m[36mnull[39m[33m===[39mi[33m||[39m[35m91[39m[33m===[39mi[33m||[39m[35m93[39m[33m===[39mi[33m&&[39m[33m![39mu[33m||[39m[35m94[39m[33m===[39mi[33m&&[39m[33m![39mc[33m&&[39m[32m"_hiddenFootnoteSupport"[39m[36min[39m
[23ml[33m.[39mparser[33m.[39mconstructs[33m||[39mc[33m>[39m[35m999[39m[33m?[39mn(i)[33m:[39m[35m93[39m[33m===[39mi[33m?[39m(e[33m.[39mexit(o)[33m,[39me[33m.[39menter(a)[33m,[39me[33m.[39mconsume(i)[33m,[39me[33m.[39mexit
[23m(a)[33m,[39me[33m.[39mexit(s)[33m,[39mt)[33m:[39mr(i)[33m?[39m(e[33m.[39menter([32m"lineEnding"[39m)[33m,[39me[33m.[39mconsume(i)[33m,[39me[33m.[39mexit([32m"lineEnding"[39m)[33m,[39mp
[23m)[33m:[39m(e[33m.[39menter([32m"chunkString"[39m[33m,[39m{contentType[33m:[39m[32m"string"[39m})[33m,[39mh(i))}[36mfunction[39m h(t){[36mreturn[39m
[23m[36mnull[39m[33m===[39mt[33m||[39m[35m91[39m[33m===[39mt[33m||[39m[35m93[39m[33m===[39mt[33m||[39mr(t)[33m||[39mc[33m++[39m[33m>[39m[35m999[39m[33m?[39m(e[33m.[39mexit([32m"chunkString"[39m)[33m,[39mp(t))[33m:[39m(e[33m.[39mconsume(
[23mt)[33m,[39mu[33m=[39mu[33m||[39m[33m![39mi(t)[33m,[39m[35m92[39m[33m===[39mt[33m?[39md[33m:[39mh)}[36mfunction[39m d(t){[36mreturn[39m
[23m[35m91[39m[33m===[39mt[33m||[39m[35m92[39m[33m===[39mt[33m||[39m[35m93[39m[33m===[39mt[33m?[39m(e[33m.[39mconsume(t)[33m,[39mc[33m++[39m[33m,[39mh)[33m:[39mh(t)}}}[33m,[39m[35m2928[39m[33m:[39m(e[33m,[39mt[33m,[39mn)[33m=>[39m{[32m"use
[23mstrict"[39m[33m;[39m[36mvar[39m r[33m=[39mn([35m3654[39m)[33m;[39me[33m.[39mexports[33m=[39m[36mfunction[39m(e[33m,[39mt[33m,[39mn[33m,[39mi){[36mvar[39m s[33m=[39mi[33m?[39mi[33m-[39m[35m1[39m[33m:[39m[35m1[39m[33m/[39m[35m0[39m[33m,[39ma[33m=[39m[35m0[39m[33m;[39m[36mreturn[39m
[23m[36mfunction[39m(i){[36mreturn[39m r(i)[33m?[39m(e[33m.[39menter(n)[33m,[39mo(i))[33m:[39mt(i)}[33m;[39m[36mfunction[39m o(i){[36mreturn[39m
[23mr(i)[33m&&[39ma[33m++[39m[33m<[39m[33ms[39m[33m?[39m(e[33m.[39mconsume(i)[33m,[39mo)[33m:[39m(e[33m.[39mexit(n)[33m,[39mt(i))}}}[33m,[39m[35m9283[39m[33m:[39m(e[33m,[39mt[33m,[39mn)[33m=>[39m{[32m"use strict"[39m[33m;[39m[36mvar[39m
[23m r[33m=[39mn([35m7238[39m)[33m,[39mi[33m=[39mn([35m2928[39m)[33m;[39me[33m.[39mexports[33m=[39m[36mfunction[39m(e[33m,[39mt[33m,[39mn[33m,[39ms[33m,[39ma[33m,[39mo){[36mvar[39m u[33m;[39m[36mreturn[39m
[23m[36mfunction[39m(t){[36mreturn[39m
[23me[33m.[39menter(s)[33m,[39me[33m.[39menter(a)[33m,[39me[33m.[39mconsume(t)[33m,[39me[33m.[39mexit(a)[33m,[39mu[33m=[39m[35m40[39m[33m===[39mt[33m?[39m[35m41[39m[33m:[39mt[33m,[39ml}[33m;[39m[36mfunction[39m
[23ml(n){[36mreturn[39m
[23mn[33m===[39mu[33m?[39m(e[33m.[39menter(a)[33m,[39me[33m.[39mconsume(n)[33m,[39me[33m.[39mexit(a)[33m,[39me[33m.[39mexit(s)[33m,[39mt)[33m:[39m(e[33m.[39menter(o)[33m,[39mc(n))}[36mfunction[39m
[23m c(t){[36mreturn[39m t[33m===[39mu[33m?[39m(e[33m.[39mexit(o)[33m,[39ml(u))[33m:[39m[36mnull[39m[33m===[39mt[33m?[39mn(t)[33m:[39mr(t)[33m?[39m(e[33m.[39menter([32m"lineEnding"[39m)[33m,[39me[33m.
[23m[39mconsume(t)[33m,[39me[33m.[39mexit([32m"lineEnding"[39m)[33m,[39mi(e[33m,[39mc[33m,[39m[32m"linePrefix"[39m))[33m:[39m(e[33m.[39menter([32m"chunkString"[39m[33m,[39m{con
[23mtentType[33m:[39m[32m"string"[39m})[33m,[39mp(t))}[36mfunction[39m p(t){[36mreturn[39m t[33m===[39mu[33m||[39m[36mnull[39m[33m===[39mt[33m||[39mr(t)[33m?[39m(e[33m.[39mexit([32m"ch
[23munkString"[39m)[33m,[39mc(t))[33m:[39m(e[33m.[39mconsume(t)[33m,[39m[35m92[39m[33m===[39mt[33m?[39mh[33m:[39mp)}[36mfunction[39m h(t){[36mreturn[39m
[23mt[33m===[39mu[33m||[39m[35m92[39m[33m===[39mt[33m?[39m(e[33m.[39mconsume(t)[33m,[39mp)[33m:[39mp(t)}}}[33m,[39m[35m1056[39m[33m:[39m(e[33m,[39mt[33m,[39mn)[33m=>[39m{[32m"use strict"[39m[33m;[39m[36mvar[39m
[23mr[33m=[39mn([35m7238[39m)[33m,[39mi[33m=[39mn([35m3654[39m)[33m,[39ms[33m=[39mn([35m2928[39m)[33m;[39me[33m.[39mexports[33m=[39m[36mfunction[39m(e[33m,[39mt){[36mvar[39m n[33m;[39m[36mreturn[39m [36mfunction[39m
[23ma(o){[36mreturn[39m r(o)[33m?[39m(e[33m.[39menter([32m"lineEnding"[39m)[33m,[39me[33m.[39mconsume(o)[33m,[39me[33m.[39mexit([32m"lineEnding"[39m)[33m,[39mn[33m=[39m[33m![39m[35m0[39m[33m,[39ma
[23m)[33m:[39mi(o)[33m?[39ms(e[33m,[39ma[33m,[39mn[33m?[39m[32m"linePrefix"[39m[33m:[39m[32m"lineSuffix"[39m)(o)[33m:[39mt(o)}}}[33m,[39m[35m5694[39m[33m:[39m(e[33m,[39mt[33m,[39mn)[33m=>[39m{[32m"use
[23mstrict"[39m[33m;[39m[36mvar[39m r[33m=[39mn([35m7238[39m)[33m,[39mi[33m=[39m{name[33m:[39m[32m"hardBreakEscape"[39m[33m,[39mtokenize[33m:[39m[36mfunction[39m(e[33m,[39mt[33m,[39mn){[36mreturn[39m
[23m[36mfunction[39m(t){[36mreturn[39m
[23me[33m.[39menter([32m"hardBreakEscape"[39m)[33m,[39me[33m.[39menter([32m"escapeMarker"[39m)[33m,[39me[33m.[39mconsume(t)[33m,[39mi}[33m;[39m[36mfunction[39m
[23mi(i){[36mreturn[39m r(i)[33m?[39m(e[33m.[39mexit([32m"escapeMarker"[39m)[33m,[39me[33m.[39mexit([32m"hardBreakEscape"[39m)[33m,[39mt(i))[33m:[39mn(i)}}}
[23m[33m;[39me[33m.[39mexports[33m=[39mi}[33m,[39m[35m5565[39m[33m:[39m(e[33m,[39mt[33m,[39mn)[33m=>[39m{[32m"use strict"[39m[33m;[39m[36mvar[39m r[33m=[39mn([35m7238[39m)[33m,[39mi[33m=[39mn([35m8367[39m)[33m,[39ms[33m=[39mn([35m3654[39m)[33m,[39ma[33m=[39mn(
[23m[35m6808[39m)[33m,[39mo[33m=[39mn([35m2928[39m)[33m,[39mu[33m=[39m{name[33m:[39m[32m"headingAtx"[39m[33m,[39mtokenize[33m:[39m[36mfunction[39m(e[33m,[39mt[33m,[39mn){[36mvar[39m
[23ma[33m=[39m[36mthis[39m[33m,[39mu[33m=[39m[35m0[39m[33m;[39m[36mreturn[39m [36mfunction[39m(t){[36mreturn[39m
[23me[33m.[39menter([32m"atxHeading"[39m)[33m,[39me[33m.[39menter([32m"atxHeadingSequence"[39m)[33m,[39ml(t)}[33m;[39m[36mfunction[39m l(r){[36mreturn[39m
[23m[35m35[39m[33m===[39mr[33m&&[39mu[33m++[39m[33m<[39m[35m6[39m[33m?[39m(e[33m.[39mconsume(r)[33m,[39ml)[33m:[39m[36mnull[39m[33m===[39mr[33m||[39mi(r)[33m?[39m(e[33m.[39mexit([32m"atxHeadingSequence"[39m)[33m,[39ma[33m.[39min
[23mterrupt[33m?[39mt(r)[33m:[39mc(r))[33m:[39mn(r)}[36mfunction[39m c(n){[36mreturn[39m
[23m[35m35[39m[33m===[39mn[33m?[39m(e[33m.[39menter([32m"atxHeadingSequence"[39m)[33m,[39mp(n))[33m:[39m[36mnull[39m[33m===[39mn[33m||[39mr(n)[33m?[39m(e[33m.[39mexit([32m"atxHeading"[39m)
[23m[33m,[39mt(n))[33m:[39ms(n)[33m?[39mo(e[33m,[39mc[33m,[39m[32m"whitespace"[39m)(n)[33m:[39m(e[33m.[39menter([32m"atxHeadingText"[39m)[33m,[39mh(n))}[36mfunction[39m
[23mp(t){[36mreturn[39m [35m35[39m[33m===[39mt[33m?[39m(e[33m.[39mconsume(t)[33m,[39mp)[33m:[39m(e[33m.[39mexit([32m"atxHeadingSequence"[39m)[33m,[39mc(t))}[36mfunction[39m
[23m h(t){[36mreturn[39m [36mnull[39m[33m===[39mt[33m||[39m[35m35[39m[33m===[39mt[33m||[39mi(t)[33m?[39m(e[33m.[39mexit([32m"atxHeadingText"[39m)[33m,[39mc(t))[33m:[39m(e[33m.[39mconsume(t
[23m)[33m,[39mh)}}[33m,[39mresolve[33m:[39m[36mfunction[39m(e[33m,[39mt){[36mvar[39m
[23mn[33m,[39mr[33m,[39mi[33m=[39me[33m.[39mlength[33m-[39m[35m2[39m[33m,[39ms[33m=[39m[35m3[39m[33m;[39m[36mreturn[39m[32m"whitespace"[39m[33m===[39me[s][[35m1[39m][33m.[39mtype[33m&&[39m(s[33m+=[39m[35m2[39m)[33m,[39mi[33m-[39m[35m2[39m[33m>[39ms[33m&&[39m[32m"whitespac
[23me"[39m[33m===[39me[i][[35m1[39m][33m.[39mtype[33m&&[39m(i[33m-=[39m[35m2[39m)[33m,[39m[32m"atxHeadingSequence"[39m[33m===[39me[i][[35m1[39m][33m.[39mtype[33m&&[39m(s[33m===[39mi[33m-[39m[35m1[39m[33m||[39mi[33m-[39m[35m4[39m[33m>[39ms[33m&&
[23m[39m[32m"whitespace"[39m[33m===[39me[i[33m-[39m[35m2[39m][[35m1[39m][33m.[39mtype)[33m&&[39m(i[33m-=[39ms[33m+[39m[35m1[39m[33m===[39mi[33m?[39m[35m2[39m[33m:[39m[35m4[39m)[33m,[39mi[33m>[39ms[33m&&[39m(n[33m=[39m{type[33m:[39m[32m"atxHeadingText"[39m[33m,
[23m[39mstart[33m:[39me[s][[35m1[39m][33m.[39mstart[33m,[39mend[33m:[39me[i][[35m1[39m][33m.[39mend}[33m,[39mr[33m=[39m{type[33m:[39m[32m"chunkText"[39m[33m,[39mstart[33m:[39me[s][[35m1[39m][33m.[39mstart[33m,[39mend
[23m[33m:[39me[i][[35m1[39m][33m.[39mend[33m,[39mcontentType[33m:[39m[32m"text"[39m}[33m,[39ma(e[33m,[39ms[33m,[39mi[33m-[39ms[33m+[39m[35m1[39m[33m,[39m[[[32m"enter"[39m[33m,[39mn[33m,[39mt][33m,[39m[[32m"enter"[39m[33m,[39mr[33m,[39mt][33m,[39m[[32m"exit
[23m"[39m[33m,[39mr[33m,[39mt][33m,[39m[[32m"exit"[39m[33m,[39mn[33m,[39mt]]))[33m,[39me}}[33m;[39me[33m.[39mexports[33m=[39mu}[33m,[39m[35m6872[39m[33m:[39m(e[33m,[39mt[33m,[39mn)[33m=>[39m{[32m"use strict"[39m[33m;[39m[36mvar[39m
[23mr[33m=[39mn([35m6734[39m)[33m,[39mi[33m=[39mn([35m6712[39m)[33m,[39ms[33m=[39mn([35m7238[39m)[33m,[39ma[33m=[39mn([35m8367[39m)[33m,[39mo[33m=[39mn([35m3654[39m)[33m,[39mu[33m=[39mn([35m3267[39m)[33m,[39ml[33m=[39mn([35m7139[39m)[33m,[39mc[33m=[39mn([35m6871[39m)[33m,
[23m[39mp[33m=[39mn([35m6532[39m)[33m,[39mh[33m=[39m{name[33m:[39m[32m"htmlFlow"[39m[33m,[39mtokenize[33m:[39m[36mfunction[39m(e[33m,[39mt[33m,[39mn){[36mvar[39m
[23mp[33m,[39mh[33m,[39mf[33m,[39mm[33m,[39mg[33m,[39mx[33m=[39m[36mthis[39m[33m;[39m[36mreturn[39m [36mfunction[39m(t){[36mreturn[39m
[23me[33m.[39menter([32m"htmlFlow"[39m)[33m,[39me[33m.[39menter([32m"htmlFlowData"[39m)[33m,[39me[33m.[39mconsume(t)[33m,[39my}[33m;[39m[36mfunction[39m y(i){[36mreturn[39m
[23m [35m33[39m[33m===[39mi[33m?[39m(e[33m.[39mconsume(i)[33m,[39mv)[33m:[39m[35m47[39m[33m===[39mi[33m?[39m(e[33m.[39mconsume(i)[33m,[39m[33mE[39m)[33m:[39m[35m63[39m[33m===[39mi[33m?[39m(e[33m.[39mconsume(i)[33m,[39mp[33m=[39m[35m3[39m[33m,[39mx[33m.[39minte
[23mrrupt[33m?[39mt[33m:[39m[33mU[39m)[33m:[39mr(i)[33m?[39m(e[33m.[39mconsume(i)[33m,[39mf[33m=[39mu(i)[33m,[39mh[33m=[39m[33m![39m[35m0[39m[33m,[39m[33mC[39m)[33m:[39mn(i)}[36mfunction[39m v(i){[36mreturn[39m
[23m[35m45[39m[33m===[39mi[33m?[39m(e[33m.[39mconsume(i)[33m,[39mp[33m=[39m[35m2[39m[33m,[39m[33mA[39m)[33m:[39m[35m91[39m[33m===[39mi[33m?[39m(e[33m.[39mconsume(i)[33m,[39mp[33m=[39m[35m5[39m[33m,[39mf[33m=[39m[32m"CDATA["[39m[33m,[39mm[33m=[39m[35m0[39m[33m,[39mb)[33m:[39mr(i)[33m?[39m(e[33m.[39mc
[23monsume(i)[33m,[39mp[33m=[39m[35m4[39m[33m,[39mx[33m.[39minterrupt[33m?[39mt[33m:[39m[33mU[39m)[33m:[39mn(i)}[36mfunction[39m [33mA[39m(r){[36mreturn[39m
[23m[35m45[39m[33m===[39mr[33m?[39m(e[33m.[39mconsume(r)[33m,[39mx[33m.[39minterrupt[33m?[39mt[33m:[39m[33mU[39m)[33m:[39mn(r)}[36mfunction[39m b(r){[36mreturn[39m r[33m===[39mf[33m.[39mcharCodeAt
[23m(m[33m++[39m)[33m?[39m(e[33m.[39mconsume(r)[33m,[39mm[33m===[39mf[33m.[39mlength[33m?[39mx[33m.[39minterrupt[33m?[39mt[33m:[39m[33mO[39m[33m:[39mb)[33m:[39mn(r)}[36mfunction[39m [33mE[39m(t){[36mreturn[39m
[23mr(t)[33m?[39m(e[33m.[39mconsume(t)[33m,[39mf[33m=[39mu(t)[33m,[39m[33mC[39m)[33m:[39mn(t)}[36mfunction[39m [33mC[39m(r){[36mreturn[39m
[23m[36mnull[39m[33m===[39mr[33m||[39m[35m47[39m[33m===[39mr[33m||[39m[35m62[39m[33m===[39mr[33m||[39ma(r)[33m?[39m[35m47[39m[33m!==[39mr[33m&&[39mh[33m&&[39mc[33m.[39mindexOf(f[33m.[39mtoLowerCase())[33m>[39m[33m-[39m[35m1[39m[33m?[39m(p[33m=[39m[35m1[39m[33m,[39mx[33m.[39mi
[23mnterrupt[33m?[39mt(r)[33m:[39m[33mO[39m(r))[33m:[39ml[33m.[39mindexOf(f[33m.[39mtoLowerCase())[33m>[39m[33m-[39m[35m1[39m[33m?[39m(p[33m=[39m[35m6[39m[33m,[39m[35m47[39m[33m===[39mr[33m?[39m(e[33m.[39mconsume(r)[33m,[39m[33mF[39m)[33m:[39mx
[23m[33m.[39minterrupt[33m?[39mt(r)[33m:[39m[33mO[39m(r))[33m:[39m(p[33m=[39m[35m7[39m[33m,[39mx[33m.[39minterrupt[33m?[39mn(r)[33m:[39mh[33m?[39mk(r)[33m:[39mw(r))[33m:[39m[35m45[39m[33m===[39mr[33m||[39mi(r)[33m?[39m(e[33m.[39mconsume
[23m(r)[33m,[39mf[33m+=[39mu(r)[33m,[39m[33mC[39m)[33m:[39mn(r)}[36mfunction[39m [33mF[39m(r){[36mreturn[39m
[23m[35m62[39m[33m===[39mr[33m?[39m(e[33m.[39mconsume(r)[33m,[39mx[33m.[39minterrupt[33m?[39mt[33m:[39m[33mO[39m)[33m:[39mn(r)}[36mfunction[39m w(t){[36mreturn[39m
[23mo(t)[33m?[39m(e[33m.[39mconsume(t)[33m,[39mw)[33m:[39m[33mP[39m(t)}[36mfunction[39m k(t){[36mreturn[39m [35m47[39m[33m===[39mt[33m?[39m(e[33m.[39mconsume(t)[33m,[39m[33mP[39m)[33m:[39m[35m58[39m[33m===[39mt[33m||
[23m[39m[35m95[39m[33m===[39mt[33m||[39mr(t)[33m?[39m(e[33m.[39mconsume(t)[33m,[39m[33mD[39m)[33m:[39mo(t)[33m?[39m(e[33m.[39mconsume(t)[33m,[39mk)[33m:[39m[33mP[39m(t)}[36mfunction[39m [33mD[39m(t){[36mreturn[39m
[23m[35m45[39m[33m===[39mt[33m||[39m[35m46[39m[33m===[39mt[33m||[39m[35m58[39m[33m===[39mt[33m||[39m[35m95[39m[33m===[39mt[33m||[39mi(t)[33m?[39m(e[33m.[39mconsume(t)[33m,[39m[33mD[39m)[33m:[39m[33mS[39m(t)}[36mfunction[39m [33mS[39m(t){[36mreturn[39m
[23m[35m61[39m[33m===[39mt[33m?[39m(e[33m.[39mconsume(t)[33m,[39m[33mB[39m)[33m:[39mo(t)[33m?[39m(e[33m.[39mconsume(t)[33m,[39m[33mS[39m)[33m:[39mk(t)}[36mfunction[39m [33mB[39m(t){[36mreturn[39m
[23m[36mnull[39m[33m===[39mt[33m||[39m[35m60[39m[33m===[39mt[33m||[39m[35m61[39m[33m===[39mt[33m||[39m[35m62[39m[33m===[39mt[33m||[39m[35m96[39m[33m===[39mt[33m?[39mn(t)[33m:[39m[35m34[39m[33m===[39mt[33m||[39m[35m39[39m[33m===[39mt[33m?[39m(e[33m.[39mconsume(t)[33m,[39mg[33m=[39mt[33m,[39m_
[23m)[33m:[39mo(t)[33m?[39m(e[33m.[39mconsume(t)[33m,[39m[33mB[39m)[33m:[39m(g[33m=[39m[36mvoid[39m [35m0[39m[33m,[39m[33mT[39m(t))}[36mfunction[39m _(t){[36mreturn[39m
[23mt[33m===[39mg[33m?[39m(e[33m.[39mconsume(t)[33m,[39m[33mI[39m)[33m:[39m[36mnull[39m[33m===[39mt[33m||[39ms(t)[33m?[39mn(t)[33m:[39m(e[33m.[39mconsume(t)[33m,[39m_)}[36mfunction[39m [33mT[39m(t){[36mreturn[39m
[23m [36mnull[39m[33m===[39mt[33m||[39m[35m34[39m[33m===[39mt[33m||[39m[35m39[39m[33m===[39mt[33m||[39m[35m60[39m[33m===[39mt[33m||[39m[35m61[39m[33m===[39mt[33m||[39m[35m62[39m[33m===[39mt[33m||[39m[35m96[39m[33m===[39mt[33m||[39ma(t)[33m?[39m[33mS[39m(t)[33m:[39m(e[33m.[39mconsume(
[23mt)[33m,[39m[33mT[39m)}[36mfunction[39m [33mI[39m(e){[36mreturn[39m [35m47[39m[33m===[39me[33m||[39m[35m62[39m[33m===[39me[33m||[39mo(e)[33m?[39mk(e)[33m:[39mn(e)}[36mfunction[39m [33mP[39m(t){[36mreturn[39m
[23m[35m62[39m[33m===[39mt[33m?[39m(e[33m.[39mconsume(t)[33m,[39m[33mL[39m)[33m:[39mn(t)}[36mfunction[39m [33mL[39m(t){[36mreturn[39m
[23mo(t)[33m?[39m(e[33m.[39mconsume(t)[33m,[39m[33mL[39m)[33m:[39m[36mnull[39m[33m===[39mt[33m||[39ms(t)[33m?[39m[33mO[39m(t)[33m:[39mn(t)}[36mfunction[39m [33mO[39m(t){[36mreturn[39m
[23m[35m45[39m[33m===[39mt[33m&&[39m[35m2[39m[33m===[39mp[33m?[39m(e[33m.[39mconsume(t)[33m,[39mj)[33m:[39m[35m60[39m[33m===[39mt[33m&&[39m[35m1[39m[33m===[39mp[33m?[39m(e[33m.[39mconsume(t)[33m,[39m[33mR[39m)[33m:[39m[35m62[39m[33m===[39mt[33m&&[39m[35m4[39m[33m===[39mp[33m?[39m(e[33m.[39mc
[23monsume(t)[33m,[39mz)[33m:[39m[35m63[39m[33m===[39mt[33m&&[39m[35m3[39m[33m===[39mp[33m?[39m(e[33m.[39mconsume(t)[33m,[39m[33mU[39m)[33m:[39m[35m93[39m[33m===[39mt[33m&&[39m[35m5[39m[33m===[39mp[33m?[39m(e[33m.[39mconsume(t)[33m,[39m[33mJ[39m)[33m:[39m[33m![39ms(t)
[23m[33m||[39m[35m6[39m[33m!==[39mp[33m&&[39m[35m7[39m[33m!==[39mp[33m?[39m[36mnull[39m[33m===[39mt[33m||[39ms(t)[33m?[39m[33mN[39m(t)[33m:[39m(e[33m.[39mconsume(t)[33m,[39m[33mO[39m)[33m:[39me[33m.[39mcheck(d[33m,[39mz[33m,[39m[33mN[39m)(t)}[36mfunction[39m
[23m[33mN[39m(t){[36mreturn[39m e[33m.[39mexit([32m"htmlFlowData"[39m)[33m,[39m[33mM[39m(t)}[36mfunction[39m [33mM[39m(t){[36mreturn[39m
[23m[36mnull[39m[33m===[39mt[33m?[39mq(t)[33m:[39ms(t)[33m?[39m(e[33m.[39menter([32m"lineEnding"[39m)[33m,[39me[33m.[39mconsume(t)[33m,[39me[33m.[39mexit([32m"lineEnding"[39m)[33m,[39m[33mM[39m)[33m:[39m(
[23me[33m.[39menter([32m"htmlFlowData"[39m)[33m,[39m[33mO[39m(t))}[36mfunction[39m j(t){[36mreturn[39m
[23m[35m45[39m[33m===[39mt[33m?[39m(e[33m.[39mconsume(t)[33m,[39m[33mU[39m)[33m:[39m[33mO[39m(t)}[36mfunction[39m [33mR[39m(t){[36mreturn[39m
[23m[35m47[39m[33m===[39mt[33m?[39m(e[33m.[39mconsume(t)[33m,[39mf[33m=[39m[32m""[39m[33m,[39m[33mV[39m)[33m:[39m[33mO[39m(t)}[36mfunction[39m [33mV[39m(t){[36mreturn[39m
[23m[35m62[39m[33m===[39mt[33m&&[39mc[33m.[39mindexOf(f[33m.[39mtoLowerCase())[33m>[39m[33m-[39m[35m1[39m[33m?[39m(e[33m.[39mconsume(t)[33m,[39mz)[33m:[39mr(t)[33m&&[39mf[33m.[39mlength[33m<[39m[35m8[39m[33m?[39m(e[33m.[39mconsu
[23mme(t)[33m,[39mf[33m+=[39mu(t)[33m,[39m[33mV[39m)[33m:[39m[33mO[39m(t)}[36mfunction[39m [33mJ[39m(t){[36mreturn[39m [35m93[39m[33m===[39mt[33m?[39m(e[33m.[39mconsume(t)[33m,[39m[33mU[39m)[33m:[39m[33mO[39m(t)}[36mfunction[39m
[23m [33mU[39m(t){[36mreturn[39m [35m62[39m[33m===[39mt[33m?[39m(e[33m.[39mconsume(t)[33m,[39mz)[33m:[39m[33mO[39m(t)}[36mfunction[39m z(t){[36mreturn[39m
[23m[36mnull[39m[33m===[39mt[33m||[39ms(t)[33m?[39m(e[33m.[39mexit([32m"htmlFlowData"[39m)[33m,[39mq(t))[33m:[39m(e[33m.[39mconsume(t)[33m,[39mz)}[36mfunction[39m
[23mq(n){[36mreturn[39m e[33m.[39mexit([32m"htmlFlow"[39m)[33m,[39mt(n)}}[33m,[39mresolveTo[33m:[39m[36mfunction[39m(e){[36mfor[39m([36mvar[39m
[23mt[33m=[39me[33m.[39mlength[33m;[39mt[33m--[39m[33m&&[39m([32m"enter"[39m[33m!==[39me[t][[35m0[39m][33m||[39m[32m"htmlFlow"[39m[33m!==[39me[t][[35m1[39m][33m.[39mtype)[33m;[39m)[33m;[39m[36mreturn[39m t[33m>[39m[35m1[39m[33m&&[39m[32m"li
[23mnePrefix"[39m[33m===[39me[t[33m-[39m[35m2[39m][[35m1[39m][33m.[39mtype[33m&&[39m(e[t][[35m1[39m][33m.[39mstart[33m=[39me[t[33m-[39m[35m2[39m][[35m1[39m][33m.[39mstart[33m,[39me[t[33m+[39m[35m1[39m][[35m1[39m][33m.[39mstart[33m=[39me[t[33m-[39m[35m2
[23m[39m][[35m1[39m][33m.[39mstart[33m,[39me[33m.[39msplice(t[33m-[39m[35m2[39m[33m,[39m[35m2[39m))[33m,[39me}[33m,[39mconcrete[33m:[39m[33m![39m[35m0[39m}[33m,[39md[33m=[39m{tokenize[33m:[39m[36mfunction[39m(e[33m,[39mt[33m,[39mn){[36mreturn[39m
[23m[36mfunction[39m(r){[36mreturn[39m
[23me[33m.[39mexit([32m"htmlFlowData"[39m)[33m,[39me[33m.[39menter([32m"lineEndingBlank"[39m)[33m,[39me[33m.[39mconsume(r)[33m,[39me[33m.[39mexit([32m"lineEndin
[23mgBlank"[39m)[33m,[39me[33m.[39mattempt(p[33m,[39mt[33m,[39mn)}}[33m,[39mpartial[33m:[39m[33m![39m[35m0[39m}[33m;[39me[33m.[39mexports[33m=[39mh}[33m,[39m[35m8911[39m[33m:[39m(e[33m,[39mt[33m,[39mn)[33m=>[39m{[32m"use
[23mstrict"[39m[33m;[39m[36mvar[39m r[33m=[39mn([35m6734[39m)[33m,[39mi[33m=[39mn([35m6712[39m)[33m,[39ms[33m=[39mn([35m7238[39m)[33m,[39ma[33m=[39mn([35m8367[39m)[33m,[39mo[33m=[39mn([35m3654[39m)[33m,[39mu[33m=[39mn([35m2928[39m)[33m,[39ml[33m=[39m{name[33m:
[23m[39m[32m"htmlText"[39m[33m,[39mtokenize[33m:[39m[36mfunction[39m(e[33m,[39mt[33m,[39mn){[36mvar[39m l[33m,[39mc[33m,[39mp[33m,[39mh[33m,[39md[33m=[39m[36mthis[39m[33m;[39m[36mreturn[39m [36mfunction[39m(t){[36mreturn[39m
[23m e[33m.[39menter([32m"htmlText"[39m)[33m,[39me[33m.[39menter([32m"htmlTextData"[39m)[33m,[39me[33m.[39mconsume(t)[33m,[39mf}[33m;[39m[36mfunction[39m
[23mf(t){[36mreturn[39m [35m33[39m[33m===[39mt[33m?[39m(e[33m.[39mconsume(t)[33m,[39mm)[33m:[39m[35m47[39m[33m===[39mt[33m?[39m(e[33m.[39mconsume(t)[33m,[39m[33mS[39m)[33m:[39m[35m63[39m[33m===[39mt[33m?[39m(e[33m.[39mconsume(t)
[23m[33m,[39mk)[33m:[39mr(t)[33m?[39m(e[33m.[39mconsume(t)[33m,[39m[33mT[39m)[33m:[39mn(t)}[36mfunction[39m m(t){[36mreturn[39m [35m45[39m[33m===[39mt[33m?[39m(e[33m.[39mconsume(t)[33m,[39mg)[33m:[39m[35m91[39m[33m==
[23m=[39mt[33m?[39m(e[33m.[39mconsume(t)[33m,[39mc[33m=[39m[32m"CDATA["[39m[33m,[39mp[33m=[39m[35m0[39m[33m,[39mb)[33m:[39mr(t)[33m?[39m(e[33m.[39mconsume(t)[33m,[39mw)[33m:[39mn(t)}[36mfunction[39m
[23mg(t){[36mreturn[39m [35m45[39m[33m===[39mt[33m?[39m(e[33m.[39mconsume(t)[33m,[39mx)[33m:[39mn(t)}[36mfunction[39m x(t){[36mreturn[39m
[23m[36mnull[39m[33m===[39mt[33m||[39m[35m62[39m[33m===[39mt[33m?[39mn(t)[33m:[39m[35m45[39m[33m===[39mt[33m?[39m(e[33m.[39mconsume(t)[33m,[39my)[33m:[39mv(t)}[36mfunction[39m y(e){[36mreturn[39m
[23m[36mnull[39m[33m===[39me[33m||[39m[35m62[39m[33m===[39me[33m?[39mn(e)[33m:[39mv(e)}[36mfunction[39m v(t){[36mreturn[39m
[23m[36mnull[39m[33m===[39mt[33m?[39mn(t)[33m:[39m[35m45[39m[33m===[39mt[33m?[39m(e[33m.[39mconsume(t)[33m,[39m[33mA[39m)[33m:[39ms(t)[33m?[39m(h[33m=[39mv[33m,[39m[33mR[39m(t))[33m:[39m(e[33m.[39mconsume(t)[33m,[39mv)}[36mfunction[39m
[23m[33mA[39m(t){[36mreturn[39m [35m45[39m[33m===[39mt[33m?[39m(e[33m.[39mconsume(t)[33m,[39m[33mJ[39m)[33m:[39mv(t)}[36mfunction[39m b(t){[36mreturn[39m
[23mt[33m===[39mc[33m.[39mcharCodeAt(p[33m++[39m)[33m?[39m(e[33m.[39mconsume(t)[33m,[39mp[33m===[39mc[33m.[39mlength[33m?[39m[33mE[39m[33m:[39mb)[33m:[39mn(t)}[36mfunction[39m [33mE[39m(t){[36mreturn[39m
[23m[36mnull[39m[33m===[39mt[33m?[39mn(t)[33m:[39m[35m93[39m[33m===[39mt[33m?[39m(e[33m.[39mconsume(t)[33m,[39m[33mC[39m)[33m:[39ms(t)[33m?[39m(h[33m=[39m[33mE[39m[33m,[39m[33mR[39m(t))[33m:[39m(e[33m.[39mconsume(t)[33m,[39m[33mE[39m)}[36mfunction[39m
[23m[33mC[39m(t){[36mreturn[39m [35m93[39m[33m===[39mt[33m?[39m(e[33m.[39mconsume(t)[33m,[39m[33mF[39m)[33m:[39m[33mE[39m(t)}[36mfunction[39m [33mF[39m(t){[36mreturn[39m
[23m[35m62[39m[33m===[39mt[33m?[39m[33mJ[39m(t)[33m:[39m[35m93[39m[33m===[39mt[33m?[39m(e[33m.[39mconsume(t)[33m,[39m[33mF[39m)[33m:[39m[33mE[39m(t)}[36mfunction[39m w(t){[36mreturn[39m
[23m[36mnull[39m[33m===[39mt[33m||[39m[35m62[39m[33m===[39mt[33m?[39m[33mJ[39m(t)[33m:[39ms(t)[33m?[39m(h[33m=[39mw[33m,[39m[33mR[39m(t))[33m:[39m(e[33m.[39mconsume(t)[33m,[39mw)}[36mfunction[39m k(t){[36mreturn[39m
[23m[36mnull[39m[33m===[39mt[33m?[39mn(t)[33m:[39m[35m63[39m[33m===[39mt[33m?[39m(e[33m.[39mconsume(t)[33m,[39m[33mD[39m)[33m:[39ms(t)[33m?[39m(h[33m=[39mk[33m,[39m[33mR[39m(t))[33m:[39m(e[33m.[39mconsume(t)[33m,[39mk)}[36mfunction[39m
[23m[33mD[39m(e){[36mreturn[39m [35m62[39m[33m===[39me[33m?[39m[33mJ[39m(e)[33m:[39mk(e)}[36mfunction[39m [33mS[39m(t){[36mreturn[39m
[23mr(t)[33m?[39m(e[33m.[39mconsume(t)[33m,[39m[33mB[39m)[33m:[39mn(t)}[36mfunction[39m [33mB[39m(t){[36mreturn[39m
[23m[35m45[39m[33m===[39mt[33m||[39mi(t)[33m?[39m(e[33m.[39mconsume(t)[33m,[39m[33mB[39m)[33m:[39m_(t)}[36mfunction[39m _(t){[36mreturn[39m
[23ms(t)[33m?[39m(h[33m=[39m_[33m,[39m[33mR[39m(t))[33m:[39mo(t)[33m?[39m(e[33m.[39mconsume(t)[33m,[39m_)[33m:[39m[33mJ[39m(t)}[36mfunction[39m [33mT[39m(t){[36mreturn[39m
[23m[35m45[39m[33m===[39mt[33m||[39mi(t)[33m?[39m(e[33m.[39mconsume(t)[33m,[39m[33mT[39m)[33m:[39m[35m47[39m[33m===[39mt[33m||[39m[35m62[39m[33m===[39mt[33m||[39ma(t)[33m?[39m[33mI[39m(t)[33m:[39mn(t)}[36mfunction[39m
[23m[33mI[39m(t){[36mreturn[39m [35m47[39m[33m===[39mt[33m?[39m(e[33m.[39mconsume(t)[33m,[39m[33mJ[39m)[33m:[39m[35m58[39m[33m===[39mt[33m||[39m[35m95[39m[33m===[39mt[33m||[39mr(t)[33m?[39m(e[33m.[39mconsume(t)[33m,[39m[33mP[39m)[33m:[39ms(t)[33m?[39m(
[23mh[33m=[39m[33mI[39m[33m,[39m[33mR[39m(t))[33m:[39mo(t)[33m?[39m(e[33m.[39mconsume(t)[33m,[39m[33mI[39m)[33m:[39m[33mJ[39m(t)}[36mfunction[39m [33mP[39m(t){[36mreturn[39m
[23m[35m45[39m[33m===[39mt[33m||[39m[35m46[39m[33m===[39mt[33m||[39m[35m58[39m[33m===[39mt[33m||[39m[35m95[39m[33m===[39mt[33m||[39mi(t)[33m?[39m(e[33m.[39mconsume(t)[33m,[39m[33mP[39m)[33m:[39m[33mL[39m(t)}[36mfunction[39m [33mL[39m(t){[36mreturn[39m
[23m[35m61[39m[33m===[39mt[33m?[39m(e[33m.[39mconsume(t)[33m,[39m[33mO[39m)[33m:[39ms(t)[33m?[39m(h[33m=[39m[33mL[39m[33m,[39m[33mR[39m(t))[33m:[39mo(t)[33m?[39m(e[33m.[39mconsume(t)[33m,[39m[33mL[39m)[33m:[39m[33mI[39m(t)}[36mfunction[39m
[23m[33mO[39m(t){[36mreturn[39m [36mnull[39m[33m===[39mt[33m||[39m[35m60[39m[33m===[39mt[33m||[39m[35m61[39m[33m===[39mt[33m||[39m[35m62[39m[33m===[39mt[33m||[39m[35m96[39m[33m===[39mt[33m?[39mn(t)[33m:[39m[35m34[39m[33m===[39mt[33m||[39m[35m39[39m[33m===[39mt[33m?[39m(e[33m.[39mcons
[23mume(t)[33m,[39ml[33m=[39mt[33m,[39m[33mN[39m)[33m:[39ms(t)[33m?[39m(h[33m=[39m[33mO[39m[33m,[39m[33mR[39m(t))[33m:[39mo(t)[33m?[39m(e[33m.[39mconsume(t)[33m,[39m[33mO[39m)[33m:[39m(e[33m.[39mconsume(t)[33m,[39ml[33m=[39m[36mvoid[39m
[23m[35m0[39m[33m,[39mj)}[36mfunction[39m [33mN[39m(t){[36mreturn[39m
[23mt[33m===[39ml[33m?[39m(e[33m.[39mconsume(t)[33m,[39m[33mM[39m)[33m:[39m[36mnull[39m[33m===[39mt[33m?[39mn(t)[33m:[39ms(t)[33m?[39m(h[33m=[39m[33mN[39m[33m,[39m[33mR[39m(t))[33m:[39m(e[33m.[39mconsume(t)[33m,[39m[33mN[39m)}[36mfunction[39m
[23m[33mM[39m(e){[36mreturn[39m [35m62[39m[33m===[39me[33m||[39m[35m47[39m[33m===[39me[33m||[39ma(e)[33m?[39m[33mI[39m(e)[33m:[39mn(e)}[36mfunction[39m j(t){[36mreturn[39m
[23m[36mnull[39m[33m===[39mt[33m||[39m[35m34[39m[33m===[39mt[33m||[39m[35m39[39m[33m===[39mt[33m||[39m[35m60[39m[33m===[39mt[33m||[39m[35m61[39m[33m===[39mt[33m||[39m[35m96[39m[33m===[39mt[33m?[39mn(t)[33m:[39m[35m62[39m[33m===[39mt[33m||[39ma(t)[33m?[39m[33mI[39m(t)[33m:[39m(e[33m.[39mconsu
[23mme(t)[33m,[39mj)}[36mfunction[39m [33mR[39m(t){[36mreturn[39m e[33m.[39mexit([32m"htmlTextData"[39m)[33m,[39me[33m.[39menter([32m"lineEnding"[39m)[33m,[39me[33m.[39mcon
[23msume(t)[33m,[39me[33m.[39mexit([32m"lineEnding"[39m)[33m,[39mu(e[33m,[39m[33mV[39m[33m,[39m[32m"linePrefix"[39m[33m,[39md[33m.[39mparser[33m.[39mconstructs[33m.[39mdisable[33m.[39m[36mnull
[23m[39m[33m.[39mindexOf([32m"codeIndented"[39m)[33m>[39m[33m-[39m[35m1[39m[33m?[39m[36mvoid[39m [35m0[39m[33m:[39m[35m4[39m)}[36mfunction[39m [33mV[39m(t){[36mreturn[39m
[23me[33m.[39menter([32m"htmlTextData"[39m)[33m,[39mh(t)}[36mfunction[39m [33mJ[39m(r){[36mreturn[39m [35m62[39m[33m===[39mr[33m?[39m(e[33m.[39mconsume(r)[33m,[39me[33m.[39mexit([32m"h
[23mtmlTextData"[39m)[33m,[39me[33m.[39mexit([32m"htmlText"[39m)[33m,[39mt)[33m:[39mn(r)}}}[33m;[39me[33m.[39mexports[33m=[39ml}[33m,[39m[35m1294[39m[33m:[39m(e[33m,[39mt[33m,[39mn)[33m=>[39m{[32m"use
[23mstrict"[39m[33m;[39m[36mvar[39m
[23mr[33m=[39mn([35m8367[39m)[33m,[39mi[33m=[39mn([35m8811[39m)[33m,[39ms[33m=[39mn([35m6808[39m)[33m,[39ma[33m=[39mn([35m5478[39m)[33m,[39mo[33m=[39mn([35m8280[39m)[33m,[39mu[33m=[39mn([35m5923[39m)[33m,[39ml[33m=[39mn([35m8229[39m)[33m,[39mc[33m=[39mn([35m7154[39m)[33m,
[23m[39mp[33m=[39mn([35m9283[39m)[33m,[39mh[33m=[39mn([35m1056[39m)[33m,[39md[33m=[39m{name[33m:[39m[32m"labelEnd"[39m[33m,[39mtokenize[33m:[39m[36mfunction[39m(e[33m,[39mt[33m,[39mn){[36mfor[39m([36mvar[39m r[33m,[39mi[33m,[39ms[33m=[39m[36mth
[23mis[39m[33m,[39mo[33m=[39ms[33m.[39mevents[33m.[39mlength[33m;[39mo[33m--[39m[33m;[39m)[36mif[39m(([32m"labelImage"[39m[33m===[39ms[33m.[39mevents[o][[35m1[39m][33m.[39mtype[33m||[39m[32m"labelLink"[39m[33m===
[23m[39ms[33m.[39mevents[o][[35m1[39m][33m.[39mtype)[33m&&[39m[33m![39ms[33m.[39mevents[o][[35m1[39m][33m.[39m_balanced){r[33m=[39ms[33m.[39mevents[o][[35m1[39m][33m;[39m[36mbreak[39m}[36mreturn[39m
[23m[36mfunction[39m(t){[36mreturn[39m r[33m?[39mr[33m.[39m_inactive[33m?[39ml(t)[33m:[39m(i[33m=[39ms[33m.[39mparser[33m.[39mdefined[33m.[39mindexOf(a(s[33m.[39msliceSeria
[23mlize({start[33m:[39mr[33m.[39mend[33m,[39mend[33m:[39ms[33m.[39mnow()})))[33m>[39m[33m-[39m[35m1[39m[33m,[39me[33m.[39menter([32m"labelEnd"[39m)[33m,[39me[33m.[39menter([32m"labelMarker"[39m)[33m,
[23m[39me[33m.[39mconsume(t)[33m,[39me[33m.[39mexit([32m"labelMarker"[39m)[33m,[39me[33m.[39mexit([32m"labelEnd"[39m)[33m,[39mu)[33m:[39mn(t)}[33m;[39m[36mfunction[39m
[23mu(n){[36mreturn[39m [35m40[39m[33m===[39mn[33m?[39me[33m.[39mattempt(f[33m,[39mt[33m,[39mi[33m?[39mt[33m:[39ml)(n)[33m:[39m[35m91[39m[33m===[39mn[33m?[39me[33m.[39mattempt(m[33m,[39mt[33m,[39mi[33m?[39me[33m.[39mattempt(g[33m,[39mt[33m,
[23m[39ml)[33m:[39ml)(n)[33m:[39mi[33m?[39mt(n)[33m:[39ml(n)}[36mfunction[39m l(e){[36mreturn[39m
[23mr[33m.[39m_balanced[33m=[39m[33m![39m[35m0[39m[33m,[39mn(e)}}[33m,[39mresolveTo[33m:[39m[36mfunction[39m(e[33m,[39mt){[36mfor[39m([36mvar[39m n[33m,[39mr[33m,[39ma[33m,[39ml[33m,[39mc[33m,[39mp[33m,[39mh[33m,[39md[33m=[39me[33m.[39mlength[33m,[39mf
[23m[33m=[39m[35m0[39m[33m;[39md[33m--[39m[33m;[39m)[36mif[39m(l[33m=[39me[d][[35m1[39m][33m,[39mc){[36mif[39m([32m"link"[39m[33m===[39ml[33m.[39mtype[33m||[39m[32m"labelLink"[39m[33m===[39ml[33m.[39mtype[33m&&[39ml[33m.[39m_inactive)[36mbr
[23meak[39m[33m;[39m[32m"enter"[39m[33m===[39me[d][[35m0[39m][33m&&[39m[32m"labelLink"[39m[33m===[39ml[33m.[39mtype[33m&&[39m(l[33m.[39m_inactive[33m=[39m[33m![39m[35m0[39m)}[36melse[39m [36mif[39m(p){[36mif[39m([32m"ent
[23mer"[39m[33m===[39me[d][[35m0[39m][33m&&[39m([32m"labelImage"[39m[33m===[39ml[33m.[39mtype[33m||[39m[32m"labelLink"[39m[33m===[39ml[33m.[39mtype)[33m&&[39m[33m![39ml[33m.[39m_balanced[33m&&[39m(c[33m=[39md
[23m[33m,[39m[32m"labelLink"[39m[33m!==[39ml[33m.[39mtype)){f[33m=[39m[35m2[39m[33m;[39m[36mbreak[39m}}[36melse[39m[32m"labelEnd"[39m[33m===[39ml[33m.[39mtype[33m&&[39m(p[33m=[39md)[33m;[39m[36mreturn[39m
[23mn[33m=[39m{type[33m:[39m[32m"labelLink"[39m[33m===[39me[c][[35m1[39m][33m.[39mtype[33m?[39m[32m"link"[39m[33m:[39m[32m"image"[39m[33m,[39mstart[33m:[39mu(e[c][[35m1[39m][33m.[39mstart)[33m,[39mend[33m:[39mu(e
[23m[e[33m.[39mlength[33m-[39m[35m1[39m][[35m1[39m][33m.[39mend)}[33m,[39mr[33m=[39m{type[33m:[39m[32m"label"[39m[33m,[39mstart[33m:[39mu(e[c][[35m1[39m][33m.[39mstart)[33m,[39mend[33m:[39mu(e[p][[35m1[39m][33m.[39mend)}
[23m[33m,[39ma[33m=[39m{type[33m:[39m[32m"labelText"[39m[33m,[39mstart[33m:[39mu(e[c[33m+[39mf[33m+[39m[35m2[39m][[35m1[39m][33m.[39mend)[33m,[39mend[33m:[39mu(e[p[33m-[39m[35m2[39m][[35m1[39m][33m.[39mstart)}[33m,[39mh[33m=[39mi(h[33m=[39m[[[32m"e
[23mnter"[39m[33m,[39mn[33m,[39mt][33m,[39m[[32m"enter"[39m[33m,[39mr[33m,[39mt]][33m,[39me[33m.[39mslice(c[33m+[39m[35m1[39m[33m,[39mc[33m+[39mf[33m+[39m[35m3[39m))[33m,[39mh[33m=[39mi(h[33m,[39m[[[32m"enter"[39m[33m,[39ma[33m,[39mt]])[33m,[39mh[33m=[39mi(h[33m,[39mo(t[33m.[39mp
[23marser[33m.[39mconstructs[33m.[39minsideSpan[33m.[39m[36mnull[39m[33m,[39me[33m.[39mslice(c[33m+[39mf[33m+[39m[35m4[39m[33m,[39mp[33m-[39m[35m3[39m)[33m,[39mt))[33m,[39mh[33m=[39mi(h[33m,[39m[[[32m"exit"[39m[33m,[39ma[33m,[39mt][33m,[39me[p[33m-
[23m[39m[35m2[39m][33m,[39me[p[33m-[39m[35m1[39m][33m,[39m[[32m"exit"[39m[33m,[39mr[33m,[39mt]])[33m,[39mh[33m=[39mi(h[33m,[39me[33m.[39mslice(p[33m+[39m[35m1[39m))[33m,[39mh[33m=[39mi(h[33m,[39m[[[32m"exit"[39m[33m,[39mn[33m,[39mt]])[33m,[39ms(e[33m,[39mc[33m,[39me[33m.[39mlengt
[23mh[33m,[39mh)[33m,[39me}[33m,[39mresolveAll[33m:[39m[36mfunction[39m(e){[36mfor[39m([36mvar[39m t[33m,[39mn[33m=[39m[33m-[39m[35m1[39m[33m;[39m[33m++[39mn[33m<[39m[33me[39m[33m.[39mlength[33m;[39m)(t[33m=[39me[n][[35m1[39m])[33m.[39m_used[33m||[39m[32m"
[23mlabelImage"[39m[33m!==[39mt[33m.[39mtype[33m&&[39m[32m"labelLink"[39m[33m!==[39mt[33m.[39mtype[33m&&[39m[32m"labelEnd"[39m[33m!==[39mt[33m.[39mtype[33m||[39m(e[33m.[39msplice(n[33m+[39m[35m1[39m[33m,[39m[32m"
[23mlabelImage"[39m[33m===[39mt[33m.[39mtype[33m?[39m[35m4[39m[33m:[39m[35m2[39m)[33m,[39mt[33m.[39mtype[33m=[39m[32m"data"[39m[33m,[39mn[33m++[39m)[33m;[39m[36mreturn[39m
[23me}}[33m,[39mf[33m=[39m{tokenize[33m:[39m[36mfunction[39m(e[33m,[39mt[33m,[39mn){[36mreturn[39m [36mfunction[39m(t){[36mreturn[39m e[33m.[39menter([32m"resource"[39m)[33m,[39me[33m.
[23m[39menter([32m"resourceMarker"[39m)[33m,[39me[33m.[39mconsume(t)[33m,[39me[33m.[39mexit([32m"resourceMarker"[39m)[33m,[39mh(e[33m,[39mi)}[33m;[39m[36mfunction[39m
[23mi(t){[36mreturn[39m [35m41[39m[33m===[39mt[33m?[39mo(t)[33m:[39ml(e[33m,[39ms[33m,[39mn[33m,[39m[32m"resourceDestination"[39m[33m,[39m[32m"resourceDestinationLitera
[23ml"[39m[33m,[39m[32m"resourceDestinationLiteralMarker"[39m[33m,[39m[32m"resourceDestinationRaw"[39m[33m,[39m[32m"resourceDestinat
[23mionString"[39m[33m,[39m[35m3[39m)(t)}[36mfunction[39m s(t){[36mreturn[39m r(t)[33m?[39mh(e[33m,[39ma)(t)[33m:[39mo(t)}[36mfunction[39m a(t){[36mreturn[39m
[23m[35m34[39m[33m===[39mt[33m||[39m[35m39[39m[33m===[39mt[33m||[39m[35m40[39m[33m===[39mt[33m?[39mp(e[33m,[39mh(e[33m,[39mo)[33m,[39mn[33m,[39m[32m"resourceTitle"[39m[33m,[39m[32m"resourceTitleMarker"[39m[33m,[39m[32m"resou
[23mrceTitleString"[39m)(t)[33m:[39mo(t)}[36mfunction[39m o(r){[36mreturn[39m
[23m[35m41[39m[33m===[39mr[33m?[39m(e[33m.[39menter([32m"resourceMarker"[39m)[33m,[39me[33m.[39mconsume(r)[33m,[39me[33m.[39mexit([32m"resourceMarker"[39m)[33m,[39me[33m.[39mexit([32m"
[23mresource"[39m)[33m,[39mt)[33m:[39mn(r)}}}[33m,[39mm[33m=[39m{tokenize[33m:[39m[36mfunction[39m(e[33m,[39mt[33m,[39mn){[36mvar[39m r[33m=[39m[36mthis[39m[33m;[39m[36mreturn[39m
[23m[36mfunction[39m(t){[36mreturn[39m
[23mc[33m.[39mcall(r[33m,[39me[33m,[39mi[33m,[39mn[33m,[39m[32m"reference"[39m[33m,[39m[32m"referenceMarker"[39m[33m,[39m[32m"referenceString"[39m)(t)}[33m;[39m[36mfunction[39m
[23mi(e){[36mreturn[39m r[33m.[39mparser[33m.[39mdefined[33m.[39mindexOf(a(r[33m.[39msliceSerialize(r[33m.[39mevents[r[33m.[39mevents[33m.[39mlength
[23m[33m-[39m[35m1[39m][[35m1[39m])[33m.[39mslice([35m1[39m[33m,[39m[33m-[39m[35m1[39m)))[33m<[39m[35m0[39m[33m?[39mn(e)[33m:[39mt(e)}}}[33m,[39mg[33m=[39m{tokenize[33m:[39m[36mfunction[39m(e[33m,[39mt[33m,[39mn){[36mreturn[39m
[23m[36mfunction[39m(t){[36mreturn[39m e[33m.[39menter([32m"reference"[39m)[33m,[39me[33m.[39menter([32m"referenceMarker"[39m)[33m,[39me[33m.[39mconsume(t)[33m,
[23m[39me[33m.[39mexit([32m"referenceMarker"[39m)[33m,[39mr}[33m;[39m[36mfunction[39m r(r){[36mreturn[39m
[23m[35m93[39m[33m===[39mr[33m?[39m(e[33m.[39menter([32m"referenceMarker"[39m)[33m,[39me[33m.[39mconsume(r)[33m,[39me[33m.[39mexit([32m"referenceMarker"[39m)[33m,[39me[33m.[39mexit
[23m([32m"reference"[39m)[33m,[39mt)[33m:[39mn(r)}}}[33m;[39me[33m.[39mexports[33m=[39md}[33m,[39m[35m6215[39m[33m:[39m(e[33m,[39mt[33m,[39mn)[33m=>[39m{[32m"use strict"[39m[33m;[39m[36mvar[39m
[23mr[33m=[39m{name[33m:[39m[32m"labelStartImage"[39m[33m,[39mtokenize[33m:[39m[36mfunction[39m(e[33m,[39mt[33m,[39mn){[36mvar[39m r[33m=[39m[36mthis[39m[33m;[39m[36mreturn[39m
[23m[36mfunction[39m(t){[36mreturn[39m e[33m.[39menter([32m"labelImage"[39m)[33m,[39me[33m.[39menter([32m"labelImageMarker"[39m)[33m,[39me[33m.[39mconsume(t
[23m)[33m,[39me[33m.[39mexit([32m"labelImageMarker"[39m)[33m,[39mi}[33m;[39m[36mfunction[39m i(t){[36mreturn[39m [35m91[39m[33m===[39mt[33m?[39m(e[33m.[39menter([32m"labelMarke
[23mr"[39m)[33m,[39me[33m.[39mconsume(t)[33m,[39me[33m.[39mexit([32m"labelMarker"[39m)[33m,[39me[33m.[39mexit([32m"labelImage"[39m)[33m,[39ms)[33m:[39mn(t)}[36mfunction[39m
[23ms(e){[36mreturn[39m [35m94[39m[33m===[39me[33m&&[39m[32m"_hiddenFootnoteSupport"[39m[36min[39m r[33m.[39mparser[33m.[39mconstructs[33m?[39mn(e)[33m:[39mt(e)}}[33m,[39mr
[23mesolveAll[33m:[39mn([35m1294[39m)[33m.[39mresolveAll}[33m;[39me[33m.[39mexports[33m=[39mr}[33m,[39m[35m534[39m[33m:[39m(e[33m,[39mt[33m,[39mn)[33m=>[39m{[32m"use strict"[39m[33m;[39m[36mvar[39m
[23mr[33m=[39m{name[33m:[39m[32m"labelStartLink"[39m[33m,[39mtokenize[33m:[39m[36mfunction[39m(e[33m,[39mt[33m,[39mn){[36mvar[39m r[33m=[39m[36mthis[39m[33m;[39m[36mreturn[39m
[23m[36mfunction[39m(t){[36mreturn[39m e[33m.[39menter([32m"labelLink"[39m)[33m,[39me[33m.[39menter([32m"labelMarker"[39m)[33m,[39me[33m.[39mconsume(t)[33m,[39me[33m.[39mex
[23mit([32m"labelMarker"[39m)[33m,[39me[33m.[39mexit([32m"labelLink"[39m)[33m,[39mi}[33m;[39m[36mfunction[39m i(e){[36mreturn[39m
[23m[35m94[39m[33m===[39me[33m&&[39m[32m"_hiddenFootnoteSupport"[39m[36min[39m r[33m.[39mparser[33m.[39mconstructs[33m?[39mn(e)[33m:[39mt(e)}}[33m,[39mresolveAll[33m:[39mn(
[23m[35m1294[39m)[33m.[39mresolveAll}[33m;[39me[33m.[39mexports[33m=[39mr}[33m,[39m[35m2607[39m[33m:[39m(e[33m,[39mt[33m,[39mn)[33m=>[39m{[32m"use strict"[39m[33m;[39m[36mvar[39m
[23mr[33m=[39mn([35m2928[39m)[33m,[39mi[33m=[39m{name[33m:[39m[32m"lineEnding"[39m[33m,[39mtokenize[33m:[39m[36mfunction[39m(e[33m,[39mt){[36mreturn[39m [36mfunction[39m(n){[36mreturn[39m
[23me[33m.[39menter([32m"lineEnding"[39m)[33m,[39me[33m.[39mconsume(n)[33m,[39me[33m.[39mexit([32m"lineEnding"[39m)[33m,[39mr(e[33m,[39mt[33m,[39m[32m"linePrefix"[39m)}}}[33m;[39me
[23m[33m.[39mexports[33m=[39mi}[33m,[39m[35m6931[39m[33m:[39m(e[33m,[39mt[33m,[39mn)[33m=>[39m{[32m"use strict"[39m[33m;[39m[36mvar[39m r[33m=[39mn([35m3977[39m)[33m,[39mi[33m=[39mn([35m3654[39m)[33m,[39ms[33m=[39mn([35m5096[39m)[33m,[39ma[33m=[39mn([35m88
[23m92[39m)[33m,[39mo[33m=[39mn([35m2928[39m)[33m,[39mu[33m=[39mn([35m6532[39m)[33m,[39ml[33m=[39mn([35m7039[39m)[33m,[39mc[33m=[39m{name[33m:[39m[32m"list"[39m[33m,[39mtokenize[33m:[39m[36mfunction[39m(e[33m,[39mt[33m,[39mn){[36mvar[39m
[23mo[33m=[39m[36mthis[39m[33m,[39mc[33m=[39ms(o[33m.[39mevents[33m,[39m[32m"linePrefix"[39m)[33m,[39mh[33m=[39m[35m0[39m[33m;[39m[36mreturn[39m [36mfunction[39m(t){[36mvar[39m
[23mi[33m=[39mo[33m.[39mcontainerState[33m.[39mtype[33m||[39m([35m42[39m[33m===[39mt[33m||[39m[35m43[39m[33m===[39mt[33m||[39m[35m45[39m[33m===[39mt[33m?[39m[32m"listUnordered"[39m[33m:[39m[32m"listOrdered"[39m)[33m;
[23m[39m[36mif[39m([32m"listUnordered"[39m[33m===[39mi[33m?[39m[33m![39mo[33m.[39mcontainerState[33m.[39mmarker[33m||[39mt[33m===[39mo[33m.[39mcontainerState[33m.[39mmarker[33m:[39mr(t
[23m)){[36mif[39m(o[33m.[39mcontainerState[33m.[39mtype[33m||[39m(o[33m.[39mcontainerState[33m.[39mtype[33m=[39mi[33m,[39me[33m.[39menter(i[33m,[39m{_container[33m:[39m[33m![39m[35m0[39m})
)[33m,[39m[32m"listUnordered"[39m[33m===[39mi)[36mreturn[39m e[33m.[39menter([32m"listItemPrefix"[39m)[33m,[39m[35m42[39m[33m===[39mt[33m||[39m[35m45[39m[33m===[39mt[33m?[39me[33m.[39mcheck(l[33m,
[23m[39mn[33m,[39mf)(t)[33m:[39mf(t)[33m;[39m[36mif[39m([33m![39mo[33m.[39minterrupt[33m||[39m[35m49[39m[33m===[39mt)[36mreturn[39m
[23me[33m.[39menter([32m"listItemPrefix"[39m)[33m,[39me[33m.[39menter([32m"listItemValue"[39m)[33m,[39md(t)}[36mreturn[39m n(t)}[33m;[39m[36mfunction[39m
[23md(t){[36mreturn[39m r(t)[33m&&[39m[33m++[39mh[33m<[39m[35m10[39m[33m?[39m(e[33m.[39mconsume(t)[33m,[39md)[33m:[39m([33m![39mo[33m.[39minterrupt[33m||[39mh[33m<[39m[35m2[39m)[33m&&[39m(o[33m.[39mcontainerState
[23m[33m.[39mmarker[33m?[39mt[33m===[39mo[33m.[39mcontainerState[33m.[39mmarker[33m:[39m[35m41[39m[33m===[39mt[33m||[39m[35m46[39m[33m===[39mt)[33m?[39m(e[33m.[39mexit([32m"listItemValue"[39m)[33m,[39mf(t
[23m))[33m:[39mn(t)}[36mfunction[39m f(t){[36mreturn[39m e[33m.[39menter([32m"listItemMarker"[39m)[33m,[39me[33m.[39mconsume(t)[33m,[39me[33m.[39mexit([32m"list
[23mItemMarker"[39m)[33m,[39mo[33m.[39mcontainerState[33m.[39mmarker[33m=[39mo[33m.[39mcontainerState[33m.[39mmarker[33m||[39mt[33m,[39me[33m.[39mcheck(u[33m,[39mo[33m.[39minte
[23mrrupt[33m?[39mn[33m:[39mm[33m,[39me[33m.[39mattempt(p[33m,[39mx[33m,[39mg))}[36mfunction[39m m(e){[36mreturn[39m
[23mo[33m.[39mcontainerState[33m.[39minitialBlankLine[33m=[39m[33m![39m[35m0[39m[33m,[39mc[33m++[39m[33m,[39mx(e)}[36mfunction[39m g(t){[36mreturn[39m
[23mi(t)[33m?[39m(e[33m.[39menter([32m"listItemPrefixWhitespace"[39m)[33m,[39me[33m.[39mconsume(t)[33m,[39me[33m.[39mexit([32m"listItemPrefixWhi
[23mtespace"[39m)[33m,[39mx)[33m:[39mn(t)}[36mfunction[39m x(n){[36mreturn[39m o[33m.[39mcontainerState[33m.[39msize[33m=[39mc[33m+[39ma(o[33m.[39msliceStream(e
[23m[33m.[39mexit([32m"listItemPrefix"[39m)))[33m,[39mt(n)}}[33m,[39mcontinuation[33m:[39m{tokenize[33m:[39m[36mfunction[39m(e[33m,[39mt[33m,[39mn){[36mvar[39m
[23mr[33m=[39m[36mthis[39m[33m;[39m[36mreturn[39m r[33m.[39mcontainerState[33m.[39m_closeFlow[33m=[39m[36mvoid[39m [35m0[39m[33m,[39me[33m.[39mcheck(u[33m,[39m[36mfunction[39m(n){[36mreturn[39m
[23mr[33m.[39mcontainerState[33m.[39mfurtherBlankLines[33m=[39mr[33m.[39mcontainerState[33m.[39mfurtherBlankLines[33m||[39mr[33m.[39mcontain
[23merState[33m.[39minitialBlankLine[33m,[39mo(e[33m,[39mt[33m,[39m[32m"listItemIndent"[39m[33m,[39mr[33m.[39mcontainerState[33m.[39msize[33m+[39m[35m1[39m)(n)}[33m,[39m[36mfun
[23mction[39m(n){[36mreturn[39m r[33m.[39mcontainerState[33m.[39mfurtherBlankLines[33m||[39m[33m![39mi(n)[33m?[39m(r[33m.[39mcontainerState[33m.[39mfurt
[23mherBlankLines[33m=[39mr[33m.[39mcontainerState[33m.[39minitialBlankLine[33m=[39m[36mvoid[39m [35m0[39m[33m,[39ms(n))[33m:[39m(r[33m.[39mcontainerState[33m.[39mf
[23murtherBlankLines[33m=[39mr[33m.[39mcontainerState[33m.[39minitialBlankLine[33m=[39m[36mvoid[39m
[23m[35m0[39m[33m,[39me[33m.[39mattempt(h[33m,[39mt[33m,[39ms)(n))})[33m;[39m[36mfunction[39m s(i){[36mreturn[39m
[23mr[33m.[39mcontainerState[33m.[39m_closeFlow[33m=[39m[33m![39m[35m0[39m[33m,[39mr[33m.[39minterrupt[33m=[39m[36mvoid[39m [35m0[39m[33m,[39mo(e[33m,[39me[33m.[39mattempt(c[33m,[39mt[33m,[39mn)[33m,[39m[32m"linePref
[23mix"[39m[33m,[39mr[33m.[39mparser[33m.[39mconstructs[33m.[39mdisable[33m.[39m[36mnull[39m[33m.[39mindexOf([32m"codeIndented"[39m)[33m>[39m[33m-[39m[35m1[39m[33m?[39m[36mvoid[39m
[23m[35m0[39m[33m:[39m[35m4[39m)(i)}}}[33m,[39mexit[33m:[39m[36mfunction[39m(e){e[33m.[39mexit([36mthis[39m[33m.[39mcontainerState[33m.[39mtype)}}[33m,[39mp[33m=[39m{tokenize[33m:[39m[36mfunct
[23mion[39m(e[33m,[39mt[33m,[39mn){[36mvar[39m r[33m=[39m[36mthis[39m[33m;[39m[36mreturn[39m o(e[33m,[39m[36mfunction[39m(e){[36mreturn[39m
[23mi(e)[33m||[39m[33m![39ms(r[33m.[39mevents[33m,[39m[32m"listItemPrefixWhitespace"[39m)[33m?[39mn(e)[33m:[39mt(e)}[33m,[39m[32m"listItemPrefixWhitespa
[23mce"[39m[33m,[39mr[33m.[39mparser[33m.[39mconstructs[33m.[39mdisable[33m.[39m[36mnull[39m[33m.[39mindexOf([32m"codeIndented"[39m)[33m>[39m[33m-[39m[35m1[39m[33m?[39m[36mvoid[39m
[23m[35m0[39m[33m:[39m[35m5[39m)}[33m,[39mpartial[33m:[39m[33m![39m[35m0[39m}[33m,[39mh[33m=[39m{tokenize[33m:[39m[36mfunction[39m(e[33m,[39mt[33m,[39mn){[36mvar[39m r[33m=[39m[36mthis[39m[33m;[39m[36mreturn[39m
[23mo(e[33m,[39m[36mfunction[39m(e){[36mreturn[39m
[23ms(r[33m.[39mevents[33m,[39m[32m"listItemIndent"[39m)[33m===[39mr[33m.[39mcontainerState[33m.[39msize[33m?[39mt(e)[33m:[39mn(e)}[33m,[39m[32m"listItemIndent"
[23m[39m[33m,[39mr[33m.[39mcontainerState[33m.[39msize[33m+[39m[35m1[39m)}[33m,[39mpartial[33m:[39m[33m![39m[35m0[39m}[33m;[39me[33m.[39mexports[33m=[39mc}[33m,[39m[35m6532[39m[33m:[39m(e[33m,[39mt[33m,[39mn)[33m=>[39m{[32m"use
[23mstrict"[39m[33m;[39m[36mvar[39m r[33m=[39mn([35m7238[39m)[33m,[39mi[33m=[39mn([35m2928[39m)[33m,[39ms[33m=[39m{tokenize[33m:[39m[36mfunction[39m(e[33m,[39mt[33m,[39mn){[36mreturn[39m
[23mi(e[33m,[39m[36mfunction[39m(e){[36mreturn[39m [36mnull[39m[33m===[39me[33m||[39mr(e)[33m?[39mt(e)[33m:[39mn(e)}[33m,[39m[32m"linePrefix"[39m)}[33m,[39mpartial[33m:[39m[33m![39m[35m0[39m}[33m;[39me[33m.[39mex
[23mports[33m=[39ms}[33m,[39m[35m5874[39m[33m:[39m(e[33m,[39mt[33m,[39mn)[33m=>[39m{[32m"use strict"[39m[33m;[39m[36mvar[39m r[33m=[39mn([35m7238[39m)[33m,[39mi[33m=[39mn([35m5923[39m)[33m,[39ms[33m=[39mn([35m2928[39m)[33m,[39ma[33m=[39m{name[33m:[39m[32m"
[23msetextUnderline"[39m[33m,[39mtokenize[33m:[39m[36mfunction[39m(e[33m,[39mt[33m,[39mn){[36mfor[39m([36mvar[39m i[33m,[39ma[33m,[39mo[33m=[39m[36mthis[39m[33m,[39mu[33m=[39mo[33m.[39mevents[33m.[39mlength[33m;[39mu
[23m[33m--[39m[33m;[39m)[36mif[39m([32m"lineEnding"[39m[33m!==[39mo[33m.[39mevents[u][[35m1[39m][33m.[39mtype[33m&&[39m[32m"linePrefix"[39m[33m!==[39mo[33m.[39mevents[u][[35m1[39m][33m.[39mtype[33m&&[39m[32m"
[23mcontent"[39m[33m!==[39mo[33m.[39mevents[u][[35m1[39m][33m.[39mtype){a[33m=[39m[32m"paragraph"[39m[33m===[39mo[33m.[39mevents[u][[35m1[39m][33m.[39mtype[33m;[39m[36mbreak[39m}[36mreturn[39m
[23m [36mfunction[39m(t){[36mreturn[39m o[33m.[39mlazy[33m||[39m[33m![39mo[33m.[39minterrupt[33m&&[39m[33m![39ma[33m?[39mn(t)[33m:[39m(e[33m.[39menter([32m"setextHeadingLine"[39m)[33m,
[23m[39me[33m.[39menter([32m"setextHeadingLineSequence"[39m)[33m,[39mi[33m=[39mt[33m,[39ml(t))}[33m;[39m[36mfunction[39m l(t){[36mreturn[39m
[23mt[33m===[39mi[33m?[39m(e[33m.[39mconsume(t)[33m,[39ml)[33m:[39m(e[33m.[39mexit([32m"setextHeadingLineSequence"[39m)[33m,[39ms(e[33m,[39mc[33m,[39m[32m"lineSuffix"[39m)(
[23mt))}[36mfunction[39m c(i){[36mreturn[39m [36mnull[39m[33m===[39mi[33m||[39mr(i)[33m?[39m(e[33m.[39mexit([32m"setextHeadingLine"[39m)[33m,[39mt(i))[33m:[39mn(i)}
[23m}[33m,[39mresolveTo[33m:[39m[36mfunction[39m(e[33m,[39mt){[36mfor[39m([36mvar[39m
[23mn[33m,[39mr[33m,[39ms[33m,[39ma[33m,[39mo[33m=[39me[33m.[39mlength[33m;[39mo[33m--[39m[33m;[39m)[36mif[39m([32m"enter"[39m[33m===[39me[o][[35m0[39m]){[36mif[39m([32m"content"[39m[33m===[39me[o][[35m1[39m][33m.[39mtype){n[33m=[39mo[33m;[39m[36mb
[23mreak[39m}[32m"paragraph"[39m[33m===[39me[o][[35m1[39m][33m.[39mtype[33m&&[39m(r[33m=[39mo)}[36melse[39m[32m"content"[39m[33m===[39me[o][[35m1[39m][33m.[39mtype[33m&&[39me[33m.[39msplice(o[33m,
[23m[39m[35m1[39m)[33m,[39ms[33m||[39m[32m"definition"[39m[33m!==[39me[o][[35m1[39m][33m.[39mtype[33m||[39m(s[33m=[39mo)[33m;[39m[36mreturn[39m a[33m=[39m{type[33m:[39m[32m"setextHeading"[39m[33m,[39mstart[33m:[39mi(
[23me[r][[35m1[39m][33m.[39mstart)[33m,[39mend[33m:[39mi(e[e[33m.[39mlength[33m-[39m[35m1[39m][[35m1[39m][33m.[39mend)}[33m,[39me[r][[35m1[39m][33m.[39mtype[33m=[39m[32m"setextHeadingText"[39m[33m,[39ms[33m?[39m(
[23me[33m.[39msplice(r[33m,[39m[35m0[39m[33m,[39m[[32m"enter"[39m[33m,[39ma[33m,[39mt])[33m,[39me[33m.[39msplice(s[33m+[39m[35m1[39m[33m,[39m[35m0[39m[33m,[39m[[32m"exit"[39m[33m,[39me[n][[35m1[39m][33m,[39mt])[33m,[39me[n][[35m1[39m][33m.[39mend[33m=[39mi(e[s
[23m][[35m1[39m][33m.[39mend))[33m:[39me[n][[35m1[39m][33m=[39ma[33m,[39me[33m.[39mpush([[32m"exit"[39m[33m,[39ma[33m,[39mt])[33m,[39me}}[33m;[39me[33m.[39mexports[33m=[39ma}[33m,[39m[35m7039[39m[33m:[39m(e[33m,[39mt[33m,[39mn)[33m=>[39m{[32m"use
[23mstrict"[39m[33m;[39m[36mvar[39m r[33m=[39mn([35m7238[39m)[33m,[39mi[33m=[39mn([35m3654[39m)[33m,[39ms[33m=[39mn([35m2928[39m)[33m,[39ma[33m=[39m{name[33m:[39m[32m"thematicBreak"[39m[33m,[39mtokenize[33m:[39m[36mfunct
[23mion[39m(e[33m,[39mt[33m,[39mn){[36mvar[39m a[33m,[39mo[33m=[39m[35m0[39m[33m;[39m[36mreturn[39m [36mfunction[39m(t){[36mreturn[39m
[23me[33m.[39menter([32m"thematicBreak"[39m)[33m,[39ma[33m=[39mt[33m,[39mu(t)}[33m;[39m[36mfunction[39m u(c){[36mreturn[39m
[23mc[33m===[39ma[33m?[39m(e[33m.[39menter([32m"thematicBreakSequence"[39m)[33m,[39ml(c))[33m:[39mi(c)[33m?[39ms(e[33m,[39mu[33m,[39m[32m"whitespace"[39m)(c)[33m:[39mo[33m<[39m[35m3[39m[33m||[39m[36mn
[23mull[39m[33m!==[39mc[33m&&[39m[33m![39mr(c)[33m?[39mn(c)[33m:[39m(e[33m.[39mexit([32m"thematicBreak"[39m)[33m,[39mt(c))}[36mfunction[39m l(t){[36mreturn[39m
[23mt[33m===[39ma[33m?[39m(e[33m.[39mconsume(t)[33m,[39mo[33m++[39m[33m,[39ml)[33m:[39m(e[33m.[39mexit([32m"thematicBreakSequence"[39m)[33m,[39mu(t))}}}[33m;[39me[33m.[39mexports[33m=[39ma
[23m}[33m,[39m[35m8811[39m[33m:[39m(e[33m,[39mt[33m,[39mn)[33m=>[39m{[32m"use strict"[39m[33m;[39m[36mvar[39m r[33m=[39mn([35m6808[39m)[33m;[39me[33m.[39mexports[33m=[39m[36mfunction[39m(e[33m,[39mt){[36mreturn[39m
[23me[33m.[39mlength[33m?[39m(r(e[33m,[39me[33m.[39mlength[33m,[39m[35m0[39m[33m,[39mt)[33m,[39me)[33m:[39mt}}[33m,[39m[35m6808[39m[33m:[39m(e[33m,[39mt[33m,[39mn)[33m=>[39m{[32m"use strict"[39m[33m;[39m[36mvar[39m
[23mr[33m=[39mn([35m1362[39m)[33m;[39me[33m.[39mexports[33m=[39m[36mfunction[39m(e[33m,[39mt[33m,[39mn[33m,[39mi){[36mvar[39m s[33m,[39ma[33m=[39me[33m.[39mlength[33m,[39mo[33m=[39m[35m0[39m[33m;[39m[36mif[39m(t[33m=[39mt[33m<[39m[35m0[39m[33m?[39m[33m-[39mt[33m>[39ma[33m?[39m[35m0[39m[33m:[39ma[33m+[39mt[33m:[39mt
[23m[33m>[39ma[33m?[39ma[33m:[39mt[33m,[39mn[33m=[39mn[33m>[39m[35m0[39m[33m?[39mn[33m:[39m[35m0[39m[33m,[39mi[33m.[39mlength[33m<[39m[35m1e4[39m)(s[33m=[39m[33mArray[39m[33m.[39m[36mfrom[39m(i))[33m.[39munshift(t[33m,[39mn)[33m,[39mr[33m.[39mapply(e[33m,[39ms)[33m;[39m[36melse[39m
[23m[36mfor[39m(n[33m&&[39mr[33m.[39mapply(e[33m,[39m[t[33m,[39mn])[33m;[39mo[33m<[39m[33mi[39m[33m.[39mlength[33m;[39m)(s[33m=[39mi[33m.[39mslice(o[33m,[39mo[33m+[39m[35m1e4[39m))[33m.[39munshift(t[33m,[39m[35m0[39m)[33m,[39mr[33m.[39mapply(e[33m,
[23m[39ms)[33m,[39mo[33m+=[39m[35m1e4[39m[33m,[39mt[33m+=[39m[35m1e4[39m}}[33m,[39m[35m9444[39m[33m:[39m(e[33m,[39mt[33m,[39mn)[33m=>[39m{[32m"use strict"[39m[33m;[39m[36mvar[39m
[23mr[33m=[39mn([35m8367[39m)[33m,[39mi[33m=[39mn([35m6996[39m)[33m,[39ms[33m=[39mn([35m395[39m)[33m;[39me[33m.[39mexports[33m=[39m[36mfunction[39m(e){[36mreturn[39m
[23m[36mnull[39m[33m===[39me[33m||[39mr(e)[33m||[39ms(e)[33m?[39m[35m1[39m[33m:[39mi(e)[33m?[39m[35m2[39m[33m:[39m[36mvoid[39m [35m0[39m}}[33m,[39m[35m2952[39m[33m:[39m(e[33m,[39mt[33m,[39mn)[33m=>[39m{[32m"use strict"[39m[33m;[39m[36mvar[39m
[23mr[33m=[39mn([35m6706[39m)[33m,[39mi[33m=[39mn([35m6808[39m)[33m,[39ms[33m=[39mn([35m8180[39m)[33m;[39m[36mfunction[39m a(e[33m,[39mt){[36mvar[39m n[33m,[39mi[33m,[39ma[33m,[39mu[33m;[39m[36mfor[39m(n [36min[39m t)[36mfor[39m(u [36min[39m
[23mi[33m=[39mr[33m.[39mcall(e[33m,[39mn)[33m?[39me[n][33m:[39me[n][33m=[39m{}[33m,[39ma[33m=[39mt[n])i[u][33m=[39mo(s(a[u])[33m,[39mr[33m.[39mcall(i[33m,[39mu)[33m?[39mi[u][33m:[39m[])}[36mfunction[39m
[23mo(e[33m,[39mt){[36mfor[39m([36mvar[39m
[23mn[33m=[39m[33m-[39m[35m1[39m[33m,[39mr[33m=[39m[][33m;[39m[33m++[39mn[33m<[39m[33me[39m[33m.[39mlength[33m;[39m)([32m"after"[39m[33m===[39me[n][33m.[39madd[33m?[39mt[33m:[39mr)[33m.[39mpush(e[n])[33m;[39m[36mreturn[39m
[23mi(t[33m,[39m[35m0[39m[33m,[39m[35m0[39m[33m,[39mr)[33m,[39mt}e[33m.[39mexports[33m=[39m[36mfunction[39m(e){[36mfor[39m([36mvar[39m
[23mt[33m=[39m{}[33m,[39mn[33m=[39m[33m-[39m[35m1[39m[33m;[39m[33m++[39mn[33m<[39m[33me[39m[33m.[39mlength[33m;[39m)a(t[33m,[39me[n])[33m;[39m[36mreturn[39m t}}[33m,[39m[35m1388[39m[33m:[39m(e[33m,[39mt[33m,[39mn)[33m=>[39m{[32m"use strict"[39m[33m;[39m[36mvar[39m
[23mr[33m=[39mn([35m9198[39m)[33m,[39mi[33m=[39mn([35m7238[39m)[33m,[39ms[33m=[39mn([35m8811[39m)[33m,[39ma[33m=[39mn([35m6808[39m)[33m,[39mo[33m=[39mn([35m8180[39m)[33m,[39mu[33m=[39mn([35m8280[39m)[33m,[39ml[33m=[39mn([35m3082[39m)[33m,[39mc[33m=[39mn([35m5923[39m)[33m,
[23m[39mp[33m=[39mn([35m2774[39m)[33m;[39me[33m.[39mexports[33m=[39m[36mfunction[39m(e[33m,[39mt[33m,[39mn){[36mvar[39m
[23mh[33m=[39mn[33m?[39mc(n)[33m:[39m{line[33m:[39m[35m1[39m[33m,[39mcolumn[33m:[39m[35m1[39m[33m,[39moffset[33m:[39m[35m0[39m}[33m,[39md[33m=[39m{}[33m,[39mf[33m=[39m[][33m,[39mm[33m=[39m[][33m,[39mg[33m=[39m[][33m,[39mx[33m=[39m{consume[33m:[39m[36mfunction[39m(e){i
[23m(e)[33m?[39m(h[33m.[39mline[33m++[39m[33m,[39mh[33m.[39mcolumn[33m=[39m[35m1[39m[33m,[39mh[33m.[39moffset[33m+=[39m[33m-[39m[35m3[39m[33m===[39me[33m?[39m[35m2[39m[33m:[39m[35m1[39m[33m,[39mk())[33m:[39m[33m-[39m[35m1[39m[33m!==[39me[33m&&[39m(h[33m.[39mcolumn[33m++[39m[33m,[39mh[33m.[39moffset[33m+
[23m+[39m)[33m,[39mh[33m.[39m_bufferIndex[33m<[39m[35m0[39m[33m?[39mh[33m.[39m_index[33m++[39m[33m:[39m(h[33m.[39m_bufferIndex[33m++[39m[33m,[39mh[33m.[39m_bufferIndex[33m===[39mm[h[33m.[39m_index][33m.[39mle
[23mngth[33m&&[39m(h[33m.[39m_bufferIndex[33m=[39m[33m-[39m[35m1[39m[33m,[39mh[33m.[39m_index[33m++[39m))[33m,[39my[33m.[39mprevious[33m=[39me}[33m,[39menter[33m:[39m[36mfunction[39m(e[33m,[39mt){[36mvar[39m
[23mn[33m=[39mt[33m||[39m{}[33m;[39m[36mreturn[39m n[33m.[39mtype[33m=[39me[33m,[39mn[33m.[39mstart[33m=[39mb()[33m,[39my[33m.[39mevents[33m.[39mpush([[32m"enter"[39m[33m,[39mn[33m,[39my])[33m,[39mg[33m.[39mpush(n)[33m,[39mn}[33m,[39mex
[23mit[33m:[39m[36mfunction[39m(e){[36mvar[39m t[33m=[39mg[33m.[39mpop()[33m;[39m[36mreturn[39m
[23mt[33m.[39mend[33m=[39mb()[33m,[39my[33m.[39mevents[33m.[39mpush([[32m"exit"[39m[33m,[39mt[33m,[39my])[33m,[39mt}[33m,[39mattempt[33m:[39m[33mF[39m([36mfunction[39m(e[33m,[39mt){w(e[33m,[39mt[33m.[39m[36mfrom[39m)})[33m,[39mc
[23mheck[33m:[39m[33mF[39m([33mC[39m)[33m,[39minterrupt[33m:[39m[33mF[39m([33mC[39m[33m,[39m{interrupt[33m:[39m[33m![39m[35m0[39m})[33m,[39mlazy[33m:[39m[33mF[39m([33mC[39m[33m,[39m{lazy[33m:[39m[33m![39m[35m0[39m})}[33m,[39my[33m=[39m{previous[33m:[39m[36mnull[39m[33m,[39mev
[23ments[33m:[39m[][33m,[39mparser[33m:[39me[33m,[39msliceStream[33m:[39m[33mA[39m[33m,[39msliceSerialize[33m:[39m[36mfunction[39m(e){[36mreturn[39m l([33mA[39m(e))}[33m,[39mnow[33m:[39mb[33m,
[23m[39mdefineSkip[33m:[39m[36mfunction[39m(e){d[e[33m.[39mline][33m=[39me[33m.[39mcolumn[33m,[39mk()}[33m,[39mwrite[33m:[39m[36mfunction[39m(e){[36mreturn[39m
[23mm[33m=[39ms(m[33m,[39me)[33m,[39m[36mfunction[39m(){[36mfor[39m([36mvar[39m e[33m,[39mt[33m;[39mh[33m.[39m_index[33m<[39m[33mm[39m[33m.[39mlength[33m;[39m)[36mif[39m([32m"string"[39m[33m==[39m[36mtypeof[39m(t[33m=[39mm[h[33m.[39m_in
[23mdex]))[36mfor[39m(e[33m=[39mh[33m.[39m_index[33m,[39mh[33m.[39m_bufferIndex[33m<[39m[35m0[39m[33m&&[39m(h[33m.[39m_bufferIndex[33m=[39m[35m0[39m)[33m;[39mh[33m.[39m_index[33m===[39me[33m&&[39mh[33m.[39m_buffe
[23mrIndex[33m<[39m[33mt[39m[33m.[39mlength[33m;[39m)[33mE[39m(t[33m.[39mcharCodeAt(h[33m.[39m_bufferIndex))[33m;[39m[36melse[39m [33mE[39m(t)}()[33m,[39m[36mnull[39m[33m!==[39mm[m[33m.[39mlength[33m-
[23m[39m[35m1[39m][33m?[39m[][33m:[39m(w(t[33m,[39m[35m0[39m)[33m,[39my[33m.[39mevents[33m=[39mu(f[33m,[39my[33m.[39mevents[33m,[39my)[33m,[39my[33m.[39mevents)}}[33m,[39mv[33m=[39mt[33m.[39mtokenize[33m.[39mcall(y[33m,[39mx)[33m;[39m[36mreturn[39m
[23m t[33m.[39mresolveAll[33m&&[39mf[33m.[39mpush(t)[33m,[39mh[33m.[39m_index[33m=[39m[35m0[39m[33m,[39mh[33m.[39m_bufferIndex[33m=[39m[33m-[39m[35m1[39m[33m,[39my[33m;[39m[36mfunction[39m [33mA[39m(e){[36mreturn[39m
[23mp(m[33m,[39me)}[36mfunction[39m b(){[36mreturn[39m c(h)}[36mfunction[39m [33mE[39m(e){v[33m=[39mv(e)}[36mfunction[39m
[23m[33mC[39m(e[33m,[39mt){t[33m.[39mrestore()}[36mfunction[39m [33mF[39m(e[33m,[39mt){[36mreturn[39m [36mfunction[39m(n[33m,[39mi[33m,[39ms){[36mvar[39m a[33m,[39mu[33m,[39ml[33m,[39mc[33m;[39m[36mreturn[39m
[23mn[33m.[39mtokenize[33m||[39m[32m"length"[39m[36min[39m n[33m?[39mp(o(n))[33m:[39m[36mfunction[39m(e){[36mreturn[39m e [36min[39m n[33m||[39m[36mnull[39m [36min[39m
[23mn[33m?[39mp(n[33m.[39m[36mnull[39m[33m?[39mo(n[e])[33m.[39mconcat(o(n[33m.[39m[36mnull[39m))[33m:[39mn[e])(e)[33m:[39ms(e)}[33m;[39m[36mfunction[39m p(e){[36mreturn[39m
[23ma[33m=[39me[33m,[39md(e[u[33m=[39m[35m0[39m])}[36mfunction[39m d(e){[36mreturn[39m [36mfunction[39m(n){[36mvar[39m i[33m,[39ms[33m,[39ma[33m,[39mo[33m,[39mu[33m;[39m[36mreturn[39m
[23mi[33m=[39mb()[33m,[39ms[33m=[39my[33m.[39mprevious[33m,[39ma[33m=[39my[33m.[39mcurrentConstruct[33m,[39mo[33m=[39my[33m.[39mevents[33m.[39mlength[33m,[39mu[33m=[39m[33mArray[39m[33m.[39m[36mfrom[39m(g)[33m,[39mc[33m=[39m{res
[23mtore[33m:[39m[36mfunction[39m(){h[33m=[39mi[33m,[39my[33m.[39mprevious[33m=[39ms[33m,[39my[33m.[39mcurrentConstruct[33m=[39ma[33m,[39my[33m.[39mevents[33m.[39mlength[33m=[39mo[33m,[39mg[33m=[39mu[33m,[39mk()}
[23m[33m,[39m[36mfrom[39m[33m:[39mo}[33m,[39ml[33m=[39me[33m,[39me[33m.[39mpartial[33m||[39m(y[33m.[39mcurrentConstruct[33m=[39me)[33m,[39me[33m.[39mname[33m&&[39my[33m.[39mparser[33m.[39mconstructs[33m.[39mdisab
[23mle[33m.[39m[36mnull[39m[33m.[39mindexOf(e[33m.[39mname)[33m>[39m[33m-[39m[35m1[39m[33m?[39mm()[33m:[39me[33m.[39mtokenize[33m.[39mcall(t[33m?[39mr({}[33m,[39my[33m,[39mt)[33m:[39my[33m,[39mx[33m,[39mf[33m,[39mm)(n)}}[36mfunction[39m
[23m f(t){[36mreturn[39m e(l[33m,[39mc)[33m,[39mi}[36mfunction[39m m(e){[36mreturn[39m
[23mc[33m.[39mrestore()[33m,[39m[33m++[39mu[33m<[39m[33ma[39m[33m.[39mlength[33m?[39md(a[u])[33m:[39ms}}}[36mfunction[39m w(e[33m,[39mt){e[33m.[39mresolveAll[33m&&[39mf[33m.[39mindexOf(e)[33m<
[23m[39m[35m0[39m[33m&&[39mf[33m.[39mpush(e)[33m,[39me[33m.[39mresolve[33m&&[39ma(y[33m.[39mevents[33m,[39mt[33m,[39my[33m.[39mevents[33m.[39mlength[33m-[39mt[33m,[39me[33m.[39mresolve(y[33m.[39mevents[33m.[39mslice(
[23mt)[33m,[39my))[33m,[39me[33m.[39mresolveTo[33m&&[39m(y[33m.[39mevents[33m=[39me[33m.[39mresolveTo(y[33m.[39mevents[33m,[39my))}[36mfunction[39m k(){h[33m.[39mline [36min[39m
[23md[33m&&[39mh[33m.[39mcolumn[33m<[39m[35m2[39m[33m&&[39m(h[33m.[39mcolumn[33m=[39md[h[33m.[39mline][33m,[39mh[33m.[39moffset[33m+=[39md[h[33m.[39mline][33m-[39m[35m1[39m)}}}[33m,[39m[35m8180[39m[33m:[39me[33m=>[39m{[32m"use
[23mstrict"[39m[33m;[39me[33m.[39mexports[33m=[39m[36mfunction[39m(e){[36mreturn[39m [36mnull[39m[33m==[39me[33m?[39m[][33m:[39m[32m"length"[39m[36min[39m
[23me[33m?[39me[33m:[39m[e]}}[33m,[39m[35m5644[39m[33m:[39me[33m=>[39m{[32m"use strict"[39m[33m;[39me[33m.[39mexports[33m=[39m[36mfunction[39m(e[33m,[39mt){[36mreturn[39m
[23me[33m.[39mcolumn[33m+=[39mt[33m,[39me[33m.[39moffset[33m+=[39mt[33m,[39me[33m.[39m_bufferIndex[33m+=[39mt[33m,[39me}}[33m,[39m[35m5478[39m[33m:[39me[33m=>[39m{[32m"use
[23mstrict"[39m[33m;[39me[33m.[39mexports[33m=[39m[36mfunction[39m(e){[36mreturn[39m e[33m.[39mreplace([35m/[\t\n\r ]+/g[39m[33m,[39m[32m" "[39m)[33m.[39mreplace([35m/^ |
[23m$/g[39m[33m,[39m[32m""[39m)[33m.[39mtoLowerCase()[33m.[39mtoUpperCase()}}[33m,[39m[35m5096[39m[33m:[39m(e[33m,[39mt[33m,[39mn)[33m=>[39m{[32m"use strict"[39m[33m;[39m[36mvar[39m
[23mr[33m=[39mn([35m8892[39m)[33m;[39me[33m.[39mexports[33m=[39m[36mfunction[39m(e[33m,[39mt){[36mvar[39m n[33m=[39me[e[33m.[39mlength[33m-[39m[35m1[39m][33m;[39m[36mreturn[39m
[23mn[33m&&[39mn[[35m1[39m][33m.[39mtype[33m===[39mt[33m?[39mr(n[[35m2[39m][33m.[39msliceStream(n[[35m1[39m]))[33m:[39m[35m0[39m}}[33m,[39m[35m2841[39m[33m:[39m(e[33m,[39mt[33m,[39mn)[33m=>[39m{[32m"use strict"[39m[33m;[39m[36mvar[39m
[23mr[33m=[39mn([35m3267[39m)[33m;[39me[33m.[39mexports[33m=[39m[36mfunction[39m(e){[36mreturn[39m [36mfunction[39m(t){[36mreturn[39m
[23me[33m.[39mtest(r(t))}}}[33m,[39m[35m8280[39m[33m:[39me[33m=>[39m{[32m"use strict"[39m[33m;[39me[33m.[39mexports[33m=[39m[36mfunction[39m(e[33m,[39mt[33m,[39mn){[36mfor[39m([36mvar[39m
[23mr[33m,[39mi[33m=[39m[][33m,[39ms[33m=[39m[33m-[39m[35m1[39m[33m;[39m[33m++[39ms[33m<[39m[33me[39m[33m.[39mlength[33m;[39m)(r[33m=[39me[s][33m.[39mresolveAll)[33m&&[39mi[33m.[39mindexOf(r)[33m<[39m[35m0[39m[33m&&[39m(t[33m=[39mr(t[33m,[39mn)[33m,[39mi[33m.[39mpush(
[23mr))[33m;[39m[36mreturn[39m t}}[33m,[39m[35m596[39m[33m:[39m(e[33m,[39mt[33m,[39mn)[33m=>[39m{[32m"use strict"[39m[33m;[39m[36mvar[39m
[23mr[33m=[39mn([35m3267[39m)[33m;[39me[33m.[39mexports[33m=[39m[36mfunction[39m(e[33m,[39mt){[36mvar[39m n[33m=[39mparseInt(e[33m,[39mt)[33m;[39m[36mreturn[39m
[23mn[33m<[39m[35m9[39m[33m||[39m[35m11[39m[33m===[39mn[33m||[39mn[33m>[39m[35m13[39m[33m&&[39mn[33m<[39m[35m32[39m[33m||[39mn[33m>[39m[35m126[39m[33m&&[39mn[33m<[39m[35m160[39m[33m||[39mn[33m>[39m[35m55295[39m[33m&&[39mn[33m<[39m[35m57344[39m[33m||[39mn[33m>[39m[35m64975[39m[33m&&[39mn[33m<[39m[35m65008[39m[33m||[39m[33m![39m([35m655
[23m35[39m[33m&[39m[33m~[39mn)[33m||[39m[35m65534[39m[33m==[39m([35m65535[39m[33m&[39mn)[33m||[39mn[33m>[39m[35m1114111[39m[33m?[39m[32m"∩┐╜"[39m[33m:[39mr(n)}}[33m,[39m[35m3082[39m[33m:[39m(e[33m,[39mt[33m,[39mn)[33m=>[39m{[32m"use strict"[39m[33m;[39m[36mvar[39m
[23mr[33m=[39mn([35m3267[39m)[33m;[39me[33m.[39mexports[33m=[39m[36mfunction[39m(e){[36mfor[39m([36mvar[39m
[23mt[33m,[39mn[33m,[39mi[33m,[39ms[33m=[39m[33m-[39m[35m1[39m[33m,[39ma[33m=[39m[][33m;[39m[33m++[39ms[33m<[39m[33me[39m[33m.[39mlength[33m;[39m){[36mif[39m([32m"string"[39m[33m==[39m[36mtypeof[39m(t[33m=[39me[s]))n[33m=[39mt[33m;[39m[36melse[39m
[23m[36mif[39m([33m-[39m[35m5[39m[33m===[39mt)n[33m=[39m[32m"\r"[39m[33m;[39m[36melse[39m [36mif[39m([33m-[39m[35m4[39m[33m===[39mt)n[33m=[39m[32m"\n"[39m[33m;[39m[36melse[39m [36mif[39m([33m-[39m[35m3[39m[33m===[39mt)n[33m=[39m[32m"\r\n"[39m[33m;[39m[36melse[39m
[23m[36mif[39m([33m-[39m[35m2[39m[33m===[39mt)n[33m=[39m[32m"\t"[39m[33m;[39m[36melse[39m [36mif[39m([33m-[39m[35m1[39m[33m===[39mt){[36mif[39m(i)[36mcontinue[39m[33m;[39mn[33m=[39m[32m" "[39m}[36melse[39m
[23mn[33m=[39mr(t)[33m;[39mi[33m=[39m[33m-[39m[35m2[39m[33m===[39mt[33m,[39ma[33m.[39mpush(n)}[36mreturn[39m a[33m.[39mjoin([32m""[39m)}}[33m,[39m[35m5923[39m[33m:[39m(e[33m,[39mt[33m,[39mn)[33m=>[39m{[32m"use strict"[39m[33m;[39m[36mvar[39m
[23mr[33m=[39mn([35m9198[39m)[33m;[39me[33m.[39mexports[33m=[39m[36mfunction[39m(e){[36mreturn[39m r({}[33m,[39me)}}[33m,[39m[35m8892[39m[33m:[39me[33m=>[39m{[32m"use
[23mstrict"[39m[33m;[39me[33m.[39mexports[33m=[39m[36mfunction[39m(e){[36mfor[39m([36mvar[39m t[33m=[39m[33m-[39m[35m1[39m[33m,[39mn[33m=[39m[35m0[39m[33m;[39m[33m++[39mt[33m<[39m[33me[39m[33m.[39mlength[33m;[39m)n[33m+=[39m[32m"string"[39m[33m==[39m[36mtypeof[39m
[23m e[t][33m?[39me[t][33m.[39mlength[33m:[39m[35m1[39m[33m;[39m[36mreturn[39m n}}[33m,[39m[35m2774[39m[33m:[39me[33m=>[39m{[32m"use strict"[39m[33m;[39me[33m.[39mexports[33m=[39m[36mfunction[39m(e[33m,[39mt){[36mvar[39m
[23m n[33m,[39mr[33m=[39mt[33m.[39mstart[33m.[39m_index[33m,[39mi[33m=[39mt[33m.[39mstart[33m.[39m_bufferIndex[33m,[39ms[33m=[39mt[33m.[39mend[33m.[39m_index[33m,[39ma[33m=[39mt[33m.[39mend[33m.[39m_bufferIndex[33m;[39m[36mr
[23meturn[39m r[33m===[39ms[33m?[39mn[33m=[39m[e[r][33m.[39mslice(i[33m,[39ma)][33m:[39m(n[33m=[39me[33m.[39mslice(r[33m,[39ms)[33m,[39mi[33m>[39m[33m-[39m[35m1[39m[33m&&[39m(n[[35m0[39m][33m=[39mn[[35m0[39m][33m.[39mslice(i))[33m,[39ma[33m>[39m[35m0[39m[33m&&
[23m[39mn[33m.[39mpush(e[s][33m.[39mslice([35m0[39m[33m,[39ma)))[33m,[39mn}}[33m,[39m[35m4423[39m[33m:[39m(e[33m,[39mt[33m,[39mn)[33m=>[39m{[32m"use strict"[39m[33m;[39m[36mvar[39m
[23mr[33m=[39mn([35m9198[39m)[33m,[39mi[33m=[39mn([35m6808[39m)[33m,[39ms[33m=[39mn([35m5923[39m)[33m;[39m[36mfunction[39m a(e[33m,[39mt){[36mfor[39m([36mvar[39m
[23mn[33m,[39mr[33m,[39ms[33m,[39ma[33m,[39mo[33m,[39mu[33m,[39ml[33m=[39me[t][[35m1[39m][33m,[39mc[33m=[39me[t][[35m2[39m][33m,[39mp[33m=[39mt[33m-[39m[35m1[39m[33m,[39mh[33m=[39m[][33m,[39md[33m=[39ml[33m.[39m_tokenizer[33m||[39mc[33m.[39mparser[l[33m.[39mcontentTyp
[23me](l[33m.[39mstart)[33m,[39mf[33m=[39md[33m.[39mevents[33m,[39mm[33m=[39m[][33m,[39mg[33m=[39m{}[33m;[39ml[33m;[39m){[36mfor[39m([33m;[39me[[33m++[39mp][[35m1[39m][33m!==[39ml[33m;[39m)[33m;[39mh[33m.[39mpush(p)[33m,[39ml[33m.[39m_tokenizer
[23m[33m||[39m(n[33m=[39mc[33m.[39msliceStream(l)[33m,[39ml[33m.[39mnext[33m||[39mn[33m.[39mpush([36mnull[39m)[33m,[39mr[33m&&[39md[33m.[39mdefineSkip(l[33m.[39mstart)[33m,[39ml[33m.[39misInFirstC
[23montentOfListItem[33m&&[39m(d[33m.[39m_gfmTasklistFirstContentOfListItem[33m=[39m[33m![39m[35m0[39m)[33m,[39md[33m.[39mwrite(n)[33m,[39ml[33m.[39misInFir
[23mstContentOfListItem[33m&&[39m(d[33m.[39m_gfmTasklistFirstContentOfListItem[33m=[39m[36mvoid[39m
[23m[35m0[39m))[33m,[39mr[33m=[39ml[33m,[39ml[33m=[39ml[33m.[39mnext}[36mfor[39m(l[33m=[39mr[33m,[39ms[33m=[39mf[33m.[39mlength[33m;[39ms[33m--[39m[33m;[39m)[32m"enter"[39m[33m===[39mf[s][[35m0[39m][33m?[39ma[33m=[39m[33m![39m[35m0[39m[33m:[39ma[33m&&[39mf[s][[35m1[39m][33m.[39mtype[33m=
[23m==[39mf[s[33m-[39m[35m1[39m][[35m1[39m][33m.[39mtype[33m&&[39mf[s][[35m1[39m][33m.[39mstart[33m.[39mline[33m!==[39mf[s][[35m1[39m][33m.[39mend[33m.[39mline[33m&&[39m(x(f[33m.[39mslice(s[33m+[39m[35m1[39m[33m,[39mo))[33m,[39ml[33m.[39m_t
[23mokenizer[33m=[39ml[33m.[39mnext[33m=[39m[36mvoid[39m [35m0[39m[33m,[39ml[33m=[39ml[33m.[39mprevious[33m,[39mo[33m=[39ms[33m+[39m[35m1[39m)[33m;[39m[36mfor[39m(d[33m.[39mevents[33m=[39ml[33m.[39m_tokenizer[33m=[39ml[33m.[39mnext[33m=[39m[36mvoid[39m
[23m [35m0[39m[33m,[39mx(f[33m.[39mslice([35m0[39m[33m,[39mo))[33m,[39ms[33m=[39m[33m-[39m[35m1[39m[33m,[39mu[33m=[39m[35m0[39m[33m;[39m[33m++[39ms[33m<[39m[33mm[39m[33m.[39mlength[33m;[39m)g[u[33m+[39mm[s][[35m0[39m]][33m=[39mu[33m+[39mm[s][[35m1[39m][33m,[39mu[33m+=[39mm[s][[35m1[39m][33m-[39mm[s]
[23m[[35m0[39m][33m-[39m[35m1[39m[33m;[39m[36mreturn[39m g[33m;[39m[36mfunction[39m x(t){[36mvar[39m
[23mn[33m=[39mh[33m.[39mpop()[33m;[39mm[33m.[39munshift([n[33m,[39mn[33m+[39mt[33m.[39mlength[33m-[39m[35m1[39m])[33m,[39mi(e[33m,[39mn[33m,[39m[35m2[39m[33m,[39mt)}}e[33m.[39mexports[33m=[39m[36mfunction[39m(e){[36mfor[39m([36mvar[39m
[23mt[33m,[39mn[33m,[39mo[33m,[39mu[33m,[39ml[33m,[39mc[33m,[39mp[33m,[39mh[33m=[39m{}[33m,[39md[33m=[39m[33m-[39m[35m1[39m[33m;[39m[33m++[39md[33m<[39m[33me[39m[33m.[39mlength[33m;[39m){[36mfor[39m([33m;[39md [36min[39m
[23mh[33m;[39m)d[33m=[39mh[d][33m;[39m[36mif[39m(t[33m=[39me[d][33m,[39md[33m&&[39m[32m"chunkFlow"[39m[33m===[39mt[[35m1[39m][33m.[39mtype[33m&&[39m[32m"listItemPrefix"[39m[33m===[39me[d[33m-[39m[35m1[39m][[35m1[39m][33m.[39mtyp
[23me[33m&&[39m((o[33m=[39m[35m0[39m)[33m<[39m(c[33m=[39mt[[35m1[39m][33m.[39m_tokenizer[33m.[39mevents)[33m.[39mlength[33m&&[39m[32m"lineEndingBlank"[39m[33m===[39mc[o][[35m1[39m][33m.[39mtype[33m&&[39m(
[23mo[33m+=[39m[35m2[39m)[33m,[39mo[33m<[39m[33mc[39m[33m.[39mlength[33m&&[39m[32m"content"[39m[33m===[39mc[o][[35m1[39m][33m.[39mtype))[36mfor[39m([33m;[39m[33m++[39mo[33m<[39m[33mc[39m[33m.[39mlength[33m&&[39m[32m"content"[39m[33m!==[39mc[o][
[23m[35m1[39m][33m.[39mtype[33m;[39m)[32m"chunkText"[39m[33m===[39mc[o][[35m1[39m][33m.[39mtype[33m&&[39m(c[o][[35m1[39m][33m.[39misInFirstContentOfListItem[33m=[39m[33m![39m[35m0[39m[33m,[39mo[33m++[39m)
[23m[33m;[39m[36mif[39m([32m"enter"[39m[33m===[39mt[[35m0[39m])t[[35m1[39m][33m.[39mcontentType[33m&&[39m(r(h[33m,[39ma(e[33m,[39md))[33m,[39md[33m=[39mh[d][33m,[39mp[33m=[39m[33m![39m[35m0[39m)[33m;[39m[36melse[39m
[23m[36mif[39m(t[[35m1[39m][33m.[39m_container[33m||[39mt[[35m1[39m][33m.[39m_movePreviousLineEndings){[36mfor[39m(o[33m=[39md[33m,[39mn[33m=[39m[36mvoid[39m [35m0[39m[33m;[39mo[33m--[39m[33m&&[39m([32m"lineE
[23mnding"[39m[33m===[39m(u[33m=[39me[o])[[35m1[39m][33m.[39mtype[33m||[39m[32m"lineEndingBlank"[39m[33m===[39mu[[35m1[39m][33m.[39mtype)[33m;[39m)[32m"enter"[39m[33m===[39mu[[35m0[39m][33m&&[39m(n[33m&&[39m(
[23me[n][[35m1[39m][33m.[39mtype[33m=[39m[32m"lineEndingBlank"[39m)[33m,[39mu[[35m1[39m][33m.[39mtype[33m=[39m[32m"lineEnding"[39m[33m,[39mn[33m=[39mo)[33m;[39mn[33m&&[39m(t[[35m1[39m][33m.[39mend[33m=[39ms(e[n][
[23m[35m1[39m][33m.[39mstart)[33m,[39m(l[33m=[39me[33m.[39mslice(n[33m,[39md))[33m.[39munshift(t)[33m,[39mi(e[33m,[39mn[33m,[39md[33m-[39mn[33m+[39m[35m1[39m[33m,[39ml))}}[36mreturn[39m[33m![39mp}}[33m,[39m[35m9239[39m[33m:[39me[33m=>[39m{[32m"use
[23mstrict"[39m[33m;[39me[33m.[39mexports[33m=[39me[33m=>[39m{[36mconst[39m t[33m=[39me[33m.[39mmatch([35m/^[ \t]*(?=\S)/gm[39m)[33m;[39m[36mreturn[39m
[23mt[33m?[39mt[33m.[39mreduce((e[33m,[39mt)[33m=>[39m[33mMath[39m[33m.[39mmin(e[33m,[39mt[33m.[39mlength)[33m,[39m[35m1[39m[33m/[39m[35m0[39m)[33m:[39m[35m0[39m}}[33m,[39m[35m9435[39m[33m:[39me[33m=>[39m{[32m"use strict"[39m[33m;[39m[36mvar[39m
[23mt[33m;[39me[33m.[39mexports[33m=[39m[36mfunction[39m(e){[36mvar[39m
[23mn[33m,[39mr[33m=[39m[32m"&"[39m[33m+[39me[33m+[39m[32m";"[39m[33m;[39m[36mreturn[39m(t[33m=[39mt[33m||[39mdocument[33m.[39mcreateElement([32m"i"[39m))[33m.[39minnerHTML[33m=[39mr[33m,[39m([35m59[39m[33m!==[39m(n[33m=[39mt[33m.[39mte
[23mxtContent)[33m.[39mcharCodeAt(n[33m.[39mlength[33m-[39m[35m1[39m)[33m||[39m[32m"semi"[39m[33m===[39me)[33m&&[39mn[33m!==[39mr[33m&&[39mn}}[33m,[39m[35m7574[39m[33m:[39m(e[33m,[39mt[33m,[39mn)[33m=>[39m{[32m"use
[23mstrict"[39m[33m;[39m[36mvar[39m r[33m=[39mn([35m6588[39m)[33m,[39mi[33m=[39mn([35m6852[39m)[33m,[39ms[33m=[39mn([35m6195[39m)[33m,[39ma[33m=[39mn([35m9480[39m)[33m,[39mo[33m=[39mn([35m7961[39m)[33m,[39mu[33m=[39mn([35m9435[39m)[33m;[39me[33m.[39mexport
[23ms[33m=[39m[36mfunction[39m(e[33m,[39mt){[36mvar[39m n[33m,[39ms[33m,[39ma[33m=[39m{}[33m;[39m[36mfor[39m(s [36min[39m t[33m||[39m(t[33m=[39m{})[33m,[39mh)n[33m=[39mt[s][33m,[39ma[s][33m=[39m[36mnull[39m[33m==[39mn[33m?[39mh[s][33m:[39mn[33m;[39m[36mret
[23murn[39m(a[33m.[39mposition[33m.[39mindent[33m||[39ma[33m.[39mposition[33m.[39mstart)[33m&&[39m(a[33m.[39mindent[33m=[39ma[33m.[39mposition[33m.[39mindent[33m||[39m[][33m,[39ma[33m.[39mposi
[23mtion[33m=[39ma[33m.[39mposition[33m.[39mstart)[33m,[39m[36mfunction[39m(e[33m,[39mt){[36mvar[39m n[33m,[39ms[33m,[39ma[33m,[39mh[33m,[39m[33mA[39m[33m,[39mb[33m,[39m[33mE[39m[33m,[39m[33mC[39m[33m,[39m[33mF[39m[33m,[39mw[33m,[39mk[33m,[39m[33mD[39m[33m,[39m[33mS[39m[33m,[39m[33mB[39m[33m,[39m_[33m,[39m[33mT[39m[33m,[39m[33mI[39m[33m,[39m[33mP[39m[33m,[39m[33mL[39m[33m,[39m[33mO
[23m[39m[33m,[39m[33mN[39m[33m=[39mt[33m.[39madditional[33m,[39m[33mM[39m[33m=[39mt[33m.[39mnonTerminated[33m,[39mj[33m=[39mt[33m.[39mtext[33m,[39m[33mR[39m[33m=[39mt[33m.[39mreference[33m,[39m[33mV[39m[33m=[39mt[33m.[39mwarning[33m,[39m[33mJ[39m[33m=[39mt[33m.[39mtextCon
[23mtext[33m,[39m[33mU[39m[33m=[39mt[33m.[39mreferenceContext[33m,[39mz[33m=[39mt[33m.[39mwarningContext[33m,[39mq[33m=[39mt[33m.[39mposition[33m,[39m[33mX[39m[33m=[39mt[33m.[39mindent[33m||[39m[][33m,[39m$[33m=[39me[33m.[39mlen
[23mgth[33m,[39m[33mH[39m[33m=[39m[35m0[39m[33m,[39m[33mW[39m[33m=[39m[33m-[39m[35m1[39m[33m,[39m[33mG[39m[33m=[39mq[33m.[39mcolumn[33m||[39m[35m1[39m[33m,[39m[33mQ[39m[33m=[39mq[33m.[39mline[33m||[39m[35m1[39m[33m,[39m[33mK[39m[33m=[39m[32m""[39m[33m,[39m[33mY[39m[33m=[39m[][33m;[39m[36mfor[39m([32m"string"[39m[33m==[39m[36mtypeof[39m
[23m[33mN[39m[33m&&[39m([33mN[39m[33m=[39m[33mN[39m[33m.[39mcharCodeAt([35m0[39m))[33m,[39m[33mT[39m[33m=[39m[33mZ[39m()[33m,[39m[33mC[39m[33m=[39m[33mV[39m[33m?[39m[36mfunction[39m(e[33m,[39mt){[36mvar[39m
[23mn[33m=[39m[33mZ[39m()[33m;[39mn[33m.[39mcolumn[33m+=[39mt[33m,[39mn[33m.[39moffset[33m+=[39mt[33m,[39m[33mV[39m[33m.[39mcall(z[33m,[39my[e][33m,[39mn[33m,[39me)}[33m:[39mp[33m,[39m[33mH[39m[33m--[39m[33m,[39m$[33m++[39m[33m;[39m[33m++[39m[33mH[39m[33m<[39m$[33m;[39m)[36mif[39m([35m10[39m[33m===[39m[33mA[39m[33m&&[39m([33mG
[23m[39m[33m=[39m[33mX[39m[[33mW[39m][33m||[39m[35m1[39m)[33m,[39m[35m38[39m[33m===[39m([33mA[39m[33m=[39me[33m.[39mcharCodeAt([33mH[39m))){[36mif[39m([35m9[39m[33m===[39m([33mE[39m[33m=[39me[33m.[39mcharCodeAt([33mH[39m[33m+[39m[35m1[39m))[33m||[39m[35m10[39m[33m===[39m[33mE[39m[33m||[39m[35m12[39m[33m===[39m[33mE
[23m[39m[33m||[39m[35m32[39m[33m===[39m[33mE[39m[33m||[39m[35m38[39m[33m===[39m[33mE[39m[33m||[39m[35m60[39m[33m===[39m[33mE[39m[33m||[39m[33mE[39m[33m!=[39m[33mE[39m[33m||[39m[33mN[39m[33m&&[39m[33mE[39m[33m===[39m[33mN[39m){[33mK[39m[33m+=[39mc([33mA[39m)[33m,[39m[33mG[39m[33m++[39m[33m;[39m[36mcontinue[39m}[36mfor[39m([33mD[39m[33m=[39m[33mS[39m[33m=[39m[33mH[39m[33m+[39m[35m1[39m[33m,[39m[33mL[39m[33m=[39m[33mS[39m[33m,[39m[35m3
[23m5[39m[33m===[39m[33mE[39m[33m?[39m([33mL[39m[33m=[39m[33m++[39m[33mD[39m[33m,[39m[35m88[39m[33m===[39m([33mE[39m[33m=[39me[33m.[39mcharCodeAt([33mL[39m))[33m||[39m[35m120[39m[33m===[39m[33mE[39m[33m?[39m([33mB[39m[33m=[39mf[33m,[39m[33mL[39m[33m=[39m[33m++[39m[33mD[39m)[33m:[39m[33mB[39m[33m=[39mm)[33m:[39m[33mB[39m[33m=[39md[33m,[39mn[33m=[39m[32m""[39m[33m,[39mk[33m=[39m[32m""[39m[33m,[39mh[33m=
[23m[39m[32m""[39m[33m,[39m_[33m=[39mx[[33mB[39m][33m,[39m[33mL[39m[33m--[39m[33m;[39m[33m++[39m[33mL[39m[33m<[39m$[33m&&[39m_([33mE[39m[33m=[39me[33m.[39mcharCodeAt([33mL[39m))[33m;[39m)h[33m+=[39mc([33mE[39m)[33m,[39m[33mB[39m[33m===[39md[33m&&[39ml[33m.[39mcall(r[33m,[39mh)[33m&&[39m(n[33m=[39mh[33m,[39mk[33m=[39mr[
[23mh])[33m;[39m(a[33m=[39m[35m59[39m[33m===[39me[33m.[39mcharCodeAt([33mL[39m))[33m&&[39m([33mL[39m[33m++[39m[33m,[39m(s[33m=[39m[33mB[39m[33m===[39md[33m&&[39mu(h))[33m&&[39m(n[33m=[39mh[33m,[39mk[33m=[39ms))[33m,[39m[33mP[39m[33m=[39m[35m1[39m[33m+[39m[33mL[39m[33m-[39m[33mS[39m[33m,[39m(a[33m||[39m[33mM[39m)[33m&&[39m(
[23mh[33m?[39m[33mB[39m[33m===[39md[33m?[39m(a[33m&&[39m[33m![39mk[33m?[39m[33mC[39m([35m5[39m[33m,[39m[35m1[39m)[33m:[39m(n[33m!==[39mh[33m&&[39m([33mP[39m[33m=[39m[35m1[39m[33m+[39m([33mL[39m[33m=[39m[33mD[39m[33m+[39mn[33m.[39mlength)[33m-[39m[33mD[39m[33m,[39ma[33m=[39m[33m![39m[35m1[39m)[33m,[39ma[33m||[39m([33mF[39m[33m=[39mn[33m?[39m[35m1[39m[33m:[39m[35m3[39m[33m,[39mt[33m.[39mattribut
[23me[33m?[39m[35m61[39m[33m===[39m([33mE[39m[33m=[39me[33m.[39mcharCodeAt([33mL[39m))[33m?[39m([33mC[39m([33mF[39m[33m,[39m[33mP[39m)[33m,[39mk[33m=[39m[36mnull[39m)[33m:[39mo([33mE[39m)[33m?[39mk[33m=[39m[36mnull[39m[33m:[39m[33mC[39m([33mF[39m[33m,[39m[33mP[39m)[33m:[39m[33mC[39m([33mF[39m[33m,[39m[33mP[39m)))[33m,[39mb[33m=[39mk)[33m:[39m(a[33m||
[23m[39m[33mC[39m([35m2[39m[33m,[39m[33mP[39m)[33m,[39m([33mO[39m[33m=[39mb[33m=[39mparseInt(h[33m,[39mg[[33mB[39m]))[33m>=[39m[35m55296[39m[33m&&[39m[33mO[39m[33m<=[39m[35m57343[39m[33m||[39m[33mO[39m[33m>[39m[35m1114111[39m[33m?[39m([33mC[39m([35m7[39m[33m,[39m[33mP[39m)[33m,[39mb[33m=[39mc([35m65533[39m))[33m:[39mb
[23m[36min[39m i[33m?[39m([33mC[39m([35m6[39m[33m,[39m[33mP[39m)[33m,[39mb[33m=[39mi[b])[33m:[39m(w[33m=[39m[32m""[39m[33m,[39mv(b)[33m&&[39m[33mC[39m([35m6[39m[33m,[39m[33mP[39m)[33m,[39mb[33m>[39m[35m65535[39m[33m&&[39m(w[33m+=[39mc((b[33m-=[39m[35m65536[39m)[33m>>>[39m[35m10[39m[33m|[39m[35m55296[39m)[33m,[39mb[33m=
[23m[39m[35m56320[39m[33m|[39m[35m1023[39m[33m&[39mb)[33m,[39mb[33m=[39mw[33m+[39mc(b)))[33m:[39m[33mB[39m[33m!==[39md[33m&&[39m[33mC[39m([35m4[39m[33m,[39m[33mP[39m))[33m,[39mb[33m?[39m(ee()[33m,[39m[33mT[39m[33m=[39m[33mZ[39m()[33m,[39m[33mH[39m[33m=[39m[33mL[39m[33m-[39m[35m1[39m[33m,[39m[33mG[39m[33m+=[39m[33mL[39m[33m-[39m[33mS[39m[33m+[39m[35m1[39m[33m,[39m[33mY[39m[33m.[39mpush(b)[33m,[39m(
[23m[33mI[39m[33m=[39m[33mZ[39m())[33m.[39moffset[33m++[39m[33m,[39m[33mR[39m[33m&&[39m[33mR[39m[33m.[39mcall([33mU[39m[33m,[39mb[33m,[39m{start[33m:[39m[33mT[39m[33m,[39mend[33m:[39m[33mI[39m}[33m,[39me[33m.[39mslice([33mS[39m[33m-[39m[35m1[39m[33m,[39m[33mL[39m))[33m,[39m[33mT[39m[33m=[39m[33mI[39m)[33m:[39m(h[33m=[39me[33m.[39mslice([33mS[39m[33m-
[23m[39m[35m1[39m[33m,[39m[33mL[39m)[33m,[39m[33mK[39m[33m+=[39mh[33m,[39m[33mG[39m[33m+=[39mh[33m.[39mlength[33m,[39m[33mH[39m[33m=[39m[33mL[39m[33m-[39m[35m1[39m)}[36melse[39m
[23m[35m10[39m[33m===[39m[33mA[39m[33m&&[39m([33mQ[39m[33m++[39m[33m,[39m[33mW[39m[33m++[39m[33m,[39m[33mG[39m[33m=[39m[35m0[39m)[33m,[39m[33mA[39m[33m==[39m[33mA[39m[33m?[39m([33mK[39m[33m+=[39mc([33mA[39m)[33m,[39m[33mG[39m[33m++[39m)[33m:[39mee()[33m;[39m[36mreturn[39m [33mY[39m[33m.[39mjoin([32m""[39m)[33m;[39m[36mfunction[39m
[23m[33mZ[39m(){[36mreturn[39m{line[33m:[39m[33mQ[39m[33m,[39mcolumn[33m:[39m[33mG[39m[33m,[39moffset[33m:[39m[33mH[39m[33m+[39m(q[33m.[39moffset[33m||[39m[35m0[39m)}}[36mfunction[39m
[23mee(){[33mK[39m[33m&&[39m([33mY[39m[33m.[39mpush([33mK[39m)[33m,[39mj[33m&&[39mj[33m.[39mcall([33mJ[39m[33m,[39m[33mK[39m[33m,[39m{start[33m:[39m[33mT[39m[33m,[39mend[33m:[39m[33mZ[39m()})[33m,[39m[33mK[39m[33m=[39m[32m""[39m)}}(e[33m,[39ma)}[33m;[39m[36mvar[39m l[33m=[39m{}[33m.[39mhasOw
[23mnProperty[33m,[39mc[33m=[39m[33mString[39m[33m.[39mfromCharCode[33m,[39mp[33m=[39m[33mFunction[39m[33m.[39mprototype[33m,[39mh[33m=[39m{warning[33m:[39m[36mnull[39m[33m,[39mreference[33m:[39m[36mn
[23mull[39m[33m,[39mtext[33m:[39m[36mnull[39m[33m,[39mwarningContext[33m:[39m[36mnull[39m[33m,[39mreferenceContext[33m:[39m[36mnull[39m[33m,[39mtextContext[33m:[39m[36mnull[39m[33m,[39mpositio
[23mn[33m:[39m{}[33m,[39madditional[33m:[39m[36mnull[39m[33m,[39mattribute[33m:[39m[33m![39m[35m1[39m[33m,[39mnonTerminated[33m:[39m[33m![39m[35m0[39m}[33m,[39md[33m=[39m[32m"named"[39m[33m,[39mf[33m=[39m[32m"hexadecimal"[39m[33m,[39mm[33m=
[23m[39m[32m"decimal"[39m[33m,[39mg[33m=[39m{hexadecimal[33m:[39m[35m16[39m[33m,[39mdecimal[33m:[39m[35m10[39m}[33m,[39mx[33m=[39m{}[33m;[39mx[33m.[39mnamed[33m=[39mo[33m,[39mx[m][33m=[39ms[33m,[39mx[f][33m=[39ma[33m;[39m[36mvar[39m
[23my[33m=[39m{}[33m;[39m[36mfunction[39m v(e){[36mreturn[39m e[33m>=[39m[35m1[39m[33m&&[39me[33m<=[39m[35m8[39m[33m||[39m[35m11[39m[33m===[39me[33m||[39me[33m>=[39m[35m13[39m[33m&&[39me[33m<=[39m[35m31[39m[33m||[39me[33m>=[39m[35m127[39m[33m&&[39me[33m<=[39m[35m159[39m[33m||[39me[33m>=[39m[35m6
[23m4976[39m[33m&&[39me[33m<=[39m[35m65007[39m[33m||[39m[33m![39m([35m65535[39m[33m&[39m[33m~[39me)[33m||[39m[35m65534[39m[33m==[39m([35m65535[39m[33m&[39me)}y[[35m1[39m][33m=[39m[32m"Named character references
[23mmust be terminated by a semicolon"[39m[33m,[39my[[35m2[39m][33m=[39m[32m"Numeric character references must be
[23mterminated by a semicolon"[39m[33m,[39my[[35m3[39m][33m=[39m[32m"Named character references cannot be
[23mempty"[39m[33m,[39my[[35m4[39m][33m=[39m[32m"Numeric character references cannot be empty"[39m[33m,[39my[[35m5[39m][33m=[39m[32m"Named character
[23m references must be known"[39m[33m,[39my[[35m6[39m][33m=[39m[32m"Numeric character references cannot be
[23mdisallowed"[39m[33m,[39my[[35m7[39m][33m=[39m[32m"Numeric character references cannot be outside the permissible
[23m Unicode range"[39m}[33m,[39m[35m9560[39m[33m:[39m(e[33m,[39mt[33m,[39mn)[33m=>[39m{[32m"use strict"[39m[33m;[39m[36mvar[39m
[23mr[33m=[39mn([35m6632[39m)[33m,[39mi[33m=[39mn([35m8805[39m)[33m,[39ms[33m=[39mn([35m7643[39m)[33m,[39ma[33m=[39m[32m"data"[39m[33m;[39me[33m.[39mexports[33m=[39m[36mfunction[39m(e[33m,[39mt){[36mvar[39m
[23mn[33m,[39mh[33m=[39mr(t)[33m,[39md[33m=[39mt[33m,[39mf[33m=[39ms[33m;[39m[36mreturn[39m h [36min[39m e[33m.[39mnormal[33m?[39me[33m.[39mproperty[e[33m.[39mnormal[h]][33m:[39m(h[33m.[39mlength[33m>[39m[35m4[39m[33m&&[39mh[33m.[39msli
[23mce([35m0[39m[33m,[39m[35m4[39m)[33m===[39ma[33m&&[39mo[33m.[39mtest(t)[33m&&[39m([32m"-"[39m[33m===[39mt[33m.[39mcharAt([35m4[39m)[33m?[39m(n[33m=[39mt[33m.[39mslice([35m5[39m)[33m.[39mreplace(u[33m,[39mp)[33m,[39md[33m=[39ma[33m+[39mn[33m.[39mchar
[23mAt([35m0[39m)[33m.[39mtoUpperCase()[33m+[39mn[33m.[39mslice([35m1[39m))[33m:[39mt[33m=[39m[36mfunction[39m(e){[36mvar[39m t[33m=[39me[33m.[39mslice([35m4[39m)[33m;[39m[36mreturn[39m
[23mu[33m.[39mtest(t)[33m?[39me[33m:[39m([32m"-"[39m[33m!==[39m(t[33m=[39mt[33m.[39mreplace(l[33m,[39mc))[33m.[39mcharAt([35m0[39m)[33m&&[39m(t[33m=[39m[32m"-"[39m[33m+[39mt)[33m,[39ma[33m+[39mt)}(t)[33m,[39mf[33m=[39mi)[33m,[39m[36mnew[39m
[23mf(d[33m,[39mt))}[33m;[39m[36mvar[39m o[33m=[39m[35m/^data[-\w.:]+$/i[39m[33m,[39mu[33m=[39m[35m/-[a-z]/g[39m[33m,[39ml[33m=[39m[35m/[A-Z]/g[39m[33m;[39m[36mfunction[39m
[23mc(e){[36mreturn[39m[32m"-"[39m[33m+[39me[33m.[39mtoLowerCase()}[36mfunction[39m p(e){[36mreturn[39m
[23me[33m.[39mcharAt([35m1[39m)[33m.[39mtoUpperCase()}}[33m,[39m[35m3934[39m[33m:[39me[33m=>[39m{[32m"use strict"[39m[33m;[39me[33m.[39mexports[33m=[39m[33mJSON[39m[33m.[39mparse([32m'{"classI
[23md":"classID","dataType":"datatype","itemId":"itemID","strokeDashArray":"strokeDa
[23msharray","strokeDashOffset":"strokeDashoffset","strokeLineCap":"strokeLinecap","
[23mstrokeLineJoin":"strokeLinejoin","strokeMiterLimit":"strokeMiterlimit","typeOf":
[23m"typeof","xLinkActuate":"xlinkActuate","xLinkArcRole":"xlinkArcrole","xLinkHref"
[23m:"xlinkHref","xLinkRole":"xlinkRole","xLinkShow":"xlinkShow","xLinkTitle":"xlink
[23mTitle","xLinkType":"xlinkType","xmlnsXLink":"xmlnsXlink"}'[39m)}[33m,[39m[35m7247[39m[33m:[39m(e[33m,[39mt[33m,[39mn)[33m=>[39m{[32m"use
[23m strict"[39m[33m;[39m[36mvar[39m r[33m=[39mn([35m9940[39m)[33m,[39mi[33m=[39mn([35m8289[39m)[33m,[39ms[33m=[39mn([35m5812[39m)[33m,[39ma[33m=[39mn([35m4397[39m)[33m,[39mo[33m=[39mn([35m7716[39m)[33m,[39mu[33m=[39mn([35m1805[39m)[33m;[39me[33m.[39mexpor
[23mts[33m=[39mr([s[33m,[39mi[33m,[39ma[33m,[39mo[33m,[39mu])}[33m,[39m[35m7716[39m[33m:[39m(e[33m,[39mt[33m,[39mn)[33m=>[39m{[32m"use strict"[39m[33m;[39m[36mvar[39m r[33m=[39mn([35m7e3[39m)[33m,[39mi[33m=[39mn([35m7596[39m)[33m,[39ms[33m=[39mr[33m.[39mboolea
[23mnish[33m,[39ma[33m=[39mr[33m.[39mnumber[33m,[39mo[33m=[39mr[33m.[39mspaceSeparated[33m;[39me[33m.[39mexports[33m=[39mi({transform[33m:[39m[36mfunction[39m(e[33m,[39mt){[36mreturn[39m[32m"r
[23mole"[39m[33m===[39mt[33m?[39mt[33m:[39m[32m"aria-"[39m[33m+[39mt[33m.[39mslice([35m4[39m)[33m.[39mtoLowerCase()}[33m,[39mproperties[33m:[39m{ariaActiveDescendant[33m:[39m[36mnu
[23mll[39m[33m,[39mariaAtomic[33m:[39ms[33m,[39mariaAutoComplete[33m:[39m[36mnull[39m[33m,[39mariaBusy[33m:[39ms[33m,[39mariaChecked[33m:[39ms[33m,[39mariaColCount[33m:[39ma[33m,[39mar
[23miaColIndex[33m:[39ma[33m,[39mariaColSpan[33m:[39ma[33m,[39mariaControls[33m:[39mo[33m,[39mariaCurrent[33m:[39m[36mnull[39m[33m,[39mariaDescribedBy[33m:[39mo[33m,[39mari
[23maDetails[33m:[39m[36mnull[39m[33m,[39mariaDisabled[33m:[39ms[33m,[39mariaDropEffect[33m:[39mo[33m,[39mariaErrorMessage[33m:[39m[36mnull[39m[33m,[39mariaExpanded
[23m[33m:[39ms[33m,[39mariaFlowTo[33m:[39mo[33m,[39mariaGrabbed[33m:[39ms[33m,[39mariaHasPopup[33m:[39m[36mnull[39m[33m,[39mariaHidden[33m:[39ms[33m,[39mariaInvalid[33m:[39m[36mnull[39m[33m,[39mar
[23miaKeyShortcuts[33m:[39m[36mnull[39m[33m,[39mariaLabel[33m:[39m[36mnull[39m[33m,[39mariaLabelledBy[33m:[39mo[33m,[39mariaLevel[33m:[39ma[33m,[39mariaLive[33m:[39m[36mnull[39m[33m,[39mar
[23miaModal[33m:[39ms[33m,[39mariaMultiLine[33m:[39ms[33m,[39mariaMultiSelectable[33m:[39ms[33m,[39mariaOrientation[33m:[39m[36mnull[39m[33m,[39mariaOwns[33m:[39mo[33m,
[23m[39mariaPlaceholder[33m:[39m[36mnull[39m[33m,[39mariaPosInSet[33m:[39ma[33m,[39mariaPressed[33m:[39ms[33m,[39mariaReadOnly[33m:[39ms[33m,[39mariaRelevant[33m:[39m[36mnu
[23mll[39m[33m,[39mariaRequired[33m:[39ms[33m,[39mariaRoleDescription[33m:[39mo[33m,[39mariaRowCount[33m:[39ma[33m,[39mariaRowIndex[33m:[39ma[33m,[39mariaRowSpa
[23mn[33m:[39ma[33m,[39mariaSelected[33m:[39ms[33m,[39mariaSetSize[33m:[39ma[33m,[39mariaSort[33m:[39m[36mnull[39m[33m,[39mariaValueMax[33m:[39ma[33m,[39mariaValueMin[33m:[39ma[33m,[39mari
[23maValueNow[33m:[39ma[33m,[39mariaValueText[33m:[39m[36mnull[39m[33m,[39mrole[33m:[39m[36mnull[39m}})}[33m,[39m[35m1805[39m[33m:[39m(e[33m,[39mt[33m,[39mn)[33m=>[39m{[32m"use strict"[39m[33m;[39m[36mvar[39m
[23mr[33m=[39mn([35m7e3[39m)[33m,[39mi[33m=[39mn([35m7596[39m)[33m,[39ms[33m=[39mn([35m855[39m)[33m,[39ma[33m=[39mr[33m.[39mboolean[33m,[39mo[33m=[39mr[33m.[39moverloadedBoolean[33m,[39mu[33m=[39mr[33m.[39mbooleanish[33m,[39ml[33m=[39mr
[23m[33m.[39mnumber[33m,[39mc[33m=[39mr[33m.[39mspaceSeparated[33m,[39mp[33m=[39mr[33m.[39mcommaSeparated[33m;[39me[33m.[39mexports[33m=[39mi({space[33m:[39m[32m"html"[39m[33m,[39mattribut
[23mes[33m:[39m{acceptcharset[33m:[39m[32m"accept-charset"[39m[33m,[39mclassname[33m:[39m[32m"class"[39m[33m,[39mhtmlfor[33m:[39m[32m"for"[39m[33m,[39mhttpequiv[33m:[39m[32m"ht
[23mtp-equiv"[39m}[33m,[39mtransform[33m:[39ms[33m,[39mmustUseProperty[33m:[39m[[32m"checked"[39m[33m,[39m[32m"multiple"[39m[33m,[39m[32m"muted"[39m[33m,[39m[32m"selected"[39m]
[23m[33m,[39mproperties[33m:[39m{abbr[33m:[39m[36mnull[39m[33m,[39maccept[33m:[39mp[33m,[39macceptCharset[33m:[39mc[33m,[39maccessKey[33m:[39mc[33m,[39maction[33m:[39m[36mnull[39m[33m,[39mallow[33m:[39m[36mnu
[23mll[39m[33m,[39mallowFullScreen[33m:[39ma[33m,[39mallowPaymentRequest[33m:[39ma[33m,[39mallowUserMedia[33m:[39ma[33m,[39malt[33m:[39m[36mnull[39m[33m,[39m[36mas[39m[33m:[39m[36mnull[39m[33m,[39m[36masy
[23mnc[39m[33m:[39ma[33m,[39mautoCapitalize[33m:[39m[36mnull[39m[33m,[39mautoComplete[33m:[39mc[33m,[39mautoFocus[33m:[39ma[33m,[39mautoPlay[33m:[39ma[33m,[39mcapture[33m:[39ma[33m,[39mcharSet
[23m[33m:[39m[36mnull[39m[33m,[39mchecked[33m:[39ma[33m,[39mcite[33m:[39m[36mnull[39m[33m,[39mclassName[33m:[39mc[33m,[39mcols[33m:[39ml[33m,[39mcolSpan[33m:[39m[36mnull[39m[33m,[39mcontent[33m:[39m[36mnull[39m[33m,[39mcontentEd
[23mitable[33m:[39mu[33m,[39mcontrols[33m:[39ma[33m,[39mcontrolsList[33m:[39mc[33m,[39mcoords[33m:[39ml[33m|[39mp[33m,[39mcrossOrigin[33m:[39m[36mnull[39m[33m,[39mdata[33m:[39m[36mnull[39m[33m,[39mdateTim
[23me[33m:[39m[36mnull[39m[33m,[39mdecoding[33m:[39m[36mnull[39m[33m,[39m[36mdefault[39m[33m:[39ma[33m,[39mdefer[33m:[39ma[33m,[39mdir[33m:[39m[36mnull[39m[33m,[39mdirName[33m:[39m[36mnull[39m[33m,[39mdisabled[33m:[39ma[33m,[39mdownload
[23m[33m:[39mo[33m,[39mdraggable[33m:[39mu[33m,[39mencType[33m:[39m[36mnull[39m[33m,[39menterKeyHint[33m:[39m[36mnull[39m[33m,[39mform[33m:[39m[36mnull[39m[33m,[39mformAction[33m:[39m[36mnull[39m[33m,[39mformEncT
[23mype[33m:[39m[36mnull[39m[33m,[39mformMethod[33m:[39m[36mnull[39m[33m,[39mformNoValidate[33m:[39ma[33m,[39mformTarget[33m:[39m[36mnull[39m[33m,[39mheaders[33m:[39mc[33m,[39mheight[33m:[39ml[33m,[39mhid
[23mden[33m:[39ma[33m,[39mhigh[33m:[39ml[33m,[39mhref[33m:[39m[36mnull[39m[33m,[39mhrefLang[33m:[39m[36mnull[39m[33m,[39mhtmlFor[33m:[39mc[33m,[39mhttpEquiv[33m:[39mc[33m,[39mid[33m:[39m[36mnull[39m[33m,[39mimageSizes[33m:[39m[36mnu
[23mll[39m[33m,[39mimageSrcSet[33m:[39mp[33m,[39minputMode[33m:[39m[36mnull[39m[33m,[39mintegrity[33m:[39m[36mnull[39m[33m,[39mis[33m:[39m[36mnull[39m[33m,[39misMap[33m:[39ma[33m,[39mitemId[33m:[39m[36mnull[39m[33m,[39mitemP
[23mrop[33m:[39mc[33m,[39mitemRef[33m:[39mc[33m,[39mitemScope[33m:[39ma[33m,[39mitemType[33m:[39mc[33m,[39mkind[33m:[39m[36mnull[39m[33m,[39mlabel[33m:[39m[36mnull[39m[33m,[39mlang[33m:[39m[36mnull[39m[33m,[39mlanguage[33m:[39m[36mn
[23mull[39m[33m,[39mlist[33m:[39m[36mnull[39m[33m,[39mloading[33m:[39m[36mnull[39m[33m,[39mloop[33m:[39ma[33m,[39mlow[33m:[39ml[33m,[39mmanifest[33m:[39m[36mnull[39m[33m,[39mmax[33m:[39m[36mnull[39m[33m,[39mmaxLength[33m:[39ml[33m,[39mmedia
[23m[33m:[39m[36mnull[39m[33m,[39mmethod[33m:[39m[36mnull[39m[33m,[39mmin[33m:[39m[36mnull[39m[33m,[39mminLength[33m:[39ml[33m,[39mmultiple[33m:[39ma[33m,[39mmuted[33m:[39ma[33m,[39mname[33m:[39m[36mnull[39m[33m,[39mnonce[33m:[39m[36mnull[39m[33m,[39mn
[23moModule[33m:[39ma[33m,[39mnoValidate[33m:[39ma[33m,[39monAbort[33m:[39m[36mnull[39m[33m,[39monAfterPrint[33m:[39m[36mnull[39m[33m,[39monAuxClick[33m:[39m[36mnull[39m[33m,[39monBeforePr
[23mint[33m:[39m[36mnull[39m[33m,[39monBeforeUnload[33m:[39m[36mnull[39m[33m,[39monBlur[33m:[39m[36mnull[39m[33m,[39monCancel[33m:[39m[36mnull[39m[33m,[39monCanPlay[33m:[39m[36mnull[39m[33m,[39monCanPlayT
[23mhrough[33m:[39m[36mnull[39m[33m,[39monChange[33m:[39m[36mnull[39m[33m,[39monClick[33m:[39m[36mnull[39m[33m,[39monClose[33m:[39m[36mnull[39m[33m,[39monContextMenu[33m:[39m[36mnull[39m[33m,[39monCopy[33m:[39m[36mnu
[23mll[39m[33m,[39monCueChange[33m:[39m[36mnull[39m[33m,[39monCut[33m:[39m[36mnull[39m[33m,[39monDblClick[33m:[39m[36mnull[39m[33m,[39monDrag[33m:[39m[36mnull[39m[33m,[39monDragEnd[33m:[39m[36mnull[39m[33m,[39monDrag
[23mEnter[33m:[39m[36mnull[39m[33m,[39monDragExit[33m:[39m[36mnull[39m[33m,[39monDragLeave[33m:[39m[36mnull[39m[33m,[39monDragOver[33m:[39m[36mnull[39m[33m,[39monDragStart[33m:[39m[36mnull[39m[33m,[39monD
[23mrop[33m:[39m[36mnull[39m[33m,[39monDurationChange[33m:[39m[36mnull[39m[33m,[39monEmptied[33m:[39m[36mnull[39m[33m,[39monEnded[33m:[39m[36mnull[39m[33m,[39monError[33m:[39m[36mnull[39m[33m,[39monFocus[33m:
[23m[39m[36mnull[39m[33m,[39monFormData[33m:[39m[36mnull[39m[33m,[39monHashChange[33m:[39m[36mnull[39m[33m,[39monInput[33m:[39m[36mnull[39m[33m,[39monInvalid[33m:[39m[36mnull[39m[33m,[39monKeyDown[33m:[39m[36mnul
[23ml[39m[33m,[39monKeyPress[33m:[39m[36mnull[39m[33m,[39monKeyUp[33m:[39m[36mnull[39m[33m,[39monLanguageChange[33m:[39m[36mnull[39m[33m,[39monLoad[33m:[39m[36mnull[39m[33m,[39monLoadedData[33m:[39m[36mnu
[23mll[39m[33m,[39monLoadedMetadata[33m:[39m[36mnull[39m[33m,[39monLoadEnd[33m:[39m[36mnull[39m[33m,[39monLoadStart[33m:[39m[36mnull[39m[33m,[39monMessage[33m:[39m[36mnull[39m[33m,[39monMessag
[23meError[33m:[39m[36mnull[39m[33m,[39monMouseDown[33m:[39m[36mnull[39m[33m,[39monMouseEnter[33m:[39m[36mnull[39m[33m,[39monMouseLeave[33m:[39m[36mnull[39m[33m,[39monMouseMove[33m:[39m[36mnul
[23ml[39m[33m,[39monMouseOut[33m:[39m[36mnull[39m[33m,[39monMouseOver[33m:[39m[36mnull[39m[33m,[39monMouseUp[33m:[39m[36mnull[39m[33m,[39monOffline[33m:[39m[36mnull[39m[33m,[39monOnline[33m:[39m[36mnull[39m[33m,[39mo
[23mnPageHide[33m:[39m[36mnull[39m[33m,[39monPageShow[33m:[39m[36mnull[39m[33m,[39monPaste[33m:[39m[36mnull[39m[33m,[39monPause[33m:[39m[36mnull[39m[33m,[39monPlay[33m:[39m[36mnull[39m[33m,[39monPlaying[33m:[39m[36mn
[23mull[39m[33m,[39monPopState[33m:[39m[36mnull[39m[33m,[39monProgress[33m:[39m[36mnull[39m[33m,[39monRateChange[33m:[39m[36mnull[39m[33m,[39monRejectionHandled[33m:[39m[36mnull[39m[33m,[39mon
[23mReset[33m:[39m[36mnull[39m[33m,[39monResize[33m:[39m[36mnull[39m[33m,[39monScroll[33m:[39m[36mnull[39m[33m,[39monSecurityPolicyViolation[33m:[39m[36mnull[39m[33m,[39monSeeked[33m:[39m[36mn
[23mull[39m[33m,[39monSeeking[33m:[39m[36mnull[39m[33m,[39monSelect[33m:[39m[36mnull[39m[33m,[39monSlotChange[33m:[39m[36mnull[39m[33m,[39monStalled[33m:[39m[36mnull[39m[33m,[39monStorage[33m:[39m[36mnull
[23m[39m[33m,[39monSubmit[33m:[39m[36mnull[39m[33m,[39monSuspend[33m:[39m[36mnull[39m[33m,[39monTimeUpdate[33m:[39m[36mnull[39m[33m,[39monToggle[33m:[39m[36mnull[39m[33m,[39monUnhandledRejecti
[23mon[33m:[39m[36mnull[39m[33m,[39monUnload[33m:[39m[36mnull[39m[33m,[39monVolumeChange[33m:[39m[36mnull[39m[33m,[39monWaiting[33m:[39m[36mnull[39m[33m,[39monWheel[33m:[39m[36mnull[39m[33m,[39mopen[33m:[39ma[33m,[39mopt
[23mimum[33m:[39ml[33m,[39mpattern[33m:[39m[36mnull[39m[33m,[39mping[33m:[39mc[33m,[39mplaceholder[33m:[39m[36mnull[39m[33m,[39mplaysInline[33m:[39ma[33m,[39mposter[33m:[39m[36mnull[39m[33m,[39mpreload[33m:[39m[36mnu
[23mll[39m[33m,[39mreadOnly[33m:[39ma[33m,[39mreferrerPolicy[33m:[39m[36mnull[39m[33m,[39mrel[33m:[39mc[33m,[39mrequired[33m:[39ma[33m,[39mreversed[33m:[39ma[33m,[39mrows[33m:[39ml[33m,[39mrowSpan[33m:[39ml[33m,[39ms
[23mandbox[33m:[39mc[33m,[39mscope[33m:[39m[36mnull[39m[33m,[39mscoped[33m:[39ma[33m,[39mseamless[33m:[39ma[33m,[39mselected[33m:[39ma[33m,[39mshape[33m:[39m[36mnull[39m[33m,[39msize[33m:[39ml[33m,[39msizes[33m:[39m[36mnull[39m[33m,
[23m[39mslot[33m:[39m[36mnull[39m[33m,[39mspan[33m:[39ml[33m,[39mspellCheck[33m:[39mu[33m,[39msrc[33m:[39m[36mnull[39m[33m,[39msrcDoc[33m:[39m[36mnull[39m[33m,[39msrcLang[33m:[39m[36mnull[39m[33m,[39msrcSet[33m:[39mp[33m,[39mstart[33m:[39ml
[23m[33m,[39mstep[33m:[39m[36mnull[39m[33m,[39mstyle[33m:[39m[36mnull[39m[33m,[39mtabIndex[33m:[39ml[33m,[39mtarget[33m:[39m[36mnull[39m[33m,[39mtitle[33m:[39m[36mnull[39m[33m,[39mtranslate[33m:[39m[36mnull[39m[33m,[39mtype[33m:[39m[36mnull
[23m[39m[33m,[39mtypeMustMatch[33m:[39ma[33m,[39museMap[33m:[39m[36mnull[39m[33m,[39mvalue[33m:[39mu[33m,[39mwidth[33m:[39ml[33m,[39mwrap[33m:[39m[36mnull[39m[33m,[39malign[33m:[39m[36mnull[39m[33m,[39maLink[33m:[39m[36mnull[39m[33m,[39marc
[23mhive[33m:[39mc[33m,[39maxis[33m:[39m[36mnull[39m[33m,[39mbackground[33m:[39m[36mnull[39m[33m,[39mbgColor[33m:[39m[36mnull[39m[33m,[39mborder[33m:[39ml[33m,[39mborderColor[33m:[39m[36mnull[39m[33m,[39mbottomMa
[23mrgin[33m:[39ml[33m,[39mcellPadding[33m:[39m[36mnull[39m[33m,[39mcellSpacing[33m:[39m[36mnull[39m[33m,[39mchar[33m:[39m[36mnull[39m[33m,[39mcharOff[33m:[39m[36mnull[39m[33m,[39mclassId[33m:[39m[36mnull[39m[33m,[39mcle
[23mar[33m:[39m[36mnull[39m[33m,[39mcode[33m:[39m[36mnull[39m[33m,[39mcodeBase[33m:[39m[36mnull[39m[33m,[39mcodeType[33m:[39m[36mnull[39m[33m,[39mcolor[33m:[39m[36mnull[39m[33m,[39mcompact[33m:[39ma[33m,[39mdeclare[33m:[39ma[33m,[39meve
[23mnt[33m:[39m[36mnull[39m[33m,[39mface[33m:[39m[36mnull[39m[33m,[39mframe[33m:[39m[36mnull[39m[33m,[39mframeBorder[33m:[39m[36mnull[39m[33m,[39mhSpace[33m:[39ml[33m,[39mleftMargin[33m:[39ml[33m,[39mlink[33m:[39m[36mnull[39m[33m,[39mlo
[23mngDesc[33m:[39m[36mnull[39m[33m,[39mlowSrc[33m:[39m[36mnull[39m[33m,[39mmarginHeight[33m:[39ml[33m,[39mmarginWidth[33m:[39ml[33m,[39mnoResize[33m:[39ma[33m,[39mnoHref[33m:[39ma[33m,[39mnoShade
[23m[33m:[39ma[33m,[39mnoWrap[33m:[39ma[33m,[39mobject[33m:[39m[36mnull[39m[33m,[39mprofile[33m:[39m[36mnull[39m[33m,[39mprompt[33m:[39m[36mnull[39m[33m,[39mrev[33m:[39m[36mnull[39m[33m,[39mrightMargin[33m:[39ml[33m,[39mrules[33m:[39m[36mnu
[23mll[39m[33m,[39mscheme[33m:[39m[36mnull[39m[33m,[39mscrolling[33m:[39mu[33m,[39mstandby[33m:[39m[36mnull[39m[33m,[39msummary[33m:[39m[36mnull[39m[33m,[39mtext[33m:[39m[36mnull[39m[33m,[39mtopMargin[33m:[39ml[33m,[39mvalue
[23mType[33m:[39m[36mnull[39m[33m,[39mversion[33m:[39m[36mnull[39m[33m,[39mvAlign[33m:[39m[36mnull[39m[33m,[39mvLink[33m:[39m[36mnull[39m[33m,[39mvSpace[33m:[39ml[33m,[39mallowTransparency[33m:[39m[36mnull[39m[33m,[39mau
[23mtoCorrect[33m:[39m[36mnull[39m[33m,[39mautoSave[33m:[39m[36mnull[39m[33m,[39mdisablePictureInPicture[33m:[39ma[33m,[39mdisableRemotePlayback[33m:[39ma[33m,[39mp
[23mrefix[33m:[39m[36mnull[39m[33m,[39mproperty[33m:[39m[36mnull[39m[33m,[39mresults[33m:[39ml[33m,[39msecurity[33m:[39m[36mnull[39m[33m,[39munselectable[33m:[39m[36mnull[39m}})}[33m,[39m[35m5789[39m[33m:[39m(e[33m,[39mt
[23m[33m,[39mn)[33m=>[39m{[32m"use strict"[39m[33m;[39m[36mvar[39m
[23mr[33m=[39mn([35m7e3[39m)[33m,[39mi[33m=[39mn([35m7596[39m)[33m,[39ms[33m=[39mn([35m8740[39m)[33m,[39ma[33m=[39mr[33m.[39mboolean[33m,[39mo[33m=[39mr[33m.[39mnumber[33m,[39mu[33m=[39mr[33m.[39mspaceSeparated[33m,[39ml[33m=[39mr[33m.[39mcomma
[23mSeparated[33m,[39mc[33m=[39mr[33m.[39mcommaOrSpaceSeparated[33m;[39me[33m.[39mexports[33m=[39mi({space[33m:[39m[32m"svg"[39m[33m,[39mattributes[33m:[39m{accentH
[23meight[33m:[39m[32m"accent-height"[39m[33m,[39malignmentBaseline[33m:[39m[32m"alignment-baseline"[39m[33m,[39marabicForm[33m:[39m[32m"arabic-
[23mform"[39m[33m,[39mbaselineShift[33m:[39m[32m"baseline-shift"[39m[33m,[39mcapHeight[33m:[39m[32m"cap-height"[39m[33m,[39mclassName[33m:[39m[32m"class"[39m[33m,[39mcl
[23mipPath[33m:[39m[32m"clip-path"[39m[33m,[39mclipRule[33m:[39m[32m"clip-rule"[39m[33m,[39mcolorInterpolation[33m:[39m[32m"color-interpolation"
[23m[39m[33m,[39mcolorInterpolationFilters[33m:[39m[32m"color-interpolation-filters"[39m[33m,[39mcolorProfile[33m:[39m[32m"color-pro
[23mfile"[39m[33m,[39mcolorRendering[33m:[39m[32m"color-rendering"[39m[33m,[39mcrossOrigin[33m:[39m[32m"crossorigin"[39m[33m,[39mdataType[33m:[39m[32m"datat
[23mype"[39m[33m,[39mdominantBaseline[33m:[39m[32m"dominant-baseline"[39m[33m,[39menableBackground[33m:[39m[32m"enable-background"[39m[33m,[39mf
[23millOpacity[33m:[39m[32m"fill-opacity"[39m[33m,[39mfillRule[33m:[39m[32m"fill-rule"[39m[33m,[39mfloodColor[33m:[39m[32m"flood-color"[39m[33m,[39mfloodOpa
[23mcity[33m:[39m[32m"flood-opacity"[39m[33m,[39mfontFamily[33m:[39m[32m"font-family"[39m[33m,[39mfontSize[33m:[39m[32m"font-size"[39m[33m,[39mfontSizeAdjus
[23mt[33m:[39m[32m"font-size-adjust"[39m[33m,[39mfontStretch[33m:[39m[32m"font-stretch"[39m[33m,[39mfontStyle[33m:[39m[32m"font-style"[39m[33m,[39mfontVaria
[23mnt[33m:[39m[32m"font-variant"[39m[33m,[39mfontWeight[33m:[39m[32m"font-weight"[39m[33m,[39mglyphName[33m:[39m[32m"glyph-name"[39m[33m,[39mglyphOrientati
[23monHorizontal[33m:[39m[32m"glyph-orientation-horizontal"[39m[33m,[39mglyphOrientationVertical[33m:[39m[32m"glyph-orie
[23mntation-vertical"[39m[33m,[39mhrefLang[33m:[39m[32m"hreflang"[39m[33m,[39mhorizAdvX[33m:[39m[32m"horiz-adv-x"[39m[33m,[39mhorizOriginX[33m:[39m[32m"hori
[23mz-origin-x"[39m[33m,[39mhorizOriginY[33m:[39m[32m"horiz-origin-y"[39m[33m,[39mimageRendering[33m:[39m[32m"image-rendering"[39m[33m,[39mlette
[23mrSpacing[33m:[39m[32m"letter-spacing"[39m[33m,[39mlightingColor[33m:[39m[32m"lighting-color"[39m[33m,[39mmarkerEnd[33m:[39m[32m"marker-end"[39m[33m,
[23m[39mmarkerMid[33m:[39m[32m"marker-mid"[39m[33m,[39mmarkerStart[33m:[39m[32m"marker-start"[39m[33m,[39mnavDown[33m:[39m[32m"nav-down"[39m[33m,[39mnavDownLeft
[23m[33m:[39m[32m"nav-down-left"[39m[33m,[39mnavDownRight[33m:[39m[32m"nav-down-right"[39m[33m,[39mnavLeft[33m:[39m[32m"nav-left"[39m[33m,[39mnavNext[33m:[39m[32m"nav-n
[23mext"[39m[33m,[39mnavPrev[33m:[39m[32m"nav-prev"[39m[33m,[39mnavRight[33m:[39m[32m"nav-right"[39m[33m,[39mnavUp[33m:[39m[32m"nav-up"[39m[33m,[39mnavUpLeft[33m:[39m[32m"nav-up-le
[23mft"[39m[33m,[39mnavUpRight[33m:[39m[32m"nav-up-right"[39m[33m,[39monAbort[33m:[39m[32m"onabort"[39m[33m,[39monActivate[33m:[39m[32m"onactivate"[39m[33m,[39monAfterP
[23mrint[33m:[39m[32m"onafterprint"[39m[33m,[39monBeforePrint[33m:[39m[32m"onbeforeprint"[39m[33m,[39monBegin[33m:[39m[32m"onbegin"[39m[33m,[39monCancel[33m:[39m[32m"on
[23mcancel"[39m[33m,[39monCanPlay[33m:[39m[32m"oncanplay"[39m[33m,[39monCanPlayThrough[33m:[39m[32m"oncanplaythrough"[39m[33m,[39monChange[33m:[39m[32m"onch
[23mange"[39m[33m,[39monClick[33m:[39m[32m"onclick"[39m[33m,[39monClose[33m:[39m[32m"onclose"[39m[33m,[39monCopy[33m:[39m[32m"oncopy"[39m[33m,[39monCueChange[33m:[39m[32m"oncuechan
[23mge"[39m[33m,[39monCut[33m:[39m[32m"oncut"[39m[33m,[39monDblClick[33m:[39m[32m"ondblclick"[39m[33m,[39monDrag[33m:[39m[32m"ondrag"[39m[33m,[39monDragEnd[33m:[39m[32m"ondragend"[39m[33m,
[23m[39monDragEnter[33m:[39m[32m"ondragenter"[39m[33m,[39monDragExit[33m:[39m[32m"ondragexit"[39m[33m,[39monDragLeave[33m:[39m[32m"ondragleave"[39m[33m,[39monDr
[23magOver[33m:[39m[32m"ondragover"[39m[33m,[39monDragStart[33m:[39m[32m"ondragstart"[39m[33m,[39monDrop[33m:[39m[32m"ondrop"[39m[33m,[39monDurationChange[33m:[39m[32m"
[23mondurationchange"[39m[33m,[39monEmptied[33m:[39m[32m"onemptied"[39m[33m,[39monEnd[33m:[39m[32m"onend"[39m[33m,[39monEnded[33m:[39m[32m"onended"[39m[33m,[39monError[33m:
[23m[39m[32m"onerror"[39m[33m,[39monFocus[33m:[39m[32m"onfocus"[39m[33m,[39monFocusIn[33m:[39m[32m"onfocusin"[39m[33m,[39monFocusOut[33m:[39m[32m"onfocusout"[39m[33m,[39monHash
[23mChange[33m:[39m[32m"onhashchange"[39m[33m,[39monInput[33m:[39m[32m"oninput"[39m[33m,[39monInvalid[33m:[39m[32m"oninvalid"[39m[33m,[39monKeyDown[33m:[39m[32m"onkeydo
[23mwn"[39m[33m,[39monKeyPress[33m:[39m[32m"onkeypress"[39m[33m,[39monKeyUp[33m:[39m[32m"onkeyup"[39m[33m,[39monLoad[33m:[39m[32m"onload"[39m[33m,[39monLoadedData[33m:[39m[32m"onlo
[23madeddata"[39m[33m,[39monLoadedMetadata[33m:[39m[32m"onloadedmetadata"[39m[33m,[39monLoadStart[33m:[39m[32m"onloadstart"[39m[33m,[39monMessag
[23me[33m:[39m[32m"onmessage"[39m[33m,[39monMouseDown[33m:[39m[32m"onmousedown"[39m[33m,[39monMouseEnter[33m:[39m[32m"onmouseenter"[39m[33m,[39monMouseLeave
[23m[33m:[39m[32m"onmouseleave"[39m[33m,[39monMouseMove[33m:[39m[32m"onmousemove"[39m[33m,[39monMouseOut[33m:[39m[32m"onmouseout"[39m[33m,[39monMouseOver[33m:[39m[32m"o
[23mnmouseover"[39m[33m,[39monMouseUp[33m:[39m[32m"onmouseup"[39m[33m,[39monMouseWheel[33m:[39m[32m"onmousewheel"[39m[33m,[39monOffline[33m:[39m[32m"onoffli
[23mne"[39m[33m,[39monOnline[33m:[39m[32m"ononline"[39m[33m,[39monPageHide[33m:[39m[32m"onpagehide"[39m[33m,[39monPageShow[33m:[39m[32m"onpageshow"[39m[33m,[39monPaste[33m:
[23m[39m[32m"onpaste"[39m[33m,[39monPause[33m:[39m[32m"onpause"[39m[33m,[39monPlay[33m:[39m[32m"onplay"[39m[33m,[39monPlaying[33m:[39m[32m"onplaying"[39m[33m,[39monPopState[33m:[39m[32m"on
[23mpopstate"[39m[33m,[39monProgress[33m:[39m[32m"onprogress"[39m[33m,[39monRateChange[33m:[39m[32m"onratechange"[39m[33m,[39monRepeat[33m:[39m[32m"onrepeat
[23m"[39m[33m,[39monReset[33m:[39m[32m"onreset"[39m[33m,[39monResize[33m:[39m[32m"onresize"[39m[33m,[39monScroll[33m:[39m[32m"onscroll"[39m[33m,[39monSeeked[33m:[39m[32m"onseeked"[39m[33m,
[23m[39monSeeking[33m:[39m[32m"onseeking"[39m[33m,[39monSelect[33m:[39m[32m"onselect"[39m[33m,[39monShow[33m:[39m[32m"onshow"[39m[33m,[39monStalled[33m:[39m[32m"onstalled"[39m[33m,
[23m[39monStorage[33m:[39m[32m"onstorage"[39m[33m,[39monSubmit[33m:[39m[32m"onsubmit"[39m[33m,[39monSuspend[33m:[39m[32m"onsuspend"[39m[33m,[39monTimeUpdate[33m:[39m[32m"on
[23mtimeupdate"[39m[33m,[39monToggle[33m:[39m[32m"ontoggle"[39m[33m,[39monUnload[33m:[39m[32m"onunload"[39m[33m,[39monVolumeChange[33m:[39m[32m"onvolumechan
[23mge"[39m[33m,[39monWaiting[33m:[39m[32m"onwaiting"[39m[33m,[39monZoom[33m:[39m[32m"onzoom"[39m[33m,[39moverlinePosition[33m:[39m[32m"overline-position"[39m[33m,[39mo
[23mverlineThickness[33m:[39m[32m"overline-thickness"[39m[33m,[39mpaintOrder[33m:[39m[32m"paint-order"[39m[33m,[39mpanose1[33m:[39m[32m"panose-1
[23m"[39m[33m,[39mpointerEvents[33m:[39m[32m"pointer-events"[39m[33m,[39mreferrerPolicy[33m:[39m[32m"referrerpolicy"[39m[33m,[39mrenderingIntent
[23m[33m:[39m[32m"rendering-intent"[39m[33m,[39mshapeRendering[33m:[39m[32m"shape-rendering"[39m[33m,[39mstopColor[33m:[39m[32m"stop-color"[39m[33m,[39mstop
[23mOpacity[33m:[39m[32m"stop-opacity"[39m[33m,[39mstrikethroughPosition[33m:[39m[32m"strikethrough-position"[39m[33m,[39mstrikethro
[23mughThickness[33m:[39m[32m"strikethrough-thickness"[39m[33m,[39mstrokeDashArray[33m:[39m[32m"stroke-dasharray"[39m[33m,[39mstroke
[23mDashOffset[33m:[39m[32m"stroke-dashoffset"[39m[33m,[39mstrokeLineCap[33m:[39m[32m"stroke-linecap"[39m[33m,[39mstrokeLineJoin[33m:[39m[32m"st
[23mroke-linejoin"[39m[33m,[39mstrokeMiterLimit[33m:[39m[32m"stroke-miterlimit"[39m[33m,[39mstrokeOpacity[33m:[39m[32m"stroke-opacit
[23my"[39m[33m,[39mstrokeWidth[33m:[39m[32m"stroke-width"[39m[33m,[39mtabIndex[33m:[39m[32m"tabindex"[39m[33m,[39mtextAnchor[33m:[39m[32m"text-anchor"[39m[33m,[39mtextD
[23mecoration[33m:[39m[32m"text-decoration"[39m[33m,[39mtextRendering[33m:[39m[32m"text-rendering"[39m[33m,[39mtypeOf[33m:[39m[32m"typeof"[39m[33m,[39munder
[23mlinePosition[33m:[39m[32m"underline-position"[39m[33m,[39munderlineThickness[33m:[39m[32m"underline-thickness"[39m[33m,[39munico
[23mdeBidi[33m:[39m[32m"unicode-bidi"[39m[33m,[39municodeRange[33m:[39m[32m"unicode-range"[39m[33m,[39munitsPerEm[33m:[39m[32m"units-per-em"[39m[33m,[39mvAl
[23mphabetic[33m:[39m[32m"v-alphabetic"[39m[33m,[39mvHanging[33m:[39m[32m"v-hanging"[39m[33m,[39mvIdeographic[33m:[39m[32m"v-ideographic"[39m[33m,[39mvMathe
[23mmatical[33m:[39m[32m"v-mathematical"[39m[33m,[39mvectorEffect[33m:[39m[32m"vector-effect"[39m[33m,[39mvertAdvY[33m:[39m[32m"vert-adv-y"[39m[33m,[39mvert
[23mOriginX[33m:[39m[32m"vert-origin-x"[39m[33m,[39mvertOriginY[33m:[39m[32m"vert-origin-y"[39m[33m,[39mwordSpacing[33m:[39m[32m"word-spacing"[39m[33m,[39mw
[23mritingMode[33m:[39m[32m"writing-mode"[39m[33m,[39mxHeight[33m:[39m[32m"x-height"[39m[33m,[39mplaybackOrder[33m:[39m[32m"playbackorder"[39m[33m,[39mtimel
[23mineBegin[33m:[39m[32m"timelinebegin"[39m}[33m,[39mtransform[33m:[39ms[33m,[39mproperties[33m:[39m{about[33m:[39mc[33m,[39maccentHeight[33m:[39mo[33m,[39maccumul
[23mate[33m:[39m[36mnull[39m[33m,[39madditive[33m:[39m[36mnull[39m[33m,[39malignmentBaseline[33m:[39m[36mnull[39m[33m,[39malphabetic[33m:[39mo[33m,[39mamplitude[33m:[39mo[33m,[39marabicFor
[23mm[33m:[39m[36mnull[39m[33m,[39mascent[33m:[39mo[33m,[39mattributeName[33m:[39m[36mnull[39m[33m,[39mattributeType[33m:[39m[36mnull[39m[33m,[39mazimuth[33m:[39mo[33m,[39mbandwidth[33m:[39m[36mnull[39m[33m,[39mb
[23maselineShift[33m:[39m[36mnull[39m[33m,[39mbaseFrequency[33m:[39m[36mnull[39m[33m,[39mbaseProfile[33m:[39m[36mnull[39m[33m,[39mbbox[33m:[39m[36mnull[39m[33m,[39mbegin[33m:[39m[36mnull[39m[33m,[39mbias[33m:
[23m[39mo[33m,[39mby[33m:[39m[36mnull[39m[33m,[39mcalcMode[33m:[39m[36mnull[39m[33m,[39mcapHeight[33m:[39mo[33m,[39mclassName[33m:[39mu[33m,[39mclip[33m:[39m[36mnull[39m[33m,[39mclipPath[33m:[39m[36mnull[39m[33m,[39mclipPath
[23mUnits[33m:[39m[36mnull[39m[33m,[39mclipRule[33m:[39m[36mnull[39m[33m,[39mcolor[33m:[39m[36mnull[39m[33m,[39mcolorInterpolation[33m:[39m[36mnull[39m[33m,[39mcolorInterpolationFi
[23mlters[33m:[39m[36mnull[39m[33m,[39mcolorProfile[33m:[39m[36mnull[39m[33m,[39mcolorRendering[33m:[39m[36mnull[39m[33m,[39mcontent[33m:[39m[36mnull[39m[33m,[39mcontentScriptType[33m:
[23m[39m[36mnull[39m[33m,[39mcontentStyleType[33m:[39m[36mnull[39m[33m,[39mcrossOrigin[33m:[39m[36mnull[39m[33m,[39mcursor[33m:[39m[36mnull[39m[33m,[39mcx[33m:[39m[36mnull[39m[33m,[39mcy[33m:[39m[36mnull[39m[33m,[39md[33m:[39m[36mnull[39m[33m,[39md
[23mataType[33m:[39m[36mnull[39m[33m,[39mdefaultAction[33m:[39m[36mnull[39m[33m,[39mdescent[33m:[39mo[33m,[39mdiffuseConstant[33m:[39mo[33m,[39mdirection[33m:[39m[36mnull[39m[33m,[39mdispl
[23may[33m:[39m[36mnull[39m[33m,[39mdur[33m:[39m[36mnull[39m[33m,[39mdivisor[33m:[39mo[33m,[39mdominantBaseline[33m:[39m[36mnull[39m[33m,[39mdownload[33m:[39ma[33m,[39mdx[33m:[39m[36mnull[39m[33m,[39mdy[33m:[39m[36mnull[39m[33m,[39medge
[23mMode[33m:[39m[36mnull[39m[33m,[39meditable[33m:[39m[36mnull[39m[33m,[39melevation[33m:[39mo[33m,[39menableBackground[33m:[39m[36mnull[39m[33m,[39mend[33m:[39m[36mnull[39m[33m,[39mevent[33m:[39m[36mnull[39m[33m,[39mex
[23mponent[33m:[39mo[33m,[39mexternalResourcesRequired[33m:[39m[36mnull[39m[33m,[39mfill[33m:[39m[36mnull[39m[33m,[39mfillOpacity[33m:[39mo[33m,[39mfillRule[33m:[39m[36mnull[39m[33m,[39mfi
[23mlter[33m:[39m[36mnull[39m[33m,[39mfilterRes[33m:[39m[36mnull[39m[33m,[39mfilterUnits[33m:[39m[36mnull[39m[33m,[39mfloodColor[33m:[39m[36mnull[39m[33m,[39mfloodOpacity[33m:[39m[36mnull[39m[33m,[39mfocu
[23msable[33m:[39m[36mnull[39m[33m,[39mfocusHighlight[33m:[39m[36mnull[39m[33m,[39mfontFamily[33m:[39m[36mnull[39m[33m,[39mfontSize[33m:[39m[36mnull[39m[33m,[39mfontSizeAdjust[33m:[39m[36mnull
[23m[39m[33m,[39mfontStretch[33m:[39m[36mnull[39m[33m,[39mfontStyle[33m:[39m[36mnull[39m[33m,[39mfontVariant[33m:[39m[36mnull[39m[33m,[39mfontWeight[33m:[39m[36mnull[39m[33m,[39mformat[33m:[39m[36mnull[39m[33m,[39mfr
[23m[33m:[39m[36mnull[39m[33m,[39m[36mfrom[39m[33m:[39m[36mnull[39m[33m,[39mfx[33m:[39m[36mnull[39m[33m,[39mfy[33m:[39m[36mnull[39m[33m,[39mg1[33m:[39ml[33m,[39mg2[33m:[39ml[33m,[39mglyphName[33m:[39ml[33m,[39mglyphOrientationHorizontal
[23m[33m:[39m[36mnull[39m[33m,[39mglyphOrientationVertical[33m:[39m[36mnull[39m[33m,[39mglyphRef[33m:[39m[36mnull[39m[33m,[39mgradientTransform[33m:[39m[36mnull[39m[33m,[39mgradien
[23mtUnits[33m:[39m[36mnull[39m[33m,[39mhandler[33m:[39m[36mnull[39m[33m,[39mhanging[33m:[39mo[33m,[39mhatchContentUnits[33m:[39m[36mnull[39m[33m,[39mhatchUnits[33m:[39m[36mnull[39m[33m,[39mheight
[23m[33m:[39m[36mnull[39m[33m,[39mhref[33m:[39m[36mnull[39m[33m,[39mhrefLang[33m:[39m[36mnull[39m[33m,[39mhorizAdvX[33m:[39mo[33m,[39mhorizOriginX[33m:[39mo[33m,[39mhorizOriginY[33m:[39mo[33m,[39mid[33m:[39m[36mnull[39m[33m,
[23m[39mideographic[33m:[39mo[33m,[39mimageRendering[33m:[39m[36mnull[39m[33m,[39minitialVisibility[33m:[39m[36mnull[39m[33m,[39m[36min[39m[33m:[39m[36mnull[39m[33m,[39min2[33m:[39m[36mnull[39m[33m,[39minterc
[23mept[33m:[39mo[33m,[39mk[33m:[39mo[33m,[39mk1[33m:[39mo[33m,[39mk2[33m:[39mo[33m,[39mk3[33m:[39mo[33m,[39mk4[33m:[39mo[33m,[39mkernelMatrix[33m:[39mc[33m,[39mkernelUnitLength[33m:[39m[36mnull[39m[33m,[39mkeyPoints[33m:[39m[36mnul
[23ml[39m[33m,[39mkeySplines[33m:[39m[36mnull[39m[33m,[39mkeyTimes[33m:[39m[36mnull[39m[33m,[39mkerning[33m:[39m[36mnull[39m[33m,[39mlang[33m:[39m[36mnull[39m[33m,[39mlengthAdjust[33m:[39m[36mnull[39m[33m,[39mletterS
[23mpacing[33m:[39m[36mnull[39m[33m,[39mlightingColor[33m:[39m[36mnull[39m[33m,[39mlimitingConeAngle[33m:[39mo[33m,[39mlocal[33m:[39m[36mnull[39m[33m,[39mmarkerEnd[33m:[39m[36mnull[39m[33m,[39mmar
[23mkerMid[33m:[39m[36mnull[39m[33m,[39mmarkerStart[33m:[39m[36mnull[39m[33m,[39mmarkerHeight[33m:[39m[36mnull[39m[33m,[39mmarkerUnits[33m:[39m[36mnull[39m[33m,[39mmarkerWidth[33m:[39m[36mnull
[23m[39m[33m,[39mmask[33m:[39m[36mnull[39m[33m,[39mmaskContentUnits[33m:[39m[36mnull[39m[33m,[39mmaskUnits[33m:[39m[36mnull[39m[33m,[39mmathematical[33m:[39m[36mnull[39m[33m,[39mmax[33m:[39m[36mnull[39m[33m,[39mmedia
[23m[33m:[39m[36mnull[39m[33m,[39mmediaCharacterEncoding[33m:[39m[36mnull[39m[33m,[39mmediaContentEncodings[33m:[39m[36mnull[39m[33m,[39mmediaSize[33m:[39mo[33m,[39mmediaTi
[23mme[33m:[39m[36mnull[39m[33m,[39mmethod[33m:[39m[36mnull[39m[33m,[39mmin[33m:[39m[36mnull[39m[33m,[39mmode[33m:[39m[36mnull[39m[33m,[39mname[33m:[39m[36mnull[39m[33m,[39mnavDown[33m:[39m[36mnull[39m[33m,[39mnavDownLeft[33m:[39m[36mnull[39m[33m,[39mn
[23mavDownRight[33m:[39m[36mnull[39m[33m,[39mnavLeft[33m:[39m[36mnull[39m[33m,[39mnavNext[33m:[39m[36mnull[39m[33m,[39mnavPrev[33m:[39m[36mnull[39m[33m,[39mnavRight[33m:[39m[36mnull[39m[33m,[39mnavUp[33m:[39m[36mnull
[23m[39m[33m,[39mnavUpLeft[33m:[39m[36mnull[39m[33m,[39mnavUpRight[33m:[39m[36mnull[39m[33m,[39mnumOctaves[33m:[39m[36mnull[39m[33m,[39mobserver[33m:[39m[36mnull[39m[33m,[39moffset[33m:[39m[36mnull[39m[33m,[39monAbor
[23mt[33m:[39m[36mnull[39m[33m,[39monActivate[33m:[39m[36mnull[39m[33m,[39monAfterPrint[33m:[39m[36mnull[39m[33m,[39monBeforePrint[33m:[39m[36mnull[39m[33m,[39monBegin[33m:[39m[36mnull[39m[33m,[39monCance
[23ml[33m:[39m[36mnull[39m[33m,[39monCanPlay[33m:[39m[36mnull[39m[33m,[39monCanPlayThrough[33m:[39m[36mnull[39m[33m,[39monChange[33m:[39m[36mnull[39m[33m,[39monClick[33m:[39m[36mnull[39m[33m,[39monClose[33m:[39m[36mn
[23mull[39m[33m,[39monCopy[33m:[39m[36mnull[39m[33m,[39monCueChange[33m:[39m[36mnull[39m[33m,[39monCut[33m:[39m[36mnull[39m[33m,[39monDblClick[33m:[39m[36mnull[39m[33m,[39monDrag[33m:[39m[36mnull[39m[33m,[39monDragEn
[23md[33m:[39m[36mnull[39m[33m,[39monDragEnter[33m:[39m[36mnull[39m[33m,[39monDragExit[33m:[39m[36mnull[39m[33m,[39monDragLeave[33m:[39m[36mnull[39m[33m,[39monDragOver[33m:[39m[36mnull[39m[33m,[39monDragS
[23mtart[33m:[39m[36mnull[39m[33m,[39monDrop[33m:[39m[36mnull[39m[33m,[39monDurationChange[33m:[39m[36mnull[39m[33m,[39monEmptied[33m:[39m[36mnull[39m[33m,[39monEnd[33m:[39m[36mnull[39m[33m,[39monEnded[33m:[39m[36mnu
[23mll[39m[33m,[39monError[33m:[39m[36mnull[39m[33m,[39monFocus[33m:[39m[36mnull[39m[33m,[39monFocusIn[33m:[39m[36mnull[39m[33m,[39monFocusOut[33m:[39m[36mnull[39m[33m,[39monHashChange[33m:[39m[36mnull[39m[33m,[39mon
[23mInput[33m:[39m[36mnull[39m[33m,[39monInvalid[33m:[39m[36mnull[39m[33m,[39monKeyDown[33m:[39m[36mnull[39m[33m,[39monKeyPress[33m:[39m[36mnull[39m[33m,[39monKeyUp[33m:[39m[36mnull[39m[33m,[39monLoad[33m:[39m[36mnul
[23ml[39m[33m,[39monLoadedData[33m:[39m[36mnull[39m[33m,[39monLoadedMetadata[33m:[39m[36mnull[39m[33m,[39monLoadStart[33m:[39m[36mnull[39m[33m,[39monMessage[33m:[39m[36mnull[39m[33m,[39monMous
[23meDown[33m:[39m[36mnull[39m[33m,[39monMouseEnter[33m:[39m[36mnull[39m[33m,[39monMouseLeave[33m:[39m[36mnull[39m[33m,[39monMouseMove[33m:[39m[36mnull[39m[33m,[39monMouseOut[33m:[39m[36mnull[39m[33m,
[23m[39monMouseOver[33m:[39m[36mnull[39m[33m,[39monMouseUp[33m:[39m[36mnull[39m[33m,[39monMouseWheel[33m:[39m[36mnull[39m[33m,[39monOffline[33m:[39m[36mnull[39m[33m,[39monOnline[33m:[39m[36mnull[39m[33m,[39mo
[23mnPageHide[33m:[39m[36mnull[39m[33m,[39monPageShow[33m:[39m[36mnull[39m[33m,[39monPaste[33m:[39m[36mnull[39m[33m,[39monPause[33m:[39m[36mnull[39m[33m,[39monPlay[33m:[39m[36mnull[39m[33m,[39monPlaying[33m:[39m[36mn
[23mull[39m[33m,[39monPopState[33m:[39m[36mnull[39m[33m,[39monProgress[33m:[39m[36mnull[39m[33m,[39monRateChange[33m:[39m[36mnull[39m[33m,[39monRepeat[33m:[39m[36mnull[39m[33m,[39monReset[33m:[39m[36mnull
[23m[39m[33m,[39monResize[33m:[39m[36mnull[39m[33m,[39monScroll[33m:[39m[36mnull[39m[33m,[39monSeeked[33m:[39m[36mnull[39m[33m,[39monSeeking[33m:[39m[36mnull[39m[33m,[39monSelect[33m:[39m[36mnull[39m[33m,[39monShow[33m:[39m[36mn
[23mull[39m[33m,[39monStalled[33m:[39m[36mnull[39m[33m,[39monStorage[33m:[39m[36mnull[39m[33m,[39monSubmit[33m:[39m[36mnull[39m[33m,[39monSuspend[33m:[39m[36mnull[39m[33m,[39monTimeUpdate[33m:[39m[36mnull
[23m[39m[33m,[39monToggle[33m:[39m[36mnull[39m[33m,[39monUnload[33m:[39m[36mnull[39m[33m,[39monVolumeChange[33m:[39m[36mnull[39m[33m,[39monWaiting[33m:[39m[36mnull[39m[33m,[39monZoom[33m:[39m[36mnull[39m[33m,[39mopac
[23mity[33m:[39m[36mnull[39m[33m,[39moperator[33m:[39m[36mnull[39m[33m,[39morder[33m:[39m[36mnull[39m[33m,[39morient[33m:[39m[36mnull[39m[33m,[39morientation[33m:[39m[36mnull[39m[33m,[39morigin[33m:[39m[36mnull[39m[33m,[39moverf
[23mlow[33m:[39m[36mnull[39m[33m,[39moverlay[33m:[39m[36mnull[39m[33m,[39moverlinePosition[33m:[39mo[33m,[39moverlineThickness[33m:[39mo[33m,[39mpaintOrder[33m:[39m[36mnull[39m[33m,[39mpan
[23mose1[33m:[39m[36mnull[39m[33m,[39mpath[33m:[39m[36mnull[39m[33m,[39mpathLength[33m:[39mo[33m,[39mpatternContentUnits[33m:[39m[36mnull[39m[33m,[39mpatternTransform[33m:[39m[36mnull[39m[33m,
[23m[39mpatternUnits[33m:[39m[36mnull[39m[33m,[39mphase[33m:[39m[36mnull[39m[33m,[39mping[33m:[39mu[33m,[39mpitch[33m:[39m[36mnull[39m[33m,[39mplaybackOrder[33m:[39m[36mnull[39m[33m,[39mpointerEvents[33m:
[23m[39m[36mnull[39m[33m,[39mpoints[33m:[39m[36mnull[39m[33m,[39mpointsAtX[33m:[39mo[33m,[39mpointsAtY[33m:[39mo[33m,[39mpointsAtZ[33m:[39mo[33m,[39mpreserveAlpha[33m:[39m[36mnull[39m[33m,[39mpreserve
[23mAspectRatio[33m:[39m[36mnull[39m[33m,[39mprimitiveUnits[33m:[39m[36mnull[39m[33m,[39mpropagate[33m:[39m[36mnull[39m[33m,[39mproperty[33m:[39mc[33m,[39mr[33m:[39m[36mnull[39m[33m,[39mradius[33m:[39m[36mnul
[23ml[39m[33m,[39mreferrerPolicy[33m:[39m[36mnull[39m[33m,[39mrefX[33m:[39m[36mnull[39m[33m,[39mrefY[33m:[39m[36mnull[39m[33m,[39mrel[33m:[39mc[33m,[39mrev[33m:[39mc[33m,[39mrenderingIntent[33m:[39m[36mnull[39m[33m,[39mrepea
[23mtCount[33m:[39m[36mnull[39m[33m,[39mrepeatDur[33m:[39m[36mnull[39m[33m,[39mrequiredExtensions[33m:[39mc[33m,[39mrequiredFeatures[33m:[39mc[33m,[39mrequiredFonts
[23m[33m:[39mc[33m,[39mrequiredFormats[33m:[39mc[33m,[39mresource[33m:[39m[36mnull[39m[33m,[39mrestart[33m:[39m[36mnull[39m[33m,[39mresult[33m:[39m[36mnull[39m[33m,[39mrotate[33m:[39m[36mnull[39m[33m,[39mrx[33m:[39m[36mnull[39m[33m,
[23m[39mry[33m:[39m[36mnull[39m[33m,[39mscale[33m:[39m[36mnull[39m[33m,[39mseed[33m:[39m[36mnull[39m[33m,[39mshapeRendering[33m:[39m[36mnull[39m[33m,[39mside[33m:[39m[36mnull[39m[33m,[39mslope[33m:[39m[36mnull[39m[33m,[39msnapshotTi
[23mme[33m:[39m[36mnull[39m[33m,[39mspecularConstant[33m:[39mo[33m,[39mspecularExponent[33m:[39mo[33m,[39mspreadMethod[33m:[39m[36mnull[39m[33m,[39mspacing[33m:[39m[36mnull[39m[33m,[39msta
[23mrtOffset[33m:[39m[36mnull[39m[33m,[39mstdDeviation[33m:[39m[36mnull[39m[33m,[39mstemh[33m:[39m[36mnull[39m[33m,[39mstemv[33m:[39m[36mnull[39m[33m,[39mstitchTiles[33m:[39m[36mnull[39m[33m,[39mstopColor
[23m[33m:[39m[36mnull[39m[33m,[39mstopOpacity[33m:[39m[36mnull[39m[33m,[39mstrikethroughPosition[33m:[39mo[33m,[39mstrikethroughThickness[33m:[39mo[33m,[39mstring[33m:[39m[36mn
[23mull[39m[33m,[39mstroke[33m:[39m[36mnull[39m[33m,[39mstrokeDashArray[33m:[39mc[33m,[39mstrokeDashOffset[33m:[39m[36mnull[39m[33m,[39mstrokeLineCap[33m:[39m[36mnull[39m[33m,[39mstrok
[23meLineJoin[33m:[39m[36mnull[39m[33m,[39mstrokeMiterLimit[33m:[39mo[33m,[39mstrokeOpacity[33m:[39mo[33m,[39mstrokeWidth[33m:[39m[36mnull[39m[33m,[39mstyle[33m:[39m[36mnull[39m[33m,[39msu
[23mrfaceScale[33m:[39mo[33m,[39msyncBehavior[33m:[39m[36mnull[39m[33m,[39msyncBehaviorDefault[33m:[39m[36mnull[39m[33m,[39msyncMaster[33m:[39m[36mnull[39m[33m,[39msyncTole
[23mrance[33m:[39m[36mnull[39m[33m,[39msyncToleranceDefault[33m:[39m[36mnull[39m[33m,[39msystemLanguage[33m:[39mc[33m,[39mtabIndex[33m:[39mo[33m,[39mtableValues[33m:[39m[36mnul
[23ml[39m[33m,[39mtarget[33m:[39m[36mnull[39m[33m,[39mtargetX[33m:[39mo[33m,[39mtargetY[33m:[39mo[33m,[39mtextAnchor[33m:[39m[36mnull[39m[33m,[39mtextDecoration[33m:[39m[36mnull[39m[33m,[39mtextRender
[23ming[33m:[39m[36mnull[39m[33m,[39mtextLength[33m:[39m[36mnull[39m[33m,[39mtimelineBegin[33m:[39m[36mnull[39m[33m,[39mtitle[33m:[39m[36mnull[39m[33m,[39mtransformBehavior[33m:[39m[36mnull[39m[33m,[39mty
[23mpe[33m:[39m[36mnull[39m[33m,[39mtypeOf[33m:[39mc[33m,[39mto[33m:[39m[36mnull[39m[33m,[39mtransform[33m:[39m[36mnull[39m[33m,[39mu1[33m:[39m[36mnull[39m[33m,[39mu2[33m:[39m[36mnull[39m[33m,[39munderlinePosition[33m:[39mo[33m,[39munde
[23mrlineThickness[33m:[39mo[33m,[39municode[33m:[39m[36mnull[39m[33m,[39municodeBidi[33m:[39m[36mnull[39m[33m,[39municodeRange[33m:[39m[36mnull[39m[33m,[39munitsPerEm[33m:[39mo[33m,[39mva
[23mlues[33m:[39m[36mnull[39m[33m,[39mvAlphabetic[33m:[39mo[33m,[39mvMathematical[33m:[39mo[33m,[39mvectorEffect[33m:[39m[36mnull[39m[33m,[39mvHanging[33m:[39mo[33m,[39mvIdeographi
[23mc[33m:[39mo[33m,[39mversion[33m:[39m[36mnull[39m[33m,[39mvertAdvY[33m:[39mo[33m,[39mvertOriginX[33m:[39mo[33m,[39mvertOriginY[33m:[39mo[33m,[39mviewBox[33m:[39m[36mnull[39m[33m,[39mviewTarget[33m:
[23m[39m[36mnull[39m[33m,[39mvisibility[33m:[39m[36mnull[39m[33m,[39mwidth[33m:[39m[36mnull[39m[33m,[39mwidths[33m:[39m[36mnull[39m[33m,[39mwordSpacing[33m:[39m[36mnull[39m[33m,[39mwritingMode[33m:[39m[36mnull[39m[33m,[39mx[33m:
[23m[39m[36mnull[39m[33m,[39mx1[33m:[39m[36mnull[39m[33m,[39mx2[33m:[39m[36mnull[39m[33m,[39mxChannelSelector[33m:[39m[36mnull[39m[33m,[39mxHeight[33m:[39mo[33m,[39my[33m:[39m[36mnull[39m[33m,[39my1[33m:[39m[36mnull[39m[33m,[39my2[33m:[39m[36mnull[39m[33m,[39myCha
[23mnnelSelector[33m:[39m[36mnull[39m[33m,[39mz[33m:[39m[36mnull[39m[33m,[39mzoomAndPan[33m:[39m[36mnull[39m}})}[33m,[39m[35m855[39m[33m:[39m(e[33m,[39mt[33m,[39mn)[33m=>[39m{[32m"use strict"[39m[33m;[39m[36mvar[39m
[23mr[33m=[39mn([35m8740[39m)[33m;[39me[33m.[39mexports[33m=[39m[36mfunction[39m(e[33m,[39mt){[36mreturn[39m r(e[33m,[39mt[33m.[39mtoLowerCase())}}[33m,[39m[35m8740[39m[33m:[39me[33m=>[39m{[32m"use
[23mstrict"[39m[33m;[39me[33m.[39mexports[33m=[39m[36mfunction[39m(e[33m,[39mt){[36mreturn[39m t [36min[39m e[33m?[39me[t][33m:[39mt}}[33m,[39m[35m7596[39m[33m:[39m(e[33m,[39mt[33m,[39mn)[33m=>[39m{[32m"use
[23mstrict"[39m[33m;[39m[36mvar[39m r[33m=[39mn([35m6632[39m)[33m,[39mi[33m=[39mn([35m9607[39m)[33m,[39ms[33m=[39mn([35m8805[39m)[33m;[39me[33m.[39mexports[33m=[39m[36mfunction[39m(e){[36mvar[39m
[23mt[33m,[39mn[33m,[39ma[33m=[39me[33m.[39mspace[33m,[39mo[33m=[39me[33m.[39mmustUseProperty[33m||[39m[][33m,[39mu[33m=[39me[33m.[39mattributes[33m||[39m{}[33m,[39ml[33m=[39me[33m.[39mproperties[33m,[39mc[33m=[39me[33m.[39mtran
[23msform[33m,[39mp[33m=[39m{}[33m,[39mh[33m=[39m{}[33m;[39m[36mfor[39m(t [36min[39m l)n[33m=[39m[36mnew[39m s(t[33m,[39mc(u[33m,[39mt)[33m,[39ml[t][33m,[39ma)[33m,[39m[33m-[39m[35m1[39m[33m!==[39mo[33m.[39mindexOf(t)[33m&&[39m(n[33m.[39mmustUs
[23meProperty[33m=[39m[33m![39m[35m0[39m)[33m,[39mp[t][33m=[39mn[33m,[39mh[r(t)][33m=[39mt[33m,[39mh[r(n[33m.[39mattribute)][33m=[39mt[33m;[39m[36mreturn[39m [36mnew[39m
[23mi(p[33m,[39mh[33m,[39ma)}}[33m,[39m[35m8805[39m[33m:[39m(e[33m,[39mt[33m,[39mn)[33m=>[39m{[32m"use strict"[39m[33m;[39m[36mvar[39m
[23mr[33m=[39mn([35m7643[39m)[33m,[39mi[33m=[39mn([35m7e3[39m)[33m;[39me[33m.[39mexports[33m=[39mo[33m,[39mo[33m.[39mprototype[33m=[39m[36mnew[39m r[33m,[39mo[33m.[39mprototype[33m.[39mdefined[33m=[39m[33m![39m[35m0[39m[33m;[39m[36mvar[39m
[23ms[33m=[39m[[32m"boolean"[39m[33m,[39m[32m"booleanish"[39m[33m,[39m[32m"overloadedBoolean"[39m[33m,[39m[32m"number"[39m[33m,[39m[32m"commaSeparated"[39m[33m,[39m[32m"spaceSe
[23mparated"[39m[33m,[39m[32m"commaOrSpaceSeparated"[39m][33m,[39ma[33m=[39ms[33m.[39mlength[33m;[39m[36mfunction[39m o(e[33m,[39mt[33m,[39mn[33m,[39mo){[36mvar[39m
[23ml[33m,[39mc[33m=[39m[33m-[39m[35m1[39m[33m;[39m[36mfor[39m(u([36mthis[39m[33m,[39m[32m"space"[39m[33m,[39mo)[33m,[39mr[33m.[39mcall([36mthis[39m[33m,[39me[33m,[39mt)[33m;[39m[33m++[39mc[33m<[39m[33ma[39m[33m;[39m)u([36mthis[39m[33m,[39ml[33m=[39ms[c][33m,[39m(n[33m&[39mi[l])[33m===[39mi[
[23ml])}[36mfunction[39m u(e[33m,[39mt[33m,[39mn){n[33m&&[39m(e[t][33m=[39mn)}}[33m,[39m[35m7643[39m[33m:[39me[33m=>[39m{[32m"use strict"[39m[33m;[39me[33m.[39mexports[33m=[39mn[33m;[39m[36mvar[39m
[23mt[33m=[39mn[33m.[39mprototype[33m;[39m[36mfunction[39m n(e[33m,[39mt){[36mthis[39m[33m.[39mproperty[33m=[39me[33m,[39m[36mthis[39m[33m.[39mattribute[33m=[39mt}t[33m.[39mspace[33m=[39m[36mnull[39m[33m,[39mt[33m.[39mat
[23mtribute[33m=[39m[36mnull[39m[33m,[39mt[33m.[39mproperty[33m=[39m[36mnull[39m[33m,[39mt[33m.[39mboolean[33m=[39m[33m![39m[35m1[39m[33m,[39mt[33m.[39mbooleanish[33m=[39m[33m![39m[35m1[39m[33m,[39mt[33m.[39moverloadedBoolean[33m=[39m[33m![39m[35m1
[23m[39m[33m,[39mt[33m.[39mnumber[33m=[39m[33m![39m[35m1[39m[33m,[39mt[33m.[39mcommaSeparated[33m=[39m[33m![39m[35m1[39m[33m,[39mt[33m.[39mspaceSeparated[33m=[39m[33m![39m[35m1[39m[33m,[39mt[33m.[39mcommaOrSpaceSeparated[33m=[39m[33m![39m[35m1[39m[33m,
[23m[39mt[33m.[39mmustUseProperty[33m=[39m[33m![39m[35m1[39m[33m,[39mt[33m.[39mdefined[33m=[39m[33m![39m[35m1[39m}[33m,[39m[35m9940[39m[33m:[39m(e[33m,[39mt[33m,[39mn)[33m=>[39m{[32m"use strict"[39m[33m;[39m[36mvar[39m
[23mr[33m=[39mn([35m7529[39m)[33m,[39mi[33m=[39mn([35m9607[39m)[33m;[39me[33m.[39mexports[33m=[39m[36mfunction[39m(e){[36mfor[39m([36mvar[39m t[33m,[39mn[33m,[39ms[33m=[39me[33m.[39mlength[33m,[39ma[33m=[39m[][33m,[39mo[33m=[39m[][33m,[39mu[33m=[39m[33m-[39m[35m1[39m[33m;
[23m[39m[33m++[39mu[33m<[39m[33ms[39m[33m;[39m)t[33m=[39me[u][33m,[39ma[33m.[39mpush(t[33m.[39mproperty)[33m,[39mo[33m.[39mpush(t[33m.[39mnormal)[33m,[39mn[33m=[39mt[33m.[39mspace[33m;[39m[36mreturn[39m [36mnew[39m
[23mi(r[33m.[39mapply([36mnull[39m[33m,[39ma)[33m,[39mr[33m.[39mapply([36mnull[39m[33m,[39mo)[33m,[39mn)}}[33m,[39m[35m9607[39m[33m:[39me[33m=>[39m{[32m"use strict"[39m[33m;[39me[33m.[39mexports[33m=[39mn[33m;[39m[36mvar[39m
[23mt[33m=[39mn[33m.[39mprototype[33m;[39m[36mfunction[39m n(e[33m,[39mt[33m,[39mn){[36mthis[39m[33m.[39mproperty[33m=[39me[33m,[39m[36mthis[39m[33m.[39mnormal[33m=[39mt[33m,[39mn[33m&&[39m([36mthis[39m[33m.[39mspace[33m=[39mn)}
[23mt[33m.[39mspace[33m=[39m[36mnull[39m[33m,[39mt[33m.[39mnormal[33m=[39m{}[33m,[39mt[33m.[39mproperty[33m=[39m{}}[33m,[39m[35m7e3[39m[33m:[39m(e[33m,[39mt)[33m=>[39m{[32m"use strict"[39m[33m;[39m[36mvar[39m
[23mn[33m=[39m[35m0[39m[33m;[39m[36mfunction[39m r(){[36mreturn[39m [33mMath[39m[33m.[39mpow([35m2[39m[33m,[39m[33m++[39mn)}t[33m.[39mboolean[33m=[39mr()[33m,[39mt[33m.[39mbooleanish[33m=[39mr()[33m,[39mt[33m.[39moverloa
[23mdedBoolean[33m=[39mr()[33m,[39mt[33m.[39mnumber[33m=[39mr()[33m,[39mt[33m.[39mspaceSeparated[33m=[39mr()[33m,[39mt[33m.[39mcommaSeparated[33m=[39mr()[33m,[39mt[33m.[39mcommaOrS
[23mpaceSeparated[33m=[39mr()}[33m,[39m[35m8289[39m[33m:[39m(e[33m,[39mt[33m,[39mn)[33m=>[39m{[32m"use strict"[39m[33m;[39m[36mvar[39m r[33m=[39mn([35m7596[39m)[33m;[39me[33m.[39mexports[33m=[39mr({space[33m:
[23m[39m[32m"xlink"[39m[33m,[39mtransform[33m:[39m[36mfunction[39m(e[33m,[39mt){[36mreturn[39m[32m"xlink:"[39m[33m+[39mt[33m.[39mslice([35m5[39m)[33m.[39mtoLowerCase()}[33m,[39mpropert
[23mies[33m:[39m{xLinkActuate[33m:[39m[36mnull[39m[33m,[39mxLinkArcRole[33m:[39m[36mnull[39m[33m,[39mxLinkHref[33m:[39m[36mnull[39m[33m,[39mxLinkRole[33m:[39m[36mnull[39m[33m,[39mxLinkShow
[23m[33m:[39m[36mnull[39m[33m,[39mxLinkTitle[33m:[39m[36mnull[39m[33m,[39mxLinkType[33m:[39m[36mnull[39m}})}[33m,[39m[35m5812[39m[33m:[39m(e[33m,[39mt[33m,[39mn)[33m=>[39m{[32m"use strict"[39m[33m;[39m[36mvar[39m
[23mr[33m=[39mn([35m7596[39m)[33m;[39me[33m.[39mexports[33m=[39mr({space[33m:[39m[32m"xml"[39m[33m,[39mtransform[33m:[39m[36mfunction[39m(e[33m,[39mt){[36mreturn[39m[32m"xml:"[39m[33m+[39mt[33m.[39mslice(
[23m[35m3[39m)[33m.[39mtoLowerCase()}[33m,[39mproperties[33m:[39m{xmlLang[33m:[39m[36mnull[39m[33m,[39mxmlBase[33m:[39m[36mnull[39m[33m,[39mxmlSpace[33m:[39m[36mnull[39m}})}[33m,[39m[35m4397[39m[33m:[39m(
[23me[33m,[39mt[33m,[39mn)[33m=>[39m{[32m"use strict"[39m[33m;[39m[36mvar[39m
[23mr[33m=[39mn([35m7596[39m)[33m,[39mi[33m=[39mn([35m855[39m)[33m;[39me[33m.[39mexports[33m=[39mr({space[33m:[39m[32m"xmlns"[39m[33m,[39mattributes[33m:[39m{xmlnsxlink[33m:[39m[32m"xmlns:xlin
[23mk"[39m}[33m,[39mtransform[33m:[39mi[33m,[39mproperties[33m:[39m{xmlns[33m:[39m[36mnull[39m[33m,[39mxmlnsXLink[33m:[39m[36mnull[39m}})}[33m,[39m[35m6632[39m[33m:[39me[33m=>[39m{[32m"use
[23mstrict"[39m[33m;[39me[33m.[39mexports[33m=[39m[36mfunction[39m(e){[36mreturn[39m e[33m.[39mtoLowerCase()}}[33m,[39m[35m6023[39m[33m:[39m(e[33m,[39mt[33m,[39mn)[33m=>[39m{[32m"use
[23mstrict"[39m[33m;[39m[36mvar[39m r[33m=[39mn([35m9940[39m)[33m,[39mi[33m=[39mn([35m8289[39m)[33m,[39ms[33m=[39mn([35m5812[39m)[33m,[39ma[33m=[39mn([35m4397[39m)[33m,[39mo[33m=[39mn([35m7716[39m)[33m,[39mu[33m=[39mn([35m5789[39m)[33m;[39me[33m.[39mexport
[23ms[33m=[39mr([s[33m,[39mi[33m,[39ma[33m,[39mo[33m,[39mu])}[33m,[39m[35m2861[39m[33m:[39m(e[33m,[39mt[33m,[39mn)[33m=>[39m{[32m"use strict"[39m[33m;[39me[33m.[39mexports[33m=[39m[36mfunction[39m(e){[36mvar[39m
[23mt[33m=[39m[36mthis[39m[33m;[39m[36mthis[39m[33m.[39m[33mParser[39m[33m=[39m[36mfunction[39m(n){[36mreturn[39m
[23mr(n[33m,[39m[33mObject[39m[33m.[39massign({}[33m,[39mt[33m.[39mdata([32m"settings"[39m)[33m,[39me[33m,[39m{extensions[33m:[39mt[33m.[39mdata([32m"micromarkExtension
[23ms"[39m)[33m||[39m[][33m,[39mmdastExtensions[33m:[39mt[33m.[39mdata([32m"fromMarkdownExtensions"[39m)[33m||[39m[]}))}}[33m;[39m[36mvar[39m
[23mr[33m=[39mn([35m9671[39m)}[33m,[39m[35m8818[39m[33m:[39m(e[33m,[39mt[33m,[39mn)[33m=>[39m{[32m"use strict"[39m[33m;[39m[36mvar[39m
[23mr[33m=[39mn([35m5288[39m)[33m;[39me[33m.[39mexports[33m=[39m[36mfunction[39m(e[33m,[39mt){[36mreturn[39m e[33m&&[39m[33m![39me[33m.[39mprocess[33m&&[39m(t[33m=[39me[33m,[39me[33m=[39m[36mnull[39m)[33m,[39me[33m?[39m(i[33m=[39me[33m,[39ms[33m=[39mt[33m,
[23m[39m[36mfunction[39m(e[33m,[39mt[33m,[39mn){i[33m.[39mrun(r(e[33m,[39ms)[33m,[39mt[33m,[39m[36mfunction[39m(e){n(e)})})[33m:[39m(n[33m=[39mt[33m,[39m[36mfunction[39m(e){[36mreturn[39m
[23mr(e[33m,[39mn)})[33m;[39m[36mvar[39m n[33m,[39mi[33m,[39ms}}[33m,[39m[35m6464[39m[33m:[39me[33m=>[39m{[32m"use strict"[39m[33m;[39m[36mvar[39m
[23mt[33m,[39mn[33m=[39m[32m""[39m[33m;[39me[33m.[39mexports[33m=[39m[36mfunction[39m(e[33m,[39mr){[36mif[39m([32m"string"[39m[33m!=[39m[36mtypeof[39m e)[36mthrow[39m [36mnew[39m
[23m[33mTypeError[39m([32m"expected a string"[39m)[33m;[39m[36mif[39m([35m1[39m[33m===[39mr)[36mreturn[39m e[33m;[39m[36mif[39m([35m2[39m[33m===[39mr)[36mreturn[39m e[33m+[39me[33m;[39m[36mvar[39m
[23mi[33m=[39me[33m.[39mlength[33m*[39mr[33m;[39m[36mif[39m(t[33m!==[39me[33m||[39m[36mvoid[39m [35m0[39m[33m===[39mt)t[33m=[39me[33m,[39mn[33m=[39m[32m""[39m[33m;[39m[36melse[39m [36mif[39m(n[33m.[39mlength[33m>=[39mi)[36mreturn[39m
[23mn[33m.[39msubstr([35m0[39m[33m,[39mi)[33m;[39m[36mfor[39m([33m;[39mi[33m>[39mn[33m.[39mlength[33m&&[39mr[33m>[39m[35m1[39m[33m;[39m)[35m1[39m[33m&[39mr[33m&&[39m(n[33m+=[39me)[33m,[39mr[33m>>=[39m[35m1[39m[33m,[39me[33m+=[39me[33m;[39m[36mreturn[39m
[23mn[33m=[39m(n[33m+=[39me)[33m.[39msubstr([35m0[39m[33m,[39mi)}}[33m,[39m[35m6582[39m[33m:[39m(e[33m,[39mt)[33m=>[39m{[32m"use strict"[39m[33m;[39mt[33m.[39mparse[33m=[39m[36mfunction[39m(e){[36mvar[39m t[33m=[39m[33mStrin
[23mg[39m(e[33m||[39m[32m""[39m)[33m.[39mtrim()[33m;[39m[36mreturn[39m[32m""[39m[33m===[39mt[33m?[39m[][33m:[39mt[33m.[39msplit(n)}[33m,[39mt[33m.[39mstringify[33m=[39m[36mfunction[39m(e){[36mreturn[39m
[23me[33m.[39mjoin([32m" "[39m)[33m.[39mtrim()}[33m;[39m[36mvar[39m n[33m=[39m[35m/[ \t\n\r\f]+/g[39m}[33m,[39m[35m9922[39m[33m:[39m(e[33m,[39mt[33m,[39mn)[33m=>[39m{[32m"use strict"[39m[33m;[39m[36mconst[39m
[23mr[33m=[39mn([35m9239[39m)[33m;[39me[33m.[39mexports[33m=[39me[33m=>[39m{[36mconst[39m t[33m=[39mr(e)[33m;[39m[36mif[39m([35m0[39m[33m===[39mt)[36mreturn[39m e[33m;[39m[36mconst[39m n[33m=[39m[36mnew[39m [33mRegExp[39m([32m`^[
[23m\\t]{${t}}`[39m[33m,[39m[32m"gm"[39m)[33m;[39m[36mreturn[39m e[33m.[39mreplace(n[33m,[39m[32m""[39m)}}[33m,[39m[35m7848[39m[33m:[39m(e[33m,[39mt[33m,[39mn)[33m=>[39m{[36mvar[39m
[23mr[33m=[39mn([35m8139[39m)[33m;[39me[33m.[39mexports[33m=[39m[36mfunction[39m(e[33m,[39mt){[36mvar[39m n[33m,[39mi[33m=[39m[36mnull[39m[33m;[39m[36mif[39m([33m![39me[33m||[39m[32m"string"[39m[33m!=[39m[36mtypeof[39m e)[36mreturn[39m
[23mi[33m;[39m[36mfor[39m([36mvar[39m s[33m,[39ma[33m,[39mo[33m=[39mr(e)[33m,[39mu[33m=[39m[32m"function"[39m[33m==[39m[36mtypeof[39m t[33m,[39ml[33m=[39m[35m0[39m[33m,[39mc[33m=[39mo[33m.[39mlength[33m;[39ml[33m<[39m[33mc[39m[33m;[39ml[33m++[39m)s[33m=[39m(n[33m=[39mo[l])[33m.[39mpr
[23moperty[33m,[39ma[33m=[39mn[33m.[39mvalue[33m,[39mu[33m?[39mt(s[33m,[39ma[33m,[39mn)[33m:[39ma[33m&&[39m(i[33m||[39m(i[33m=[39m{})[33m,[39mi[s][33m=[39ma)[33m;[39m[36mreturn[39m i}}[33m,[39m[35m8281[39m[33m:[39m(e[33m,[39mt[33m,[39mn)[33m=>[39m{[32m"use
[23m strict"[39m[33m;[39m[36mvar[39m r[33m=[39mn([35m3368[39m)[33m;[39me[33m.[39mexports[33m=[39ms[33m,[39ms[33m.[39mwrap[33m=[39mr[33m;[39m[36mvar[39m i[33m=[39m[][33m.[39mslice[33m;[39m[36mfunction[39m s(){[36mvar[39m
[23me[33m=[39m[][33m,[39mt[33m=[39m{run[33m:[39m[36mfunction[39m(){[36mvar[39m t[33m=[39m[33m-[39m[35m1[39m[33m,[39mn[33m=[39mi[33m.[39mcall(arguments[33m,[39m[35m0[39m[33m,[39m[33m-[39m[35m1[39m)[33m,[39ms[33m=[39marguments[arguments[33m.[39ml
[23mength[33m-[39m[35m1[39m][33m;[39m[36mif[39m([32m"function"[39m[33m!=[39m[36mtypeof[39m s)[36mthrow[39m [36mnew[39m [33mError[39m([32m"Expected function as last
[23margument, not "[39m[33m+[39ms)[33m;[39m([36mfunction[39m a(o){[36mvar[39m u[33m=[39me[[33m++[39mt][33m,[39ml[33m=[39mi[33m.[39mcall(arguments[33m,[39m[35m0[39m)[33m.[39mslice([35m1[39m)[33m,[39mc[33m=
[23m[39mn[33m.[39mlength[33m,[39mp[33m=[39m[33m-[39m[35m1[39m[33m;[39m[36mif[39m(o)s(o)[33m;[39m[36melse[39m{[36mfor[39m([33m;[39m[33m++[39mp[33m<[39m[33mc[39m[33m;[39m)[36mnull[39m[33m!==[39ml[p][33m&&[39m[36mvoid[39m
[23m[35m0[39m[33m!==[39ml[p][33m||[39m(l[p][33m=[39mn[p])[33m;[39mn[33m=[39ml[33m,[39mu[33m?[39mr(u[33m,[39ma)[33m.[39mapply([36mnull[39m[33m,[39mn)[33m:[39ms[33m.[39mapply([36mnull[39m[33m,[39m[[36mnull[39m][33m.[39mconcat(n))}
[23m})[33m.[39mapply([36mnull[39m[33m,[39m[[36mnull[39m][33m.[39mconcat(n))}[33m,[39muse[33m:[39m[36mfunction[39m(n){[36mif[39m([32m"function"[39m[33m!=[39m[36mtypeof[39m n)[36mthrow[39m
[23m[36mnew[39m [33mError[39m([32m"Expected `fn` to be a function, not "[39m[33m+[39mn)[33m;[39m[36mreturn[39m e[33m.[39mpush(n)[33m,[39mt}}[33m;[39m[36mreturn[39m
[23mt}}[33m,[39m[35m3368[39m[33m:[39me[33m=>[39m{[32m"use strict"[39m[33m;[39m[36mvar[39m t[33m=[39m[][33m.[39mslice[33m;[39me[33m.[39mexports[33m=[39m[36mfunction[39m(e[33m,[39mn){[36mvar[39m r[33m;[39m[36mreturn[39m
[23m[36mfunction[39m(){[36mvar[39m n[33m,[39ma[33m=[39mt[33m.[39mcall(arguments[33m,[39m[35m0[39m)[33m,[39mo[33m=[39me[33m.[39mlength[33m>[39ma[33m.[39mlength[33m;[39mo[33m&&[39ma[33m.[39mpush(i)[33m;[39m[36mtry[39m{n[33m=[39me[33m.
[23m[39mapply([36mnull[39m[33m,[39ma)}[36mcatch[39m(e){[36mif[39m(o[33m&&[39mr)[36mthrow[39m e[33m;[39m[36mreturn[39m i(e)}o[33m||[39m(n[33m&&[39m[32m"function"[39m[33m==[39m[36mtypeof[39m
[23mn[33m.[39mthen[33m?[39mn[33m.[39mthen(s[33m,[39mi)[33m:[39mn [36minstanceof[39m [33mError[39m[33m?[39mi(n)[33m:[39ms(n))}[33m;[39m[36mfunction[39m
[23mi(){r[33m||[39m(r[33m=[39m[33m![39m[35m0[39m[33m,[39mn[33m.[39mapply([36mnull[39m[33m,[39marguments))}[36mfunction[39m
[23ms(e){i([36mnull[39m[33m,[39me)}}}[33m,[39m[35m8835[39m[33m:[39m(e[33m,[39mt[33m,[39mn)[33m=>[39m{[32m"use strict"[39m[33m;[39m[36mvar[39m
[23mr[33m=[39mn([35m8869[39m)[33m,[39mi[33m=[39mn([35m8738[39m)[33m,[39ms[33m=[39mn([35m4470[39m)[33m,[39ma[33m=[39mn([35m3310[39m)[33m,[39mo[33m=[39mn([35m8281[39m)[33m,[39mu[33m=[39mn([35m939[39m)[33m;[39me[33m.[39mexports[33m=[39m[36mfunction[39m
[23me(){[36mvar[39m t[33m,[39mn[33m=[39m[][33m,[39mi[33m=[39mo()[33m,[39my[33m=[39m{}[33m,[39mv[33m=[39m[33m-[39m[35m1[39m[33m;[39m[36mreturn[39m
[23m[33mA[39m[33m.[39mdata[33m=[39m[36mfunction[39m(e[33m,[39mn){[36mreturn[39m[32m"string"[39m[33m==[39m[36mtypeof[39m
[23me[33m?[39m[35m2[39m[33m===[39marguments[33m.[39mlength[33m?[39m(m([32m"data"[39m[33m,[39mt)[33m,[39my[e][33m=[39mn[33m,[39m[33mA[39m)[33m:[39mc[33m.[39mcall(y[33m,[39me)[33m&&[39my[e][33m||[39m[36mnull[39m[33m:[39me[33m?[39m(m([32m"data
[23m"[39m[33m,[39mt)[33m,[39my[33m=[39me[33m,[39m[33mA[39m)[33m:[39my}[33m,[39m[33mA[39m[33m.[39mfreeze[33m=[39mb[33m,[39m[33mA[39m[33m.[39mattachers[33m=[39mn[33m,[39m[33mA[39m[33m.[39muse[33m=[39m[36mfunction[39m(e){[36mvar[39m
[23mr[33m;[39m[36mif[39m(m([32m"use"[39m[33m,[39mt)[33m,[39m[36mnull[39m[33m==[39me)[33m;[39m[36melse[39m [36mif[39m([32m"function"[39m[33m==[39m[36mtypeof[39m
[23me)c[33m.[39mapply([36mnull[39m[33m,[39marguments)[33m;[39m[36melse[39m{[36mif[39m([32m"object"[39m[33m!=[39m[36mtypeof[39m e)[36mthrow[39m [36mnew[39m [33mError[39m([32m"Expected
[23musable value, not `"[39m[33m+[39me[33m+[39m[32m"`"[39m)[33m;[39m[32m"length"[39m[36min[39m e[33m?[39mu(e)[33m:[39mi(e)}[36mreturn[39m
[23mr[33m&&[39m(y[33m.[39msettings[33m=[39ms(y[33m.[39msettings[33m||[39m{}[33m,[39mr))[33m,[39m[33mA[39m[33m;[39m[36mfunction[39m
[23mi(e){u(e[33m.[39mplugins)[33m,[39me[33m.[39msettings[33m&&[39m(r[33m=[39ms(r[33m||[39m{}[33m,[39me[33m.[39msettings))}[36mfunction[39m
[23mo(e){[36mif[39m([32m"function"[39m[33m==[39m[36mtypeof[39m e)c(e)[33m;[39m[36melse[39m{[36mif[39m([32m"object"[39m[33m!=[39m[36mtypeof[39m e)[36mthrow[39m [36mnew[39m
[23m[33mError[39m([32m"Expected usable value, not `"[39m[33m+[39me[33m+[39m[32m"`"[39m)[33m;[39m[32m"length"[39m[36min[39m
[23me[33m?[39mc[33m.[39mapply([36mnull[39m[33m,[39me)[33m:[39mi(e)}}[36mfunction[39m u(e){[36mvar[39m
[23mt[33m=[39m[33m-[39m[35m1[39m[33m;[39m[36mif[39m([36mnull[39m[33m==[39me)[33m;[39m[36melse[39m{[36mif[39m([32m"object"[39m[33m!=[39m[36mtypeof[39m e[33m||[39m[33m![39m([32m"length"[39m[36min[39m e))[36mthrow[39m [36mnew[39m
[23m[33mError[39m([32m"Expected a list of plugins, not
[23m`"[39m[33m+[39me[33m+[39m[32m"`"[39m)[33m;[39m[36mfor[39m([33m;[39m[33m++[39mt[33m<[39m[33me[39m[33m.[39mlength[33m;[39m)o(e[t])}}[36mfunction[39m c(e[33m,[39mt){[36mvar[39m r[33m=[39m[36mfunction[39m(e){[36mfor[39m([36mvar[39m
[23mt[33m=[39m[33m-[39m[35m1[39m[33m;[39m[33m++[39mt[33m<[39m[33mn[39m[33m.[39mlength[33m;[39m)[36mif[39m(n[t][[35m0[39m][33m===[39me)[36mreturn[39m n[t]}(e)[33m;[39mr[33m?[39m(a(r[[35m1[39m])[33m&&[39ma(t)[33m&&[39m(t[33m=[39ms([33m![39m[35m0[39m[33m,[39mr[[35m1[39m]
[22m[33m,[39mt))[33m,[39mr[[35m1[39m][33m=[39mt)[33m:[39mn[33m.[39mpush(l[33m.[39mcall(arguments))}}[33m,[39m[33mA[39m[33m.[39mparse[33m=[39m[36mfunction[39m(e){[36mvar[39m t[33m,[39mn[33m=[39mu(e)[33m;[39m[36mreturn[39m
[23m b()[33m,[39md([32m"parse"[39m[33m,[39mt[33m=[39m[33mA[39m[33m.[39m[33mParser[39m)[33m,[39mh(t[33m,[39m[32m"parse"[39m)[33m?[39m[36mnew[39m
[23mt([33mString[39m(n)[33m,[39mn)[33m.[39mparse()[33m:[39mt([33mString[39m(n)[33m,[39mn)}[33m,[39m[33mA[39m[33m.[39mstringify[33m=[39m[36mfunction[39m(e[33m,[39mt){[36mvar[39m
[23mn[33m,[39mr[33m=[39mu(t)[33m;[39m[36mreturn[39m b()[33m,[39mf([32m"stringify"[39m[33m,[39mn[33m=[39m[33mA[39m[33m.[39m[33mCompiler[39m)[33m,[39mg(e)[33m,[39mh(n[33m,[39m[32m"compile"[39m)[33m?[39m[36mnew[39m
[23mn(e[33m,[39mr)[33m.[39mcompile()[33m:[39mn(e[33m,[39mr)}[33m,[39m[33mA[39m[33m.[39mrun[33m=[39m[33mE[39m[33m,[39m[33mA[39m[33m.[39mrunSync[33m=[39m[36mfunction[39m(e[33m,[39mt){[36mvar[39m n[33m,[39mi[33m;[39m[36mreturn[39m
[23m[33mE[39m(e[33m,[39mt[33m,[39m[36mfunction[39m(e[33m,[39mt){i[33m=[39m[33m![39m[35m0[39m[33m,[39mn[33m=[39mt[33m,[39mr(e)})[33m,[39mx([32m"runSync"[39m[33m,[39m[32m"run"[39m[33m,[39mi)[33m,[39mn}[33m,[39m[33mA[39m[33m.[39mprocess[33m=[39m[33mC[39m[33m,[39m[33mA[39m[33m.[39mproces
[23msSync[33m=[39m[36mfunction[39m(e){[36mvar[39m t[33m,[39mn[33m;[39m[36mreturn[39m
[23mb()[33m,[39md([32m"processSync"[39m[33m,[39m[33mA[39m[33m.[39m[33mParser[39m)[33m,[39mf([32m"processSync"[39m[33m,[39m[33mA[39m[33m.[39m[33mCompiler[39m)[33m,[39m[33mC[39m(t[33m=[39mu(e)[33m,[39m[36mfunction[39m(e){n
[23m[33m=[39m[33m![39m[35m0[39m[33m,[39mr(e)})[33m,[39mx([32m"processSync"[39m[33m,[39m[32m"process"[39m[33m,[39mn)[33m,[39mt}[33m,[39m[33mA[39m[33m;[39m[36mfunction[39m [33mA[39m(){[36mfor[39m([36mvar[39m
[23mt[33m=[39me()[33m,[39mr[33m=[39m[33m-[39m[35m1[39m[33m;[39m[33m++[39mr[33m<[39m[33mn[39m[33m.[39mlength[33m;[39m)t[33m.[39muse[33m.[39mapply([36mnull[39m[33m,[39mn[r])[33m;[39m[36mreturn[39m
[23mt[33m.[39mdata(s([33m![39m[35m0[39m[33m,[39m{}[33m,[39my))[33m,[39mt}[36mfunction[39m b(){[36mvar[39m e[33m,[39mr[33m;[39m[36mif[39m(t)[36mreturn[39m
[23m[33mA[39m[33m;[39m[36mfor[39m([33m;[39m[33m++[39mv[33m<[39m[33mn[39m[33m.[39mlength[33m;[39m)[33m![39m[35m1[39m[33m!==[39m(e[33m=[39mn[v])[[35m1[39m][33m&&[39m([33m![39m[35m0[39m[33m===[39me[[35m1[39m][33m&&[39m(e[[35m1[39m][33m=[39m[36mvoid[39m
[23m[35m0[39m)[33m,[39m[32m"function"[39m[33m==[39m[36mtypeof[39m(r[33m=[39me[[35m0[39m][33m.[39mapply([33mA[39m[33m,[39me[33m.[39mslice([35m1[39m)))[33m&&[39mi[33m.[39muse(r))[33m;[39m[36mreturn[39m
[23mt[33m=[39m[33m![39m[35m0[39m[33m,[39mv[33m=[39m[35m1[39m[33m/[39m[35m0[39m[33m,[39m[33mA[39m}[36mfunction[39m [33mE[39m(e[33m,[39mt[33m,[39mn){[36mif[39m(g(e)[33m,[39mb()[33m,[39mn[33m||[39m[32m"function"[39m[33m!=[39m[36mtypeof[39m
[23mt[33m||[39m(n[33m=[39mt[33m,[39mt[33m=[39m[36mnull[39m)[33m,[39m[33m![39mn)[36mreturn[39m [36mnew[39m [33mPromise[39m(r)[33m;[39m[36mfunction[39m r(r[33m,[39ms){i[33m.[39mrun(e[33m,[39mu(t)[33m,[39m[36mfunction[39m(t
[23m[33m,[39mi[33m,[39ma){i[33m=[39mi[33m||[39me[33m,[39mt[33m?[39ms(t)[33m:[39mr[33m?[39mr(i)[33m:[39mn([36mnull[39m[33m,[39mi[33m,[39ma)})}r([36mnull[39m[33m,[39mn)}[36mfunction[39m
[23m[33mC[39m(e[33m,[39mt){[36mif[39m(b()[33m,[39md([32m"process"[39m[33m,[39m[33mA[39m[33m.[39m[33mParser[39m)[33m,[39mf([32m"process"[39m[33m,[39m[33mA[39m[33m.[39m[33mCompiler[39m)[33m,[39m[33m![39mt)[36mreturn[39m [36mnew[39m
[23m[33mPromise[39m(n)[33m;[39m[36mfunction[39m n(n[33m,[39mr){[36mvar[39m i[33m=[39mu(e)[33m;[39mp[33m.[39mrun([33mA[39m[33m,[39m{file[33m:[39mi}[33m,[39m[36mfunction[39m(e){e[33m?[39mr(e)[33m:[39mn[33m?[39mn(i)
[23m[33m:[39mt([36mnull[39m[33m,[39mi)})}n([36mnull[39m[33m,[39mt)}}()[33m.[39mfreeze()[33m;[39m[36mvar[39m l[33m=[39m[][33m.[39mslice[33m,[39mc[33m=[39m{}[33m.[39mhasOwnProperty[33m,[39mp[33m=[39mo()[33m.[39muse
[23m([36mfunction[39m(e[33m,[39mt){t[33m.[39mtree[33m=[39me[33m.[39mparse(t[33m.[39mfile)})[33m.[39muse([36mfunction[39m(e[33m,[39mt[33m,[39mn){e[33m.[39mrun(t[33m.[39mtree[33m,[39mt[33m.[39mfile[33m,
[23m[39m[36mfunction[39m(e[33m,[39mr[33m,[39mi){e[33m?[39mn(e)[33m:[39m(t[33m.[39mtree[33m=[39mr[33m,[39mt[33m.[39mfile[33m=[39mi[33m,[39mn())})})[33m.[39muse([36mfunction[39m(e[33m,[39mt){[36mvar[39m
[23mn[33m=[39me[33m.[39mstringify(t[33m.[39mtree[33m,[39mt[33m.[39mfile)[33m;[39m[36mnull[39m[33m==[39mn[33m||[39m([32m"string"[39m[33m==[39m[36mtypeof[39m
[23mn[33m||[39mi(n)[33m?[39mt[33m.[39mfile[33m.[39mcontents[33m=[39mn[33m:[39mt[33m.[39mfile[33m.[39mresult[33m=[39mn)})[33m;[39m[36mfunction[39m
[23mh(e[33m,[39mt){[36mreturn[39m[32m"function"[39m[33m==[39m[36mtypeof[39m e[33m&&[39me[33m.[39mprototype[33m&&[39m([36mfunction[39m(e){[36mvar[39m t[33m;[39m[36mfor[39m(t [36min[39m
[23me)[36mreturn[39m[33m![39m[35m0[39m[33m;[39m[36mreturn[39m[33m![39m[35m1[39m}(e[33m.[39mprototype)[33m||[39mt [36min[39m e[33m.[39mprototype)}[36mfunction[39m
[23md(e[33m,[39mt){[36mif[39m([32m"function"[39m[33m!=[39m[36mtypeof[39m t)[36mthrow[39m [36mnew[39m [33mError[39m([32m"Cannot `"[39m[33m+[39me[33m+[39m[32m"` without
[23m`Parser`"[39m)}[36mfunction[39m f(e[33m,[39mt){[36mif[39m([32m"function"[39m[33m!=[39m[36mtypeof[39m t)[36mthrow[39m [36mnew[39m [33mError[39m([32m"Cannot
[23m`"[39m[33m+[39me[33m+[39m[32m"` without `Compiler`"[39m)}[36mfunction[39m m(e[33m,[39mt){[36mif[39m(t)[36mthrow[39m [36mnew[39m [33mError[39m([32m"Cannot invoke
[23m `"[39m[33m+[39me[33m+[39m[32m"` on a frozen processor.\nCreate a new processor first, by invoking it:
[23muse `processor()` instead of `processor`."[39m)}[36mfunction[39m
[23mg(e){[36mif[39m([33m![39me[33m||[39m[32m"string"[39m[33m!=[39m[36mtypeof[39m e[33m.[39mtype)[36mthrow[39m [36mnew[39m [33mError[39m([32m"Expected node, got
[23m`"[39m[33m+[39me[33m+[39m[32m"`"[39m)}[36mfunction[39m x(e[33m,[39mt[33m,[39mn){[36mif[39m([33m![39mn)[36mthrow[39m [36mnew[39m [33mError[39m([32m"`"[39m[33m+[39me[33m+[39m[32m"` finished async. Use
[23m`"[39m[33m+[39mt[33m+[39m[32m"` instead"[39m)}}[33m,[39m[35m914[39m[33m:[39me[33m=>[39m{[32m"use strict"[39m[33m;[39me[33m.[39mexports[33m=[39m[36mfunction[39m(e[33m,[39mt[33m,[39mn){[36mvar[39m r[33m;[39m[36mreturn[39m
[23m[36mnull[39m[33m!=[39mn[33m||[39m[32m"object"[39m[33m==[39m[36mtypeof[39m
[23mt[33m&&[39m[33m![39m[33mArray[39m[33m.[39misArray(t)[33m||[39m(n[33m=[39mt[33m,[39mt[33m=[39m{})[33m,[39mr[33m=[39m[33mObject[39m[33m.[39massign({type[33m:[39m[33mString[39m(e)}[33m,[39mt)[33m,[39m[33mArray[39m[33m.[39misArr
[23may(n)[33m?[39mr[33m.[39mchildren[33m=[39mn[33m:[39m[36mnull[39m[33m!=[39mn[33m&&[39m(r[33m.[39mvalue[33m=[39m[33mString[39m(n))[33m,[39mr}}[33m,[39m[35m1744[39m[33m:[39me[33m=>[39m{[32m"use
[23mstrict"[39m[33m;[39me[33m.[39mexports[33m=[39m[36mfunction[39m(e){[36mreturn[39m[33m![39m(e[33m&&[39me[33m.[39mposition[33m&&[39me[33m.[39mposition[33m.[39mstart[33m&&[39me[33m.[39mpositio
[23mn[33m.[39mstart[33m.[39mline[33m&&[39me[33m.[39mposition[33m.[39mstart[33m.[39mcolumn[33m&&[39me[33m.[39mposition[33m.[39mend[33m&&[39me[33m.[39mposition[33m.[39mend[33m.[39mline[33m&&[39me[33m.[39mpo
[23msition[33m.[39mend[33m.[39mcolumn)}}[33m,[39m[35m8145[39m[33m:[39me[33m=>[39m{[32m"use strict"[39m[33m;[39m[36mfunction[39m
[23mt(){[36mreturn[39m[33m![39m[35m0[39m}e[33m.[39mexports[33m=[39m[36mfunction[39m e(n){[36mif[39m([36mnull[39m[33m==[39mn)[36mreturn[39m t[33m;[39m[36mif[39m([32m"string"[39m[33m==[39m[36mtypeof[39m
[23mn)[36mreturn[39m r[33m=[39mn[33m,[39m[36mfunction[39m(e){[36mreturn[39m [33mBoolean[39m(e[33m&&[39me[33m.[39mtype[33m===[39mr)}[33m;[39m[36mvar[39m
[23mr[33m;[39m[36mif[39m([32m"object"[39m[33m==[39m[36mtypeof[39m n)[36mreturn[39m[32m"length"[39m[36min[39m n[33m?[39m[36mfunction[39m(t){[36mfor[39m([36mvar[39m
[23mn[33m=[39m[][33m,[39mr[33m=[39m[33m-[39m[35m1[39m[33m;[39m[33m++[39mr[33m<[39m[33mt[39m[33m.[39mlength[33m;[39m)n[r][33m=[39me(t[r])[33m;[39m[36mreturn[39m [36mfunction[39m(){[36mfor[39m([36mvar[39m e[33m=[39m[33m-[39m[35m1[39m[33m;[39m[33m++[39me[33m<[39m[33mn[39m[33m.[39mlength
[23m[33m;[39m)[36mif[39m(n[e][33m.[39mapply([36mthis[39m[33m,[39marguments))[36mreturn[39m[33m![39m[35m0[39m[33m;[39m[36mreturn[39m[33m![39m[35m1[39m}}(n)[33m:[39m[36mfunction[39m(e){[36mreturn[39m
[23m[36mfunction[39m(t){[36mvar[39m n[33m;[39m[36mfor[39m(n [36min[39m
[23me)[36mif[39m(t[n][33m!==[39me[n])[36mreturn[39m[33m![39m[35m1[39m[33m;[39m[36mreturn[39m[33m![39m[35m0[39m}}(n)[33m;[39m[36mif[39m([32m"function"[39m[33m==[39m[36mtypeof[39m n)[36mreturn[39m n[33m;[39m[36mthrow[39m
[23m[36mnew[39m [33mError[39m([32m"Expected function, string, or object as test"[39m)}}[33m,[39m[35m7361[39m[33m:[39me[33m=>[39m{[32m"use
[23mstrict"[39m[33m;[39m[36mvar[39m t[33m=[39mi([32m"start"[39m)[33m,[39mn[33m=[39mi([32m"end"[39m)[33m;[39m[36mfunction[39m
[23mr(e){[36mreturn[39m{start[33m:[39mt(e)[33m,[39mend[33m:[39mn(e)}}[36mfunction[39m i(e){[36mreturn[39m t[33m.[39mdisplayName[33m=[39me[33m,[39mt[33m;[39m[36mfunction[39m
[23m t(t){[36mvar[39m n[33m=[39mt[33m&&[39mt[33m.[39mposition[33m&&[39mt[33m.[39mposition[e][33m||[39m{}[33m;[39m[36mreturn[39m{line[33m:[39mn[33m.[39mline[33m||[39m[36mnull[39m[33m,[39mcolumn[33m:[39mn[33m.[39mc
[23molumn[33m||[39m[36mnull[39m[33m,[39moffset[33m:[39misNaN(n[33m.[39moffset)[33m?[39m[36mnull[39m[33m:[39mn[33m.[39moffset}}}e[33m.[39mexports[33m=[39mr[33m,[39mr[33m.[39mstart[33m=[39mt[33m,[39mr[33m.[39mend[33m=[39mn
[23m}[33m,[39m[35m5432[39m[33m:[39me[33m=>[39m{[32m"use strict"[39m[33m;[39m[36mvar[39m t[33m=[39m{}[33m.[39mhasOwnProperty[33m;[39m[36mfunction[39m n(e){[36mreturn[39m
[23me[33m&&[39m[32m"object"[39m[33m==[39m[36mtypeof[39m e[33m||[39m(e[33m=[39m{})[33m,[39mi(e[33m.[39mline)[33m+[39m[32m":"[39m[33m+[39mi(e[33m.[39mcolumn)}[36mfunction[39m r(e){[36mreturn[39m
[23me[33m&&[39m[32m"object"[39m[33m==[39m[36mtypeof[39m e[33m||[39m(e[33m=[39m{})[33m,[39mn(e[33m.[39mstart)[33m+[39m[32m"-"[39m[33m+[39mn(e[33m.[39mend)}[36mfunction[39m i(e){[36mreturn[39m
[23me[33m&&[39m[32m"number"[39m[33m==[39m[36mtypeof[39m e[33m?[39me[33m:[39m[35m1[39m}e[33m.[39mexports[33m=[39m[36mfunction[39m(e){[36mreturn[39m e[33m&&[39m[32m"object"[39m[33m==[39m[36mtypeof[39m
[23me[33m?[39mt[33m.[39mcall(e[33m,[39m[32m"position"[39m)[33m||[39mt[33m.[39mcall(e[33m,[39m[32m"type"[39m)[33m?[39mr(e[33m.[39mposition)[33m:[39mt[33m.[39mcall(e[33m,[39m[32m"start"[39m)[33m||[39mt[33m.[39mcall
[23m(e[33m,[39m[32m"end"[39m)[33m?[39mr(e)[33m:[39mt[33m.[39mcall(e[33m,[39m[32m"line"[39m)[33m||[39mt[33m.[39mcall(e[33m,[39m[32m"column"[39m)[33m?[39mn(e)[33m:[39m[32m""[39m[33m:[39m[32m""[39m}}[33m,[39m[35m6750[39m[33m:[39me[33m=>[39m{e[33m.[39mexpo
[23mrts[33m=[39m[36mfunction[39m(e){[36mreturn[39m e}}[33m,[39m[35m9294[39m[33m:[39m(e[33m,[39mt[33m,[39mn)[33m=>[39m{[32m"use strict"[39m[33m;[39me[33m.[39mexports[33m=[39mo[33m;[39m[36mvar[39m
[23mr[33m=[39mn([35m8145[39m)[33m,[39mi[33m=[39mn([35m6750[39m)[33m,[39ms[33m=[39m[32m"skip"[39m[33m,[39ma[33m=[39m[33m![39m[35m1[39m[33m;[39m[36mfunction[39m o(e[33m,[39mt[33m,[39mn[33m,[39mo){[36mvar[39m u[33m,[39ml[33m;[39m[32m"function"[39m[33m==[39m[36mtypeof[39m
[23m t[33m&&[39m[32m"function"[39m[33m!=[39m[36mtypeof[39m n[33m&&[39m(o[33m=[39mn[33m,[39mn[33m=[39mt[33m,[39mt[33m=[39m[36mnull[39m)[33m,[39ml[33m=[39mr(t)[33m,[39mu[33m=[39mo[33m?[39m[33m-[39m[35m1[39m[33m:[39m[35m1[39m[33m,[39m[36mfunction[39m e(r[33m,[39mc[33m,[39mp){[36mvar[39m
[23m h[33m,[39md[33m=[39m[32m"object"[39m[33m==[39m[36mtypeof[39m r[33m&&[39m[36mnull[39m[33m!==[39mr[33m?[39mr[33m:[39m{}[33m;[39m[36mreturn[39m[32m"string"[39m[33m==[39m[36mtypeof[39m
[23md[33m.[39mtype[33m&&[39m(h[33m=[39m[32m"string"[39m[33m==[39m[36mtypeof[39m d[33m.[39mtagName[33m?[39md[33m.[39mtagName[33m:[39m[32m"string"[39m[33m==[39m[36mtypeof[39m
[23md[33m.[39mname[33m?[39md[33m.[39mname[33m:[39m[36mvoid[39m [35m0[39m[33m,[39mf[33m.[39mdisplayName[33m=[39m[32m"node
[23m("[39m[33m+[39mi(d[33m.[39mtype[33m+[39m(h[33m?[39m[32m"<"[39m[33m+[39mh[33m+[39m[32m">"[39m[33m:[39m[32m""[39m))[33m+[39m[32m")"[39m)[33m,[39mf[33m;[39m[36mfunction[39m f(){[36mvar[39m i[33m,[39mh[33m,[39md[33m,[39mf[33m=[39mp[33m.[39mconcat(r)[33m,[39mm[33m=[39m[][33m;[39m[36mi
[23mf[39m(([33m![39mt[33m||[39ml(r[33m,[39mc[33m,[39mp[p[33m.[39mlength[33m-[39m[35m1[39m][33m||[39m[36mnull[39m))[33m&&[39m(d[33m=[39mn(r[33m,[39mp)[33m,[39mm[33m=[39m[36mnull[39m[33m!==[39md[33m&&[39m[32m"object"[39m[33m==[39m[36mtypeof[39m
[23md[33m&&[39m[32m"length"[39m[36min[39m d[33m?[39md[33m:[39m[32m"number"[39m[33m==[39m[36mtypeof[39m d[33m?[39m[[33m![39m[35m0[39m[33m,[39md][33m:[39m[d])[[35m0[39m][33m===[39ma)[36mreturn[39m
[23mm[33m;[39m[36mif[39m(r[33m.[39mchildren[33m&&[39mm[[35m0[39m][33m!==[39ms)[36mfor[39m(h[33m=[39m(o[33m?[39mr[33m.[39mchildren[33m.[39mlength[33m:[39m[33m-[39m[35m1[39m)[33m+[39mu[33m;[39mh[33m>[39m[33m-[39m[35m1[39m[33m&&[39mh[33m<[39m[33mr[39m[33m.[39mchildren[33m.[39mle
[23mngth[33m;[39m){[36mif[39m((i[33m=[39me(r[33m.[39mchildren[h][33m,[39mh[33m,[39mf)())[[35m0[39m][33m===[39ma)[36mreturn[39m i[33m;[39mh[33m=[39m[32m"number"[39m[33m==[39m[36mtypeof[39m
[23mi[[35m1[39m][33m?[39mi[[35m1[39m][33m:[39mh[33m+[39mu}[36mreturn[39m
[23mm}}(e[33m,[39m[36mnull[39m[33m,[39m[])()}o[33m.[39m[33mCONTINUE[39m[33m=[39m[33m![39m[35m0[39m[33m,[39mo[33m.[39m[33mSKIP[39m[33m=[39ms[33m,[39mo[33m.[39m[33mEXIT[39m[33m=[39ma}[33m,[39m[35m2854[39m[33m:[39m(e[33m,[39mt[33m,[39mn)[33m=>[39m{[32m"use
[23mstrict"[39m[33m;[39me[33m.[39mexports[33m=[39mo[33m;[39m[36mvar[39m r[33m=[39mn([35m9294[39m)[33m,[39mi[33m=[39mr[33m.[39m[33mCONTINUE[39m[33m,[39ms[33m=[39mr[33m.[39m[33mSKIP[39m[33m,[39ma[33m=[39mr[33m.[39m[33mEXIT[39m[33m;[39m[36mfunction[39m
[23mo(e[33m,[39mt[33m,[39mn[33m,[39mi){[32m"function"[39m[33m==[39m[36mtypeof[39m t[33m&&[39m[32m"function"[39m[33m!=[39m[36mtypeof[39m
[23mn[33m&&[39m(i[33m=[39mn[33m,[39mn[33m=[39mt[33m,[39mt[33m=[39m[36mnull[39m)[33m,[39mr(e[33m,[39mt[33m,[39m[36mfunction[39m(e[33m,[39mt){[36mvar[39m
[23mr[33m=[39mt[t[33m.[39mlength[33m-[39m[35m1[39m][33m,[39mi[33m=[39mr[33m?[39mr[33m.[39mchildren[33m.[39mindexOf(e)[33m:[39m[36mnull[39m[33m;[39m[36mreturn[39m
[23mn(e[33m,[39mi[33m,[39mr)}[33m,[39mi)}o[33m.[39m[33mCONTINUE[39m[33m=[39mi[33m,[39mo[33m.[39m[33mSKIP[39m[33m=[39ms[33m,[39mo[33m.[39m[33mEXIT[39m[33m=[39ma}[33m,[39m[35m734[39m[33m:[39m(e[33m,[39mt[33m,[39mn)[33m=>[39m{[32m"use strict"[39m[33m;[39m[36mvar[39m
[23mr[33m=[39mn([35m5432[39m)[33m;[39m[36mfunction[39m i(){}e[33m.[39mexports[33m=[39ma[33m,[39mi[33m.[39mprototype[33m=[39m[33mError[39m[33m.[39mprototype[33m,[39ma[33m.[39mprototype[33m=[39m[36mnew[39m
[23mi[33m;[39m[36mvar[39m s[33m=[39ma[33m.[39mprototype[33m;[39m[36mfunction[39m a(e[33m,[39mt[33m,[39mn){[36mvar[39m i[33m,[39ms[33m,[39ma[33m,[39mo[33m,[39mu[33m,[39ml[33m;[39m[32m"string"[39m[33m==[39m[36mtypeof[39m
[23mt[33m&&[39m(n[33m=[39mt[33m,[39mt[33m=[39m[36mnull[39m)[33m,[39ml[33m=[39m[[36mnull[39m[33m,[39m[36mnull[39m][33m,[39m[32m"string"[39m[33m==[39m[36mtypeof[39m(o[33m=[39mn)[33m&&[39m([33m-[39m[35m1[39m[33m===[39m(u[33m=[39mo[33m.[39mindexOf([32m":"[39m))[33m?[39ml[
[23m[35m1[39m][33m=[39mo[33m:[39m(l[[35m0[39m][33m=[39mo[33m.[39mslice([35m0[39m[33m,[39mu)[33m,[39ml[[35m1[39m][33m=[39mo[33m.[39mslice(u[33m+[39m[35m1[39m)))[33m,[39mi[33m=[39ml[33m,[39ms[33m=[39mr(t)[33m||[39m[32m"1:1"[39m[33m,[39ma[33m=[39m{start[33m:[39m{line[33m:[39m[36mnul
[23ml[39m[33m,[39mcolumn[33m:[39m[36mnull[39m}[33m,[39mend[33m:[39m{line[33m:[39m[36mnull[39m[33m,[39mcolumn[33m:[39m[36mnull[39m}}[33m,[39mt[33m&&[39mt[33m.[39mposition[33m&&[39m(t[33m=[39mt[33m.[39mposition)[33m,[39mt[33m&&[39m(t[33m.
[23m[39mstart[33m?[39m(a[33m=[39mt[33m,[39mt[33m=[39mt[33m.[39mstart)[33m:[39ma[33m.[39mstart[33m=[39mt)[33m,[39me[33m.[39mstack[33m&&[39m([36mthis[39m[33m.[39mstack[33m=[39me[33m.[39mstack[33m,[39me[33m=[39me[33m.[39mmessage)[33m,[39m[36mthis[39m[33m.
[23m[39mmessage[33m=[39me[33m,[39m[36mthis[39m[33m.[39mname[33m=[39ms[33m,[39m[36mthis[39m[33m.[39mreason[33m=[39me[33m,[39m[36mthis[39m[33m.[39mline[33m=[39mt[33m?[39mt[33m.[39mline[33m:[39m[36mnull[39m[33m,[39m[36mthis[39m[33m.[39mcolumn[33m=[39mt[33m?[39mt[33m.[39mcolu
[23mmn[33m:[39m[36mnull[39m[33m,[39m[36mthis[39m[33m.[39mlocation[33m=[39ma[33m,[39m[36mthis[39m[33m.[39msource[33m=[39mi[[35m0[39m][33m,[39m[36mthis[39m[33m.[39mruleId[33m=[39mi[[35m1[39m]}s[33m.[39mfile[33m=[39m[32m""[39m[33m,[39ms[33m.[39mname[33m=[39m[32m""[39m[33m,[39ms[33m.
[23m[39mreason[33m=[39m[32m""[39m[33m,[39ms[33m.[39mmessage[33m=[39m[32m""[39m[33m,[39ms[33m.[39mstack[33m=[39m[32m""[39m[33m,[39ms[33m.[39mfatal[33m=[39m[36mnull[39m[33m,[39ms[33m.[39mcolumn[33m=[39m[36mnull[39m[33m,[39ms[33m.[39mline[33m=[39m[36mnull[39m}[33m,[39m[35m939[39m[33m:[39m(e
[23m[33m,[39mt[33m,[39mn)[33m=>[39m{[32m"use strict"[39m[33m;[39me[33m.[39mexports[33m=[39mn([35m5905[39m)}[33m,[39m[35m5442[39m[33m:[39m(e[33m,[39mt[33m,[39mn)[33m=>[39m{[32m"use strict"[39m[33m;[39m[36mvar[39m
[23mr[33m=[39mn([35m8064[39m)[33m,[39mi[33m=[39mn([35m4228[39m)[33m,[39ms[33m=[39mn([35m8738[39m)[33m;[39me[33m.[39mexports[33m=[39mu[33m;[39m[36mvar[39m a[33m=[39m{}[33m.[39mhasOwnProperty[33m,[39mo[33m=[39m[[32m"history"[39m[33m,[39m[32m"
[23mpath"[39m[33m,[39m[32m"basename"[39m[33m,[39m[32m"stem"[39m[33m,[39m[32m"extname"[39m[33m,[39m[32m"dirname"[39m][33m;[39m[36mfunction[39m u(e){[36mvar[39m
[23mt[33m,[39mn[33m;[39m[36mif[39m(e){[36mif[39m([32m"string"[39m[33m==[39m[36mtypeof[39m e[33m||[39ms(e))e[33m=[39m{contents[33m:[39me}[33m;[39m[36melse[39m [36mif[39m([32m"message"[39m[36min[39m
[23me[33m&&[39m[32m"messages"[39m[36min[39m e)[36mreturn[39m e}[36melse[39m e[33m=[39m{}[33m;[39m[36mif[39m([33m![39m([36mthis[39m [36minstanceof[39m u))[36mreturn[39m [36mnew[39m
[23mu(e)[33m;[39m[36mfor[39m([36mthis[39m[33m.[39mdata[33m=[39m{}[33m,[39m[36mthis[39m[33m.[39mmessages[33m=[39m[][33m,[39m[36mthis[39m[33m.[39mhistory[33m=[39m[][33m,[39m[36mthis[39m[33m.[39mcwd[33m=[39mi[33m.[39mcwd()[33m,[39mn[33m=[39m[33m-[39m[35m1[39m[33m;[39m[33m++[39mn
[23m[33m<[39m[33mo[39m[33m.[39mlength[33m;[39m)t[33m=[39mo[n][33m,[39ma[33m.[39mcall(e[33m,[39mt)[33m&&[39m([36mthis[39m[t][33m=[39me[t])[33m;[39m[36mfor[39m(t [36min[39m
[23me)o[33m.[39mindexOf(t)[33m<[39m[35m0[39m[33m&&[39m([36mthis[39m[t][33m=[39me[t])}[36mfunction[39m l(e[33m,[39mt){[36mif[39m(e[33m&&[39me[33m.[39mindexOf(r[33m.[39msep)[33m>[39m[33m-[39m[35m1[39m)[36mthrow[39m
[23m [36mnew[39m [33mError[39m([32m"`"[39m[33m+[39mt[33m+[39m[32m"` cannot be a path: did not expect `"[39m[33m+[39mr[33m.[39msep[33m+[39m[32m"`"[39m)}[36mfunction[39m
[23mc(e[33m,[39mt){[36mif[39m([33m![39me)[36mthrow[39m [36mnew[39m [33mError[39m([32m"`"[39m[33m+[39mt[33m+[39m[32m"` cannot be empty"[39m)}[36mfunction[39m
[23mp(e[33m,[39mt){[36mif[39m([33m![39me)[36mthrow[39m [36mnew[39m [33mError[39m([32m"Setting `"[39m[33m+[39mt[33m+[39m[32m"` requires `path` to be set
[23mtoo"[39m)}u[33m.[39mprototype[33m.[39mtoString[33m=[39m[36mfunction[39m(e){[36mreturn[39m([36mthis[39m[33m.[39mcontents[33m||[39m[32m""[39m)[33m.[39mtoString(e)}[33m,[39m[33mOb
[23mject[39m[33m.[39mdefineProperty(u[33m.[39mprototype[33m,[39m[32m"path"[39m[33m,[39m{[36mget[39m[33m:[39m[36mfunction[39m(){[36mreturn[39m
[23m[36mthis[39m[33m.[39mhistory[[36mthis[39m[33m.[39mhistory[33m.[39mlength[33m-[39m[35m1[39m]}[33m,[39m[36mset[39m[33m:[39m[36mfunction[39m(e){c(e[33m,[39m[32m"path"[39m)[33m,[39m[36mthis[39m[33m.[39mpath[33m!==[39me[33m&&
[23m[39m[36mthis[39m[33m.[39mhistory[33m.[39mpush(e)}})[33m,[39m[33mObject[39m[33m.[39mdefineProperty(u[33m.[39mprototype[33m,[39m[32m"dirname"[39m[33m,[39m{[36mget[39m[33m:[39m[36mfunctio
[23mn[39m(){[36mreturn[39m[32m"string"[39m[33m==[39m[36mtypeof[39m [36mthis[39m[33m.[39mpath[33m?[39mr[33m.[39mdirname([36mthis[39m[33m.[39mpath)[33m:[39m[36mvoid[39m [35m0[39m}[33m,[39m[36mset[39m[33m:[39m[36mfunction[39m(e
[23m){p([36mthis[39m[33m.[39mpath[33m,[39m[32m"dirname"[39m)[33m,[39m[36mthis[39m[33m.[39mpath[33m=[39mr[33m.[39mjoin(e[33m||[39m[32m""[39m[33m,[39m[36mthis[39m[33m.[39mbasename)}})[33m,[39m[33mObject[39m[33m.[39mdefineP
[23mroperty(u[33m.[39mprototype[33m,[39m[32m"basename"[39m[33m,[39m{[36mget[39m[33m:[39m[36mfunction[39m(){[36mreturn[39m[32m"string"[39m[33m==[39m[36mtypeof[39m
[23m[36mthis[39m[33m.[39mpath[33m?[39mr[33m.[39mbasename([36mthis[39m[33m.[39mpath)[33m:[39m[36mvoid[39m [35m0[39m}[33m,[39m[36mset[39m[33m:[39m[36mfunction[39m(e){c(e[33m,[39m[32m"basename"[39m)[33m,[39ml(e[33m,[39m[32m"bas
[23mename"[39m)[33m,[39m[36mthis[39m[33m.[39mpath[33m=[39mr[33m.[39mjoin([36mthis[39m[33m.[39mdirname[33m||[39m[32m""[39m[33m,[39me)}})[33m,[39m[33mObject[39m[33m.[39mdefineProperty(u[33m.[39mprototyp
[23me[33m,[39m[32m"extname"[39m[33m,[39m{[36mget[39m[33m:[39m[36mfunction[39m(){[36mreturn[39m[32m"string"[39m[33m==[39m[36mtypeof[39m
[23m[36mthis[39m[33m.[39mpath[33m?[39mr[33m.[39mextname([36mthis[39m[33m.[39mpath)[33m:[39m[36mvoid[39m [35m0[39m}[33m,[39m[36mset[39m[33m:[39m[36mfunction[39m(e){[36mif[39m(l(e[33m,[39m[32m"extname"[39m)[33m,[39mp([36mthis[39m[33m.
[23m[39mpath[33m,[39m[32m"extname"[39m)[33m,[39me){[36mif[39m([35m46[39m[33m!==[39me[33m.[39mcharCodeAt([35m0[39m))[36mthrow[39m [36mnew[39m [33mError[39m([32m"`extname` must start
[23m with `.`"[39m)[33m;[39m[36mif[39m(e[33m.[39mindexOf([32m"."[39m[33m,[39m[35m1[39m)[33m>[39m[33m-[39m[35m1[39m)[36mthrow[39m [36mnew[39m [33mError[39m([32m"`extname` cannot contain
[23mmultiple dots"[39m)}[36mthis[39m[33m.[39mpath[33m=[39mr[33m.[39mjoin([36mthis[39m[33m.[39mdirname[33m,[39m[36mthis[39m[33m.[39mstem[33m+[39m(e[33m||[39m[32m""[39m))}})[33m,[39m[33mObject[39m[33m.[39mdefin
[23meProperty(u[33m.[39mprototype[33m,[39m[32m"stem"[39m[33m,[39m{[36mget[39m[33m:[39m[36mfunction[39m(){[36mreturn[39m[32m"string"[39m[33m==[39m[36mtypeof[39m
[23m[36mthis[39m[33m.[39mpath[33m?[39mr[33m.[39mbasename([36mthis[39m[33m.[39mpath[33m,[39m[36mthis[39m[33m.[39mextname)[33m:[39m[36mvoid[39m
[23m[35m0[39m}[33m,[39m[36mset[39m[33m:[39m[36mfunction[39m(e){c(e[33m,[39m[32m"stem"[39m)[33m,[39ml(e[33m,[39m[32m"stem"[39m)[33m,[39m[36mthis[39m[33m.[39mpath[33m=[39mr[33m.[39mjoin([36mthis[39m[33m.[39mdirname[33m||[39m[32m""[39m[33m,[39me[33m+[39m(
[23m[36mthis[39m[33m.[39mextname[33m||[39m[32m""[39m))}})}[33m,[39m[35m5905[39m[33m:[39m(e[33m,[39mt[33m,[39mn)[33m=>[39m{[32m"use strict"[39m[33m;[39m[36mvar[39m
[23mr[33m=[39mn([35m734[39m)[33m,[39mi[33m=[39mn([35m5442[39m)[33m;[39me[33m.[39mexports[33m=[39mi[33m,[39mi[33m.[39mprototype[33m.[39mmessage[33m=[39m[36mfunction[39m(e[33m,[39mt[33m,[39mn){[36mvar[39m i[33m=[39m[36mnew[39m
[23mr(e[33m,[39mt[33m,[39mn)[33m;[39m[36mreturn[39m [36mthis[39m[33m.[39mpath[33m&&[39m(i[33m.[39mname[33m=[39m[36mthis[39m[33m.[39mpath[33m+[39m[32m":"[39m[33m+[39mi[33m.[39mname[33m,[39mi[33m.[39mfile[33m=[39m[36mthis[39m[33m.[39mpath)[33m,[39mi[33m.[39mfata
[23ml[33m=[39m[33m![39m[35m1[39m[33m,[39m[36mthis[39m[33m.[39mmessages[33m.[39mpush(i)[33m,[39mi}[33m,[39mi[33m.[39mprototype[33m.[39minfo[33m=[39m[36mfunction[39m(){[36mvar[39m
[23me[33m=[39m[36mthis[39m[33m.[39mmessage[33m.[39mapply([36mthis[39m[33m,[39marguments)[33m;[39m[36mreturn[39m
[23me[33m.[39mfatal[33m=[39m[36mnull[39m[33m,[39me}[33m,[39mi[33m.[39mprototype[33m.[39mfail[33m=[39m[36mfunction[39m(){[36mvar[39m
[23me[33m=[39m[36mthis[39m[33m.[39mmessage[33m.[39mapply([36mthis[39m[33m,[39marguments)[33m;[39m[36mthrow[39m e[33m.[39mfatal[33m=[39m[33m![39m[35m0[39m[33m,[39me}}[33m,[39m[35m8064[39m[33m:[39m(e[33m,[39mt)[33m=>[39m{[32m"use
[23mstrict"[39m[33m;[39m[36mfunction[39m n(e){[36mif[39m([32m"string"[39m[33m!=[39m[36mtypeof[39m e)[36mthrow[39m [36mnew[39m [33mTypeError[39m([32m"Path must be a
[23mstring. Received "[39m[33m+[39m[33mJSON[39m[33m.[39mstringify(e))}t[33m.[39mbasename[33m=[39m[36mfunction[39m(e[33m,[39mt){[36mvar[39m
[23mr[33m,[39mi[33m,[39ms[33m,[39ma[33m,[39mo[33m=[39m[35m0[39m[33m,[39mu[33m=[39m[33m-[39m[35m1[39m[33m;[39m[36mif[39m([36mvoid[39m [35m0[39m[33m!==[39mt[33m&&[39m[32m"string"[39m[33m!=[39m[36mtypeof[39m t)[36mthrow[39m [36mnew[39m [33mTypeError[39m([32m'"ext"
[23margument must be a string'[39m)[33m;[39m[36mif[39m(n(e)[33m,[39mr[33m=[39me[33m.[39mlength[33m,[39m[36mvoid[39m [35m0[39m[33m===[39mt[33m||[39m[33m![39mt[33m.[39mlength[33m||[39mt[33m.[39mlength[33m>[39me
[23m[33m.[39mlength){[36mfor[39m([33m;[39mr[33m--[39m[33m;[39m)[36mif[39m([35m47[39m[33m===[39me[33m.[39mcharCodeAt(r)){[36mif[39m(s){o[33m=[39mr[33m+[39m[35m1[39m[33m;[39m[36mbreak[39m}}[36melse[39m
[23mu[33m<[39m[35m0[39m[33m&&[39m(s[33m=[39m[33m![39m[35m0[39m[33m,[39mu[33m=[39mr[33m+[39m[35m1[39m)[33m;[39m[36mreturn[39m u[33m<[39m[35m0[39m[33m?[39m[32m""[39m[33m:[39me[33m.[39mslice(o[33m,[39mu)}[36mif[39m(t[33m===[39me)[36mreturn[39m[32m""[39m[33m;[39m[36mfor[39m(i[33m=[39m[33m-[39m[35m1[39m[33m,[39ma[33m=[39mt[33m.[39mleng
[23mth[33m-[39m[35m1[39m[33m;[39mr[33m--[39m[33m;[39m)[36mif[39m([35m47[39m[33m===[39me[33m.[39mcharCodeAt(r)){[36mif[39m(s){o[33m=[39mr[33m+[39m[35m1[39m[33m;[39m[36mbreak[39m}}[36melse[39m i[33m<[39m[35m0[39m[33m&&[39m(s[33m=[39m[33m![39m[35m0[39m[33m,[39mi[33m=[39mr[33m+[39m[35m1[39m)[33m,[39ma[33m>[39m[33m-
[23m[39m[35m1[39m[33m&&[39m(e[33m.[39mcharCodeAt(r)[33m===[39mt[33m.[39mcharCodeAt(a[33m--[39m)[33m?[39ma[33m<[39m[35m0[39m[33m&&[39m(u[33m=[39mr)[33m:[39m(a[33m=[39m[33m-[39m[35m1[39m[33m,[39mu[33m=[39mi))[33m;[39m[36mreturn[39m
[23mo[33m===[39mu[33m?[39mu[33m=[39mi[33m:[39mu[33m<[39m[35m0[39m[33m&&[39m(u[33m=[39me[33m.[39mlength)[33m,[39me[33m.[39mslice(o[33m,[39mu)}[33m,[39mt[33m.[39mdirname[33m=[39m[36mfunction[39m(e){[36mvar[39m
[23mt[33m,[39mr[33m,[39mi[33m;[39m[36mif[39m(n(e)[33m,[39m[33m![39me[33m.[39mlength)[36mreturn[39m[32m"."[39m[33m;[39m[36mfor[39m(t[33m=[39m[33m-[39m[35m1[39m[33m,[39mi[33m=[39me[33m.[39mlength[33m;[39m[33m--[39mi[33m;[39m)[36mif[39m([35m47[39m[33m===[39me[33m.[39mcharCodeAt(
[23mi)){[36mif[39m(r){t[33m=[39mi[33m;[39m[36mbreak[39m}}[36melse[39m r[33m||[39m(r[33m=[39m[33m![39m[35m0[39m)[33m;[39m[36mreturn[39m t[33m<[39m[35m0[39m[33m?[39m[35m47[39m[33m===[39me[33m.[39mcharCodeAt([35m0[39m)[33m?[39m[32m"/"[39m[33m:[39m[32m"."[39m[33m:[39m[35m1[39m[33m===
[23m[39mt[33m&&[39m[35m47[39m[33m===[39me[33m.[39mcharCodeAt([35m0[39m)[33m?[39m[32m"//"[39m[33m:[39me[33m.[39mslice([35m0[39m[33m,[39mt)}[33m,[39mt[33m.[39mextname[33m=[39m[36mfunction[39m(e){[36mvar[39m
[23mt[33m,[39mr[33m,[39mi[33m,[39ms[33m=[39m[33m-[39m[35m1[39m[33m,[39ma[33m=[39m[35m0[39m[33m,[39mo[33m=[39m[33m-[39m[35m1[39m[33m,[39mu[33m=[39m[35m0[39m[33m;[39m[36mfor[39m(n(e)[33m,[39mi[33m=[39me[33m.[39mlength[33m;[39mi[33m--[39m[33m;[39m)[36mif[39m([35m47[39m[33m!==[39m(r[33m=[39me[33m.[39mcharCodeAt(i)))o[33m<[39m[35m0
[23m[39m[33m&&[39m(t[33m=[39m[33m![39m[35m0[39m[33m,[39mo[33m=[39mi[33m+[39m[35m1[39m)[33m,[39m[35m46[39m[33m===[39mr[33m?[39ms[33m<[39m[35m0[39m[33m?[39ms[33m=[39mi[33m:[39m[35m1[39m[33m!==[39mu[33m&&[39m(u[33m=[39m[35m1[39m)[33m:[39ms[33m>[39m[33m-[39m[35m1[39m[33m&&[39m(u[33m=[39m[33m-[39m[35m1[39m)[33m;[39m[36melse[39m
[23m[36mif[39m(t){a[33m=[39mi[33m+[39m[35m1[39m[33m;[39m[36mbreak[39m}[36mreturn[39m s[33m<[39m[35m0[39m[33m||[39mo[33m<[39m[35m0[39m[33m||[39m[35m0[39m[33m===[39mu[33m||[39m[35m1[39m[33m===[39mu[33m&&[39ms[33m===[39mo[33m-[39m[35m1[39m[33m&&[39ms[33m===[39ma[33m+[39m[35m1[39m[33m?[39m[32m""[39m[33m:[39me[33m.[39mslice(s[33m,[39mo
[23m)}[33m,[39mt[33m.[39mjoin[33m=[39m[36mfunction[39m(){[36mfor[39m([36mvar[39m
[23me[33m,[39mt[33m=[39m[33m-[39m[35m1[39m[33m;[39m[33m++[39mt[33m<[39m[33marguments[39m[33m.[39mlength[33m;[39m)n(arguments[t])[33m,[39marguments[t][33m&&[39m(e[33m=[39m[36mvoid[39m
[23m[35m0[39m[33m===[39me[33m?[39marguments[t][33m:[39me[33m+[39m[32m"/"[39m[33m+[39marguments[t])[33m;[39m[36mreturn[39m [36mvoid[39m
[23m[35m0[39m[33m===[39me[33m?[39m[32m"."[39m[33m:[39m(n(r[33m=[39me)[33m,[39mi[33m=[39m[35m47[39m[33m===[39mr[33m.[39mcharCodeAt([35m0[39m)[33m,[39m(s[33m=[39m[36mfunction[39m(e[33m,[39mt){[36mfor[39m([36mvar[39m
[23mn[33m,[39mr[33m,[39mi[33m=[39m[32m""[39m[33m,[39ms[33m=[39m[35m0[39m[33m,[39ma[33m=[39m[33m-[39m[35m1[39m[33m,[39mo[33m=[39m[35m0[39m[33m,[39mu[33m=[39m[33m-[39m[35m1[39m[33m;[39m[33m++[39mu[33m<=[39me[33m.[39mlength[33m;[39m){[36mif[39m(u[33m<[39m[33me[39m[33m.[39mlength)n[33m=[39me[33m.[39mcharCodeAt(u)[33m;[39m[36melse[39m{
[23m[36mif[39m([35m47[39m[33m===[39mn)[36mbreak[39m[33m;[39mn[33m=[39m[35m47[39m}[36mif[39m([35m47[39m[33m===[39mn){[36mif[39m(a[33m===[39mu[33m-[39m[35m1[39m[33m||[39m[35m1[39m[33m===[39mo)[33m;[39m[36melse[39m [36mif[39m(a[33m!==[39mu[33m-[39m[35m1[39m[33m&&[39m[35m2[39m[33m===[39mo){[36mif[39m(i[33m.
[23m[39mlength[33m<[39m[35m2[39m[33m||[39m[35m2[39m[33m!==[39ms[33m||[39m[35m46[39m[33m!==[39mi[33m.[39mcharCodeAt(i[33m.[39mlength[33m-[39m[35m1[39m)[33m||[39m[35m46[39m[33m!==[39mi[33m.[39mcharCodeAt(i[33m.[39mlength[33m-[39m[35m2[39m))[36mif
[23m[39m(i[33m.[39mlength[33m>[39m[35m2[39m){[36mif[39m((r[33m=[39mi[33m.[39mlastIndexOf([32m"/"[39m))[33m!==[39mi[33m.[39mlength[33m-[39m[35m1[39m){r[33m<[39m[35m0[39m[33m?[39m(i[33m=[39m[32m""[39m[33m,[39ms[33m=[39m[35m0[39m)[33m:[39ms[33m=[39m(i[33m=[39mi[33m.[39mslice
[23m([35m0[39m[33m,[39mr))[33m.[39mlength[33m-[39m[35m1[39m[33m-[39mi[33m.[39mlastIndexOf([32m"/"[39m)[33m,[39ma[33m=[39mu[33m,[39mo[33m=[39m[35m0[39m[33m;[39m[36mcontinue[39m}}[36melse[39m
[23m[36mif[39m(i[33m.[39mlength){i[33m=[39m[32m""[39m[33m,[39ms[33m=[39m[35m0[39m[33m,[39ma[33m=[39mu[33m,[39mo[33m=[39m[35m0[39m[33m;[39m[36mcontinue[39m}t[33m&&[39m(i[33m=[39mi[33m.[39mlength[33m?[39mi[33m+[39m[32m"/.."[39m[33m:[39m[32m".."[39m[33m,[39ms[33m=[39m[35m2[39m)}[36melse[39m
[23mi[33m.[39mlength[33m?[39mi[33m+=[39m[32m"/"[39m[33m+[39me[33m.[39mslice(a[33m+[39m[35m1[39m[33m,[39mu)[33m:[39mi[33m=[39me[33m.[39mslice(a[33m+[39m[35m1[39m[33m,[39mu)[33m,[39ms[33m=[39mu[33m-[39ma[33m-[39m[35m1[39m[33m;[39ma[33m=[39mu[33m,[39mo[33m=[39m[35m0[39m}[36melse[39m
[23m[35m46[39m[33m===[39mn[33m&&[39mo[33m>[39m[33m-[39m[35m1[39m[33m?[39mo[33m++[39m[33m:[39mo[33m=[39m[33m-[39m[35m1[39m}[36mreturn[39m i}(r[33m,[39m[33m![39mi))[33m.[39mlength[33m||[39mi[33m||[39m(s[33m=[39m[32m"."[39m)[33m,[39ms[33m.[39mlength[33m&&[39m[35m47[39m[33m===[39mr[33m.[39mcharC
[23modeAt(r[33m.[39mlength[33m-[39m[35m1[39m)[33m&&[39m(s[33m+=[39m[32m"/"[39m)[33m,[39mi[33m?[39m[32m"/"[39m[33m+[39ms[33m:[39ms)[33m;[39m[36mvar[39m r[33m,[39mi[33m,[39ms}[33m,[39mt[33m.[39msep[33m=[39m[32m"/"[39m}[33m,[39m[35m4228[39m[33m:[39m(e[33m,[39mt)[33m=>[39m{[32m"use
[23mstrict"[39m[33m;[39mt[33m.[39mcwd[33m=[39m[36mfunction[39m(){[36mreturn[39m[32m"/"[39m}}[33m,[39m[35m7529[39m[33m:[39me[33m=>[39m{e[33m.[39mexports[33m=[39m[36mfunction[39m(){[36mfor[39m([36mvar[39m
[23me[33m=[39m{}[33m,[39mn[33m=[39m[35m0[39m[33m;[39mn[33m<[39m[33marguments[39m[33m.[39mlength[33m;[39mn[33m++[39m){[36mvar[39m r[33m=[39marguments[n][33m;[39m[36mfor[39m([36mvar[39m i [36min[39m
[23mr)t[33m.[39mcall(r[33m,[39mi)[33m&&[39m(e[i][33m=[39mr[i])}[36mreturn[39m e}[33m;[39m[36mvar[39m
[23mt[33m=[39m[33mObject[39m[33m.[39mprototype[33m.[39mhasOwnProperty}[33m,[39m[35m8019[39m[33m:[39me[33m=>[39m{[32m"use
[23mstrict"[39m[33m;[39me[33m.[39mexports[33m=[39m[36mfunction[39m(e[33m,[39mr){[36mvar[39m i[33m=[39mr[33m||[39m{}[33m;[39m[36mfunction[39m s(r){[36mvar[39m
[23mi[33m=[39ms[33m.[39minvalid[33m,[39ma[33m=[39ms[33m.[39mhandlers[33m;[39m[36mreturn[39m r[33m&&[39mn[33m.[39mcall(r[33m,[39me)[33m&&[39m(i[33m=[39mn[33m.[39mcall(a[33m,[39mr[e])[33m?[39ma[r[e]][33m:[39ms[33m.[39munkn
[23mown)[33m,[39m(i[33m||[39mt)[33m.[39mapply([36mthis[39m[33m,[39marguments)}[36mreturn[39m
[23ms[33m.[39mhandlers[33m=[39mi[33m.[39mhandlers[33m||[39m{}[33m,[39ms[33m.[39minvalid[33m=[39mi[33m.[39minvalid[33m,[39ms[33m.[39munknown[33m=[39mi[33m.[39munknown[33m,[39ms}[33m;[39m[36mvar[39m
[23mt[33m=[39m[33mFunction[39m[33m.[39mprototype[33m,[39mn[33m=[39m{}[33m.[39mhasOwnProperty}}[33m,[39mt[33m=[39m{}[33m;[39m[36mfunction[39m r(n){[36mvar[39m i[33m=[39mt[n][33m;[39m[36mif[39m([36mvoid[39m
[23m [35m0[39m[33m!==[39mi)[36mreturn[39m i[33m.[39mexports[33m;[39m[36mvar[39m s[33m=[39mt[n][33m=[39m{exports[33m:[39m{}}[33m;[39m[36mreturn[39m
[23me[n][33m.[39mcall(s[33m.[39mexports[33m,[39ms[33m,[39ms[33m.[39mexports[33m,[39mr)[33m,[39ms[33m.[39mexports}r[33m.[39md[33m=[39m(e[33m,[39mt)[33m=>[39m{[36mfor[39m([36mvar[39m n [36min[39m
[23mt)r[33m.[39mo(t[33m,[39mn)[33m&&[39m[33m![39mr[33m.[39mo(e[33m,[39mn)[33m&&[39m[33mObject[39m[33m.[39mdefineProperty(e[33m,[39mn[33m,[39m{enumerable[33m:[39m[33m![39m[35m0[39m[33m,[39m[36mget[39m[33m:[39mt[n]})}[33m,[39mr[33m.[39mo[33m=
[23m[39m(e[33m,[39mt)[33m=>[39m[33mObject[39m[33m.[39mprototype[33m.[39mhasOwnProperty[33m.[39mcall(e[33m,[39mt)[33m,[39mr[33m.[39mr[33m=[39me[33m=>[39m{[32m"undefined"[39m[33m!=[39m[36mtypeof[39m
[23m[33mSymbol[39m[33m&&[39m[33mSymbol[39m[33m.[39mtoStringTag[33m&&[39m[33mObject[39m[33m.[39mdefineProperty(e[33m,[39m[33mSymbol[39m[33m.[39mtoStringTag[33m,[39m{value[33m:[39m[32m"M
[23module"[39m})[33m,[39m[33mObject[39m[33m.[39mdefineProperty(e[33m,[39m[32m"__esModule"[39m[33m,[39m{value[33m:[39m[33m![39m[35m0[39m})}[33m;[39m[36mvar[39m i[33m=[39m{}[33m;[39m(()[33m=>[39m{[32m"use
[23mstrict"[39m[33m;[39mr[33m.[39mr(i)[33m,[39mr[33m.[39md(i[33m,[39m{compile[33m:[39m()[33m=>[39m_e[33m,[39mcompileSync[33m:[39m()[33m=>[39m[33mTe[39m[33m,[39mcreateProcessor[33m:[39m()[33m=>[39mke[33m,[39me
[23mvaluate[33m:[39m()[33m=>[39m[33mOe[39m[33m,[39mevaluateSync[33m:[39m()[33m=>[39m[33mNe[39m[33m,[39mnodeTypes[33m:[39m()[33m=>[39mwe})[33m;[39m[36mvar[39m
[23me[33m=[39mr([35m8835[39m)[33m,[39mt[33m=[39mr([35m2861[39m)[33m,[39mn[33m=[39mr([35m8818[39m)[33m;[39m[36mclass[39m s [36mextends[39m
[23m[36mclass[39m{constructor(){[36mthis[39m[33m.[39mshould_skip[33m=[39m[33m![39m[35m1[39m[33m,[39m[36mthis[39m[33m.[39mshould_remove[33m=[39m[33m![39m[35m1[39m[33m,[39m[36mthis[39m[33m.[39mreplacement[33m=[39m[36mn
[23mull[39m[33m,[39m[36mthis[39m[33m.[39mcontext[33m=[39m{skip[33m:[39m()[33m=>[39m[36mthis[39m[33m.[39mshould_skip[33m=[39m[33m![39m[35m0[39m[33m,[39mremove[33m:[39m()[33m=>[39m[36mthis[39m[33m.[39mshould_remove[33m=[39m[33m![39m[35m0[39m[33m,
[23m[39mreplace[33m:[39me[33m=>[39m[36mthis[39m[33m.[39mreplacement[33m=[39me}}replace(e[33m,[39mt[33m,[39mn[33m,[39mr){e[33m&&[39m([36mnull[39m[33m!==[39mn[33m?[39me[t][n][33m=[39mr[33m:[39me[t][33m=[39mr)}r
[23memove(e[33m,[39mt[33m,[39mn){e[33m&&[39m([36mnull[39m[33m!==[39mn[33m?[39me[t][33m.[39msplice(n[33m,[39m[35m1[39m)[33m:[39m[36mdelete[39m e[t])}}{constructor(e[33m,[39mt){[36msuper
[23m[39m()[33m,[39m[36mthis[39m[33m.[39menter[33m=[39me[33m,[39m[36mthis[39m[33m.[39mleave[33m=[39mt}visit(e[33m,[39mt[33m,[39mn[33m,[39mr){[36mif[39m(e){[36mif[39m([36mthis[39m[33m.[39menter){[36mconst[39m
[23mi[33m=[39m[36mthis[39m[33m.[39mshould_skip[33m,[39ms[33m=[39m[36mthis[39m[33m.[39mshould_remove[33m,[39ma[33m=[39m[36mthis[39m[33m.[39mreplacement[33m;[39m[36mthis[39m[33m.[39mshould_skip[33m=[39m[33m![39m[35m1[39m[33m,[39m[36mt
[23mhis[39m[33m.[39mshould_remove[33m=[39m[33m![39m[35m1[39m[33m,[39m[36mthis[39m[33m.[39mreplacement[33m=[39m[36mnull[39m[33m,[39m[36mthis[39m[33m.[39menter[33m.[39mcall([36mthis[39m[33m.[39mcontext[33m,[39me[33m,[39mt[33m,[39mn[33m,[39mr)
[23m[33m,[39m[36mthis[39m[33m.[39mreplacement[33m&&[39m(e[33m=[39m[36mthis[39m[33m.[39mreplacement[33m,[39m[36mthis[39m[33m.[39mreplace(t[33m,[39mn[33m,[39mr[33m,[39me))[33m,[39m[36mthis[39m[33m.[39mshould_remove
[23m[33m&&[39m[36mthis[39m[33m.[39mremove(t[33m,[39mn[33m,[39mr)[33m;[39m[36mconst[39m o[33m=[39m[36mthis[39m[33m.[39mshould_skip[33m,[39mu[33m=[39m[36mthis[39m[33m.[39mshould_remove[33m;[39m[36mif[39m([36mthis[39m[33m.[39mshoul
[23md_skip[33m=[39mi[33m,[39m[36mthis[39m[33m.[39mshould_remove[33m=[39ms[33m,[39m[36mthis[39m[33m.[39mreplacement[33m=[39ma[33m,[39mo)[36mreturn[39m e[33m;[39m[36mif[39m(u)[36mreturn[39m
[23m[36mnull[39m}[36mfor[39m([36mconst[39m t [36min[39m e){[36mconst[39m n[33m=[39me[t][33m;[39m[36mif[39m([32m"object"[39m[33m==[39m[36mtypeof[39m
[23mn)[36mif[39m([33mArray[39m[33m.[39misArray(n))[36mfor[39m([36mlet[39m r[33m=[39m[35m0[39m[33m;[39mr[33m<[39m[33mn[39m[33m.[39mlength[33m;[39mr[33m+=[39m[35m1[39m)[36mnull[39m[33m!==[39mn[r][33m&&[39m[32m"string"[39m[33m==[39m[36mtypeof[39m
[23mn[r][33m.[39mtype[33m&&[39m([36mthis[39m[33m.[39mvisit(n[r][33m,[39me[33m,[39mt[33m,[39mr)[33m||[39mr[33m--[39m)[33m;[39m[36melse[39m [36mnull[39m[33m!==[39mn[33m&&[39m[32m"string"[39m[33m==[39m[36mtypeof[39m
[23mn[33m.[39mtype[33m&&[39m[36mthis[39m[33m.[39mvisit(n[33m,[39me[33m,[39mt[33m,[39m[36mnull[39m)}[36mif[39m([36mthis[39m[33m.[39mleave){[36mconst[39m
[23mi[33m=[39m[36mthis[39m[33m.[39mreplacement[33m,[39ms[33m=[39m[36mthis[39m[33m.[39mshould_remove[33m;[39m[36mthis[39m[33m.[39mreplacement[33m=[39m[36mnull[39m[33m,[39m[36mthis[39m[33m.[39mshould_remove
[23m[33m=[39m[33m![39m[35m1[39m[33m,[39m[36mthis[39m[33m.[39mleave[33m.[39mcall([36mthis[39m[33m.[39mcontext[33m,[39me[33m,[39mt[33m,[39mn[33m,[39mr)[33m,[39m[36mthis[39m[33m.[39mreplacement[33m&&[39m(e[33m=[39m[36mthis[39m[33m.[39mreplacement[33m,
[23m[39m[36mthis[39m[33m.[39mreplace(t[33m,[39mn[33m,[39mr[33m,[39me))[33m,[39m[36mthis[39m[33m.[39mshould_remove[33m&&[39m[36mthis[39m[33m.[39mremove(t[33m,[39mn[33m,[39mr)[33m;[39m[36mconst[39m
[23ma[33m=[39m[36mthis[39m[33m.[39mshould_remove[33m;[39m[36mif[39m([36mthis[39m[33m.[39mreplacement[33m=[39mi[33m,[39m[36mthis[39m[33m.[39mshould_remove[33m=[39ms[33m,[39ma)[36mreturn[39m
[23m[36mnull[39m}}[36mreturn[39m e}}[36mfunction[39m a(e[33m,[39m{enter[33m:[39mt[33m,[39mleave[33m:[39mn}){[36mreturn[39m [36mnew[39m
[23ms(t[33m,[39mn)[33m.[39mvisit(e[33m,[39m[36mnull[39m)}[36mvar[39m
[23mo[33m=[39m[35m/[$A-Z_a-z\u00AA\u00B5\u00BA\u00C0-\u00D6\u00D8-\u00F6\u00F8-\u02C1\u02C6-\u02
[23mD1\u02E0-\u02E4\u02EC\u02EE\u0370-\u0374\u0376\u0377\u037A-\u037D\u037F\u0386\u0
[23m388-\u038A\u038C\u038E-\u03A1\u03A3-\u03F5\u03F7-\u0481\u048A-\u052F\u0531-\u055
[23m6\u0559\u0560-\u0588\u05D0-\u05EA\u05EF-\u05F2\u0620-\u064A\u066E\u066F\u0671-\u
[23m06D3\u06D5\u06E5\u06E6\u06EE\u06EF\u06FA-\u06FC\u06FF\u0710\u0712-\u072F\u074D-\
[23mu07A5\u07B1\u07CA-\u07EA\u07F4\u07F5\u07FA\u0800-\u0815\u081A\u0824\u0828\u0840-
[23m\u0858\u0860-\u086A\u08A0-\u08B4\u08B6-\u08C7\u0904-\u0939\u093D\u0950\u0958-\u0
[23m961\u0971-\u0980\u0985-\u098C\u098F\u0990\u0993-\u09A8\u09AA-\u09B0\u09B2\u09B6-
[23m\u09B9\u09BD\u09CE\u09DC\u09DD\u09DF-\u09E1\u09F0\u09F1\u09FC\u0A05-\u0A0A\u0A0F
[23m\u0A10\u0A13-\u0A28\u0A2A-\u0A30\u0A32\u0A33\u0A35\u0A36\u0A38\u0A39\u0A59-\u0A5
[23mC\u0A5E\u0A72-\u0A74\u0A85-\u0A8D\u0A8F-\u0A91\u0A93-\u0AA8\u0AAA-\u0AB0\u0AB2\u
[23m0AB3\u0AB5-\u0AB9\u0ABD\u0AD0\u0AE0\u0AE1\u0AF9\u0B05-\u0B0C\u0B0F\u0B10\u0B13-\
[23mu0B28\u0B2A-\u0B30\u0B32\u0B33\u0B35-\u0B39\u0B3D\u0B5C\u0B5D\u0B5F-\u0B61\u0B71
[23m\u0B83\u0B85-\u0B8A\u0B8E-\u0B90\u0B92-\u0B95\u0B99\u0B9A\u0B9C\u0B9E\u0B9F\u0BA
[23m3\u0BA4\u0BA8-\u0BAA\u0BAE-\u0BB9\u0BD0\u0C05-\u0C0C\u0C0E-\u0C10\u0C12-\u0C28\u
[23m0C2A-\u0C39\u0C3D\u0C58-\u0C5A\u0C60\u0C61\u0C80\u0C85-\u0C8C\u0C8E-\u0C90\u0C92
[23m-\u0CA8\u0CAA-\u0CB3\u0CB5-\u0CB9\u0CBD\u0CDE\u0CE0\u0CE1\u0CF1\u0CF2\u0D04-\u0D
[23m0C\u0D0E-\u0D10\u0D12-\u0D3A\u0D3D\u0D4E\u0D54-\u0D56\u0D5F-\u0D61\u0D7A-\u0D7F\
[23mu0D85-\u0D96\u0D9A-\u0DB1\u0DB3-\u0DBB\u0DBD\u0DC0-\u0DC6\u0E01-\u0E30\u0E32\u0E
[23m33\u0E40-\u0E46\u0E81\u0E82\u0E84\u0E86-\u0E8A\u0E8C-\u0EA3\u0EA5\u0EA7-\u0EB0\u
[23m0EB2\u0EB3\u0EBD\u0EC0-\u0EC4\u0EC6\u0EDC-\u0EDF\u0F00\u0F40-\u0F47\u0F49-\u0F6C
[23m\u0F88-\u0F8C\u1000-\u102A\u103F\u1050-\u1055\u105A-\u105D\u1061\u1065\u1066\u10
[23m6E-\u1070\u1075-\u1081\u108E\u10A0-\u10C5\u10C7\u10CD\u10D0-\u10FA\u10FC-\u1248\
[23mu124A-\u124D\u1250-\u1256\u1258\u125A-\u125D\u1260-\u1288\u128A-\u128D\u1290-\u1
[23m2B0\u12B2-\u12B5\u12B8-\u12BE\u12C0\u12C2-\u12C5\u12C8-\u12D6\u12D8-\u1310\u1312
[23m-\u1315\u1318-\u135A\u1380-\u138F\u13A0-\u13F5\u13F8-\u13FD\u1401-\u166C\u166F-\
[23mu167F\u1681-\u169A\u16A0-\u16EA\u16EE-\u16F8\u1700-\u170C\u170E-\u1711\u1720-\u1
[23m731\u1740-\u1751\u1760-\u176C\u176E-\u1770\u1780-\u17B3\u17D7\u17DC\u1820-\u1878
[23m\u1880-\u18A8\u18AA\u18B0-\u18F5\u1900-\u191E\u1950-\u196D\u1970-\u1974\u1980-\u
[23m19AB\u19B0-\u19C9\u1A00-\u1A16\u1A20-\u1A54\u1AA7\u1B05-\u1B33\u1B45-\u1B4B\u1B8
[23m3-\u1BA0\u1BAE\u1BAF\u1BBA-\u1BE5\u1C00-\u1C23\u1C4D-\u1C4F\u1C5A-\u1C7D\u1C80-\
[23mu1C88\u1C90-\u1CBA\u1CBD-\u1CBF\u1CE9-\u1CEC\u1CEE-\u1CF3\u1CF5\u1CF6\u1CFA\u1D0
[23m0-\u1DBF\u1E00-\u1F15\u1F18-\u1F1D\u1F20-\u1F45\u1F48-\u1F4D\u1F50-\u1F57\u1F59\
[23mu1F5B\u1F5D\u1F5F-\u1F7D\u1F80-\u1FB4\u1FB6-\u1FBC\u1FBE\u1FC2-\u1FC4\u1FC6-\u1F
[23mCC\u1FD0-\u1FD3\u1FD6-\u1FDB\u1FE0-\u1FEC\u1FF2-\u1FF4\u1FF6-\u1FFC\u2071\u207F\
[23mu2090-\u209C\u2102\u2107\u210A-\u2113\u2115\u2118-\u211D\u2124\u2126\u2128\u212A
[23m-\u2139\u213C-\u213F\u2145-\u2149\u214E\u2160-\u2188\u2C00-\u2C2E\u2C30-\u2C5E\u
[23m2C60-\u2CE4\u2CEB-\u2CEE\u2CF2\u2CF3\u2D00-\u2D25\u2D27\u2D2D\u2D30-\u2D67\u2D6F
[23m\u2D80-\u2D96\u2DA0-\u2DA6\u2DA8-\u2DAE\u2DB0-\u2DB6\u2DB8-\u2DBE\u2DC0-\u2DC6\u
[23m2DC8-\u2DCE\u2DD0-\u2DD6\u2DD8-\u2DDE\u3005-\u3007\u3021-\u3029\u3031-\u3035\u30
[23m38-\u303C\u3041-\u3096\u309B-\u309F\u30A1-\u30FA\u30FC-\u30FF\u3105-\u312F\u3131
[23m-\u318E\u31A0-\u31BF\u31F0-\u31FF\u3400-\u4DBF\u4E00-\u9FFC\uA000-\uA48C\uA4D0-\
[23muA4FD\uA500-\uA60C\uA610-\uA61F\uA62A\uA62B\uA640-\uA66E\uA67F-\uA69D\uA6A0-\uA6
[23mEF\uA717-\uA71F\uA722-\uA788\uA78B-\uA7BF\uA7C2-\uA7CA\uA7F5-\uA801\uA803-\uA805
[23m\uA807-\uA80A\uA80C-\uA822\uA840-\uA873\uA882-\uA8B3\uA8F2-\uA8F7\uA8FB\uA8FD\uA
[23m8FE\uA90A-\uA925\uA930-\uA946\uA960-\uA97C\uA984-\uA9B2\uA9CF\uA9E0-\uA9E4\uA9E6
[23m-\uA9EF\uA9FA-\uA9FE\uAA00-\uAA28\uAA40-\uAA42\uAA44-\uAA4B\uAA60-\uAA76\uAA7A\u
[23mAA7E-\uAAAF\uAAB1\uAAB5\uAAB6\uAAB9-\uAABD\uAAC0\uAAC2\uAADB-\uAADD\uAAE0-\uAAEA
[23m\uAAF2-\uAAF4\uAB01-\uAB06\uAB09-\uAB0E\uAB11-\uAB16\uAB20-\uAB26\uAB28-\uAB2E\u
[23mAB30-\uAB5A\uAB5C-\uAB69\uAB70-\uABE2\uAC00-\uD7A3\uD7B0-\uD7C6\uD7CB-\uD7FB\uF9
[23m00-\uFA6D\uFA70-\uFAD9\uFB00-\uFB06\uFB13-\uFB17\uFB1D\uFB1F-\uFB28\uFB2A-\uFB36
[23m\uFB38-\uFB3C\uFB3E\uFB40\uFB41\uFB43\uFB44\uFB46-\uFBB1\uFBD3-\uFD3D\uFD50-\uFD
[23m8F\uFD92-\uFDC7\uFDF0-\uFDFB\uFE70-\uFE74\uFE76-\uFEFC\uFF21-\uFF3A\uFF41-\uFF5A
[23m\uFF66-\uFFBE\uFFC2-\uFFC7\uFFCA-\uFFCF\uFFD2-\uFFD7\uFFDA-\uFFDC]/[39m[33m,[39mu[33m=[39m[35m/[\d\u00B7
[23m\u0300-\u036F\u0387\u0483-\u0487\u0591-\u05BD\u05BF\u05C1\u05C2\u05C4\u05C5\u05C
[23m7\u0610-\u061A\u064B-\u0669\u0670\u06D6-\u06DC\u06DF-\u06E4\u06E7\u06E8\u06EA-\u
[23m06ED\u06F0-\u06F9\u0711\u0730-\u074A\u07A6-\u07B0\u07C0-\u07C9\u07EB-\u07F3\u07F
[23mD\u0816-\u0819\u081B-\u0823\u0825-\u0827\u0829-\u082D\u0859-\u085B\u08D3-\u08E1\
[23mu08E3-\u0903\u093A-\u093C\u093E-\u094F\u0951-\u0957\u0962\u0963\u0966-\u096F\u09
[23m81-\u0983\u09BC\u09BE-\u09C4\u09C7\u09C8\u09CB-\u09CD\u09D7\u09E2\u09E3\u09E6-\u
[23m09EF\u09FE\u0A01-\u0A03\u0A3C\u0A3E-\u0A42\u0A47\u0A48\u0A4B-\u0A4D\u0A51\u0A66-
[23m\u0A71\u0A75\u0A81-\u0A83\u0ABC\u0ABE-\u0AC5\u0AC7-\u0AC9\u0ACB-\u0ACD\u0AE2\u0A
[23mE3\u0AE6-\u0AEF\u0AFA-\u0AFF\u0B01-\u0B03\u0B3C\u0B3E-\u0B44\u0B47\u0B48\u0B4B-\
[23mu0B4D\u0B55-\u0B57\u0B62\u0B63\u0B66-\u0B6F\u0B82\u0BBE-\u0BC2\u0BC6-\u0BC8\u0BC
[23mA-\u0BCD\u0BD7\u0BE6-\u0BEF\u0C00-\u0C04\u0C3E-\u0C44\u0C46-\u0C48\u0C4A-\u0C4D\
[23mu0C55\u0C56\u0C62\u0C63\u0C66-\u0C6F\u0C81-\u0C83\u0CBC\u0CBE-\u0CC4\u0CC6-\u0CC
[23m8\u0CCA-\u0CCD\u0CD5\u0CD6\u0CE2\u0CE3\u0CE6-\u0CEF\u0D00-\u0D03\u0D3B\u0D3C\u0D
[23m3E-\u0D44\u0D46-\u0D48\u0D4A-\u0D4D\u0D57\u0D62\u0D63\u0D66-\u0D6F\u0D81-\u0D83\
[23mu0DCA\u0DCF-\u0DD4\u0DD6\u0DD8-\u0DDF\u0DE6-\u0DEF\u0DF2\u0DF3\u0E31\u0E34-\u0E3
[23mA\u0E47-\u0E4E\u0E50-\u0E59\u0EB1\u0EB4-\u0EBC\u0EC8-\u0ECD\u0ED0-\u0ED9\u0F18\u
[23m0F19\u0F20-\u0F29\u0F35\u0F37\u0F39\u0F3E\u0F3F\u0F71-\u0F84\u0F86\u0F87\u0F8D-\
[23mu0F97\u0F99-\u0FBC\u0FC6\u102B-\u103E\u1040-\u1049\u1056-\u1059\u105E-\u1060\u10
[23m62-\u1064\u1067-\u106D\u1071-\u1074\u1082-\u108D\u108F-\u109D\u135D-\u135F\u1369
[23m-\u1371\u1712-\u1714\u1732-\u1734\u1752\u1753\u1772\u1773\u17B4-\u17D3\u17DD\u17
[23mE0-\u17E9\u180B-\u180D\u1810-\u1819\u18A9\u1920-\u192B\u1930-\u193B\u1946-\u194F
[23m\u19D0-\u19DA\u1A17-\u1A1B\u1A55-\u1A5E\u1A60-\u1A7C\u1A7F-\u1A89\u1A90-\u1A99\u
[23m1AB0-\u1ABD\u1ABF\u1AC0\u1B00-\u1B04\u1B34-\u1B44\u1B50-\u1B59\u1B6B-\u1B73\u1B8
[23m0-\u1B82\u1BA1-\u1BAD\u1BB0-\u1BB9\u1BE6-\u1BF3\u1C24-\u1C37\u1C40-\u1C49\u1C50-
[23m\u1C59\u1CD0-\u1CD2\u1CD4-\u1CE8\u1CED\u1CF4\u1CF7-\u1CF9\u1DC0-\u1DF9\u1DFB-\u1
[23mDFF\u200C\u200D\u203F\u2040\u2054\u20D0-\u20DC\u20E1\u20E5-\u20F0\u2CEF-\u2CF1\u
[23m2D7F\u2DE0-\u2DFF\u302A-\u302F\u3099\u309A\uA620-\uA629\uA66F\uA674-\uA67D\uA69E
[23m\uA69F\uA6F0\uA6F1\uA802\uA806\uA80B\uA823-\uA827\uA82C\uA880\uA881\uA8B4-\uA8C5
[23m\uA8D0-\uA8D9\uA8E0-\uA8F1\uA8FF-\uA909\uA926-\uA92D\uA947-\uA953\uA980-\uA983\u
[23mA9B3-\uA9C0\uA9D0-\uA9D9\uA9E5\uA9F0-\uA9F9\uAA29-\uAA36\uAA43\uAA4C\uAA4D\uAA50
[23m-\uAA59\uAA7B-\uAA7D\uAAB0\uAAB2-\uAAB4\uAAB7\uAAB8\uAABE\uAABF\uAAC1\uAAEB-\uAA
[23mEF\uAAF5\uAAF6\uABE3-\uABEA\uABEC\uABED\uABF0-\uABF9\uFB1E\uFE00-\uFE0F\uFE20-\u
[23mFE2F\uFE33\uFE34\uFE4D-\uFE4F\uFF10-\uFF19\uFF3F]/[39m[33m;[39m[36mfunction[39m l(e){[36mreturn[39m
[23mo[33m.[39mtest([33mString[39m[33m.[39mfromCharCode(e))}[36mfunction[39m c(e){[36mvar[39m t[33m=[39m[33mString[39m[33m.[39mfromCharCode(e)[33m;[39m[36mreturn[39m
[23m o[33m.[39mtest(t)[33m||[39mu[33m.[39mtest(t)}[36mfunction[39m p(e){[36mfor[39m([36mvar[39m
[23mt[33m=[39m[33m-[39m[35m1[39m[33m;[39m[33m++[39mt[33m<[39m[33me[39m[33m.[39mlength[33m;[39m)[36mif[39m([33m![39m(t[33m?[39mc[33m:[39ml)(e[33m.[39mcharCodeAt(t)))[36mreturn[39m[33m![39m[35m1[39m[33m;[39m[36mreturn[39m t[33m>[39m[35m0[39m}[36mvar[39m
[23mh[33m=[39m[35m/@(jsx|jsxFrag|jsxImportSource|jsxRuntime)\s+(\S+)/g[39m[33m;[39m[36mfunction[39m d(e){[36mvar[39m
[23mt[33m;[39m[36mreturn[39m e[33m.[39mvalue[33m?[39m[32m"JSXExpressionContainer"[39m[33m===[39me[33m.[39mvalue[33m.[39mtype[33m?[39mt[33m=[39me[33m.[39mvalue[33m.[39mexpression[33m:[39m[36mde
[23mlete[39m(t[33m=[39me[33m.[39mvalue)[33m.[39mraw[33m:[39mt[33m=[39m{type[33m:[39m[32m"Literal"[39m[33m,[39mvalue[33m:[39m[33m![39m[35m0[39m}[33m,[39mg(e[33m,[39m{type[33m:[39m[32m"Property"[39m[33m,[39mkey[33m:[39mf(e[33m.[39mnam
[23me)[33m,[39mvalue[33m:[39mt[33m,[39mkind[33m:[39m[32m"init"[39m[33m,[39mmethod[33m:[39m[33m![39m[35m1[39m[33m,[39mshorthand[33m:[39m[33m![39m[35m1[39m[33m,[39mcomputed[33m:[39m[33m![39m[35m1[39m})}[36mfunction[39m f(e){[36mvar[39m
[23mt[33m,[39mn[33m;[39m[36mreturn[39m[32m"JSXMemberExpression"[39m[33m===[39me[33m.[39mtype[33m?[39m(n[33m=[39mf(e[33m.[39mproperty)[33m,[39mt[33m=[39m{type[33m:[39m[32m"MemberExpress
[23mion"[39m[33m,[39mobject[33m:[39mf(e[33m.[39mobject)[33m,[39mproperty[33m:[39mn[33m,[39mcomputed[33m:[39m[32m"Literal"[39m[33m===[39mn[33m.[39mtype[33m,[39moptional[33m:[39m[33m![39m[35m1[39m})[33m:[39mt[33m=[39m[32m"
[23mJSXNamespacedName"[39m[33m===[39me[33m.[39mtype[33m?[39m{type[33m:[39m[32m"Literal"[39m[33m,[39mvalue[33m:[39me[33m.[39mnamespace[33m.[39mname[33m+[39m[32m":"[39m[33m+[39me[33m.[39mname[33m.[39mna
[23mme}[33m:[39mp(e[33m.[39mname)[33m?[39m{type[33m:[39m[32m"Identifier"[39m[33m,[39mname[33m:[39me[33m.[39mname}[33m:[39m{type[33m:[39m[32m"Literal"[39m[33m,[39mvalue[33m:[39me[33m.[39mname}[33m,[39mg(e[33m,
[23m[39mt)}[36mfunction[39m m(e){[36mfor[39m([36mvar[39m t[33m,[39mn[33m,[39mr[33m=[39me[33m.[39msplit([32m"."[39m)[33m,[39mi[33m=[39m[33m-[39m[35m1[39m[33m;[39m[33m++[39mi[33m<[39m[33mr[39m[33m.[39mlength[33m;[39m)n[33m=[39mp(r[i])[33m?[39m{type[33m:[39m[32m"
[23mIdentifier"[39m[33m,[39mname[33m:[39mr[i]}[33m:[39m{type[33m:[39m[32m"Literal"[39m[33m,[39mvalue[33m:[39mr[i]}[33m,[39mt[33m=[39mi[33m?[39m{type[33m:[39m[32m"MemberExpression"[39m[33m,
[23m[39mobject[33m:[39mt[33m,[39mproperty[33m:[39mn[33m,[39mcomputed[33m:[39mi[33m&&[39m[32m"Literal"[39m[33m===[39mn[33m.[39mtype[33m,[39moptional[33m:[39m[33m![39m[35m1[39m}[33m:[39mn[33m;[39m[36mreturn[39m
[23mt}[36mfunction[39m g(e[33m,[39mt){[36mfor[39m([36mvar[39m
[23mn[33m,[39mr[33m=[39m[[32m"start"[39m[33m,[39m[32m"end"[39m[33m,[39m[32m"loc"[39m[33m,[39m[32m"range"[39m[33m,[39m[32m"comments"[39m][33m,[39mi[33m=[39m[33m-[39m[35m1[39m[33m;[39m[33m++[39mi[33m<[39m[33mr[39m[33m.[39mlength[33m;[39m)(n[33m=[39mr[i])[36min[39m
[23me[33m&&[39m(t[n][33m=[39me[n])[33m;[39m[36mreturn[39m t}[36mvar[39m x[33m=[39mr([35m914[39m)[33m;[39m[36mfunction[39m y(e[33m,[39mt){[36mfor[39m([36mvar[39m
[23mn[33m,[39mr[33m=[39m[[32m"start"[39m[33m,[39m[32m"end"[39m[33m,[39m[32m"loc"[39m[33m,[39m[32m"range"[39m[33m,[39m[32m"comments"[39m][33m,[39mi[33m=[39m[33m-[39m[35m1[39m[33m;[39m[33m++[39mi[33m<[39m[33mr[39m[33m.[39mlength[33m;[39m)(n[33m=[39mr[i])[36min[39m
[23me[33m&&[39m(t[n][33m=[39me[n])[33m;[39m[36mreturn[39m t}[36mfunction[39m v(e){[36mreturn[39m
[23mx([32m"ObjectPattern"[39m[33m,[39m{properties[33m:[39me[33m.[39mmap(e[33m=>[39m{[36mvar[39m t[33m=[39m[32m"imported"[39m[36min[39m
[23me[33m?[39me[33m.[39mimported[33m:[39m[32m"exported"[39m[36min[39m e[33m?[39me[33m.[39mexported[33m:[39mx([32m"Identifier"[39m[33m,[39m{name[33m:[39m[32m"default"[39m})[33m,[39mn[33m=[39me[33m.[39mloca
[23ml[33m;[39m[36mreturn[39m[32m"ExportSpecifier"[39m[33m===[39me[33m.[39mtype[33m&&[39m(n[33m=[39mt[33m,[39mt[33m=[39me[33m.[39mlocal)[33m,[39my(e[33m,[39mx([32m"Property"[39m[33m,[39m{kind[33m:[39m[32m"init
[23m"[39m[33m,[39mshorthand[33m:[39mt[33m.[39mname[33m===[39mn[33m.[39mname[33m,[39mmethod[33m:[39m[33m![39m[35m1[39m[33m,[39mcomputed[33m:[39m[33m![39m[35m1[39m[33m,[39mkey[33m:[39mt[33m,[39mvalue[33m:[39mn}))})})}[36mfunction[39m
[23m[33mA[39m(e[33m=[39m{}){[36mvar[39m{outputFormat[33m:[39mt}[33m=[39me[33m;[39m[36mreturn[39m [36mfunction[39m(e){([36mfunction[39m(e[33m,[39mt[33m=[39m{}){[36mvar[39m
[23mn[33m=[39m[32m"automatic"[39m[33m===[39mt[33m.[39mruntime[33m,[39mr[33m=[39m{}[33m,[39mi[33m=[39m{}[33m;[39ma(e[33m,[39m{enter[33m:[39m[36mfunction[39m(e){[36mvar[39m
[23mt[33m,[39mi[33m,[39ms[33m;[39m[36mif[39m([32m"Program"[39m[33m===[39me[33m.[39mtype){[36mfor[39m(t[33m=[39me[33m.[39mcomments[33m||[39m[][33m,[39mi[33m=[39m[33m-[39m[35m1[39m[33m;[39m[33m++[39mi[33m<[39m[33mt[39m[33m.[39mlength[33m;[39m)[36mfor[39m(h[33m.[39mlastI
[23mndex[33m=[39m[35m0[39m[33m;[39ms[33m=[39mh[33m.[39mexec(t[i][33m.[39mvalue)[33m;[39m)r[s[[35m1[39m]][33m=[39ms[[35m2[39m][33m;[39m[36mif[39m(r[33m.[39mjsxRuntime)[36mif[39m([32m"automatic"[39m[33m===[39mr[33m.[39mjsx
[23mRuntime){[36mif[39m(n[33m=[39m[33m![39m[35m0[39m[33m,[39mr[33m.[39mjsx)[36mthrow[39m [36mnew[39m [33mError[39m([32m"Unexpected `@jsx` pragma w/ automatic
[23mruntime"[39m)[33m;[39m[36mif[39m(r[33m.[39mjsxFrag)[36mthrow[39m [36mnew[39m [33mError[39m([32m"Unexpected `@jsxFrag` pragma w/
[23mautomatic runtime"[39m)}[36melse[39m{[36mif[39m([32m"classic"[39m[33m!==[39mr[33m.[39mjsxRuntime)[36mthrow[39m [36mnew[39m [33mError[39m([32m"Unexpected
[23m `jsxRuntime` `"[39m[33m+[39mr[33m.[39mjsxRuntime[33m+[39m[32m"`, expected `automatic` or
[23m`classic`"[39m)[33m;[39m[36mif[39m(n[33m=[39m[33m![39m[35m1[39m[33m,[39mr[33m.[39mjsxImportSource)[36mthrow[39m [36mnew[39m [33mError[39m([32m"Unexpected
[23m`@jsxImportSource` w/ classic runtime"[39m)}}}[33m,[39mleave[33m:[39m[36mfunction[39m(e){[36mvar[39m
[23ms[33m,[39ma[33m,[39mo[33m,[39mu[33m,[39ml[33m,[39mc[33m,[39mp[33m,[39mh[33m,[39mx[33m,[39my[33m,[39mv[33m,[39m[33mA[39m[33m=[39m[][33m,[39mb[33m=[39m[][33m,[39m[33mE[39m[33m=[39m[][33m,[39m[33mC[39m[33m=[39m[][33m,[39m[33mF[39m[33m=[39m[33m-[39m[35m1[39m[33m;[39m[36mif[39m([32m"Program"[39m[33m===[39me[33m.[39mtype[33m&&[39m(x[33m=[39m[][33m,[39mi[33m.[39mfr
[23magment[33m&&[39mx[33m.[39mpush({type[33m:[39m[32m"ImportSpecifier"[39m[33m,[39mimported[33m:[39m{type[33m:[39m[32m"Identifier"[39m[33m,[39mname[33m:[39m[32m"Fragmen
[23mt"[39m}[33m,[39mlocal[33m:[39m{type[33m:[39m[32m"Identifier"[39m[33m,[39mname[33m:[39m[32m"_Fragment"[39m}})[33m,[39mi[33m.[39mjsx[33m&&[39mx[33m.[39mpush({type[33m:[39m[32m"ImportSpec
[23mifier"[39m[33m,[39mimported[33m:[39m{type[33m:[39m[32m"Identifier"[39m[33m,[39mname[33m:[39m[32m"jsx"[39m}[33m,[39mlocal[33m:[39m{type[33m:[39m[32m"Identifier"[39m[33m,[39mname[33m:[39m[32m"_j
[23msx"[39m}})[33m,[39mi[33m.[39mjsxs[33m&&[39mx[33m.[39mpush({type[33m:[39m[32m"ImportSpecifier"[39m[33m,[39mimported[33m:[39m{type[33m:[39m[32m"Identifier"[39m[33m,[39mname[33m:[39m[32m"
[23mjsxs"[39m}[33m,[39mlocal[33m:[39m{type[33m:[39m[32m"Identifier"[39m[33m,[39mname[33m:[39m[32m"_jsxs"[39m}})[33m,[39mx[33m.[39mlength[33m>[39m[35m0[39m[33m&&[39me[33m.[39mbody[33m.[39munshift({type
[23m[33m:[39m[32m"ImportDeclaration"[39m[33m,[39mspecifiers[33m:[39mx[33m,[39msource[33m:[39m{type[33m:[39m[32m"Literal"[39m[33m,[39mvalue[33m:[39m(r[33m.[39mjsxImportSourc
[23me[33m||[39mt[33m.[39mimportSource[33m||[39m[32m"react"[39m)[33m+[39m[32m"/jsx-runtime"[39m}}))[33m,[39m[32m"JSXElement"[39m[33m===[39me[33m.[39mtype[33m||[39m[32m"JSXFragme
[23mnt"[39m[33m===[39me[33m.[39mtype){[36mfor[39m([33m;[39m[33m++[39m[33mF[39m[33m<[39m[33me[39m[33m.[39mchildren[33m.[39mlength[33m;[39m)[32m"JSXExpressionContainer"[39m[33m===[39m(s[33m=[39me[33m.[39mchildr
[23men[[33mF[39m])[33m.[39mtype[33m?[39m[32m"JSXEmptyExpression"[39m[33m!==[39ms[33m.[39mexpression[33m.[39mtype[33m&&[39mb[33m.[39mpush(s[33m.[39mexpression)[33m:[39m[32m"JSXT
[23mext"[39m[33m===[39ms[33m.[39mtype[33m?[39m(v[33m=[39ms[33m.[39mvalue[33m.[39mreplace([35m/\t/g[39m[33m,[39m[32m" "[39m)[33m.[39mreplace([35m/ *(\r?\n|\r)
[23m*/g[39m[33m,[39m[32m"\n"[39m)[33m.[39mreplace([35m/\n+/g[39m[33m,[39m[32m"\n"[39m)[33m.[39mreplace([35m/\n+$/[39m[33m,[39m[32m""[39m)[33m.[39mreplace([35m/\n/g[39m[33m,[39m[32m"
[23m"[39m))[33m&&[39mb[33m.[39mpush(g(s[33m,[39m{type[33m:[39m[32m"Literal"[39m[33m,[39mvalue[33m:[39mv}))[33m:[39mb[33m.[39mpush(s)[33m;[39m[36mif[39m([32m"JSXElement"[39m[33m===[39me[33m.[39mtype)[36mfo
[23mr[39m([32m"Identifier"[39m[33m===[39m(a[33m=[39mf(e[33m.[39mopeningElement[33m.[39mname))[33m.[39mtype[33m&&[39m[35m/^[a-z]/[39m[33m.[39mtest(a[33m.[39mname)[33m&&[39m(a[33m=[39mg(
[23ma[33m,[39m{type[33m:[39m[32m"Literal"[39m[33m,[39mvalue[33m:[39ma[33m.[39mname}))[33m,[39mu[33m=[39me[33m.[39mopeningElement[33m.[39mattributes[33m,[39m[33mF[39m[33m=[39m[33m-[39m[35m1[39m[33m;[39m[33m++[39m[33mF[39m[33m<[39m[33mu[39m[33m.[39mlengt
[23mh[33m;[39m)[36mif[39m([32m"JSXSpreadAttribute"[39m[33m===[39m(l[33m=[39mu[[33mF[39m])[33m.[39mtype)[33mC[39m[33m.[39mlength[33m>[39m[35m0[39m[33m&&[39m([33mE[39m[33m.[39mpush({type[33m:[39m[32m"ObjectExpr
[23mession"[39m[33m,[39mproperties[33m:[39m[33mC[39m})[33m,[39m[33mC[39m[33m=[39m[])[33m,[39m[33mE[39m[33m.[39mpush(l[33m.[39margument)[33m,[39mc[33m=[39m[33m![39m[35m0[39m[33m;[39m[36melse[39m
[23m[36mif[39m(y[33m=[39md(l)[33m,[39mn[33m&&[39m[32m"Identifier"[39m[33m===[39my[33m.[39mkey[33m.[39mtype[33m&&[39m[32m"key"[39m[33m===[39my[33m.[39mkey[33m.[39mname){[36mif[39m(c)[36mthrow[39m [36mnew[39m
[23m[33mError[39m([32m"Expected `key` to come before any spread expressions"[39m)[33m;[39mp[33m=[39my[33m.[39mvalue}[36melse[39m
[23m[33mC[39m[33m.[39mpush(y)[33m;[39m[36melse[39m n[33m?[39m(i[33m.[39mfragment[33m=[39m[33m![39m[35m0[39m[33m,[39ma[33m=[39m{type[33m:[39m[32m"Identifier"[39m[33m,[39mname[33m:[39m[32m"_Fragment"[39m})[33m:[39ma[33m=[39mm(r[33m.[39mjs
[23mxFrag[33m||[39mt[33m.[39mpragmaFrag[33m||[39m[32m"React.Fragment"[39m)[33m;[39mn[33m&&[39mb[33m.[39mlength[33m>[39m[35m0[39m[33m?[39m[33mC[39m[33m.[39mpush({type[33m:[39m[32m"Property"[39m[33m,[39mkey
[23m[33m:[39m{type[33m:[39m[32m"Identifier"[39m[33m,[39mname[33m:[39m[32m"children"[39m}[33m,[39mvalue[33m:[39mb[33m.[39mlength[33m>[39m[35m1[39m[33m?[39m{type[33m:[39m[32m"ArrayExpression"[39m[33m,[39mel
[23mements[33m:[39mb}[33m:[39mb[[35m0[39m][33m,[39mkind[33m:[39m[32m"init"[39m[33m,[39mmethod[33m:[39m[33m![39m[35m1[39m[33m,[39mshorthand[33m:[39m[33m![39m[35m1[39m[33m,[39mcomputed[33m:[39m[33m![39m[35m1[39m})[33m:[39m[33mA[39m[33m=[39mb[33m,[39m[33mC[39m[33m.[39mlength[33m>[39m[35m0[39m[33m&&
[23m[39m[33mE[39m[33m.[39mpush({type[33m:[39m[32m"ObjectExpression"[39m[33m,[39mproperties[33m:[39m[33mC[39m})[33m,[39m[33mE[39m[33m.[39mlength[33m>[39m[35m1[39m[33m?[39m([32m"ObjectExpression"[39m[33m!==
[23m[39m[33mE[39m[[35m0[39m][33m.[39mtype[33m&&[39m[33mE[39m[33m.[39munshift({type[33m:[39m[32m"ObjectExpression"[39m[33m,[39mproperties[33m:[39m[]})[33m,[39mo[33m=[39m{type[33m:[39m[32m"CallExpre
[23mssion"[39m[33m,[39mcallee[33m:[39mm([32m"Object.assign"[39m)[33m,[39marguments[33m:[39m[33mE[39m[33m,[39moptional[33m:[39m[33m![39m[35m1[39m})[33m:[39m[33mE[39m[33m.[39mlength[33m>[39m[35m0[39m[33m&&[39m(o[33m=[39m[33mE[39m[[35m0[39m])[33m,
[23m[39mn[33m?[39m(b[33m.[39mlength[33m>[39m[35m1[39m[33m?[39m(i[33m.[39mjsxs[33m=[39m[33m![39m[35m0[39m[33m,[39mh[33m=[39m{type[33m:[39m[32m"Identifier"[39m[33m,[39mname[33m:[39m[32m"_jsxs"[39m})[33m:[39m(i[33m.[39mjsx[33m=[39m[33m![39m[35m0[39m[33m,[39mh[33m=[39m{type[33m:[39m[32m"
[23mIdentifier"[39m[33m,[39mname[33m:[39m[32m"_jsx"[39m})[33m,[39m[33mA[39m[33m.[39mpush(o[33m||[39m{type[33m:[39m[32m"ObjectExpression"[39m[33m,[39mproperties[33m:[39m[]})[33m,[39mp[33m&&
[23m[39m[33mA[39m[33m.[39mpush(p))[33m:[39m((o[33m||[39m[33mA[39m[33m.[39mlength[33m>[39m[35m0[39m)[33m&&[39m[33mA[39m[33m.[39munshift(o[33m||[39m{type[33m:[39m[32m"Literal"[39m[33m,[39mvalue[33m:[39m[36mnull[39m})[33m,[39mh[33m=[39mm(r[33m.[39mjsx
[23m[33m||[39mt[33m.[39mpragma[33m||[39m[32m"React.createElement"[39m))[33m,[39m[33mA[39m[33m.[39munshift(a)[33m,[39m[36mthis[39m[33m.[39mreplace(g(e[33m,[39m{type[33m:[39m[32m"CallExp
[23mression"[39m[33m,[39mcallee[33m:[39mh[33m,[39marguments[33m:[39m[33mA[39m[33m,[39moptional[33m:[39m[33m![39m[35m1[39m}))}}})})(e)[33m,[39m[32m"function-body"[39m[33m===[39mt[33m&&[39me[33m.[39mbod
[23my[[35m0[39m][33m&&[39m[32m"ImportDeclaration"[39m[33m===[39me[33m.[39mbody[[35m0[39m][33m.[39mtype[33m&&[39m[32m"string"[39m[33m==[39m[36mtypeof[39m e[33m.[39mbody[[35m0[39m][33m.[39msource[33m.[39mva
[23mlue[33m&&[39m[35m/\/jsx-runtime$/[39m[33m.[39mtest(e[33m.[39mbody[[35m0[39m][33m.[39msource[33m.[39mvalue)[33m&&[39m(e[33m.[39mbody[[35m0[39m][33m=[39mx([32m"VariableDeclar
[23mation"[39m[33m,[39m{kind[33m:[39m[32m"const"[39m[33m,[39mdeclarations[33m:[39m[x([32m"VariableDeclarator"[39m[33m,[39m{id[33m:[39mv(e[33m.[39mbody[[35m0[39m][33m.[39mspecif
[23miers)[33m,[39minit[33m:[39mx([32m"MemberExpression"[39m[33m,[39m{object[33m:[39mx([32m"Identifier"[39m[33m,[39m{name[33m:[39m[32m"arguments"[39m})[33m,[39mprope
[23mrty[33m:[39mx([32m"Literal"[39m[33m,[39m{value[33m:[39m[35m0[39m})[33m,[39mcomputed[33m:[39m[33m![39m[35m0[39m[33m,[39moptional[33m:[39m[33m![39m[35m1[39m})})]}))}}[36mvar[39m
[23mb[33m=[39mr([35m5432[39m)[33m;[39m[36mfunction[39m [33mE[39m(e){[36mvar[39m
[23mt[33m=[39me[33m||[39m{}[33m,[39mn[33m=[39mt[33m.[39mloc[33m||[39m{}[33m,[39mr[33m=[39mt[33m.[39mrange[33m||[39m[][33m,[39mi[33m=[39mr[[35m0[39m][33m||[39mt[33m.[39mstart[33m;[39m[36mreturn[39m{start[33m:[39m{line[33m:[39mn[33m.[39mstart[33m&&[39mn[33m.
[23m[39mstart[33m.[39mline[33m>[39m[33m-[39m[35m1[39m[33m?[39mn[33m.[39mstart[33m.[39mline[33m:[39m[36mnull[39m[33m,[39mcolumn[33m:[39mn[33m.[39mstart[33m&&[39mn[33m.[39mstart[33m.[39mcolumn[33m>[39m[33m-[39m[35m1[39m[33m?[39mn[33m.[39mstart[33m.[39mcolumn
[23m[33m+[39m[35m1[39m[33m:[39m[36mnull[39m[33m,[39moffset[33m:[39mi[33m>[39m[33m-[39m[35m1[39m[33m?[39mi[33m:[39m[36mnull[39m}[33m,[39mend[33m:[39m{line[33m:[39mn[33m.[39mend[33m&&[39mn[33m.[39mend[33m.[39mline[33m>[39m[33m-[39m[35m1[39m[33m?[39mn[33m.[39mend[33m.[39mline[33m:[39m[36mnull[39m[33m,[39mcolum
[23mn[33m:[39mn[33m.[39mend[33m&&[39mn[33m.[39mend[33m.[39mcolumn[33m>[39m[33m-[39m[35m1[39m[33m?[39mn[33m.[39mend[33m.[39mcolumn[33m+[39m[35m1[39m[33m:[39m[36mnull[39m[33m,[39moffset[33m:[39mr[[35m1[39m][33m||[39mt[33m.[39mend[33m||[39m[36mnull[39m}}}[36mfunction[39m
[23m [33mC[39m(e[33m=[39m{}){[36mvar[39m{baseUrl[33m:[39mt[33m,[39museDynamicImport[33m:[39mn[33m,[39moutputFormat[33m:[39mr[33m=[39m[32m"program"[39m[33m,[39mpragma[33m:[39mi[33m=[39m[32m"Rea
[23mct.createElement"[39m[33m,[39mpragmaFrag[33m:[39ms[33m=[39m[32m"React.Fragment"[39m[33m,[39mpragmaImportSource[33m:[39ma[33m=[39m[32m"react"[39m[33m,[39mjsx
[23mImportSource[33m:[39mo[33m=[39m[32m"react"[39m[33m,[39mjsxRuntime[33m:[39mu[33m=[39m[32m"automatic"[39m}[33m=[39me[33m;[39m[36mreturn[39m [36mfunction[39m(e[33m,[39mc){[36mvar[39m
[23mp[33m,[39mh[33m,[39md[33m,[39mf[33m=[39m[][33m,[39mm[33m=[39m[][33m,[39mg[33m=[39m[][33m,[39m[33mA[39m[33m=[39m[35m0[39m[33m;[39m[36mif[39m(u[33m&&[39mg[33m.[39mpush([32m"@jsxRuntime
[23m"[39m[33m+[39mu)[33m,[39m[32m"automatic"[39m[33m===[39mu[33m&&[39mo[33m&&[39mg[33m.[39mpush([32m"@jsxImportSource
[23m"[39m[33m+[39mo)[33m,[39m[32m"classic"[39m[33m===[39mu[33m&&[39mi[33m&&[39mg[33m.[39mpush([32m"@jsx "[39m[33m+[39mi)[33m,[39m[32m"classic"[39m[33m===[39mu[33m&&[39ms[33m&&[39mg[33m.[39mpush([32m"@jsxFrag
[23m"[39m[33m+[39ms)[33m,[39mg[33m.[39mlength[33m>[39m[35m0[39m[33m&&[39me[33m.[39mcomments[33m.[39munshift(x([32m"Block"[39m[33m,[39mg[33m.[39mjoin([32m"
[23m"[39m)))[33m,[39m[32m"classic"[39m[33m===[39mu[33m&&[39ma){[36mif[39m([33m![39mi)[36mthrow[39m [36mnew[39m [33mError[39m([32m"Missing `pragma` in classic
[23mruntime with `pragmaImportSource`"[39m)[33m;[39m[33mF[39m(x([32m"ImportDeclaration"[39m[33m,[39m{specifiers[33m:[39m[x([32m"Impo
[23mrtDefaultSpecifier"[39m[33m,[39m{local[33m:[39mx([32m"Identifier"[39m[33m,[39m{name[33m:[39mi[33m.[39msplit([32m"."[39m)[[35m0[39m]})})][33m,[39msource[33m:[39mx([32m"L
[23miteral"[39m[33m,[39ma)}))}[36mfor[39m(d [36mof[39m
[23me[33m.[39mbody)[32m"ExportDefaultDeclaration"[39m[33m===[39md[33m.[39mtype[33m?[39m(p[33m&&[39mc[33m.[39mfail([32m"Cannot specify multiple
[23mlayouts (previous: "[39m[33m+[39mb([33mE[39m(p))[33m+[39m[32m")"[39m[33m,[39m[33mE[39m(d)[33m,[39m[32m"recma-document:duplicate-layout"[39m)[33m,[39mp[33m=[39md[33m,[39mm[33m.[39mp
[23mush(x([32m"VariableDeclaration"[39m[33m,[39m{kind[33m:[39m[32m"const"[39m[33m,[39mdeclarations[33m:[39m[x([32m"VariableDeclarator"[39m[33m,[39m{
[23mid[33m:[39mx([32m"Identifier"[39m[33m,[39m{name[33m:[39m[32m"MDXLayout"[39m})[33m,[39minit[33m:[39md[33m.[39mdeclaration})]})))[33m:[39m[32m"ExportNamedDecl
[23maration"[39m[33m===[39md[33m.[39mtype[33m&&[39md[33m.[39msource[33m?[39m(d[33m.[39mspecifiers[33m=[39md[33m.[39mspecifiers[33m.[39mfilter([36mfunction[39m(e){[36mreturn
[23m[39m[32m"default"[39m[33m!==[39me[33m.[39mexported[33m.[39mname[33m||[39m(p[33m&&[39mc[33m.[39mfail([32m"Cannot specify multiple layouts
[23m(previous: "[39m[33m+[39mb([33mE[39m(p))[33m+[39m[32m")"[39m[33m,[39m[33mE[39m(d)[33m,[39m[32m"recma-document:duplicate-layout"[39m)[33m,[39mp[33m=[39me[33m,[39m[33mF[39m(y(e[33m,[39mx([32m"Im
[23mportDeclaration"[39m[33m,[39m{specifiers[33m:[39m[[32m"default"[39m[33m===[39me[33m.[39mlocal[33m.[39mname[33m?[39mx([32m"ImportDefaultSpecifier
[23m"[39m[33m,[39m{local[33m:[39mx([32m"Identifier"[39m[33m,[39m{name[33m:[39m[32m"MDXLayout"[39m})})[33m:[39my(e[33m.[39mlocal[33m,[39mx([32m"ImportSpecifier"[39m[33m,[39m{imp
[23morted[33m:[39me[33m.[39mlocal[33m,[39mlocal[33m:[39mx([32m"Identifier"[39m[33m,[39m{name[33m:[39m[32m"MDXLayout"[39m})}))][33m,[39msource[33m:[39my(d[33m.[39msource[33m,[39mx([32m"
[23mLiteral"[39m[33m,[39m{value[33m:[39md[33m.[39msource[33m.[39mvalue}))})))[33m,[39m[33m![39m[35m1[39m)})[33m,[39md[33m.[39mspecifiers[33m.[39mlength[33m>[39m[35m0[39m[33m&&[39m[33mC[39m(d))[33m:[39m[32m"Export
[23mNamedDeclaration"[39m[33m===[39md[33m.[39mtype[33m||[39m[32m"ExportAllDeclaration"[39m[33m===[39md[33m.[39mtype[33m?[39m[33mC[39m(d)[33m:[39m[32m"ImportNamespac
[23meSpecifier"[39m[33m===[39md[33m.[39mtype[33m||[39m[32m"ImportDeclaration"[39m[33m===[39md[33m.[39mtype[33m?[39m[33mF[39m(d)[33m:[39m[32m"ExpressionStatement"[39m[33m!==
[23m[39md[33m.[39mtype[33m||[39m[32m"JSXFragment"[39m[33m!==[39md[33m.[39mexpression[33m.[39mtype[33m&&[39m[32m"JSXElement"[39m[33m!==[39md[33m.[39mexpression[33m.[39mtype[33m?[39mm[33m.[39mpu
[23msh(d)[33m:[39m(h[33m=[39m[33m![39m[35m0[39m[33m,[39mm[33m.[39mpush(l(d[33m.[39mexpression)))[33m;[39m[36mfunction[39m [33mC[39m(e){[36mvar[39m
[23mt[33m;[39m[36mif[39m(e[33m.[39mdeclaration)[36mif[39m([32m"FunctionDeclaration"[39m[33m===[39me[33m.[39mdeclaration[33m.[39mtype[33m||[39m[32m"ClassDeclarat
[23mion"[39m[33m===[39me[33m.[39mdeclaration[33m.[39mtype)f[33m.[39mpush(e[33m.[39mdeclaration[33m.[39mid[33m.[39mname)[33m;[39m[36melse[39m [36mfor[39m(t [36mof[39m
[23me[33m.[39mdeclaration[33m.[39mdeclarations)f[33m.[39mpush(t[33m.[39mid[33m.[39mname)[33m;[39m[36mif[39m(e[33m.[39mspecifiers)[36mfor[39m(t [36mof[39m
[23me[33m.[39mspecifiers)f[33m.[39mpush(t[33m.[39mexported[33m.[39mname)[33m;[39m[33mF[39m(e)}[36mfunction[39m [33mF[39m(e){[36mvar[39m
[23mi[33m,[39ms[33m,[39ma[33m,[39mo[33m;[39m[36mif[39m(t[33m&&[39me[33m.[39msource){i[33m=[39me[33m.[39msource[33m.[39mvalue[33m;[39m[36mtry[39m{i[33m=[39m[36mnew[39m
[23m[33mURL[39m(i)}[36mcatch[39m{[35m/^\.{0,2}\//[39m[33m.[39mtest(i)[33m&&[39m(i[33m=[39m[36mnew[39m [33mURL[39m(i[33m,[39mt))}e[33m.[39msource[33m=[39my(e[33m.[39msource[33m,[39mx([32m"Liter
[23mal"[39m[33m,[39m{value[33m:[39mi}))}[32m"function-body"[39m[33m===[39mr[33m?[39me[33m.[39msource[33m?[39m(n[33m||[39mc[33m.[39mfail([32m"Cannot use `import` or
[23m`export ΓÇª from` in `evaluate` (outputting a function body) by default: please
[23mset `useDynamicImport: true` (and probably specify a
[23m`baseUrl`)"[39m[33m,[39m[33mE[39m(e)[33m,[39m[32m"recma-document:invalid-esm-statement"[39m)[33m,[39ma[33m=[39mx([32m"AwaitExpression"[39m[33m,[39m{
[23margument[33m:[39my(e[33m,[39mx([32m"ImportExpression"[39m[33m,[39m{source[33m:[39me[33m.[39msource}))})[33m,[39ms[33m=[39me[33m.[39mspecifiers[33m&&[39m[35m0[39m[33m===[39me[33m.[39msp
[23mecifiers[33m.[39mlength[33m?[39ma[33m:[39mx([32m"VariableDeclaration"[39m[33m,[39m{kind[33m:[39m[32m"const"[39m[33m,[39mdeclarations[33m:[39m[x([32m"Variabl
[23meDeclarator"[39m[33m,[39m{id[33m:[39me[33m.[39mspecifiers[33m?[39mv(e[33m.[39mspecifiers)[33m:[39mx([32m"Identifier"[39m[33m,[39m{name[33m:[39m[32m"_exportAll"[39m[33m+[39m
[23m [33m++[39m[33mA[39m})[33m,[39minit[33m:[39ma})]}))[33m:[39me[33m.[39mdeclaration[33m?[39ms[33m=[39me[33m.[39mdeclaration[33m:[39m(o[33m=[39me[33m.[39mspecifiers[33m.[39mfilter(e[33m=>[39me[33m.[39mlo
[23mcal[33m.[39mname[33m!==[39me[33m.[39mexported[33m.[39mname)[33m.[39mmap(e[33m=>[39mx([32m"VariableDeclarator"[39m[33m,[39m{id[33m:[39me[33m.[39mexported[33m,[39minit[33m:[39me[33m.
[23m[39mlocal})))[33m.[39mlength[33m>[39m[35m0[39m[33m&&[39m(s[33m=[39mx([32m"VariableDeclaration"[39m[33m,[39m{kind[33m:[39m[32m"const"[39m[33m,[39mdeclarations[33m:[39mo}))[33m:[39ms
[23m[33m=[39me[33m,[39ms[33m&&[39mm[33m.[39mpush(s)}h[33m||[39mm[33m.[39mpush(l())[33m,[39mf[33m.[39mpush([[32m"MDXContent"[39m[33m,[39m[32m"default"[39m])[33m,[39m[32m"function-body"[39m[33m=
[23m==[39mr[33m?[39mm[33m.[39mpush(x([32m"ReturnStatement"[39m[33m,[39m{argument[33m:[39mx([32m"ObjectExpression"[39m[33m,[39m{properties[33m:[39m[][33m.[39mcon
[23mcat([33mArray[39m[33m.[39m[36mfrom[39m({length[33m:[39m[33mA[39m})[33m.[39mmap((e[33m,[39mt)[33m=>[39mx([32m"SpreadElement"[39m[33m,[39m{argument[33m:[39mx([32m"Identifier"
[23m[39m[33m,[39m{name[33m:[39m[32m"_exportAll"[39m[33m+[39m(t[33m+[39m[35m1[39m)})}))[33m,[39mf[33m.[39mmap(e[33m=>[39mx([32m"Property"[39m[33m,[39m{kind[33m:[39m[32m"init"[39m[33m,[39mshorthand[33m:[39m[32m"str
[23ming"[39m[33m==[39m[36mtypeof[39m e[33m,[39mkey[33m:[39mx([32m"Identifier"[39m[33m,[39m{name[33m:[39m[32m"string"[39m[33m==[39m[36mtypeof[39m
[23me[33m?[39me[33m:[39me[[35m1[39m]})[33m,[39mvalue[33m:[39mx([32m"Identifier"[39m[33m,[39m{name[33m:[39m[32m"string"[39m[33m==[39m[36mtypeof[39m
[23me[33m?[39me[33m:[39me[[35m0[39m]})})))})}))[33m:[39mm[33m.[39mpush(x([32m"ExportDefaultDeclaration"[39m[33m,[39m{declaration[33m:[39mx([32m"Identifi
[23mer"[39m[33m,[39m{name[33m:[39m[32m"MDXContent"[39m})}))[33m,[39me[33m.[39mbody[33m=[39mm}[33m;[39m[36mfunction[39m l(e){[36mreturn[39m x([32m"FunctionDeclaratio
[23mn"[39m[33m,[39m{id[33m:[39mx([32m"Identifier"[39m[33m,[39m{name[33m:[39m[32m"MDXContent"[39m})[33m,[39mparams[33m:[39m[x([32m"Identifier"[39m[33m,[39m{name[33m:[39m[32m"_props"
[23m[39m})][33m,[39mbody[33m:[39mx([32m"BlockStatement"[39m[33m,[39m{body[33m:[39m[x([32m"VariableDeclaration"[39m[33m,[39m{kind[33m:[39m[32m"const"[39m[33m,[39mdeclara
[23mtions[33m:[39m[x([32m"VariableDeclarator"[39m[33m,[39m{id[33m:[39mx([32m"Identifier"[39m[33m,[39m{name[33m:[39m[32m"_content"[39m})[33m,[39minit[33m:[39me[33m||[39mx([32m"L
[23miteral"[39m[33m,[39m{value[33m:[39m[36mnull[39m})})]})[33m,[39mx([32m"ReturnStatement"[39m[33m,[39m{argument[33m:[39mx([32m"ConditionalExpressio
[23mn"[39m[33m,[39m{test[33m:[39mx([32m"Identifier"[39m[33m,[39m{name[33m:[39m[32m"MDXLayout"[39m})[33m,[39mconsequent[33m:[39mx([32m"JSXElement"[39m[33m,[39m{openingEl
[23mement[33m:[39mx([32m"JSXOpeningElement"[39m[33m,[39m{name[33m:[39mx([32m"JSXIdentifier"[39m[33m,[39m{name[33m:[39m[32m"MDXLayout"[39m})[33m,[39mattribut
[23mes[33m:[39m[x([32m"JSXSpreadAttribute"[39m[33m,[39m{argument[33m:[39mx([32m"Identifier"[39m[33m,[39m{name[33m:[39m[32m"_props"[39m})})]})[33m,[39mclosin
[23mgElement[33m:[39mx([32m"JSXClosingElement"[39m[33m,[39m{name[33m:[39mx([32m"JSXIdentifier"[39m[33m,[39m{name[33m:[39m[32m"MDXLayout"[39m})})[33m,[39mchi
[23mldren[33m:[39m[x([32m"JSXExpressionContainer"[39m[33m,[39m{expression[33m:[39mx([32m"Identifier"[39m[33m,[39m{name[33m:[39m[32m"_content"[39m})}
[23m)]})[33m,[39malternate[33m:[39mx([32m"Identifier"[39m[33m,[39m{name[33m:[39m[32m"_content"[39m})})})]})})}}[36mclass[39m [33mF[39m [36mextends[39m
[23m[36mclass[39m{constructor(){[36mthis[39m[33m.[39mshould_skip[33m=[39m[33m![39m[35m1[39m[33m,[39m[36mthis[39m[33m.[39mshould_remove[33m=[39m[33m![39m[35m1[39m[33m,[39m[36mthis[39m[33m.[39mreplacement[33m=[39m[36mn
[23mull[39m[33m,[39m[36mthis[39m[33m.[39mcontext[33m=[39m{skip[33m:[39m()[33m=>[39m[36mthis[39m[33m.[39mshould_skip[33m=[39m[33m![39m[35m0[39m[33m,[39mremove[33m:[39m()[33m=>[39m[36mthis[39m[33m.[39mshould_remove[33m=[39m[33m![39m[35m0[39m[33m,
[23m[39mreplace[33m:[39me[33m=>[39m[36mthis[39m[33m.[39mreplacement[33m=[39me}}replace(e[33m,[39mt[33m,[39mn[33m,[39mr){e[33m&&[39m([36mnull[39m[33m!==[39mn[33m?[39me[t][n][33m=[39mr[33m:[39me[t][33m=[39mr)}r
[23memove(e[33m,[39mt[33m,[39mn){e[33m&&[39m([36mnull[39m[33m!==[39mn[33m?[39me[t][33m.[39msplice(n[33m,[39m[35m1[39m)[33m:[39m[36mdelete[39m e[t])}}{constructor(e[33m,[39mt){[36msuper
[23m[39m()[33m,[39m[36mthis[39m[33m.[39menter[33m=[39me[33m,[39m[36mthis[39m[33m.[39mleave[33m=[39mt}visit(e[33m,[39mt[33m,[39mn[33m,[39mr){[36mif[39m(e){[36mif[39m([36mthis[39m[33m.[39menter){[36mconst[39m
[23mi[33m=[39m[36mthis[39m[33m.[39mshould_skip[33m,[39ms[33m=[39m[36mthis[39m[33m.[39mshould_remove[33m,[39ma[33m=[39m[36mthis[39m[33m.[39mreplacement[33m;[39m[36mthis[39m[33m.[39mshould_skip[33m=[39m[33m![39m[35m1[39m[33m,[39m[36mt
[23mhis[39m[33m.[39mshould_remove[33m=[39m[33m![39m[35m1[39m[33m,[39m[36mthis[39m[33m.[39mreplacement[33m=[39m[36mnull[39m[33m,[39m[36mthis[39m[33m.[39menter[33m.[39mcall([36mthis[39m[33m.[39mcontext[33m,[39me[33m,[39mt[33m,[39mn[33m,[39mr)
[23m[33m,[39m[36mthis[39m[33m.[39mreplacement[33m&&[39m(e[33m=[39m[36mthis[39m[33m.[39mreplacement[33m,[39m[36mthis[39m[33m.[39mreplace(t[33m,[39mn[33m,[39mr[33m,[39me))[33m,[39m[36mthis[39m[33m.[39mshould_remove
[23m[33m&&[39m[36mthis[39m[33m.[39mremove(t[33m,[39mn[33m,[39mr)[33m;[39m[36mconst[39m o[33m=[39m[36mthis[39m[33m.[39mshould_skip[33m,[39mu[33m=[39m[36mthis[39m[33m.[39mshould_remove[33m;[39m[36mif[39m([36mthis[39m[33m.[39mshoul
[23md_skip[33m=[39mi[33m,[39m[36mthis[39m[33m.[39mshould_remove[33m=[39ms[33m,[39m[36mthis[39m[33m.[39mreplacement[33m=[39ma[33m,[39mo)[36mreturn[39m e[33m;[39m[36mif[39m(u)[36mreturn[39m
[23m[36mnull[39m}[36mfor[39m([36mconst[39m t [36min[39m e){[36mconst[39m n[33m=[39me[t][33m;[39m[36mif[39m([32m"object"[39m[33m==[39m[36mtypeof[39m
[23mn)[36mif[39m([33mArray[39m[33m.[39misArray(n))[36mfor[39m([36mlet[39m r[33m=[39m[35m0[39m[33m;[39mr[33m<[39m[33mn[39m[33m.[39mlength[33m;[39mr[33m+=[39m[35m1[39m)[36mnull[39m[33m!==[39mn[r][33m&&[39m[32m"string"[39m[33m==[39m[36mtypeof[39m
[23mn[r][33m.[39mtype[33m&&[39m([36mthis[39m[33m.[39mvisit(n[r][33m,[39me[33m,[39mt[33m,[39mr)[33m||[39mr[33m--[39m)[33m;[39m[36melse[39m [36mnull[39m[33m!==[39mn[33m&&[39m[32m"string"[39m[33m==[39m[36mtypeof[39m
[23mn[33m.[39mtype[33m&&[39m[36mthis[39m[33m.[39mvisit(n[33m,[39me[33m,[39mt[33m,[39m[36mnull[39m)}[36mif[39m([36mthis[39m[33m.[39mleave){[36mconst[39m
[23mi[33m=[39m[36mthis[39m[33m.[39mreplacement[33m,[39ms[33m=[39m[36mthis[39m[33m.[39mshould_remove[33m;[39m[36mthis[39m[33m.[39mreplacement[33m=[39m[36mnull[39m[33m,[39m[36mthis[39m[33m.[39mshould_remove
[23m[33m=[39m[33m![39m[35m1[39m[33m,[39m[36mthis[39m[33m.[39mleave[33m.[39mcall([36mthis[39m[33m.[39mcontext[33m,[39me[33m,[39mt[33m,[39mn[33m,[39mr)[33m,[39m[36mthis[39m[33m.[39mreplacement[33m&&[39m(e[33m=[39m[36mthis[39m[33m.[39mreplacement[33m,
[23m[39m[36mthis[39m[33m.[39mreplace(t[33m,[39mn[33m,[39mr[33m,[39me))[33m,[39m[36mthis[39m[33m.[39mshould_remove[33m&&[39m[36mthis[39m[33m.[39mremove(t[33m,[39mn[33m,[39mr)[33m;[39m[36mconst[39m
[23ma[33m=[39m[36mthis[39m[33m.[39mshould_remove[33m;[39m[36mif[39m([36mthis[39m[33m.[39mreplacement[33m=[39mi[33m,[39m[36mthis[39m[33m.[39mshould_remove[33m=[39ms[33m,[39ma)[36mreturn[39m
[23m[36mnull[39m}}[36mreturn[39m e}}[36mconst[39m w[33m=[39m[36mfunction[39m
[23me(t[33m,[39mn){[36mif[39m([32m"MemberExpression"[39m[33m===[39mt[33m.[39mtype)[36mreturn[39m[33m![39mt[33m.[39mcomputed[33m&&[39me(t[33m.[39mobject[33m,[39mt)[33m;[39m[36mif[39m([32m"Ident
[23mifier"[39m[33m===[39mt[33m.[39mtype){[36mif[39m([33m![39mn)[36mreturn[39m[33m![39m[35m0[39m[33m;[39m[36mswitch[39m(n[33m.[39mtype){[36mcase[39m[32m"MemberExpression"[39m[33m:[39m[36mreturn[39m
[23mn[33m.[39mcomputed[33m||[39mt[33m===[39mn[33m.[39mobject[33m;[39m[36mcase[39m[32m"MethodDefinition"[39m[33m:[39m[36mreturn[39m
[23mn[33m.[39mcomputed[33m;[39m[36mcase[39m[32m"FieldDefinition"[39m[33m:[39m[36mcase[39m[32m"Property"[39m[33m:[39m[36mreturn[39m
[23mn[33m.[39mcomputed[33m||[39mt[33m===[39mn[33m.[39mvalue[33m;[39m[36mcase[39m[32m"ExportSpecifier"[39m[33m:[39m[36mcase[39m[32m"ImportSpecifier"[39m[33m:[39m[36mreturn[39m
[23mt[33m===[39mn[33m.[39mlocal[33m;[39m[36mcase[39m[32m"LabeledStatement"[39m[33m:[39m[36mcase[39m[32m"BreakStatement"[39m[33m:[39m[36mcase[39m[32m"ContinueStatement"[39m[33m:
[23m[39m[36mreturn[39m[33m![39m[35m1[39m[33m;[39m[36mdefault[39m[33m:[39m[36mreturn[39m[33m![39m[35m0[39m}}[36mreturn[39m[33m![39m[35m1[39m}[33m;[39m[36mfunction[39m
[23mk(e[33m,[39mt){e[33m.[39mreferences[33m.[39madd(t)[33m,[39me[33m.[39mparent[33m&&[39mk(e[33m.[39mparent[33m,[39mt)}[36mclass[39m
[23m[33mD[39m{constructor(e[33m,[39mt){[36mthis[39m[33m.[39mparent[33m=[39me[33m,[39m[36mthis[39m[33m.[39mblock[33m=[39mt[33m,[39m[36mthis[39m[33m.[39mdeclarations[33m=[39m[36mnew[39m
[23m[33mMap[39m[33m,[39m[36mthis[39m[33m.[39minitialised_declarations[33m=[39m[36mnew[39m [33mSet[39m[33m,[39m[36mthis[39m[33m.[39mreferences[33m=[39m[36mnew[39m
[23m[33mSet[39m}add_declaration(e){[36mif[39m([32m"VariableDeclaration"[39m[33m===[39me[33m.[39mtype)[36mif[39m([32m"var"[39m[33m===[39me[33m.[39mkind[33m&&[39m[36mthis
[23m[39m[33m.[39mblock[33m&&[39m[36mthis[39m[33m.[39mparent)[36mthis[39m[33m.[39mparent[33m.[39madd_declaration(e)[33m;[39m[36melse[39m{[36mconst[39m
[23mt[33m=[39mt[33m=>[39m{[33mS[39m(t[33m.[39mid)[33m.[39mforEach(n[33m=>[39m{[36mthis[39m[33m.[39mdeclarations[33m.[39m[36mset[39m(n[33m,[39me)[33m,[39mt[33m.[39minit[33m&&[39m[36mthis[39m[33m.[39minitialised_de
[23mclarations[33m.[39madd(n)})}[33m;[39me[33m.[39mdeclarations[33m.[39mforEach(t)}[36melse[39m
[23me[33m.[39mid[33m&&[39m[36mthis[39m[33m.[39mdeclarations[33m.[39m[36mset[39m(e[33m.[39mid[33m.[39mname[33m,[39me)}find_owner(e){[36mreturn[39m [36mthis[39m[33m.[39mdeclarations[33m.
[23m[39mhas(e)[33m?[39m[36mthis[39m[33m:[39m[36mthis[39m[33m.[39mparent[33m&&[39m[36mthis[39m[33m.[39mparent[33m.[39mfind_owner(e)}has(e){[36mreturn[39m
[23m[36mthis[39m[33m.[39mdeclarations[33m.[39mhas(e)[33m||[39m[33m![39m[33m![39m[36mthis[39m[33m.[39mparent[33m&&[39m[36mthis[39m[33m.[39mparent[33m.[39mhas(e)}}[36mfunction[39m
[23m[33mS[39m(e){[36mreturn[39m [33mB[39m(e)[33m.[39mmap(e[33m=>[39me[33m.[39mname)}[36mfunction[39m [33mB[39m(e[33m,[39mt[33m=[39m[]){[36mswitch[39m(e[33m.[39mtype){[36mcase[39m[32m"Identifie
[23mr"[39m[33m:[39mt[33m.[39mpush(e)[33m;[39m[36mbreak[39m[33m;[39m[36mcase[39m[32m"MemberExpression"[39m[33m:[39m[36mlet[39m n[33m=[39me[33m;[39m[36mfor[39m([33m;[39m[32m"MemberExpression"[39m[33m===[39mn[33m.[39mty
[23mpe[33m;[39m)n[33m=[39mn[33m.[39mobject[33m;[39mt[33m.[39mpush(n)[33m;[39m[36mbreak[39m[33m;[39m[36mcase[39m[32m"ObjectPattern"[39m[33m:[39m[36mconst[39m
[23mr[33m=[39me[33m=>[39m{[32m"RestElement"[39m[33m===[39me[33m.[39mtype[33m?[39m[33mB[39m(e[33m.[39margument[33m,[39mt)[33m:[39m[33mB[39m(e[33m.[39mvalue[33m,[39mt)}[33m;[39me[33m.[39mproperties[33m.[39mforEach(
[23mr)[33m;[39m[36mbreak[39m[33m;[39m[36mcase[39m[32m"ArrayPattern"[39m[33m:[39m[36mconst[39m
[23mi[33m=[39me[33m=>[39m{e[33m&&[39m[33mB[39m(e[33m,[39mt)}[33m;[39me[33m.[39melements[33m.[39mforEach(i)[33m;[39m[36mbreak[39m[33m;[39m[36mcase[39m[32m"RestElement"[39m[33m:[39m[33mB[39m(e[33m.[39margument[33m,[39mt)[33m;[39m[36mb
[23mreak[39m[33m;[39m[36mcase[39m[32m"AssignmentPattern"[39m[33m:[39m[33mB[39m(e[33m.[39mleft[33m,[39mt)}[36mreturn[39m t}[36mfunction[39m
[23m_(e[33m=[39m{}){[36mvar[39m{providerImportSource[33m:[39mt[33m,[39moutputFormat[33m:[39mn}[33m=[39me[33m;[39m[36mreturn[39m [36mfunction[39m(e){[36mvar[39m
[23mr[33m,[39mi[33m,[39ms[33m,[39mo[33m,[39mu[33m,[39ml[33m=[39m[36mfunction[39m(e){[36mconst[39m t[33m=[39m[36mnew[39m [33mWeakMap[39m[33m,[39mn[33m=[39m[36mnew[39m [33mMap[39m[33m,[39mr[33m=[39m[36mnew[39m [33mD[39m([36mnull[39m[33m,[39m[33m![39m[35m1[39m)[33m,[39mi[33m=[39m[][33m;[39m[36mlet[39m
[23ms[33m=[39mr[33m;[39m[33m![39m[36mfunction[39m(e[33m,[39m{enter[33m:[39mt[33m,[39mleave[33m:[39mn}){[36mnew[39m [33mF[39m(t[33m,[39mn)[33m.[39mvisit(e[33m,[39m[36mnull[39m)}(e[33m,[39m{enter(e[33m,[39mn){[36mswitc
[23mh[39m(e[33m.[39mtype){[36mcase[39m[32m"Identifier"[39m[33m:[39mw(e[33m,[39mn)[33m&&[39mi[33m.[39mpush([s[33m,[39me])[33m;[39m[36mbreak[39m[33m;[39m[36mcase[39m[32m"ImportDeclaration"[39m[33m:[39me
[23m[33m.[39mspecifiers[33m.[39mforEach(e[33m=>[39m{s[33m.[39mdeclarations[33m.[39m[36mset[39m(e[33m.[39mlocal[33m.[39mname[33m,[39me)})[33m;[39m[36mbreak[39m[33m;[39m[36mcase[39m[32m"Function
[23mExpression"[39m[33m:[39m[36mcase[39m[32m"FunctionDeclaration"[39m[33m:[39m[36mcase[39m[32m"ArrowFunctionExpression"[39m[33m:[39m[32m"FunctionDec
[23mlaration"[39m[33m===[39me[33m.[39mtype[33m?[39m(e[33m.[39mid[33m&&[39ms[33m.[39mdeclarations[33m.[39m[36mset[39m(e[33m.[39mid[33m.[39mname[33m,[39me)[33m,[39mt[33m.[39m[36mset[39m(e[33m,[39ms[33m=[39m[36mnew[39m
[23m[33mD[39m(s[33m,[39m[33m![39m[35m1[39m)))[33m:[39m(t[33m.[39m[36mset[39m(e[33m,[39ms[33m=[39m[36mnew[39m [33mD[39m(s[33m,[39m[33m![39m[35m1[39m))[33m,[39m[32m"FunctionExpression"[39m[33m===[39me[33m.[39mtype[33m&&[39me[33m.[39mid[33m&&[39ms[33m.[39mdeclara
[23mtions[33m.[39m[36mset[39m(e[33m.[39mid[33m.[39mname[33m,[39me))[33m,[39me[33m.[39mparams[33m.[39mforEach(t[33m=>[39m{[33mS[39m(t)[33m.[39mforEach(t[33m=>[39m{s[33m.[39mdeclarations[33m.[39m[36mset
[23m[39m(t[33m,[39me)})})[33m;[39m[36mbreak[39m[33m;[39m[36mcase[39m[32m"ForStatement"[39m[33m:[39m[36mcase[39m[32m"ForInStatement"[39m[33m:[39m[36mcase[39m[32m"ForOfStatement"[39m[33m:[39m[36mcas
[23me[39m[32m"BlockStatement"[39m[33m:[39mt[33m.[39m[36mset[39m(e[33m,[39ms[33m=[39m[36mnew[39m [33mD[39m(s[33m,[39m[33m![39m[35m0[39m))[33m;[39m[36mbreak[39m[33m;[39m[36mcase[39m[32m"ClassDeclaration"[39m[33m:[39m[36mcase[39m[32m"Varia
[23mbleDeclaration"[39m[33m:[39ms[33m.[39madd_declaration(e)[33m;[39m[36mbreak[39m[33m;[39m[36mcase[39m[32m"CatchClause"[39m[33m:[39mt[33m.[39m[36mset[39m(e[33m,[39ms[33m=[39m[36mnew[39m
[23m[33mD[39m(s[33m,[39m[33m![39m[35m0[39m))[33m,[39me[33m.[39mparam[33m&&[39m[33mS[39m(e[33m.[39mparam)[33m.[39mforEach(t[33m=>[39m{s[33m.[39mdeclarations[33m.[39m[36mset[39m(t[33m,[39me[33m.[39mparam)})}}[33m,[39mleave
[23m(e){t[33m.[39mhas(e)[33m&&[39m(s[33m=[39ms[33m.[39mparent)}})[33m;[39m[36mfor[39m([36mlet[39m
[23me[33m=[39mi[33m.[39mlength[33m-[39m[35m1[39m[33m;[39me[33m>=[39m[35m0[39m[33m;[39m[33m--[39me){[36mconst[39m[t[33m,[39mr][33m=[39mi[e][33m;[39mt[33m.[39mreferences[33m.[39mhas(r[33m.[39mname)[33m||[39m(k(t[33m,[39mr[33m.[39mname)[33m,[39mt[33m.
[23m[39mfind_owner(r[33m.[39mname)[33m||[39mn[33m.[39m[36mset[39m(r[33m.[39mname[33m,[39mr))}[36mreturn[39m{map[33m:[39mt[33m,[39mscope[33m:[39mr[33m,[39mglobals[33m:[39mn}}(e)[33m.[39mscope[33m.[39md
[23meclarations[33m,[39mc[33m=[39m[][33m;[39ma(e[33m,[39m{enter[33m:[39m[36mfunction[39m(e){[36mvar[39m t[33m,[39mn[33m;[39m[36mif[39m([32m"FunctionDeclaration"[39m[33m!==[39me[33m.[39mtyp
[23me[33m&&[39m[32m"FunctionExpression"[39m[33m!==[39me[33m.[39mtype[33m&&[39m[32m"ArrowFunctionExpression"[39m[33m!==[39me[33m.[39mtype[33m||[39mc[33m.[39mpush({ob
[23mjects[33m:[39m[][33m,[39mcomponents[33m:[39m[][33m,[39mtags[33m:[39m[]})[33m,[39m[32m"JSXElement"[39m[33m===[39me[33m.[39mtype[33m&&[39mc[33m.[39mlength[33m>[39m[35m0[39m)[36mif[39m(n[33m=[39mc[[35m0[39m][33m,[39m[32m"JS
[23mXMemberExpression"[39m[33m===[39m(t[33m=[39me[33m.[39mopeningElement[33m.[39mname)[33m.[39mtype){[36mfor[39m([33m;[39m[32m"JSXMemberExpression"[39m[33m=
[23m==[39mt[33m.[39mtype[33m;[39m)t[33m=[39mt[33m.[39mobject[33m;[39mn[33m.[39mobjects[33m.[39mincludes(t[33m.[39mname)[33m||[39ml[33m.[39mhas(t[33m.[39mname)[33m||[39mn[33m.[39mobjects[33m.[39mpush(t
[23m[33m.[39mname)}[36melse[39m[32m"JSXNamespacedName"[39m[33m===[39mt[33m.[39mtype[33m||[39m(p(t[33m.[39mname)[33m&&[39m[33m![39m[35m/^[a-z]/[39m[33m.[39mtest(t[33m.[39mname)[33m?[39mn[33m.[39mco
[23mmponents[33m.[39mincludes(t[33m.[39mname)[33m||[39ml[33m.[39mhas(t[33m.[39mname)[33m||[39m([32m"MDXLayout"[39m[33m!==[39mt[33m.[39mname[33m&&[39m(r[33m=[39m[33m![39m[35m0[39m)[33m,[39mn[33m.[39mcompon
[23ments[33m.[39mpush(t[33m.[39mname))[33m:[39me[33m.[39mdata[33m&&[39me[33m.[39mdata[33m.[39m_xdmExplicitJsx[33m||[39m(n[33m.[39mtags[33m.[39mincludes(t[33m.[39mname)[33m||[39mn[33m.[39mt
[23mags[33m.[39mpush(t[33m.[39mname)[33m,[39me[33m.[39mopeningElement[33m.[39mname[33m=[39mx([32m"JSXMemberExpression"[39m[33m,[39m{object[33m:[39mx([32m"JSXIde
[23mntifier"[39m[33m,[39m{name[33m:[39m[32m"_components"[39m})[33m,[39mproperty[33m:[39mt})[33m,[39me[33m.[39mclosingElement[33m&&[39m(e[33m.[39mclosingElement[33m.
[23m[39mname[33m=[39mx([32m"JSXMemberExpression"[39m[33m,[39m{object[33m:[39mx([32m"JSXIdentifier"[39m[33m,[39m{name[33m:[39m[32m"_components"[39m})[33m,[39mpro
[23mperty[33m:[39mx([32m"JSXIdentifier"[39m[33m,[39m{name[33m:[39mt[33m.[39mname})}))))}[33m,[39mleave[33m:[39m[36mfunction[39m(e){[36mvar[39m
[23mn[33m,[39mr[33m,[39ms[33m=[39m[][33m,[39ma[33m=[39m[][33m,[39mo[33m=[39m[][33m,[39mu[33m=[39m[][33m;[39m[36mif[39m([32m"FunctionDeclaration"[39m[33m===[39me[33m.[39mtype[33m||[39m[32m"FunctionExpression"[39m[33m=
[23m==[39me[33m.[39mtype[33m||[39m[32m"ArrowFunctionExpression"[39m[33m===[39me[33m.[39mtype){[36mfor[39m(r
[23m[36mof[39m(n[33m=[39mc[33m.[39mpop())[33m.[39mtags)s[33m.[39mpush(x([32m"Property"[39m[33m,[39m{kind[33m:[39m[32m"init"[39m[33m,[39mkey[33m:[39mx([32m"Identifier"[39m[33m,[39m{name[33m:[39mr})
[23m[33m,[39mvalue[33m:[39mx([32m"Literal"[39m[33m,[39mr)}))[33m;[39m[36mfor[39m(r [36mof[39m n[33m.[39mcomponents)[32m"MDXLayout"[39m[33m!==[39mr[33m&&[39ms[33m.[39mpush(x([32m"Proper
[23mty"[39m[33m,[39m{kind[33m:[39m[32m"init"[39m[33m,[39mkey[33m:[39mx([32m"Identifier"[39m[33m,[39m{name[33m:[39mr})[33m,[39mvalue[33m:[39mx([32m"CallExpression"[39m[33m,[39m{callee[33m:[39mx
[23m([32m"Identifier"[39m[33m,[39m{name[33m:[39m[32m"_missingComponent"[39m})[33m,[39marguments[33m:[39m[x([32m"Literal"[39m[33m,[39mr)]})}))[33m,[39ma[33m.[39mpush
[23m(x([32m"Property"[39m[33m,[39m{kind[33m:[39m[32m"init"[39m[33m,[39mshorthand[33m:[39m[32m"MDXLayout"[39m[33m!==[39mr[33m,[39mkey[33m:[39mx([32m"Identifier"[39m[33m,[39m{name[33m:[39m[32m"M
[23mDXLayout"[39m[33m===[39mr[33m?[39m[32m"wrapper"[39m[33m:[39mr})[33m,[39mvalue[33m:[39mx([32m"Identifier"[39m[33m,[39m{name[33m:[39mr})}))[33m;[39m[36mfor[39m(r [36mof[39m
[23mn[33m.[39mobjects)a[33m.[39msome(e[33m=>[39me[33m.[39mvalue[33m.[39mname[33m===[39mr)[33m||[39ma[33m.[39mpush(x([32m"Property"[39m[33m,[39m{kind[33m:[39m[32m"init"[39m[33m,[39mshorthan
[23md[33m:[39m[33m![39m[35m0[39m[33m,[39mkey[33m:[39mx([32m"Identifier"[39m[33m,[39m{name[33m:[39mr})[33m,[39mvalue[33m:[39mx([32m"Identifier"[39m[33m,[39m{name[33m:[39mr})}))[33m;[39m(s[33m.[39mlength[33m>[39m[35m0[39m[33m|
[23m|[39ma[33m.[39mlength[33m>[39m[35m0[39m)[33m&&[39m(o[33m.[39mpush(x([32m"ObjectExpression"[39m[33m,[39m{properties[33m:[39ms}))[33m,[39mt[33m&&[39m(i[33m=[39m[33m![39m[35m0[39m[33m,[39mo[33m.[39mpush(x([32m"C
[23mallExpression"[39m[33m,[39m{callee[33m:[39mx([32m"Identifier"[39m[33m,[39m{name[33m:[39m[32m"_provideComponents"[39m})[33m,[39marguments[33m:[39m[]}
[23m)))[33m,[39m[32m"FunctionDeclaration"[39m[33m===[39me[33m.[39mtype[33m&&[39m[32m"MDXContent"[39m[33m===[39me[33m.[39mid[33m.[39mname[33m&&[39mo[33m.[39mpush(x([32m"MemberEx
[23mpression"[39m[33m,[39m{object[33m:[39mx([32m"Identifier"[39m[33m,[39m{name[33m:[39m[32m"_props"[39m})[33m,[39mproperty[33m:[39mx([32m"Identifier"[39m[33m,[39m{name[33m:
[23m[39m[32m"components"[39m})}))[33m,[39mu[33m.[39mpush(x([32m"VariableDeclarator"[39m[33m,[39m{id[33m:[39mx([32m"Identifier"[39m[33m,[39m{name[33m:[39m[32m"_compo
[23mnents"[39m})[33m,[39minit[33m:[39mo[33m.[39mlength[33m>[39m[35m1[39m[33m?[39mx([32m"CallExpression"[39m[33m,[39m{callee[33m:[39mx([32m"MemberExpression"[39m[33m,[39m{object
[23m[33m:[39mx([32m"Identifier"[39m[33m,[39m{name[33m:[39m[32m"Object"[39m})[33m,[39mproperty[33m:[39mx([32m"Identifier"[39m[33m,[39m{name[33m:[39m[32m"assign"[39m})})[33m,[39margu
[23mments[33m:[39mo})[33m:[39mo[[35m0[39m]}))[33m,[39ma[33m.[39mlength[33m>[39m[35m0[39m[33m&&[39mu[33m.[39mpush(x([32m"VariableDeclarator"[39m[33m,[39m{id[33m:[39mx([32m"ObjectPattern
[23m"[39m[33m,[39m{properties[33m:[39ma})[33m,[39minit[33m:[39mx([32m"Identifier"[39m[33m,[39m{name[33m:[39m[32m"_components"[39m})}))[33m,[39m[32m"BlockStatement"[39m[33m!
[23m==[39me[33m.[39mbody[33m.[39mtype[33m&&[39m(e[33m.[39mbody[33m=[39mx([32m"BlockStatement"[39m[33m,[39m{body[33m:[39m[x([32m"ReturnStatement"[39m[33m,[39m{argument[33m:[39me
[23m[33m.[39mbody})]}))[33m,[39me[33m.[39mbody[33m.[39mbody[33m.[39munshift(x([32m"VariableDeclaration"[39m[33m,[39m{kind[33m:[39m[32m"const"[39m[33m,[39mdeclaratio
[23mns[33m:[39mu})))}}})[33m,[39mr[33m&&[39me[33m.[39mbody[33m.[39munshift(x([32m"FunctionDeclaration"[39m[33m,[39m{id[33m:[39mx([32m"Identifier"[39m[33m,[39m{name[33m:
[23m[39m[32m"_missingComponent"[39m})[33m,[39mparams[33m:[39m[x([32m"Identifier"[39m[33m,[39m{name[33m:[39m[32m"name"[39m})][33m,[39mbody[33m:[39mx([32m"BlockStatem
[23ment"[39m[33m,[39m{body[33m:[39m[x([32m"ReturnStatement"[39m[33m,[39m{argument[33m:[39mx([32m"FunctionExpression"[39m[33m,[39m{params[33m:[39m[][33m,[39mbody
[23m[33m:[39mx([32m"BlockStatement"[39m[33m,[39m{body[33m:[39m[x([32m"ThrowStatement"[39m[33m,[39m{argument[33m:[39mx([32m"NewExpression"[39m[33m,[39m{calle
[23me[33m:[39mx([32m"Identifier"[39m[33m,[39m{name[33m:[39m[32m"Error"[39m})[33m,[39marguments[33m:[39m[x([32m"BinaryExpression"[39m[33m,[39m{operator[33m:[39m[32m"+"[39m[33m,[39ml
[23meft[33m:[39mx([32m"BinaryExpression"[39m[33m,[39m{operator[33m:[39m[32m"+"[39m[33m,[39mleft[33m:[39mx([32m"Literal"[39m[33m,[39m[32m"Component
[23m`"[39m)[33m,[39mright[33m:[39mx([32m"Identifier"[39m[33m,[39m{name[33m:[39m[32m"name"[39m})})[33m,[39mright[33m:[39mx([32m"Literal"[39m[33m,[39m[32m"` was not imported,
[23m exported, or given"[39m)})]})})]})})})]})}))[33m,[39mi[33m&&[39me[33m.[39mbody[33m.[39munshift((s[33m=[39mt[33m,[39mo[33m=[39mn[33m,[39mu[33m=[39m[x([32m"Impor
[23mtSpecifier"[39m[33m,[39m{imported[33m:[39mx([32m"Identifier"[39m[33m,[39m{name[33m:[39m[32m"useMDXComponents"[39m})[33m,[39mlocal[33m:[39mx([32m"Identif
[23mier"[39m[33m,[39m{name[33m:[39m[32m"_provideComponents"[39m})})][33m,[39m[32m"function-body"[39m[33m===[39mo[33m?[39mx([32m"VariableDeclaration"
[23m[39m[33m,[39m{kind[33m:[39m[32m"const"[39m[33m,[39mdeclarations[33m:[39m[x([32m"VariableDeclarator"[39m[33m,[39m{id[33m:[39mv(u)[33m,[39minit[33m:[39mx([32m"MemberExpre
[23mssion"[39m[33m,[39m{object[33m:[39mx([32m"Identifier"[39m[33m,[39m{name[33m:[39m[32m"arguments"[39m})[33m,[39mproperty[33m:[39mx([32m"Literal"[39m[33m,[39m{value[33m:[39m[35m0[39m}
)[33m,[39mcomputed[33m:[39m[33m![39m[35m0[39m})})]})[33m:[39mx([32m"ImportDeclaration"[39m[33m,[39m{specifiers[33m:[39mu[33m,[39msource[33m:[39mx([32m"Literal"[39m[33m,[39ms)})
[23m))}}[36mconst[39m{stringify[33m:[39m[33mT[39m}[33m=[39m[33mJSON[39m[33m;[39m[36mif[39m([33m![39m[33mString[39m[33m.[39mprototype[33m.[39mrepeat)[36mthrow[39m [36mnew[39m
[23m[33mError[39m([32m"String.prototype.repeat is undefined, see https://github.com/davidbonnet/
[23mastring#installation"[39m)[33m;[39m[36mif[39m([33m![39m[33mString[39m[33m.[39mprototype[33m.[39mendsWith)[36mthrow[39m [36mnew[39m
[23m[33mError[39m([32m"String.prototype.endsWith is undefined, see
[23mhttps://github.com/davidbonnet/astring#installation"[39m)[33m;[39m[36mconst[39m
[23m[33mI[39m[33m=[39m{[32m"||"[39m[33m:[39m[35m3[39m[33m,[39m[32m"&&"[39m[33m:[39m[35m4[39m[33m,[39m[32m"|"[39m[33m:[39m[35m5[39m[33m,[39m[32m"^"[39m[33m:[39m[35m6[39m[33m,[39m[32m"&"[39m[33m:[39m[35m7[39m[33m,[39m[32m"=="[39m[33m:[39m[35m8[39m[33m,[39m[32m"!="[39m[33m:[39m[35m8[39m[33m,[39m[32m"==="[39m[33m:[39m[35m8[39m[33m,[39m[32m"!=="[39m[33m:[39m[35m8[39m[33m,[39m[32m"<"[39m[33m:[39m[35m9[39m[33m,[39m[32m">"[39m[33m:[39m[35m9[39m[33m,[39m[32m"<=
[23m"[39m[33m:[39m[35m9[39m[33m,[39m[32m">="[39m[33m:[39m[35m9[39m[33m,[39m[36min[39m[33m:[39m[35m9[39m[33m,[39m[36minstanceof[39m[33m:[39m[35m9[39m[33m,[39m[32m"<<"[39m[33m:[39m[35m10[39m[33m,[39m[32m">>"[39m[33m:[39m[35m10[39m[33m,[39m[32m">>>"[39m[33m:[39m[35m10[39m[33m,[39m[32m"+"[39m[33m:[39m[35m11[39m[33m,[39m[32m"-"[39m[33m:[39m[35m11[39m[33m,[39m[32m"*"[39m[33m:[39m[35m12[39m[33m,[39m[32m"%"[39m[33m:[39m[35m1
[23m2[39m[33m,[39m[32m"/"[39m[33m:[39m[35m12[39m[33m,[39m[32m"**"[39m[33m:[39m[35m13[39m}[33m,[39m[33mP[39m[33m=[39m[35m17[39m[33m,[39m[33mL[39m[33m=[39m{[33mArrayExpression[39m[33m:[39m[35m20[39m[33m,[39m[33mTaggedTemplateExpression[39m[33m:[39m[35m20[39m[33m,[39m[33mThisExp
[23mression[39m[33m:[39m[35m20[39m[33m,[39m[33mIdentifier[39m[33m:[39m[35m20[39m[33m,[39m[33mLiteral[39m[33m:[39m[35m18[39m[33m,[39m[33mTemplateLiteral[39m[33m:[39m[35m20[39m[33m,[39m[33mSuper[39m[33m:[39m[35m20[39m[33m,[39m[33mSequenceExpressi
[23mon[39m[33m:[39m[35m20[39m[33m,[39m[33mMemberExpression[39m[33m:[39m[35m19[39m[33m,[39m[33mChainExpression[39m[33m:[39m[35m19[39m[33m,[39m[33mCallExpression[39m[33m:[39m[35m19[39m[33m,[39m[33mNewExpression[39m[33m:[39m[35m19[39m[33m,
[23m[39m[33mArrowFunctionExpression[39m[33m:[39m[33mP[39m[33m,[39m[33mClassExpression[39m[33m:[39m[33mP[39m[33m,[39m[33mFunctionExpression[39m[33m:[39m[33mP[39m[33m,[39m[33mObjectExpressio
[23mn[39m[33m:[39m[33mP[39m[33m,[39m[33mUpdateExpression[39m[33m:[39m[35m16[39m[33m,[39m[33mUnaryExpression[39m[33m:[39m[35m15[39m[33m,[39m[33mAwaitExpression[39m[33m:[39m[35m15[39m[33m,[39m[33mBinaryExpression[39m[33m:[39m[35m1
[23m4[39m[33m,[39m[33mLogicalExpression[39m[33m:[39m[35m13[39m[33m,[39m[33mConditionalExpression[39m[33m:[39m[35m4[39m[33m,[39m[33mAssignmentExpression[39m[33m:[39m[35m3[39m[33m,[39m[33mYieldExpre
[23mssion[39m[33m:[39m[35m2[39m[33m,[39m[33mRestElement[39m[33m:[39m[35m1[39m}[33m;[39m[36mfunction[39m [33mO[39m(e[33m,[39mt){[36mconst[39m{generator[33m:[39mn}[33m=[39me[33m;[39m[36mif[39m(e[33m.[39mwrite([32m"("[39m)[33m,[39m[36mnull
[23m[39m[33m!=[39mt[33m&&[39mt[33m.[39mlength[33m>[39m[35m0[39m){n[t[[35m0[39m][33m.[39mtype](t[[35m0[39m][33m,[39me)[33m;[39m[36mconst[39m{length[33m:[39mr}[33m=[39mt[33m;[39m[36mfor[39m([36mlet[39m
[23mi[33m=[39m[35m1[39m[33m;[39mi[33m<[39m[33mr[39m[33m;[39mi[33m++[39m){[36mconst[39m r[33m=[39mt[i][33m;[39me[33m.[39mwrite([32m", "[39m)[33m,[39mn[r[33m.[39mtype](r[33m,[39me)}}e[33m.[39mwrite([32m")"[39m)}[36mfunction[39m
[23m[33mN[39m(e[33m,[39mt[33m,[39mn[33m,[39mr){[36mconst[39m i[33m=[39me[33m.[39mexpressionsPrecedence[t[33m.[39mtype][33m;[39m[36mif[39m(i[33m===[39m[33mP[39m)[36mreturn[39m[33m![39m[35m0[39m[33m;[39m[36mconst[39m
[23ms[33m=[39me[33m.[39mexpressionsPrecedence[n[33m.[39mtype][33m;[39m[36mreturn[39m i[33m!==[39ms[33m?[39m[33m![39mr[33m&&[39m[35m15[39m[33m===[39mi[33m&&[39m[35m14[39m[33m===[39ms[33m&&[39m[32m"**"[39m[33m===[39mn[33m.[39moper
[23mator[33m||[39mi[33m<[39m[33ms[39m[33m:[39m([35m13[39m[33m===[39mi[33m||[39m[35m14[39m[33m===[39mi)[33m&&[39m([32m"**"[39m[33m===[39mt[33m.[39moperator[33m&&[39m[32m"**"[39m[33m===[39mn[33m.[39moperator[33m?[39m[33m![39mr[33m:[39mr[33m?[39m[33mI[39m[t[33m.[39mopera
[23mtor][33m<=[39m[33mI[39m[n[33m.[39moperator][33m:[39m[33mI[39m[t[33m.[39moperator][33m<[39m[33mI[39m[n[33m.[39moperator])}[36mfunction[39m
[23m[33mM[39m(e[33m,[39mt[33m,[39mn[33m,[39mr){[36mconst[39m{generator[33m:[39mi}[33m=[39me[33m;[39m[33mN[39m(e[33m,[39mt[33m,[39mn[33m,[39mr)[33m?[39m(e[33m.[39mwrite([32m"("[39m)[33m,[39mi[t[33m.[39mtype](t[33m,[39me)[33m,[39me[33m.[39mwrite(
[23m[32m")"[39m))[33m:[39mi[t[33m.[39mtype](t[33m,[39me)}[36mfunction[39m j(e[33m,[39mt[33m,[39mn[33m,[39mr){[36mconst[39m
[23mi[33m=[39mt[33m.[39msplit([32m"\n"[39m)[33m,[39ms[33m=[39mi[33m.[39mlength[33m-[39m[35m1[39m[33m;[39m[36mif[39m(e[33m.[39mwrite(i[[35m0[39m][33m.[39mtrim())[33m,[39ms[33m>[39m[35m0[39m){e[33m.[39mwrite(r)[33m;[39m[36mfor[39m([36mlet[39m
[23mt[33m=[39m[35m1[39m[33m;[39mt[33m<[39m[33ms[39m[33m;[39mt[33m++[39m)e[33m.[39mwrite(n[33m+[39mi[t][33m.[39mtrim()[33m+[39mr)[33m;[39me[33m.[39mwrite(n[33m+[39mi[s][33m.[39mtrim())}}[36mfunction[39m
[23m[33mR[39m(e[33m,[39mt[33m,[39mn[33m,[39mr){[36mconst[39m{length[33m:[39mi}[33m=[39mt[33m;[39m[36mfor[39m([36mlet[39m s[33m=[39m[35m0[39m[33m;[39ms[33m<[39m[33mi[39m[33m;[39ms[33m++[39m){[36mconst[39m
[23mi[33m=[39mt[s][33m;[39me[33m.[39mwrite(n)[33m,[39m[32m"L"[39m[33m===[39mi[33m.[39mtype[[35m0[39m][33m?[39me[33m.[39mwrite([32m"// "[39m[33m+[39mi[33m.[39mvalue[33m.[39mtrim()[33m+[39m[32m"\n"[39m[33m,[39mi)[33m:[39m(e[33m.[39mwrite(
[23m[32m"/*"[39m)[33m,[39mj(e[33m,[39mi[33m.[39mvalue[33m,[39mn[33m,[39mr)[33m,[39me[33m.[39mwrite([32m"*/"[39m[33m+[39mr))}}[36mfunction[39m
[23m[33mV[39m(e[33m,[39mt){[36mconst[39m{generator[33m:[39mn}[33m=[39me[33m,[39m{declarations[33m:[39mr}[33m=[39mt[33m;[39me[33m.[39mwrite(t[33m.[39mkind[33m+[39m[32m"
[23m"[39m)[33m;[39m[36mconst[39m{length[33m:[39mi}[33m=[39mr[33m;[39m[36mif[39m(i[33m>[39m[35m0[39m){n[33m.[39m[33mVariableDeclarator[39m(r[[35m0[39m][33m,[39me)[33m;[39m[36mfor[39m([36mlet[39m
[23mt[33m=[39m[35m1[39m[33m;[39mt[33m<[39m[33mi[39m[33m;[39mt[33m++[39m)e[33m.[39mwrite([32m", "[39m)[33m,[39mn[33m.[39m[33mVariableDeclarator[39m(r[t][33m,[39me)}}[36mlet[39m [33mJ[39m[33m,[39m[33mU[39m[33m,[39mz[33m,[39mq[33m,[39m[33mX[39m[33m,[39m$[33m;[39m[36mconst[39m
[23m[33mH[39m[33m=[39m{[33mProgram[39m(e[33m,[39mt){[36mconst[39m n[33m=[39mt[33m.[39mindent[33m.[39mrepeat(t[33m.[39mindentLevel)[33m,[39m{lineEnd[33m:[39mr[33m,[39mwriteComments[33m:
[23m[39mi}[33m=[39mt[33m;[39mi[33m&&[39m[36mnull[39m[33m!=[39me[33m.[39mcomments[33m&&[39m[33mR[39m(t[33m,[39me[33m.[39mcomments[33m,[39mn[33m,[39mr)[33m;[39m[36mconst[39m
[23ms[33m=[39me[33m.[39mbody[33m,[39m{length[33m:[39ma}[33m=[39ms[33m;[39m[36mfor[39m([36mlet[39m e[33m=[39m[35m0[39m[33m;[39me[33m<[39m[33ma[39m[33m;[39me[33m++[39m){[36mconst[39m a[33m=[39ms[e][33m;[39mi[33m&&[39m[36mnull[39m[33m!=[39ma[33m.[39mcomments[33m&&[39m[33mR[39m(t
[23m[33m,[39ma[33m.[39mcomments[33m,[39mn[33m,[39mr)[33m,[39mt[33m.[39mwrite(n)[33m,[39m[36mthis[39m[a[33m.[39mtype](a[33m,[39mt)[33m,[39mt[33m.[39mwrite(r)}i[33m&&[39m[36mnull[39m[33m!=[39me[33m.[39mtrailingComm
[23ments[33m&&[39m[33mR[39m(t[33m,[39me[33m.[39mtrailingComments[33m,[39mn[33m,[39mr)}[33m,[39m[33mBlockStatement[39m[33m:[39m$[33m=[39m[36mfunction[39m(e[33m,[39mt){[36mconst[39m
[23mn[33m=[39mt[33m.[39mindent[33m.[39mrepeat(t[33m.[39mindentLevel[33m++[39m)[33m,[39m{lineEnd[33m:[39mr[33m,[39mwriteComments[33m:[39mi}[33m=[39mt[33m,[39ms[33m=[39mn[33m+[39mt[33m.[39mindent[33m;[39mt[33m.
[23m[39mwrite([32m"{"[39m)[33m;[39m[36mconst[39m a[33m=[39me[33m.[39mbody[33m;[39m[36mif[39m([36mnull[39m[33m!=[39ma[33m&&[39ma[33m.[39mlength[33m>[39m[35m0[39m){t[33m.[39mwrite(r)[33m,[39mi[33m&&[39m[36mnull[39m[33m!=[39me[33m.[39mcomments
[23m[33m&&[39m[33mR[39m(t[33m,[39me[33m.[39mcomments[33m,[39ms[33m,[39mr)[33m;[39m[36mconst[39m{length[33m:[39mo}[33m=[39ma[33m;[39m[36mfor[39m([36mlet[39m e[33m=[39m[35m0[39m[33m;[39me[33m<[39m[33mo[39m[33m;[39me[33m++[39m){[36mconst[39m
[23mn[33m=[39ma[e][33m;[39mi[33m&&[39m[36mnull[39m[33m!=[39mn[33m.[39mcomments[33m&&[39m[33mR[39m(t[33m,[39mn[33m.[39mcomments[33m,[39ms[33m,[39mr)[33m,[39mt[33m.[39mwrite(s)[33m,[39m[36mthis[39m[n[33m.[39mtype](n[33m,[39mt)[33m,[39mt[33m.[39mw
[23mrite(r)}t[33m.[39mwrite(n)}[36melse[39m
[23mi[33m&&[39m[36mnull[39m[33m!=[39me[33m.[39mcomments[33m&&[39m(t[33m.[39mwrite(r)[33m,[39m[33mR[39m(t[33m,[39me[33m.[39mcomments[33m,[39ms[33m,[39mr)[33m,[39mt[33m.[39mwrite(n))[33m;[39mi[33m&&[39m[36mnull[39m[33m!=[39me[33m.[39mtrai
[23mlingComments[33m&&[39m[33mR[39m(t[33m,[39me[33m.[39mtrailingComments[33m,[39ms[33m,[39mr)[33m,[39mt[33m.[39mwrite([32m"}"[39m)[33m,[39mt[33m.[39mindentLevel[33m--[39m}[33m,[39m[33mClassBod
[23my[39m[33m:[39m$[33m,[39m[33mEmptyStatement[39m(e[33m,[39mt){t[33m.[39mwrite([32m";"[39m)}[33m,[39m[33mExpressionStatement[39m(e[33m,[39mt){[36mconst[39m n[33m=[39mt[33m.[39mexpress
[23mionsPrecedence[e[33m.[39mexpression[33m.[39mtype][33m;[39mn[33m===[39m[33mP[39m[33m||[39m[35m3[39m[33m===[39mn[33m&&[39m[32m"O"[39m[33m===[39me[33m.[39mexpression[33m.[39mleft[33m.[39mtype[[35m0[39m][33m?
[23m[39m(t[33m.[39mwrite([32m"("[39m)[33m,[39m[36mthis[39m[e[33m.[39mexpression[33m.[39mtype](e[33m.[39mexpression[33m,[39mt)[33m,[39mt[33m.[39mwrite([32m")"[39m))[33m:[39m[36mthis[39m[e[33m.[39mexpre
[23mssion[33m.[39mtype](e[33m.[39mexpression[33m,[39mt)[33m,[39mt[33m.[39mwrite([32m";"[39m)}[33m,[39m[33mIfStatement[39m(e[33m,[39mt){t[33m.[39mwrite([32m"if
[23m("[39m)[33m,[39m[36mthis[39m[e[33m.[39mtest[33m.[39mtype](e[33m.[39mtest[33m,[39mt)[33m,[39mt[33m.[39mwrite([32m")
[23m"[39m)[33m,[39m[36mthis[39m[e[33m.[39mconsequent[33m.[39mtype](e[33m.[39mconsequent[33m,[39mt)[33m,[39m[36mnull[39m[33m!=[39me[33m.[39malternate[33m&&[39m(t[33m.[39mwrite([32m" else
[23m"[39m)[33m,[39m[36mthis[39m[e[33m.[39malternate[33m.[39mtype](e[33m.[39malternate[33m,[39mt))}[33m,[39m[33mLabeledStatement[39m(e[33m,[39mt){[36mthis[39m[e[33m.[39mlabel[33m.[39mty
[23mpe](e[33m.[39mlabel[33m,[39mt)[33m,[39mt[33m.[39mwrite([32m": "[39m)[33m,[39m[36mthis[39m[e[33m.[39mbody[33m.[39mtype](e[33m.[39mbody[33m,[39mt)}[33m,[39m[33mBreakStatement[39m(e[33m,[39mt){t[33m.
[23m[39mwrite([32m"break"[39m)[33m,[39m[36mnull[39m[33m!=[39me[33m.[39mlabel[33m&&[39m(t[33m.[39mwrite([32m" "[39m)[33m,[39m[36mthis[39m[e[33m.[39mlabel[33m.[39mtype](e[33m.[39mlabel[33m,[39mt))[33m,[39mt[33m.[39mwri
[23mte([32m";"[39m)}[33m,[39m[33mContinueStatement[39m(e[33m,[39mt){t[33m.[39mwrite([32m"continue"[39m)[33m,[39m[36mnull[39m[33m!=[39me[33m.[39mlabel[33m&&[39m(t[33m.[39mwrite([32m"
[23m"[39m)[33m,[39m[36mthis[39m[e[33m.[39mlabel[33m.[39mtype](e[33m.[39mlabel[33m,[39mt))[33m,[39mt[33m.[39mwrite([32m";"[39m)}[33m,[39m[33mWithStatement[39m(e[33m,[39mt){t[33m.[39mwrite([32m"with
[23m ("[39m)[33m,[39m[36mthis[39m[e[33m.[39mobject[33m.[39mtype](e[33m.[39mobject[33m,[39mt)[33m,[39mt[33m.[39mwrite([32m")
[23m"[39m)[33m,[39m[36mthis[39m[e[33m.[39mbody[33m.[39mtype](e[33m.[39mbody[33m,[39mt)}[33m,[39m[33mSwitchStatement[39m(e[33m,[39mt){[36mconst[39m n[33m=[39mt[33m.[39mindent[33m.[39mrepeat(t[33m.[39mi
[23mndentLevel[33m++[39m)[33m,[39m{lineEnd[33m:[39mr[33m,[39mwriteComments[33m:[39mi}[33m=[39mt[33m;[39mt[33m.[39mindentLevel[33m++[39m[33m;[39m[36mconst[39m
[23ms[33m=[39mn[33m+[39mt[33m.[39mindent[33m,[39ma[33m=[39ms[33m+[39mt[33m.[39mindent[33m;[39mt[33m.[39mwrite([32m"switch
[23m("[39m)[33m,[39m[36mthis[39m[e[33m.[39mdiscriminant[33m.[39mtype](e[33m.[39mdiscriminant[33m,[39mt)[33m,[39mt[33m.[39mwrite([32m")
[23m{"[39m[33m+[39mr)[33m;[39m[36mconst[39m{cases[33m:[39mo}[33m=[39me[33m,[39m{length[33m:[39mu}[33m=[39mo[33m;[39m[36mfor[39m([36mlet[39m e[33m=[39m[35m0[39m[33m;[39me[33m<[39m[33mu[39m[33m;[39me[33m++[39m){[36mconst[39m
[23mn[33m=[39mo[e][33m;[39mi[33m&&[39m[36mnull[39m[33m!=[39mn[33m.[39mcomments[33m&&[39m[33mR[39m(t[33m,[39mn[33m.[39mcomments[33m,[39ms[33m,[39mr)[33m,[39mn[33m.[39mtest[33m?[39m(t[33m.[39mwrite(s[33m+[39m[32m"case
[23m"[39m)[33m,[39m[36mthis[39m[n[33m.[39mtest[33m.[39mtype](n[33m.[39mtest[33m,[39mt)[33m,[39mt[33m.[39mwrite([32m":"[39m[33m+[39mr))[33m:[39mt[33m.[39mwrite(s[33m+[39m[32m"default:"[39m[33m+[39mr)[33m;[39m[36mconst[39m{con
[23msequent[33m:[39mu}[33m=[39mn[33m,[39m{length[33m:[39ml}[33m=[39mu[33m;[39m[36mfor[39m([36mlet[39m e[33m=[39m[35m0[39m[33m;[39me[33m<[39m[33ml[39m[33m;[39me[33m++[39m){[36mconst[39m n[33m=[39mu[e][33m;[39mi[33m&&[39m[36mnull[39m[33m!=[39mn[33m.[39mcomments[33m&
[23m&[39m[33mR[39m(t[33m,[39mn[33m.[39mcomments[33m,[39ma[33m,[39mr)[33m,[39mt[33m.[39mwrite(a)[33m,[39m[36mthis[39m[n[33m.[39mtype](n[33m,[39mt)[33m,[39mt[33m.[39mwrite(r)}}t[33m.[39mindentLevel[33m-=[39m[35m2[39m[33m,[39mt
[23m[33m.[39mwrite(n[33m+[39m[32m"}"[39m)}[33m,[39m[33mReturnStatement[39m(e[33m,[39mt){t[33m.[39mwrite([32m"return"[39m)[33m,[39me[33m.[39margument[33m&&[39m(t[33m.[39mwrite([32m"
[23m"[39m)[33m,[39m[36mthis[39m[e[33m.[39margument[33m.[39mtype](e[33m.[39margument[33m,[39mt))[33m,[39mt[33m.[39mwrite([32m";"[39m)}[33m,[39m[33mThrowStatement[39m(e[33m,[39mt){t[33m.[39mwrit
[23me([32m"throw "[39m)[33m,[39m[36mthis[39m[e[33m.[39margument[33m.[39mtype](e[33m.[39margument[33m,[39mt)[33m,[39mt[33m.[39mwrite([32m";"[39m)}[33m,[39m[33mTryStatement[39m(e[33m,[39mt){
[23m[36mif[39m(t[33m.[39mwrite([32m"try "[39m)[33m,[39m[36mthis[39m[e[33m.[39mblock[33m.[39mtype](e[33m.[39mblock[33m,[39mt)[33m,[39me[33m.[39mhandler){[36mconst[39m{handler[33m:[39mn}[33m=[39me[33m;[39m[36mn
[23mull[39m[33m==[39mn[33m.[39mparam[33m?[39mt[33m.[39mwrite([32m" catch "[39m)[33m:[39m(t[33m.[39mwrite([32m" catch
[23m("[39m)[33m,[39m[36mthis[39m[n[33m.[39mparam[33m.[39mtype](n[33m.[39mparam[33m,[39mt)[33m,[39mt[33m.[39mwrite([32m")
[23m"[39m))[33m,[39m[36mthis[39m[n[33m.[39mbody[33m.[39mtype](n[33m.[39mbody[33m,[39mt)}e[33m.[39mfinalizer[33m&&[39m(t[33m.[39mwrite([32m" finally
[23m"[39m)[33m,[39m[36mthis[39m[e[33m.[39mfinalizer[33m.[39mtype](e[33m.[39mfinalizer[33m,[39mt))}[33m,[39m[33mWhileStatement[39m(e[33m,[39mt){t[33m.[39mwrite([32m"while
[23m("[39m)[33m,[39m[36mthis[39m[e[33m.[39mtest[33m.[39mtype](e[33m.[39mtest[33m,[39mt)[33m,[39mt[33m.[39mwrite([32m")
[23m"[39m)[33m,[39m[36mthis[39m[e[33m.[39mbody[33m.[39mtype](e[33m.[39mbody[33m,[39mt)}[33m,[39m[33mDoWhileStatement[39m(e[33m,[39mt){t[33m.[39mwrite([32m"do
[23m"[39m)[33m,[39m[36mthis[39m[e[33m.[39mbody[33m.[39mtype](e[33m.[39mbody[33m,[39mt)[33m,[39mt[33m.[39mwrite([32m" while
[23m("[39m)[33m,[39m[36mthis[39m[e[33m.[39mtest[33m.[39mtype](e[33m.[39mtest[33m,[39mt)[33m,[39mt[33m.[39mwrite([32m");"[39m)}[33m,[39m[33mForStatement[39m(e[33m,[39mt){[36mif[39m(t[33m.[39mwrite([32m"for
[23m ("[39m)[33m,[39m[36mnull[39m[33m!=[39me[33m.[39minit){[36mconst[39m{init[33m:[39mn}[33m=[39me[33m;[39m[32m"V"[39m[33m===[39mn[33m.[39mtype[[35m0[39m][33m?[39m[33mV[39m(t[33m,[39mn)[33m:[39m[36mthis[39m[n[33m.[39mtype](n[33m,[39mt)}t[33m.[39mwr
[23mite([32m"; "[39m)[33m,[39me[33m.[39mtest[33m&&[39m[36mthis[39m[e[33m.[39mtest[33m.[39mtype](e[33m.[39mtest[33m,[39mt)[33m,[39mt[33m.[39mwrite([32m";
[23m"[39m)[33m,[39me[33m.[39mupdate[33m&&[39m[36mthis[39m[e[33m.[39mupdate[33m.[39mtype](e[33m.[39mupdate[33m,[39mt)[33m,[39mt[33m.[39mwrite([32m")
[23m"[39m)[33m,[39m[36mthis[39m[e[33m.[39mbody[33m.[39mtype](e[33m.[39mbody[33m,[39mt)}[33m,[39m[33mForInStatement[39m[33m:[39m[33mJ[39m[33m=[39m[36mfunction[39m(e[33m,[39mt){t[33m.[39mwrite([32m`for
[23m${e.await?"await ":""}(`[39m)[33m;[39m[36mconst[39m{left[33m:[39mn}[33m=[39me[33m;[39m[32m"V"[39m[33m===[39mn[33m.[39mtype[[35m0[39m][33m?[39m[33mV[39m(t[33m,[39mn)[33m:[39m[36mthis[39m[n[33m.[39mtype](n[33m,
[23m[39mt)[33m,[39mt[33m.[39mwrite([32m"I"[39m[33m===[39me[33m.[39mtype[[35m3[39m][33m?[39m[32m" in "[39m[33m:[39m[32m" of
[23m"[39m)[33m,[39m[36mthis[39m[e[33m.[39mright[33m.[39mtype](e[33m.[39mright[33m,[39mt)[33m,[39mt[33m.[39mwrite([32m")
[23m"[39m)[33m,[39m[36mthis[39m[e[33m.[39mbody[33m.[39mtype](e[33m.[39mbody[33m,[39mt)}[33m,[39m[33mForOfStatement[39m[33m:[39m[33mJ[39m[33m,[39m[33mDebuggerStatement[39m(e[33m,[39mt){t[33m.[39mwrite(
[23m[32m"debugger;"[39m[33m,[39me)}[33m,[39m[33mFunctionDeclaration[39m[33m:[39m[33mU[39m[33m=[39m[36mfunction[39m(e[33m,[39mt){t[33m.[39mwrite((e[33m.[39m[36masync[39m[33m?[39m[32m"async
[23m"[39m[33m:[39m[32m""[39m)[33m+[39m(e[33m.[39mgenerator[33m?[39m[32m"function* "[39m[33m:[39m[32m"function
[23m"[39m)[33m+[39m(e[33m.[39mid[33m?[39me[33m.[39mid[33m.[39mname[33m:[39m[32m""[39m)[33m,[39me)[33m,[39m[33mO[39m(t[33m,[39me[33m.[39mparams)[33m,[39mt[33m.[39mwrite([32m" "[39m)[33m,[39m[36mthis[39m[e[33m.[39mbody[33m.[39mtype](e[33m.[39mbody[33m,[39mt)
[23m}[33m,[39m[33mFunctionExpression[39m[33m:[39m[33mU[39m[33m,[39m[33mVariableDeclaration[39m(e[33m,[39mt){[33mV[39m(t[33m,[39me)[33m,[39mt[33m.[39mwrite([32m";"[39m)}[33m,[39m[33mVariableDec
[23mlarator[39m(e[33m,[39mt){[36mthis[39m[e[33m.[39mid[33m.[39mtype](e[33m.[39mid[33m,[39mt)[33m,[39m[36mnull[39m[33m!=[39me[33m.[39minit[33m&&[39m(t[33m.[39mwrite([32m" =
[23m"[39m)[33m,[39m[36mthis[39m[e[33m.[39minit[33m.[39mtype](e[33m.[39minit[33m,[39mt))}[33m,[39m[33mClassDeclaration[39m(e[33m,[39mt){[36mif[39m(t[33m.[39mwrite([32m"class
[23m"[39m[33m+[39m(e[33m.[39mid[33m?[39m[32m`${e.id.name} `[39m[33m:[39m[32m""[39m)[33m,[39me)[33m,[39me[33m.[39msuperClass){t[33m.[39mwrite([32m"extends
[23m"[39m)[33m;[39m[36mconst[39m{superClass[33m:[39mn}[33m=[39me[33m,[39m{type[33m:[39mr}[33m=[39mn[33m,[39mi[33m=[39mt[33m.[39mexpressionsPrecedence[r][33m;[39m[32m"C"[39m[33m===[39mr[[35m0[39m][33m&&[39m[32m"l"
[23m[39m[33m===[39mr[[35m1[39m][33m&&[39m[32m"E"[39m[33m===[39mr[[35m5[39m][33m||[39m[33m![39m(i[33m===[39m[33mP[39m[33m||[39mi[33m<[39m[33mt[39m[33m.[39mexpressionsPrecedence[33m.[39m[33mClassExpression[39m)[33m?[39m[36mthis[39m[n[33m.
[23m[39mtype](n[33m,[39mt)[33m:[39m(t[33m.[39mwrite([32m"("[39m)[33m,[39m[36mthis[39m[e[33m.[39msuperClass[33m.[39mtype](n[33m,[39mt)[33m,[39mt[33m.[39mwrite([32m")"[39m))[33m,[39mt[33m.[39mwrite([32m"
[23m"[39m)}[36mthis[39m[33m.[39m[33mClassBody[39m(e[33m.[39mbody[33m,[39mt)}[33m,[39m[33mImportDeclaration[39m(e[33m,[39mt){t[33m.[39mwrite([32m"import
[23m"[39m)[33m;[39m[36mconst[39m{specifiers[33m:[39mn}[33m=[39me[33m,[39m{length[33m:[39mr}[33m=[39mn[33m;[39m[36mlet[39m i[33m=[39m[35m0[39m[33m;[39m[36mif[39m(r[33m>[39m[35m0[39m){[36mfor[39m([33m;[39mi[33m<[39m[33mr[39m[33m;[39m){i[33m>[39m[35m0[39m[33m&&[39mt[33m.[39mwrite([32m",
[23m "[39m)[33m;[39m[36mconst[39m e[33m=[39mn[i][33m,[39mr[33m=[39me[33m.[39mtype[[35m6[39m][33m;[39m[36mif[39m([32m"D"[39m[33m===[39mr)t[33m.[39mwrite(e[33m.[39mlocal[33m.[39mname[33m,[39me)[33m,[39mi[33m++[39m[33m;[39m[36melse[39m{[36mif[39m([32m"N"[39m[33m!
[23m==[39mr)[36mbreak[39m[33m;[39mt[33m.[39mwrite([32m"* as "[39m[33m+[39me[33m.[39mlocal[33m.[39mname[33m,[39me)[33m,[39mi[33m++[39m}}[36mif[39m(i[33m<[39m[33mr[39m){[36mfor[39m(t[33m.[39mwrite([32m"{"[39m)[33m;[39m[33m;[39m){[36mconst[39m
[23m e[33m=[39mn[i][33m,[39m{name[33m:[39ms}[33m=[39me[33m.[39mimported[33m;[39m[36mif[39m(t[33m.[39mwrite(s[33m,[39me)[33m,[39ms[33m!==[39me[33m.[39mlocal[33m.[39mname[33m&&[39mt[33m.[39mwrite([32m" as
[23m"[39m[33m+[39me[33m.[39mlocal[33m.[39mname)[33m,[39m[33m![39m([33m++[39mi[33m<[39m[33mr[39m))[36mbreak[39m[33m;[39mt[33m.[39mwrite([32m", "[39m)}t[33m.[39mwrite([32m"}"[39m)}t[33m.[39mwrite([32m" from
[23m"[39m)}[36mthis[39m[33m.[39m[33mLiteral[39m(e[33m.[39msource[33m,[39mt)[33m,[39mt[33m.[39mwrite([32m";"[39m)}[33m,[39m[33mImportExpression[39m(e[33m,[39mt){t[33m.[39mwrite([32m"import(
[23m"[39m)[33m,[39m[36mthis[39m[e[33m.[39msource[33m.[39mtype](e[33m.[39msource[33m,[39mt)[33m,[39mt[33m.[39mwrite([32m")"[39m)}[33m,[39m[33mExportDefaultDeclaration[39m(e[33m,[39mt){t
[23m[33m.[39mwrite([32m"export default "[39m)[33m,[39m[36mthis[39m[e[33m.[39mdeclaration[33m.[39mtype](e[33m.[39mdeclaration[33m,[39mt)[33m,[39m[36mnull[39m[33m!=[39mt[33m.[39mexpr
[23messionsPrecedence[e[33m.[39mdeclaration[33m.[39mtype][33m&&[39m[32m"F"[39m[33m!==[39me[33m.[39mdeclaration[33m.[39mtype[[35m0[39m][33m&&[39mt[33m.[39mwrite([32m";"[39m)
[23m}[33m,[39m[33mExportNamedDeclaration[39m(e[33m,[39mt){[36mif[39m(t[33m.[39mwrite([32m"export
[23m"[39m)[33m,[39me[33m.[39mdeclaration)[36mthis[39m[e[33m.[39mdeclaration[33m.[39mtype](e[33m.[39mdeclaration[33m,[39mt)[33m;[39m[36melse[39m{t[33m.[39mwrite([32m"{"[39m)[33m;[39m[36mcon
[23mst[39m{specifiers[33m:[39mn}[33m=[39me[33m,[39m{length[33m:[39mr}[33m=[39mn[33m;[39m[36mif[39m(r[33m>[39m[35m0[39m)[36mfor[39m([36mlet[39m e[33m=[39m[35m0[39m[33m;[39m[33m;[39m){[36mconst[39m
[23mi[33m=[39mn[e][33m,[39m{name[33m:[39ms}[33m=[39mi[33m.[39mlocal[33m;[39m[36mif[39m(t[33m.[39mwrite(s[33m,[39mi)[33m,[39ms[33m!==[39mi[33m.[39mexported[33m.[39mname[33m&&[39mt[33m.[39mwrite([32m" as
[23m"[39m[33m+[39mi[33m.[39mexported[33m.[39mname)[33m,[39m[33m![39m([33m++[39me[33m<[39m[33mr[39m))[36mbreak[39m[33m;[39mt[33m.[39mwrite([32m",
[23m"[39m)}t[33m.[39mwrite([32m"}"[39m)[33m,[39me[33m.[39msource[33m&&[39m(t[33m.[39mwrite([32m" from "[39m)[33m,[39m[36mthis[39m[33m.[39m[33mLiteral[39m(e[33m.[39msource[33m,[39mt))[33m,[39mt[33m.[39mwrite([32m"
[23m;"[39m)}}[33m,[39m[33mExportAllDeclaration[39m(e[33m,[39mt){[36mnull[39m[33m!=[39me[33m.[39mexported[33m?[39mt[33m.[39mwrite([32m"export * as
[23m"[39m[33m+[39me[33m.[39mexported[33m.[39mname[33m+[39m[32m" from "[39m)[33m:[39mt[33m.[39mwrite([32m"export * from "[39m)[33m,[39m[36mthis[39m[33m.[39m[33mLiteral[39m(e[33m.[39msource[33m,[39mt)[33m,[39mt
[23m[33m.[39mwrite([32m";"[39m)}[33m,[39m[33mMethodDefinition[39m(e[33m,[39mt){e[33m.[39m[36mstatic[39m[33m&&[39mt[33m.[39mwrite([32m"static "[39m)[33m;[39m[36mconst[39m
[23mn[33m=[39me[33m.[39mkind[[35m0[39m][33m;[39m[32m"g"[39m[33m!==[39mn[33m&&[39m[32m"s"[39m[33m!==[39mn[33m||[39mt[33m.[39mwrite(e[33m.[39mkind[33m+[39m[32m" "[39m)[33m,[39me[33m.[39mvalue[33m.[39m[36masync[39m[33m&&[39mt[33m.[39mwrite([32m"async
[23m"[39m)[33m,[39me[33m.[39mvalue[33m.[39mgenerator[33m&&[39mt[33m.[39mwrite([32m"*"[39m)[33m,[39me[33m.[39mcomputed[33m?[39m(t[33m.[39mwrite([32m"["[39m)[33m,[39m[36mthis[39m[e[33m.[39mkey[33m.[39mtype](e[33m.[39mk
[23mey[33m,[39mt)[33m,[39mt[33m.[39mwrite([32m"]"[39m))[33m:[39m[36mthis[39m[e[33m.[39mkey[33m.[39mtype](e[33m.[39mkey[33m,[39mt)[33m,[39m[33mO[39m(t[33m,[39me[33m.[39mvalue[33m.[39mparams)[33m,[39mt[33m.[39mwrite([32m"
[23m"[39m)[33m,[39m[36mthis[39m[e[33m.[39mvalue[33m.[39mbody[33m.[39mtype](e[33m.[39mvalue[33m.[39mbody[33m,[39mt)}[33m,[39m[33mClassExpression[39m(e[33m,[39mt){[36mthis[39m[33m.[39m[33mClassDecla
[23mration[39m(e[33m,[39mt)}[33m,[39m[33mArrowFunctionExpression[39m(e[33m,[39mt){t[33m.[39mwrite(e[33m.[39m[36masync[39m[33m?[39m[32m"async
[23m"[39m[33m:[39m[32m""[39m[33m,[39me)[33m;[39m[36mconst[39m{params[33m:[39mn}[33m=[39me[33m;[39m[36mnull[39m[33m!=[39mn[33m&&[39m([35m1[39m[33m===[39mn[33m.[39mlength[33m&&[39m[32m"I"[39m[33m===[39mn[[35m0[39m][33m.[39mtype[[35m0[39m][33m?[39mt[33m.[39mwrite(n[[35m0
[23m[39m][33m.[39mname[33m,[39mn[[35m0[39m])[33m:[39m[33mO[39m(t[33m,[39me[33m.[39mparams))[33m,[39mt[33m.[39mwrite([32m" => "[39m)[33m,[39m[32m"O"[39m[33m===[39me[33m.[39mbody[33m.[39mtype[[35m0[39m][33m?[39m(t[33m.[39mwrite([32m"("[39m)[33m,[39m[36mt
[23mhis[39m[33m.[39m[33mObjectExpression[39m(e[33m.[39mbody[33m,[39mt)[33m,[39mt[33m.[39mwrite([32m")"[39m))[33m:[39m[36mthis[39m[e[33m.[39mbody[33m.[39mtype](e[33m.[39mbody[33m,[39mt)}[33m,[39m[33mThisEx
[23mpression[39m(e[33m,[39mt){t[33m.[39mwrite([32m"this"[39m[33m,[39me)}[33m,[39m[33mSuper[39m(e[33m,[39mt){t[33m.[39mwrite([32m"super"[39m[33m,[39me)}[33m,[39m[33mRestElement[39m[33m:[39mz[33m=[39m[36mfu
[23mnction[39m(e[33m,[39mt){t[33m.[39mwrite([32m"..."[39m)[33m,[39m[36mthis[39m[e[33m.[39margument[33m.[39mtype](e[33m.[39margument[33m,[39mt)}[33m,[39m[33mSpreadElement[39m[33m:[39mz[33m,
[23m[39m[33mYieldExpression[39m(e[33m,[39mt){t[33m.[39mwrite(e[33m.[39mdelegate[33m?[39m[32m"yield*"[39m[33m:[39m[32m"yield"[39m)[33m,[39me[33m.[39margument[33m&&[39m(t[33m.[39mwrite([32m"
[23m "[39m)[33m,[39m[36mthis[39m[e[33m.[39margument[33m.[39mtype](e[33m.[39margument[33m,[39mt))}[33m,[39m[33mAwaitExpression[39m(e[33m,[39mt){t[33m.[39mwrite([32m"await
[23m"[39m[33m,[39me)[33m,[39m[33mM[39m(t[33m,[39me[33m.[39margument[33m,[39me)}[33m,[39m[33mTemplateLiteral[39m(e[33m,[39mt){[36mconst[39m{quasis[33m:[39mn[33m,[39mexpressions[33m:[39mr}[33m=[39me[33m;[39mt[33m.[39mw
[23mrite([32m"`"[39m)[33m;[39m[36mconst[39m{length[33m:[39mi}[33m=[39mr[33m;[39m[36mfor[39m([36mlet[39m e[33m=[39m[35m0[39m[33m;[39me[33m<[39m[33mi[39m[33m;[39me[33m++[39m){[36mconst[39m i[33m=[39mr[e][33m,[39ms[33m=[39mn[e][33m;[39mt[33m.[39mwrite(s[33m.[39mv
[23malue[33m.[39mraw[33m,[39ms)[33m,[39mt[33m.[39mwrite([32m"${"[39m)[33m,[39m[36mthis[39m[i[33m.[39mtype](i[33m,[39mt)[33m,[39mt[33m.[39mwrite([32m"}"[39m)}[36mconst[39m
[23ms[33m=[39mn[n[33m.[39mlength[33m-[39m[35m1[39m][33m;[39mt[33m.[39mwrite(s[33m.[39mvalue[33m.[39mraw[33m,[39ms)[33m,[39mt[33m.[39mwrite([32m"`"[39m)}[33m,[39m[33mTemplateElement[39m(e[33m,[39mt){t[33m.[39mwrit
[23me(e[33m.[39mvalue[33m.[39mraw[33m,[39me)}[33m,[39m[33mTaggedTemplateExpression[39m(e[33m,[39mt){[36mthis[39m[e[33m.[39mtag[33m.[39mtype](e[33m.[39mtag[33m,[39mt)[33m,[39m[36mthis[39m[e
[23m[33m.[39mquasi[33m.[39mtype](e[33m.[39mquasi[33m,[39mt)}[33m,[39m[33mArrayExpression[39m[33m:[39m[33mX[39m[33m=[39m[36mfunction[39m(e[33m,[39mt){[36mif[39m(t[33m.[39mwrite([32m"["[39m)[33m,[39me[33m.[39meleme
[23mnts[33m.[39mlength[33m>[39m[35m0[39m){[36mconst[39m{elements[33m:[39mn}[33m=[39me[33m,[39m{length[33m:[39mr}[33m=[39mn[33m;[39m[36mfor[39m([36mlet[39m e[33m=[39m[35m0[39m[33m;[39m[33m;[39m){[36mconst[39m
[23mi[33m=[39mn[e][33m;[39m[36mif[39m([36mnull[39m[33m!=[39mi[33m&&[39m[36mthis[39m[i[33m.[39mtype](i[33m,[39mt)[33m,[39m[33m![39m([33m++[39me[33m<[39m[33mr[39m)){[36mnull[39m[33m==[39mi[33m&&[39mt[33m.[39mwrite([32m",
[23m"[39m)[33m;[39m[36mbreak[39m}t[33m.[39mwrite([32m", "[39m)}}t[33m.[39mwrite([32m"]"[39m)}[33m,[39m[33mArrayPattern[39m[33m:[39m[33mX[39m[33m,[39m[33mObjectExpression[39m(e[33m,[39mt){[36mconst[39m
[23m n[33m=[39mt[33m.[39mindent[33m.[39mrepeat(t[33m.[39mindentLevel[33m++[39m)[33m,[39m{lineEnd[33m:[39mr[33m,[39mwriteComments[33m:[39mi}[33m=[39mt[33m,[39ms[33m=[39mn[33m+[39mt[33m.[39mindent[33m;[39m[36mi
[23mf[39m(t[33m.[39mwrite([32m"{"[39m)[33m,[39me[33m.[39mproperties[33m.[39mlength[33m>[39m[35m0[39m){t[33m.[39mwrite(r)[33m,[39mi[33m&&[39m[36mnull[39m[33m!=[39me[33m.[39mcomments[33m&&[39m[33mR[39m(t[33m,[39me[33m.[39mcomm
[23ments[33m,[39ms[33m,[39mr)[33m;[39m[36mconst[39m a[33m=[39m[32m","[39m[33m+[39mr[33m,[39m{properties[33m:[39mo}[33m=[39me[33m,[39m{length[33m:[39mu}[33m=[39mo[33m;[39m[36mfor[39m([36mlet[39m e[33m=[39m[35m0[39m[33m;[39m[33m;[39m){[36mconst[39m
[23mn[33m=[39mo[e][33m;[39m[36mif[39m(i[33m&&[39m[36mnull[39m[33m!=[39mn[33m.[39mcomments[33m&&[39m[33mR[39m(t[33m,[39mn[33m.[39mcomments[33m,[39ms[33m,[39mr)[33m,[39mt[33m.[39mwrite(s)[33m,[39m[36mthis[39m[n[33m.[39mtype](n[33m,[39mt)[33m,
[23m[39m[33m![39m([33m++[39me[33m<[39m[33mu[39m))[36mbreak[39m[33m;[39mt[33m.[39mwrite(a)}t[33m.[39mwrite(r)[33m,[39mi[33m&&[39m[36mnull[39m[33m!=[39me[33m.[39mtrailingComments[33m&&[39m[33mR[39m(t[33m,[39me[33m.[39mtrailing
[23mComments[33m,[39ms[33m,[39mr)[33m,[39mt[33m.[39mwrite(n[33m+[39m[32m"}"[39m)}[36melse[39m i[33m?[39m[36mnull[39m[33m!=[39me[33m.[39mcomments[33m?[39m(t[33m.[39mwrite(r)[33m,[39m[33mR[39m(t[33m,[39me[33m.[39mcomments[33m,
[23m[39ms[33m,[39mr)[33m,[39m[36mnull[39m[33m!=[39me[33m.[39mtrailingComments[33m&&[39m[33mR[39m(t[33m,[39me[33m.[39mtrailingComments[33m,[39ms[33m,[39mr)[33m,[39mt[33m.[39mwrite(n[33m+[39m[32m"}"[39m))[33m:[39m[36mnull[39m[33m!
[23m=[39me[33m.[39mtrailingComments[33m?[39m(t[33m.[39mwrite(r)[33m,[39m[33mR[39m(t[33m,[39me[33m.[39mtrailingComments[33m,[39ms[33m,[39mr)[33m,[39mt[33m.[39mwrite(n[33m+[39m[32m"}"[39m))[33m:[39mt[33m.[39mwr
[23mite([32m"}"[39m)[33m:[39mt[33m.[39mwrite([32m"}"[39m)[33m;[39mt[33m.[39mindentLevel[33m--[39m}[33m,[39m[33mProperty[39m(e[33m,[39mt){e[33m.[39mmethod[33m||[39m[32m"i"[39m[33m!==[39me[33m.[39mkind[[35m0[39m][33m?[39m[36mt
[23mhis[39m[33m.[39m[33mMethodDefinition[39m(e[33m,[39mt)[33m:[39m(e[33m.[39mshorthand[33m||[39m(e[33m.[39mcomputed[33m?[39m(t[33m.[39mwrite([32m"["[39m)[33m,[39m[36mthis[39m[e[33m.[39mkey[33m.[39mtyp
[23me](e[33m.[39mkey[33m,[39mt)[33m,[39mt[33m.[39mwrite([32m"]"[39m))[33m:[39m[36mthis[39m[e[33m.[39mkey[33m.[39mtype](e[33m.[39mkey[33m,[39mt)[33m,[39mt[33m.[39mwrite([32m":
[23m"[39m))[33m,[39m[36mthis[39m[e[33m.[39mvalue[33m.[39mtype](e[33m.[39mvalue[33m,[39mt))}[33m,[39m[33mObjectPattern[39m(e[33m,[39mt){[36mif[39m(t[33m.[39mwrite([32m"{"[39m)[33m,[39me[33m.[39mpropert
[23mies[33m.[39mlength[33m>[39m[35m0[39m){[36mconst[39m{properties[33m:[39mn}[33m=[39me[33m,[39m{length[33m:[39mr}[33m=[39mn[33m;[39m[36mfor[39m([36mlet[39m
[23me[33m=[39m[35m0[39m[33m;[39m[36mthis[39m[n[e][33m.[39mtype](n[e][33m,[39mt)[33m,[39m[33m++[39me[33m<[39m[33mr[39m[33m;[39m)t[33m.[39mwrite([32m",
[23m"[39m)}t[33m.[39mwrite([32m"}"[39m)}[33m,[39m[33mSequenceExpression[39m(e[33m,[39mt){[33mO[39m(t[33m,[39me[33m.[39mexpressions)}[33m,[39m[33mUnaryExpression[39m(e[33m,[39mt
[23m){[36mif[39m(e[33m.[39mprefix){[36mconst[39m{operator[33m:[39mn[33m,[39margument[33m:[39mr[33m,[39margument[33m:[39m{type[33m:[39mi}}[33m=[39me[33m;[39mt[33m.[39mwrite(n)[33m;[39m[36mconst[39m
[23m s[33m=[39m[33mN[39m(t[33m,[39mr[33m,[39me)[33m;[39ms[33m||[39m[33m![39m(n[33m.[39mlength[33m>[39m[35m1[39m)[33m&&[39m([32m"U"[39m[33m!==[39mi[[35m0[39m][33m||[39m[32m"n"[39m[33m!==[39mi[[35m1[39m][33m&&[39m[32m"p"[39m[33m!==[39mi[[35m1[39m][33m||[39m[33m![39mr[33m.[39mprefix[33m||[39mr[33m.
[23m[39moperator[[35m0[39m][33m!==[39mn[33m||[39m[32m"+"[39m[33m!==[39mn[33m&&[39m[32m"-"[39m[33m!==[39mn)[33m||[39mt[33m.[39mwrite([32m" "[39m)[33m,[39ms[33m?[39m(t[33m.[39mwrite(n[33m.[39mlength[33m>[39m[35m1[39m[33m?[39m[32m"
[23m("[39m[33m:[39m[32m"("[39m)[33m,[39m[36mthis[39m[i](r[33m,[39mt)[33m,[39mt[33m.[39mwrite([32m")"[39m))[33m:[39m[36mthis[39m[i](r[33m,[39mt)}[36melse[39m
[23m[36mthis[39m[e[33m.[39margument[33m.[39mtype](e[33m.[39margument[33m,[39mt)[33m,[39mt[33m.[39mwrite(e[33m.[39moperator)}[33m,[39m[33mUpdateExpression[39m(e[33m,[39mt){e
[23m[33m.[39mprefix[33m?[39m(t[33m.[39mwrite(e[33m.[39moperator)[33m,[39m[36mthis[39m[e[33m.[39margument[33m.[39mtype](e[33m.[39margument[33m,[39mt))[33m:[39m([36mthis[39m[e[33m.[39margume
[23mnt[33m.[39mtype](e[33m.[39margument[33m,[39mt)[33m,[39mt[33m.[39mwrite(e[33m.[39moperator))}[33m,[39m[33mAssignmentExpression[39m(e[33m,[39mt){[36mthis[39m[e[33m.[39mle
[23mft[33m.[39mtype](e[33m.[39mleft[33m,[39mt)[33m,[39mt[33m.[39mwrite([32m" "[39m[33m+[39me[33m.[39moperator[33m+[39m[32m" "[39m)[33m,[39m[36mthis[39m[e[33m.[39mright[33m.[39mtype](e[33m.[39mright[33m,[39mt)}[33m,[39m[33mAs
[23msignmentPattern[39m(e[33m,[39mt){[36mthis[39m[e[33m.[39mleft[33m.[39mtype](e[33m.[39mleft[33m,[39mt)[33m,[39mt[33m.[39mwrite([32m" =
[23m"[39m)[33m,[39m[36mthis[39m[e[33m.[39mright[33m.[39mtype](e[33m.[39mright[33m,[39mt)}[33m,[39m[33mBinaryExpression[39m[33m:[39mq[33m=[39m[36mfunction[39m(e[33m,[39mt){[36mconst[39m
[23mn[33m=[39m[32m"in"[39m[33m===[39me[33m.[39moperator[33m;[39mn[33m&&[39mt[33m.[39mwrite([32m"("[39m)[33m,[39m[33mM[39m(t[33m,[39me[33m.[39mleft[33m,[39me[33m,[39m[33m![39m[35m1[39m)[33m,[39mt[33m.[39mwrite([32m" "[39m[33m+[39me[33m.[39moperator[33m+[39m[32m"
[23m"[39m)[33m,[39m[33mM[39m(t[33m,[39me[33m.[39mright[33m,[39me[33m,[39m[33m![39m[35m0[39m)[33m,[39mn[33m&&[39mt[33m.[39mwrite([32m")"[39m)}[33m,[39m[33mLogicalExpression[39m[33m:[39mq[33m,[39m[33mConditionalExpression[39m(
[23me[33m,[39mt){[36mconst[39m{test[33m:[39mn}[33m=[39me[33m,[39mr[33m=[39mt[33m.[39mexpressionsPrecedence[n[33m.[39mtype][33m;[39mr[33m===[39m[33mP[39m[33m||[39mr[33m<=[39mt[33m.[39mexpressionsPr
[23mecedence[33m.[39m[33mConditionalExpression[39m[33m?[39m(t[33m.[39mwrite([32m"("[39m)[33m,[39m[36mthis[39m[n[33m.[39mtype](n[33m,[39mt)[33m,[39mt[33m.[39mwrite([32m")"[39m))[33m:[39m[36mthi
[23ms[39m[n[33m.[39mtype](n[33m,[39mt)[33m,[39mt[33m.[39mwrite([32m" ? "[39m)[33m,[39m[36mthis[39m[e[33m.[39mconsequent[33m.[39mtype](e[33m.[39mconsequent[33m,[39mt)[33m,[39mt[33m.[39mwrite([32m"
[23m: "[39m)[33m,[39m[36mthis[39m[e[33m.[39malternate[33m.[39mtype](e[33m.[39malternate[33m,[39mt)}[33m,[39m[33mNewExpression[39m(e[33m,[39mt){t[33m.[39mwrite([32m"new
[23m"[39m)[33m;[39m[36mconst[39m n[33m=[39mt[33m.[39mexpressionsPrecedence[e[33m.[39mcallee[33m.[39mtype][33m;[39mn[33m===[39m[33mP[39m[33m||[39mn[33m<[39m[33mt[39m[33m.[39mexpressionsPreceden
[23mce[33m.[39m[33mCallExpression[39m[33m||[39m[36mfunction[39m(e){[36mlet[39m t[33m=[39me[33m;[39m[36mfor[39m([33m;[39m[36mnull[39m[33m!=[39mt[33m;[39m){[36mconst[39m{type[33m:[39me}[33m=[39mt[33m;[39m[36mif[39m([32m"C"[39m[33m===[39me
[23m[[35m0[39m][33m&&[39m[32m"a"[39m[33m===[39me[[35m1[39m])[36mreturn[39m[33m![39m[35m0[39m[33m;[39m[36mif[39m([32m"M"[39m[33m!==[39me[[35m0[39m][33m||[39m[32m"e"[39m[33m!==[39me[[35m1[39m][33m||[39m[32m"m"[39m[33m!==[39me[[35m2[39m])[36mreturn[39m[33m![39m[35m1[39m[33m;[39mt[33m=[39mt[33m.[39mobje
[23mct}}(e[33m.[39mcallee)[33m?[39m(t[33m.[39mwrite([32m"("[39m)[33m,[39m[36mthis[39m[e[33m.[39mcallee[33m.[39mtype](e[33m.[39mcallee[33m,[39mt)[33m,[39mt[33m.[39mwrite([32m")"[39m))[33m:[39m[36mthis[39m[
[23me[33m.[39mcallee[33m.[39mtype](e[33m.[39mcallee[33m,[39mt)[33m,[39m[33mO[39m(t[33m,[39me[33m.[39marguments)}[33m,[39m[33mCallExpression[39m(e[33m,[39mt){[36mconst[39m
[23mn[33m=[39mt[33m.[39mexpressionsPrecedence[e[33m.[39mcallee[33m.[39mtype][33m;[39mn[33m===[39m[33mP[39m[33m||[39mn[33m<[39m[33mt[39m[33m.[39mexpressionsPrecedence[33m.[39m[33mCallEx
[23mpression[39m[33m?[39m(t[33m.[39mwrite([32m"("[39m)[33m,[39m[36mthis[39m[e[33m.[39mcallee[33m.[39mtype](e[33m.[39mcallee[33m,[39mt)[33m,[39mt[33m.[39mwrite([32m")"[39m))[33m:[39m[36mthis[39m[e[33m.[39mcall
[23mee[33m.[39mtype](e[33m.[39mcallee[33m,[39mt)[33m,[39me[33m.[39moptional[33m&&[39mt[33m.[39mwrite([32m"?."[39m)[33m,[39m[33mO[39m(t[33m,[39me[33m.[39marguments)}[33m,[39m[33mChainExpression
[23m[39m(e[33m,[39mt){[36mthis[39m[e[33m.[39mexpression[33m.[39mtype](e[33m.[39mexpression[33m,[39mt)}[33m,[39m[33mMemberExpression[39m(e[33m,[39mt){[36mconst[39m
[23mn[33m=[39mt[33m.[39mexpressionsPrecedence[e[33m.[39mobject[33m.[39mtype][33m;[39mn[33m===[39m[33mP[39m[33m||[39mn[33m<[39m[33mt[39m[33m.[39mexpressionsPrecedence[33m.[39m[33mMember
[23mExpression[39m[33m?[39m(t[33m.[39mwrite([32m"("[39m)[33m,[39m[36mthis[39m[e[33m.[39mobject[33m.[39mtype](e[33m.[39mobject[33m,[39mt)[33m,[39mt[33m.[39mwrite([32m")"[39m))[33m:[39m[36mthis[39m[e[33m.[39mob
[23mject[33m.[39mtype](e[33m.[39mobject[33m,[39mt)[33m,[39me[33m.[39mcomputed[33m?[39m(e[33m.[39moptional[33m&&[39mt[33m.[39mwrite([32m"?."[39m)[33m,[39mt[33m.[39mwrite([32m"["[39m)[33m,[39m[36mthis[39m[e
[23m[33m.[39mproperty[33m.[39mtype](e[33m.[39mproperty[33m,[39mt)[33m,[39mt[33m.[39mwrite([32m"]"[39m))[33m:[39m(e[33m.[39moptional[33m?[39mt[33m.[39mwrite([32m"?."[39m)[33m:[39mt[33m.[39mwrite([32m".
[23m"[39m)[33m,[39m[36mthis[39m[e[33m.[39mproperty[33m.[39mtype](e[33m.[39mproperty[33m,[39mt))}[33m,[39m[33mMetaProperty[39m(e[33m,[39mt){t[33m.[39mwrite(e[33m.[39mmeta[33m.[39mname[33m+[39m[32m"
[23m."[39m[33m+[39me[33m.[39mproperty[33m.[39mname[33m,[39me)}[33m,[39m[33mIdentifier[39m(e[33m,[39mt){t[33m.[39mwrite(e[33m.[39mname[33m,[39me)}[33m,[39m[33mLiteral[39m(e[33m,[39mt){[36mnull[39m[33m!=[39me[33m.[39mr
[23maw[33m?[39mt[33m.[39mwrite(e[33m.[39mraw[33m,[39me)[33m:[39m[36mnull[39m[33m!=[39me[33m.[39mregex[33m?[39m[36mthis[39m[33m.[39m[33mRegExpLiteral[39m(e[33m,[39mt)[33m:[39m[36mnull[39m[33m!=[39me[33m.[39mbigint[33m?[39mt[33m.[39mwrite
[23m(e[33m.[39mbigint[33m+[39m[32m"n"[39m[33m,[39me)[33m:[39mt[33m.[39mwrite([33mT[39m(e[33m.[39mvalue)[33m,[39me)}[33m,[39m[33mRegExpLiteral[39m(e[33m,[39mt){[36mconst[39m{regex[33m:[39mn}[33m=[39me[33m;[39mt[33m.[39mwr
[23mite([32m`/${n.pattern}/${n.flags}`[39m[33m,[39me)}}[33m,[39m[33mW[39m[33m=[39m{}[33m,[39m[33mG[39m[33m=[39m[33mH[39m[33m;[39m[36mclass[39m [33mQ[39m{constructor(e){[36mconst[39m
[23mt[33m=[39m[36mnull[39m[33m==[39me[33m?[39m[33mW[39m[33m:[39me[33m;[39m[36mthis[39m[33m.[39moutput[33m=[39m[32m""[39m[33m,[39m[36mnull[39m[33m!=[39mt[33m.[39moutput[33m?[39m([36mthis[39m[33m.[39moutput[33m=[39mt[33m.[39moutput[33m,[39m[36mthis[39m[33m.[39mwrite[33m=[39m[36mthi
[23ms[39m[33m.[39mwriteToStream)[33m:[39m[36mthis[39m[33m.[39moutput[33m=[39m[32m""[39m[33m,[39m[36mthis[39m[33m.[39mgenerator[33m=[39m[36mnull[39m[33m!=[39mt[33m.[39mgenerator[33m?[39mt[33m.[39mgenerator[33m:[39m[33mH[39m[33m,[39m[36mt
[23mhis[39m[33m.[39mexpressionsPrecedence[33m=[39m[36mnull[39m[33m!=[39mt[33m.[39mexpressionsPrecedence[33m?[39mt[33m.[39mexpressionsPrecedence[33m:
[23m[39m[33mL[39m[33m,[39m[36mthis[39m[33m.[39mindent[33m=[39m[36mnull[39m[33m!=[39mt[33m.[39mindent[33m?[39mt[33m.[39mindent[33m:[39m[32m"  "[39m[33m,[39m[36mthis[39m[33m.[39mlineEnd[33m=[39m[36mnull[39m[33m!=[39mt[33m.[39mlineEnd[33m?[39mt[33m.[39mlineEn
[23md[33m:[39m[32m"\n"[39m[33m,[39m[36mthis[39m[33m.[39mindentLevel[33m=[39m[36mnull[39m[33m!=[39mt[33m.[39mstartingIndentLevel[33m?[39mt[33m.[39mstartingIndentLevel[33m:[39m[35m0[39m[33m,[39m[36mthis
[23m[39m[33m.[39mwriteComments[33m=[39m[33m![39m[33m![39mt[33m.[39mcomments[33m&&[39mt[33m.[39mcomments[33m,[39m[36mnull[39m[33m!=[39mt[33m.[39msourceMap[33m&&[39m([36mthis[39m[33m.[39mwrite[33m=[39m[36mnull[39m[33m==[39mt[33m.[39mo
[23mutput[33m?[39m[36mthis[39m[33m.[39mwriteAndMap[33m:[39m[36mthis[39m[33m.[39mwriteToStreamAndMap[33m,[39m[36mthis[39m[33m.[39msourceMap[33m=[39mt[33m.[39msourceMap[33m,[39m[36mthis[39m[33m.
[23m[39mline[33m=[39m[35m1[39m[33m,[39m[36mthis[39m[33m.[39mcolumn[33m=[39m[35m0[39m[33m,[39m[36mthis[39m[33m.[39mlineEndSize[33m=[39m[36mthis[39m[33m.[39mlineEnd[33m.[39msplit([32m"\n"[39m)[33m.[39mlength[33m-[39m[35m1[39m[33m,[39m[36mthis[39m[33m.[39mmap
[23mping[33m=[39m{original[33m:[39m[36mnull[39m[33m,[39mgenerated[33m:[39m[36mthis[39m[33m,[39mname[33m:[39m[36mvoid[39m
[23m[35m0[39m[33m,[39msource[33m:[39mt[33m.[39msourceMap[33m.[39mfile[33m||[39mt[33m.[39msourceMap[33m.[39m_file})}write(e){[36mthis[39m[33m.[39moutput[33m+=[39me}writeToSt
[23mream(e){[36mthis[39m[33m.[39moutput[33m.[39mwrite(e)}writeAndMap(e[33m,[39mt){[36mthis[39m[33m.[39moutput[33m+=[39me[33m,[39m[36mthis[39m[33m.[39mmap(e[33m,[39mt)}write
[23mToStreamAndMap(e[33m,[39mt){[36mthis[39m[33m.[39moutput[33m.[39mwrite(e)[33m,[39m[36mthis[39m[33m.[39mmap(e[33m,[39mt)}map(e[33m,[39mt){[36mif[39m([36mnull[39m[33m!=[39mt){[36mcons
[23mt[39m{type[33m:[39mn}[33m=[39mt[33m;[39m[36mif[39m([32m"L"[39m[33m===[39mn[[35m0[39m][33m&&[39m[32m"n"[39m[33m===[39mn[[35m2[39m])[36mreturn[39m [36mthis[39m[33m.[39mcolumn[33m=[39m[35m0[39m[33m,[39m[36mvoid[39m
[23m[36mthis[39m[33m.[39mline[33m++[39m[33m;[39m[36mif[39m([36mnull[39m[33m!=[39mt[33m.[39mloc){[36mconst[39m{mapping[33m:[39me}[33m=[39m[36mthis[39m[33m;[39me[33m.[39moriginal[33m=[39mt[33m.[39mloc[33m.[39mstart[33m,[39me[33m.[39mname[33m=
[23m[39mt[33m.[39mname[33m,[39m[36mthis[39m[33m.[39msourceMap[33m.[39maddMapping(e)}[36mif[39m([32m"T"[39m[33m===[39mn[[35m0[39m][33m&&[39m[32m"E"[39m[33m===[39mn[[35m8[39m][33m||[39m[32m"L"[39m[33m===[39mn[[35m0[39m][33m&&[39m[32m"i"[39m[33m==
[23m=[39mn[[35m1[39m][33m&&[39m[32m"string"[39m[33m==[39m[36mtypeof[39m
[23mt[33m.[39mvalue){[36mconst[39m{length[33m:[39mt}[33m=[39me[33m;[39m[36mlet[39m{column[33m:[39mn[33m,[39mline[33m:[39mr}[33m=[39m[36mthis[39m[33m;[39m[36mfor[39m([36mlet[39m
[23mi[33m=[39m[35m0[39m[33m;[39mi[33m<[39m[33mt[39m[33m;[39mi[33m++[39m)[32m"\n"[39m[33m===[39me[i][33m?[39m(n[33m=[39m[35m0[39m[33m,[39mr[33m++[39m)[33m:[39mn[33m++[39m[33m;[39m[36mreturn[39m
[23m[36mthis[39m[33m.[39mcolumn[33m=[39mn[33m,[39m[36mvoid[39m([36mthis[39m[33m.[39mline[33m=[39mr)}}[36mconst[39m{length[33m:[39mn}[33m=[39me[33m,[39m{lineEnd[33m:[39mr}[33m=[39m[36mthis[39m[33m;[39mn[33m>[39m[35m0[39m[33m&&[39m([36mthis[39m[33m.[39ml
[23mineEndSize[33m>[39m[35m0[39m[33m&&[39m([35m1[39m[33m===[39mr[33m.[39mlength[33m?[39me[n[33m-[39m[35m1[39m][33m===[39mr[33m:[39me[33m.[39mendsWith(r))[33m?[39m([36mthis[39m[33m.[39mline[33m+=[39m[36mthis[39m[33m.[39mlineEndSi
[23mze[33m,[39m[36mthis[39m[33m.[39mcolumn[33m=[39m[35m0[39m)[33m:[39m[36mthis[39m[33m.[39mcolumn[33m+=[39mn)}toString(){[36mreturn[39m [36mthis[39m[33m.[39moutput}}[36mfunction[39m
[23m[33mK[39m(e){[36mreturn[39m[32m"&#x"[39m[33m+[39me[33m.[39mtoString([35m16[39m)[33m.[39mtoUpperCase()[33m+[39m[32m";"[39m}[36mfunction[39m
[23m[33mY[39m(e){[36mvar[39m{[33mSourceMapGenerator[39m[33m:[39mt}[33m=[39me[33m;[39m[36mthis[39m[33m.[39m[33mCompiler[39m[33m=[39m[36mfunction[39m(e[33m,[39mn){[36mvar[39m r[33m;[39mt[33m&&[39m(r[33m=[39m[36mnew[39m
[23mt({file[33m:[39mn[33m.[39mpath[33m||[39m[32m"unknown.mdx"[39m}))[33m;[39m[36mvar[39m i[33m=[39m[36mfunction[39m(e[33m,[39mt){[36mconst[39m n[33m=[39m[36mnew[39m [33mQ[39m(t)[33m;[39m[36mreturn[39m
[23mn[33m.[39mgenerator[e[33m.[39mtype](e[33m,[39mn)[33m,[39mn[33m.[39moutput}(e[33m,[39m{generator[33m:[39m[33mObject[39m[33m.[39massign({}[33m,[39m[33mG[39m[33m,[39m{[33mJSXAttribute
[23m[39m[33m:[39m[33mZ[39m[33m,[39m[33mJSXClosingElement[39m[33m:[39mee[33m,[39m[33mJSXClosingFragment[39m[33m:[39mte[33m,[39m[33mJSXElement[39m[33m:[39mne[33m,[39m[33mJSXEmptyExpression[39m[33m:[39mi
[23me[33m,[39m[33mJSXExpressionContainer[39m[33m:[39mse[33m,[39m[33mJSXFragment[39m[33m:[39mre[33m,[39m[33mJSXIdentifier[39m[33m:[39mue[33m,[39m[33mJSXMemberExpression[39m[33m:
[23m[39mle[33m,[39m[33mJSXNamespacedName[39m[33m:[39mce[33m,[39m[33mJSXOpeningElement[39m[33m:[39mae[33m,[39m[33mJSXOpeningFragment[39m[33m:[39moe[33m,[39m[33mJSXSpreadAttr
[23mibute[39m[33m:[39mpe[33m,[39m[33mJSXText[39m[33m:[39mhe})[33m,[39mcomments[33m:[39m[33m![39m[35m0[39m[33m,[39msourceMap[33m:[39mr})[33m;[39m[36mreturn[39m
[23mr[33m&&[39m(n[33m.[39mmap[33m=[39mr[33m.[39mtoJSON())[33m,[39mi}}[36mfunction[39m [33mZ[39m(e[33m,[39mt){[36mvar[39m n[33m;[39mt[33m.[39mwrite([32m"
[23m"[39m)[33m,[39m[36mthis[39m[e[33m.[39mname[33m.[39mtype](e[33m.[39mname[33m,[39mt)[33m,[39m[36mvoid[39m [35m0[39m[33m!==[39me[33m.[39mvalue[33m&&[39m[36mnull[39m[33m!==[39me[33m.[39mvalue[33m&&[39m(t[33m.[39mwrite([32m"="[39m)[33m,[39m[32m"
[23mLiteral"[39m[33m===[39me[33m.[39mvalue[33m.[39mtype[33m&&[39m[32m"string"[39m[33m==[39m[36mtypeof[39m
[23me[33m.[39mvalue[33m.[39mvalue[33m?[39mt[33m.[39mwrite([32m'"'[39m[33m+[39m(n[33m=[39m{subset[33m:[39m[[32m'"'[39m]}[33m,[39m[36mfunction[39m(e[33m,[39mt){[36mreturn[39m
[23me[33m=[39me[33m.[39mreplace(t[33m.[39msubset[33m?[39m[36mfunction[39m(e){[36mfor[39m([36mvar[39m t[33m=[39m[][33m,[39mn[33m=[39m[33m-[39m[35m1[39m[33m;[39m[33m++[39mn[33m<[39m[33me[39m[33m.[39mlength[33m;[39m)t[33m.[39mpush(e[n][33m.[39mrep
[23mlace([35m/[|\\{}()[\]^$+*?.]/g[39m[33m,[39m[32m"\\$&"[39m))[33m;[39m[36mreturn[39m [36mnew[39m
[23m[33mRegExp[39m([32m"(?:"[39m[33m+[39mt[33m.[39mjoin([32m"|"[39m)[33m+[39m[32m")"[39m[33m,[39m[32m"g"[39m)}(t[33m.[39msubset)[33m:[39m[35m/["&'<>`]/g[39m[33m,[39mn)[33m,[39mt[33m.[39msubset[33m||[39mt[33m.[39mescapeOn
[23mly[33m?[39me[33m:[39me[33m.[39mreplace([35m/[\uD800-\uDBFF][\uDC00-\uDFFF]/g[39m[33m,[39m[36mfunction[39m(e[33m,[39mn[33m,[39mr){[36mreturn[39m
[23mt[33m.[39mformat([35m1024[39m[33m*[39m(e[33m.[39mcharCodeAt([35m0[39m)[33m-[39m[35m55296[39m)[33m+[39me[33m.[39mcharCodeAt([35m1[39m)[33m-[39m[35m56320[39m[33m+[39m[35m65536[39m[33m,[39mr[33m.[39mcharCodeAt(n
[23m[33m+[39m[35m2[39m)[33m,[39mt)})[33m.[39mreplace([35m/[\x01-\t\v\f\x0E-\x1F\x7F\x81\x8D\x8F\x90\x9D\xA0-\uFFFF]/g[39m[33m,[39mn)
[23m[33m;[39m[36mfunction[39m n(e[33m,[39mn[33m,[39mr){[36mreturn[39m
[23mt[33m.[39mformat(e[33m.[39mcharCodeAt([35m0[39m)[33m,[39mr[33m.[39mcharCodeAt(n[33m+[39m[35m1[39m)[33m,[39mt)}}(e[33m.[39mvalue[33m.[39mvalue[33m,[39m[33mObject[39m[33m.[39massign({for
[23mmat[33m:[39m[33mK[39m}[33m,[39mn))[33m+[39m[32m'"'[39m)[33m,[39me)[33m:[39m[36mthis[39m[e[33m.[39mvalue[33m.[39mtype](e[33m.[39mvalue[33m,[39mt))}[36mfunction[39m
[23mee(e[33m,[39mt){[36mthis[39m[e[33m.[39mname[33m.[39mtype](e[33m.[39mname[33m,[39mt)}[36mfunction[39m te(e[33m,[39mt){t[33m.[39mwrite([32m"</>"[39m[33m,[39me)}[36mfunction[39m
[23mne(e[33m,[39mt){[36mvar[39m n[33m=[39m[33m-[39m[35m1[39m[33m;[39m[36mif[39m(t[33m.[39mwrite([32m"<"[39m)[33m,[39m[36mthis[39m[e[33m.[39mopeningElement[33m.[39mtype](e[33m.[39mopeningElement[33m,[39mt)
[23m[33m,[39me[33m.[39mclosingElement){[36mfor[39m(t[33m.[39mwrite([32m">"[39m)[33m;[39m[33m++[39mn[33m<[39m[33me[39m[33m.[39mchildren[33m.[39mlength[33m;[39m)[36mthis[39m[e[33m.[39mchildren[n][33m.[39mty
[23mpe](e[33m.[39mchildren[n][33m,[39mt)[33m;[39mt[33m.[39mwrite([32m"</"[39m)[33m,[39m[36mthis[39m[e[33m.[39mclosingElement[33m.[39mtype](e[33m.[39mclosingElement[33m,
[23m[39mt)[33m,[39mt[33m.[39mwrite([32m">"[39m)}[36melse[39m t[33m.[39mwrite([32m" />"[39m)}[36mfunction[39m re(e[33m,[39mt){[36mvar[39m
[23mn[33m=[39m[33m-[39m[35m1[39m[33m;[39m[36mfor[39m([36mthis[39m[e[33m.[39mopeningFragment[33m.[39mtype](e[33m.[39mopeningElement[33m,[39mt)[33m;[39m[33m++[39mn[33m<[39m[33me[39m[33m.[39mchildren[33m.[39mlength[33m;
[23m[39m)[36mthis[39m[e[33m.[39mchildren[n][33m.[39mtype](e[33m.[39mchildren[n][33m,[39mt)[33m;[39m[36mif[39m([33m![39me[33m.[39mclosingFragment)[36mthrow[39m [36mnew[39m
[23m[33mError[39m([32m"Cannot handle fragment w/o closing
[23mtag"[39m)[33m;[39m[36mthis[39m[e[33m.[39mclosingFragment[33m.[39mtype](e[33m.[39mclosingElement[33m,[39mt)}[36mfunction[39m ie(){}[36mfunction[39m
[23mse(e[33m,[39mt){t[33m.[39mwrite([32m"{"[39m)[33m,[39m[36mthis[39m[e[33m.[39mexpression[33m.[39mtype](e[33m.[39mexpression[33m,[39mt)[33m,[39mt[33m.[39mwrite([32m"}"[39m)}[36mfuncti
[23mon[39m ae(e[33m,[39mt){[36mvar[39m n[33m=[39m[33m-[39m[35m1[39m[33m;[39m[36mfor[39m([36mthis[39m[e[33m.[39mname[33m.[39mtype](e[33m.[39mname[33m,[39mt)[33m;[39m[33m++[39mn[33m<[39m[33me[39m[33m.[39mattributes[33m.[39mlength[33m;[39m)[36mthi
[23ms[39m[e[33m.[39mattributes[n][33m.[39mtype](e[33m.[39mattributes[n][33m,[39mt)}[36mfunction[39m
[23moe(e[33m,[39mt){t[33m.[39mwrite([32m"<>"[39m[33m,[39me)}[36mfunction[39m ue(e[33m,[39mt){t[33m.[39mwrite(e[33m.[39mname[33m,[39me)}[36mfunction[39m
[23mle(e[33m,[39mt){[36mthis[39m[e[33m.[39mobject[33m.[39mtype](e[33m.[39mobject[33m,[39mt)[33m,[39mt[33m.[39mwrite([32m"."[39m)[33m,[39m[36mthis[39m[e[33m.[39mproperty[33m.[39mtype](e[33m.[39mpro
[23mperty[33m,[39mt)}[36mfunction[39m ce(e[33m,[39mt){[36mthis[39m[e[33m.[39mnamespace[33m.[39mtype](e[33m.[39mnamespace[33m,[39mt)[33m,[39mt[33m.[39mwrite([32m":"[39m)[33m,[39m[36mthi
[23ms[39m[e[33m.[39mname[33m.[39mtype](e[33m.[39mname[33m,[39mt)}[36mfunction[39m pe(e[33m,[39mt){t[33m.[39mwrite([32m"
[23m{"[39m)[33m,[39m[36mthis[39m[33m.[39m[33mSpreadElement[39m(e[33m,[39mt)[33m,[39mt[33m.[39mwrite([32m"}"[39m)}[36mfunction[39m
[23mhe(e[33m,[39mt){t[33m.[39mwrite(e[33m.[39mraw[33m||[39me[33m.[39mvalue[33m,[39me)}[36mvar[39m de[33m=[39mr([35m4973[39m)[33m;[39m[36mfunction[39m fe(){[36mreturn[39m de}[36mvar[39m
[23mme[33m=[39mr([35m2854[39m)[33m;[39m[36mfunction[39m ge(){[36mreturn[39m xe}[36mfunction[39m xe(e){me(e[33m,[39m[32m"raw"[39m[33m,[39mye)}[36mfunction[39m
[23mye(e[33m,[39mt[33m,[39mn){[36mreturn[39m n[33m.[39mchildren[33m.[39msplice(t[33m,[39m[35m1[39m)[33m,[39mt}[36mfunction[39m ve(){[36mreturn[39m [33mAe[39m}[36mfunction[39m
[23m[33mAe[39m(e){me(e[33m,[39mbe)}[36mfunction[39m be(e[33m,[39mt[33m,[39mn){[36mvar[39m r[33m,[39mi[33m=[39m[33m-[39m[35m1[39m[33m,[39ms[33m=[39m[33m![39m[35m0[39m[33m;[39m[36mif[39m(n[33m&&[39m[32m"paragraph"[39m[33m===[39me[33m.[39mtype){[36mfo
[23mr[39m([33m;[39m[33m++[39mi[33m<[39m[33me[39m[33m.[39mchildren[33m.[39mlength[33m;[39m)[36mif[39m([32m"mdxJsxTextElement"[39m[33m===[39me[33m.[39mchildren[i][33m.[39mtype[33m||[39m[32m"mdxTextE
[23mxpression"[39m[33m===[39me[33m.[39mchildren[i][33m.[39mtype)r[33m=[39m[33m![39m[35m0[39m[33m;[39m[36melse[39m
[23m[36mif[39m([32m"text"[39m[33m!==[39me[33m.[39mchildren[i][33m.[39mtype[33m||[39m[33m![39m[35m/^[\t\r\n ]+$/[39m[33m.[39mtest([33mString[39m(e[33m.[39mchildren[i][33m.[39mvalue)
[23m)){s[33m=[39m[33m![39m[35m1[39m[33m;[39m[36mbreak[39m}[36mif[39m(s[33m&&[39mr){[36mfor[39m(i[33m=[39m[33m-[39m[35m1[39m[33m;[39m[33m++[39mi[33m<[39m[33me[39m[33m.[39mchildren[33m.[39mlength[33m;[39m)[32m"mdxJsxTextElement"[39m[33m===[39me[33m.[39mc
[23mhildren[i][33m.[39mtype[33m&&[39m(e[33m.[39mchildren[i][33m.[39mtype[33m=[39m[32m"mdxJsxFlowElement"[39m)[33m,[39m[32m"mdxTextExpression"[39m[33m===
[23m[39me[33m.[39mchildren[i][33m.[39mtype[33m&&[39m(e[33m.[39mchildren[i][33m.[39mtype[33m=[39m[32m"mdxFlowExpression"[39m)[33m;[39m[36mreturn[39m
[23mn[33m.[39mchildren[33m.[39msplice(t[33m,[39m[35m1[39m[33m,[39m[33m...[39me[33m.[39mchildren)[33m,[39mt}}[32m"mdxJsxFlowElement"[39m[33m!==[39me[33m.[39mtype[33m&&[39m[32m"mdxJsxTex
[23mtElement"[39m[33m!==[39me[33m.[39mtype[33m||[39m((e[33m.[39mdata[33m||[39m(e[33m.[39mdata[33m=[39m{}))[33m.[39m_xdmExplicitJsx[33m=[39m[33m![39m[35m0[39m)}[36mvar[39m
[23m[33mEe[39m[33m=[39mr([35m6242[39m)[33m,[39m[33mCe[39m[33m=[39mr([35m2696[39m)[33m;[39m[36mfunction[39m [33mFe[39m(e){[36mlet[39m t[33m=[39m[36mthis[39m[33m.[39mdata()[33m;[39m[36mfunction[39m
[23mn(e[33m,[39mn){t[e][33m?[39mt[e][33m.[39mpush(n)[33m:[39mt[e][33m=[39m[n]}n([32m"micromarkExtensions"[39m[33m,[39m[33mEe[39m(e))[33m,[39mn([32m"fromMarkdown
[23mExtensions"[39m[33m,[39m[33mCe[39m[33m.[39mfromMarkdown)[33m,[39mn([32m"toMarkdownExtensions"[39m[33m,[39m[33mCe[39m[33m.[39mtoMarkdown)}[36mvar[39m
[23mwe[33m=[39m[[32m"mdxFlowExpression"[39m[33m,[39m[32m"mdxJsxFlowElement"[39m[33m,[39m[32m"mdxJsxTextElement"[39m[33m,[39m[32m"mdxTextExpressi
[23mon"[39m[33m,[39m[32m"mdxjsEsm"[39m][33m;[39m[36mfunction[39m ke(r[33m=[39m{}){[36mvar[39m{jsx[33m:[39mi[33m,[39mformat[33m:[39ms[33m,[39moutputFormat[33m:[39ma[33m,[39mproviderImpo
[23mrtSource[33m:[39mo[33m,[39mrecmaPlugins[33m:[39mu[33m,[39mrehypePlugins[33m:[39ml[33m,[39mremarkPlugins[33m:[39mc[33m,[39m[33mSourceMapGenerator[39m[33m:[39mp[33m,[39m[33m.
[23m..[39mh}[33m=[39mr[33m;[39m[36mif[39m([32m"detect"[39m[33m===[39ms)[36mthrow[39m [36mnew[39m [33mError[39m([32m"Incorrect `format: 'detect'`:
[23m`createProcessor` can support either `md` or `mdx`; it does not support
[23mdetecting the format"[39m)[33m;[39m[36mreturn[39m e()[33m.[39muse(t)[33m.[39muse([32m"md"[39m[33m===[39ms[33m?[39m[36mvoid[39m [35m0[39m[33m:[39m[33mFe[39m)[33m.[39muse(ve)[33m.[39muse(c)[33m.
[23m[39muse(n[33m,[39m{allowDangerousHtml[33m:[39m[33m![39m[35m0[39m[33m,[39mpassThrough[33m:[39mwe})[33m.[39muse(l)[33m.[39muse([32m"md"[39m[33m===[39ms[33m?[39mge[33m:[39m[36mvoid[39m
[23m[35m0[39m)[33m.[39muse(fe)[33m.[39muse([33mC[39m[33m,[39m{[33m...[39mh[33m,[39moutputFormat[33m:[39ma})[33m.[39muse(_[33m,[39m{providerImportSource[33m:[39mo[33m,[39moutputForm
[23mat[33m:[39ma})[33m.[39muse(i[33m?[39m[36mvoid[39m [35m0[39m[33m:[39m[33mA[39m[33m,[39m{outputFormat[33m:[39ma})[33m.[39muse([33mY[39m[33m,[39m{[33mSourceMapGenerator[39m[33m:[39mp})[33m.[39muse(u)}[36mvar[39m
[23m [33mDe[39m[33m=[39mr([35m939[39m)[33m,[39m[33mSe[39m[33m=[39mr([35m6024[39m)[33m.[39mmap(e[33m=>[39m[32m"."[39m[33m+[39me)[33m;[39m[36mfunction[39m [33mBe[39m(e[33m,[39mt){[36mvar[39m
[23mn[33m=[39m[33mDe[39m(e)[33m,[39m{format[33m:[39mr[33m,[39m[33m...[39mi}[33m=[39mt[33m||[39m{}[33m;[39m[36mreturn[39m{file[33m:[39mn[33m,[39moptions[33m:[39m{format[33m:[39m[32m"md"[39m[33m===[39mr[33m||[39m[32m"mdx"[39m[33m===[39mr[33m?
[23m[39mr[33m:[39m(i[33m.[39mmdExtensions[33m||[39m[33mSe[39m)[33m.[39mincludes(n[33m.[39mextname)[33m?[39m[32m"md"[39m[33m:[39m[32m"mdx"[39m[33m,[39m[33m...[39mi}}}[36mfunction[39m
[23m_e(e[33m,[39mt){[36mvar[39m{file[33m:[39mn[33m,[39moptions[33m:[39mr}[33m=[39m[33mBe[39m(e[33m,[39mt)[33m;[39m[36mreturn[39m ke(r)[33m.[39mprocess(n)}[36mfunction[39m
[23m[33mTe[39m(e[33m,[39mt){[36mvar[39m{file[33m:[39mn[33m,[39moptions[33m:[39mr}[33m=[39m[33mBe[39m(e[33m,[39mt)[33m;[39m[36mreturn[39m ke(r)[33m.[39mprocessSync(n)}[36mvar[39m
[23m[33mIe[39m[33m=[39m[33mObject[39m[33m.[39mgetPrototypeOf([33mPe[39m)[33m.[39mconstructor[33m;[39m[36masync[39m [36mfunction[39m [33mPe[39m(e[33m,[39mt){[36mreturn[39m [36mnew[39m
[23m[33mIe[39m([33mString[39m(e))(t)}[36mfunction[39m
[23m[33mLe[39m(e){[36mvar[39m{[33mFragment[39m[33m:[39mt[33m,[39mjsx[33m:[39mn[33m,[39mjsxs[33m:[39mr[33m,[39museMDXComponents[33m:[39mi[33m,[39m[33m...[39ms}[33m=[39me[33m||[39m{}[33m;[39m[36mif[39m([33m![39mt)[36mthrow[39m [36mnew[39m
[23m [33mError[39m([32m"Expected `Fragment` given to `evaluate`"[39m)[33m;[39m[36mif[39m([33m![39mn)[36mthrow[39m [36mnew[39m
[23m[33mError[39m([32m"Expected `jsx` given to `evaluate`"[39m)[33m;[39m[36mif[39m([33m![39mr)[36mthrow[39m [36mnew[39m [33mError[39m([32m"Expected
[23m`jsxs` given to `evaluate`"[39m)[33m;[39m[36mreturn[39m{compiletime[33m:[39m{[33m...[39ms[33m,[39moutputFormat[33m:[39m[32m"function-bod
[23my"[39m[33m,[39mproviderImportSource[33m:[39mi[33m?[39m[32m"#"[39m[33m:[39m[36mvoid[39m
[23m[35m0[39m}[33m,[39mruntime[33m:[39m{[33mFragment[39m[33m:[39mt[33m,[39mjsx[33m:[39mn[33m,[39mjsxs[33m:[39mr[33m,[39museMDXComponents[33m:[39mi}}}[36masync[39m [36mfunction[39m
[23m[33mOe[39m(e[33m,[39mt){[36mvar[39m{compiletime[33m:[39mn[33m,[39mruntime[33m:[39mr}[33m=[39m[33mLe[39m(t)[33m;[39m[36mreturn[39m [33mPe[39m([36mawait[39m _e(e[33m,[39mn)[33m,[39mr)}[36mfunction[39m
[23m[33mNe[39m(e[33m,[39mt){[36mvar[39m n[33m,[39mr[33m,[39m{compiletime[33m:[39mi[33m,[39mruntime[33m:[39ms}[33m=[39m[33mLe[39m(t)[33m;[39m[36mreturn[39m n[33m=[39m[33mTe[39m(e[33m,[39mi)[33m,[39mr[33m=[39ms[33m,[39m[36mnew[39m
[23m[33mFunction[39m([33mString[39m(n))(r)}})()[33m,[39mn[33m.[39mxdm[33m=[39mi})()}[33m,[39m{}][33m,[39m[32m"8fvLR"[39m[33m:[39m[[36mfunction[39m(e[33m,[39mt[33m,[39mn){[36mvar[39m
[23mr[33m=[39me([32m"@parcel/transformer-js/src/esmodule-helpers.js"[39m)[33m;[39mr[33m.[39mdefineInteropFlag(n)[33m,[39mr[33m.[39m[36me
[23mxport[39m(n[33m,[39m[32m"probSources"[39m[33m,[39m()[33m=>[39ma)[33m,[39mr[33m.[39m[36mexport[39m(n[33m,[39m[32m"getProblemURL"[39m[33m,[39m()[33m=>[39mo)[33m,[39mr[33m.[39m[36mexport[39m(n[33m,[39m[32m"getPr
[23moblemInfo"[39m[33m,[39m()[33m=>[39mc)[33m,[39mr[33m.[39m[36mexport[39m(n[33m,[39m[32m"generateProblemUniqueId"[39m[33m,[39m()[33m=>[39mp)[33m,[39mr[33m.[39m[36mexport[39m(n[33m,[39m[32m"autoGe
[23mnerateSolutionMetadata"[39m[33m,[39m()[33m=>[39mh)[33m,[39mr[33m.[39m[36mexport[39m(n[33m,[39m[32m"PROBLEM_PROGRESS_OPTIONS"[39m[33m,[39m()[33m=>[39md)[33m,[39mr[33m.[39m[36mex
[23mport[39m(n[33m,[39m[32m"PROBLEM_DIFFICULTY_OPTIONS"[39m[33m,[39m()[33m=>[39mf)[33m;[39m[36mvar[39m
[23mi[33m=[39me([32m"github-slugger"[39m)[33m,[39ms[33m=[39me([32m"../../content/ordering"[39m)[33m;[39m[36mconst[39m a[33m=[39m{[32m"AMC
[23m8"[39m[33m:[39m[[32m"https://artofproblemsolving.com/wiki/index.php/AMC_8"[39m[33m,[39m[32m"AMC 8 (Mathematical
[23mAssociation of America)"[39m[33m,[39m[32m"Most official solutions are compiled on the AoPS wiki
[23mfor the contest year."[39m][33m,[39m[32m"AMC
[23m10"[39m[33m:[39m[[32m"https://artofproblemsolving.com/wiki/index.php/AMC_10"[39m[33m,[39m[32m"AMC 10
[23m(Mathematical Association of America)"[39m[33m,[39m[32m"Most official solutions are compiled on
[23mthe AoPS wiki for the contest year."[39m][33m,[39m[32m"AMC
[23m12"[39m[33m:[39m[[32m"https://artofproblemsolving.com/wiki/index.php/AMC_12"[39m[33m,[39m[32m"AMC 12
[23m(Mathematical Association of America)"[39m[33m,[39m[32m"Most official solutions are compiled on
[23mthe AoPS wiki for the contest
[23myear."[39m][33m,[39m[33mAIME[39m[33m:[39m[[32m"https://artofproblemsolving.com/wiki/index.php/AIME"[39m[33m,[39m[32m"American
[23mInvitational Mathematics Examination"[39m[33m,[39m[32m"Most official solutions are compiled on
[23mthe AoPS wiki for the contest
[23myear."[39m][33m,[39m[33mUSAMO[39m[33m:[39m[[32m"https://artofproblemsolving.com/wiki/index.php/USAMO"[39m[33m,[39m[32m"United
[23mStates of America Mathematical Olympiad"[39m[33m,[39m[32m"Official solutions and discussions are
[23m archived on the AoPS wiki."[39m][33m,[39m[32m"AoPS
[23mWiki"[39m[33m:[39m[[32m"https://artofproblemsolving.com/wiki/index.php"[39m[33m,[39m[32m"Art of Problem Solving
[23mWiki"[39m[33m,[39m[32m"The AoPS wiki often includes multiple solutions and
[23mcommentary."[39m][33m,[39m[33mMAA[39m[33m:[39m[[32m"https://www.maa.org/math-competitions"[39m[33m,[39m[32m"Mathematical
[23mAssociation of America"[39m][33m,[39m[33mCustom[39m[33m:[39m[[32m"https://usamo.guide/"[39m[33m,[39m[32m"Custom Problem (USAMO
[23mGuide)"[39m]}[33m;[39m[36mfunction[39m o(e){[36mreturn[39m[32m`/problems/${`${(0,i.slug)(e.source)}-${(0,i.slug)
[23m((e.name||"").replace(" - ","
[23m"))}`}${e.uniqueId?`-${(0,i.slug)(e.uniqueId)}`:""}`[39m}[36mfunction[39m u(e[33m,[39mt){[36mif[39m([33m![39me[33m||[39m[32m"non
[23me"[39m[33m===[39me[33m.[39mtype[33m||[39m[33m![39me[33m.[39mtype)[36mreturn[39m{type[33m:[39m[32m"none"[39m}[33m;[39m[36mif[39m([32m"integer"[39m[33m===[39me[33m.[39mtype)[36mreturn[39m [36mvoid[39m
[23m[35m0[39m[33m===[39me[33m.[39mcorrect[33m||[39m[36mnull[39m[33m===[39me[33m.[39mcorrect[33m?[39m(console[33m.[39mwarn([32m`Problem ${t}: integer interaction
[23m missing "correct"; using none`[39m)[33m,[39m{type[33m:[39m[32m"none"[39m})[33m:[39m{type[33m:[39m[32m"integer"[39m[33m,[39mcorrect[33m:[39m[33mString[39m(e
[23m[33m.[39mcorrect)[33m.[39mtrim()}[33m;[39m[36mif[39m([32m"mcq"[39m[33m===[39me[33m.[39mtype){[36mconst[39m n[33m=[39me[33m.[39mchoices[33m,[39mr[33m=[39me[33m.[39mcorrectIndex[33m;[39m[36mreturn[39m[33m![39m[33mA
[23mrray[39m[33m.[39misArray(n)[33m||[39mn[33m.[39mlength[33m<[39m[35m2[39m[33m||[39m[32m"number"[39m[33m!=[39m[36mtypeof[39m
[23mr[33m||[39mr[33m<[39m[35m0[39m[33m||[39mr[33m>=[39mn[33m.[39mlength[33m?[39m(console[33m.[39mwarn([32m`Problem ${t}: invalid mcq interaction; using
[23mnone`[39m)[33m,[39m{type[33m:[39m[32m"none"[39m})[33m:[39m{type[33m:[39m[32m"mcq"[39m[33m,[39mchoices[33m:[39mn[33m,[39mcorrectIndex[33m:[39mr}}[36mreturn[39m{type[33m:[39m[32m"none"[39m}}
[23m[36mfunction[39m l(e[33m,[39mt[33m,[39mn){[36mif[39m([33m![39me[33m||[39m[33m![39me[33m.[39mmode[33m||[39m[32m"external"[39m[33m===[39me[33m.[39mmode)[36mreturn[39m{mode[33m:[39m[32m"external"[39m[33m,[39murl
[23m[33m:[39me[33m?[39m[33m.[39murl[33m?[39m[33m?[39mt}[33m;[39m[36mif[39m([32m"inline"[39m[33m===[39me[33m.[39mmode){[36mconst[39m r[33m=[39me[33m.[39mmarkdown[33m?[39m[33m.[39mtrim()[33m;[39m[36mreturn[39m
[23mr[33m?[39m{mode[33m:[39m[32m"inline"[39m[33m,[39mmarkdown[33m:[39me[33m.[39mmarkdown}[33m:[39m(console[33m.[39mwarn([32m`Problem ${n}: inline
[23msolutionReveal missing markdown; using
[23mexternal`[39m)[33m,[39m{mode[33m:[39m[32m"external"[39m[33m,[39murl[33m:[39mt})}[36mreturn[39m{mode[33m:[39m[32m"external"[39m[33m,[39murl[33m:[39mt}}[36mconst[39m
[23mc[33m=[39m(e[33m,[39mt)[33m=>[39m{t[33m||[39m(t[33m=[39ms)[33m;[39m[36mlet[39m n[33m,[39m{solutionMetadata[33m:[39mr[33m,[39minteraction[33m:[39mi[33m,[39msolutionReveal[33m:[39mo[33m,[39mstat
[23mement[33m:[39mc[33m,[39mauthor[33m:[39mp[33m,[39m[33m...[39md}[33m=[39me[33m;[39m[36mif[39m([33m![39m(d[33m.[39msource[33m&&[39md[33m.[39muniqueId[33m&&[39m[36mnull[39m[33m!==[39md[33m.[39misStarred[33m&&[39m[36mvoid[39m
[23m[35m0[39m[33m!==[39md[33m.[39misStarred[33m&&[39md[33m.[39mname[33m&&[39md[33m.[39murl[33m.[39mstartsWith([32m"http"[39m)))[36mthrow[39m console[33m.[39merror([32m"problem
[23mmetadata isn't valid"[39m[33m,[39me)[33m,[39m[36mnew[39m [33mError[39m([32m"Bad problem
[23mmetadata"[39m)[33m;[39m[36mif[39m([32m"none"[39m[33m===[39mr[33m.[39mkind){[36mconst[39m e[33m=[39mh(d[33m.[39msource[33m,[39md[33m.[39mname[33m,[39md[33m.[39murl)[33m;[39m[36mnull[39m[33m!==[39me[33m&&[39m(r[33m=[39me)}
[23m[36mif[39m([32m"autogen-label-from-site"[39m[33m===[39mr[33m.[39mkind){[36mconst[39m
[23mt[33m=[39mr[33m.[39msite[33m,[39mi[33m=[39mt[33m;[39m[36mif[39m([33m![39ma[33m.[39mhasOwnProperty(t)[33m||[39m[35m3[39m[33m!==[39ma[i][33m.[39mlength)[36mthrow[39m console[33m.[39merror(e)[33m,[39m[36mnew[39m
[23m [33mError[39m([32m"Couldn't autogenerate solution label from problem site
[23m"[39m[33m+[39mt)[33m;[39mn[33m=[39m{kind[33m:[39m[32m"label"[39m[33m,[39mlabel[33m:[39m[32m"Check "[39m[33m+[39mt[33m,[39mlabelTooltip[33m:[39ma[i][[35m2[39m]}}[36melse[39m [36mif[39m([32m"internal"[39m[33m==
[23m=[39mr[33m.[39mkind)n[33m=[39m{kind[33m:[39m[32m"internal"[39m[33m,[39m[33m...[39mr[33m.[39mhasHints[33m&&[39m{hasHints[33m:[39mr[33m.[39mhasHints}}[33m;[39m[36melse[39m
[23m[36mif[39m([32m"link"[39m[33m===[39mr[33m.[39mkind)n[33m=[39m{kind[33m:[39m[32m"link"[39m[33m,[39murl[33m:[39mr[33m.[39murl[33m,[39mlabel[33m:[39m[32m"External Sol"[39m}[33m;[39m[36melse[39m
[23m[36mif[39m([32m"none"[39m[33m===[39mr[33m.[39mkind)n[33m=[39m[36mnull[39m[33m;[39m[36melse[39m [36mif[39m([32m"in-module"[39m[33m===[39mr[33m.[39mkind){[36mif[39m([33m![39m(r[33m.[39mmoduleId [36min[39m
[23mt[33m.[39mmoduleIDToSectionMap))[36mthrow[39m [36mnew[39m [33mError[39m([32m`Problem ${e.uniqueId} - solution in
[23mnonexistent module: ${r.moduleId}`[39m)[33m;[39mn[33m=[39m{kind[33m:[39m[32m"link"[39m[33m,[39mlabel[33m:[39m[32m"In
[23mModule"[39m[33m,[39murl[33m:[39m[32m`https://usamo.guide/${t.moduleIDToSectionMap[r.moduleId]}/${r.modul
[23meId}#problem-${d.uniqueId}`[39m}}[36melse[39m{[36mif[39m([32m"sketch"[39m[33m!==[39mr[33m.[39mkind)[36mthrow[39m [36mnew[39m [33mError[39m([32m"Unknown
[23msolution metadata "[39m[33m+[39m[33mJSON[39m[33m.[39mstringify(r))[33m;[39mn[33m=[39m{kind[33m:[39m[32m"sketch"[39m[33m,[39msketch[33m:[39mr[33m.[39msketch}}[36mreturn[39m{
[23m[33m...[39md[33m,[39mstatement[33m:[39mc[33m,[39mauthor[33m:[39mp[33m,[39minteraction[33m:[39mu(i[33m,[39md[33m.[39muniqueId)[33m,[39msolutionReveal[33m:[39ml(o[33m,[39md[33m.[39murl[33m,[39md
[23m[33m.[39muniqueId)[33m,[39msolution[33m:[39mn}}[33m;[39m[36mfunction[39m p(e[33m,[39mt[33m,[39mn){[36mconst[39m r[33m=[39me[33m=>[39m([35m0[39m[33m,[39mi[33m.[39mslug)(e[33m.[39mreplace([32m" -
[23m"[39m[33m,[39m[32m" "[39m))[33m;[39m[36mreturn[39m[32m`${r(e)}-${r(t)}`[39m}[36mfunction[39m h(e[33m,[39mt[33m,[39mn){[36mreturn[39m a[33m.[39mhasOwnProperty(e)[33m&&[39m[35m3[39m[33m=
[23m==[39ma[e][33m.[39mlength[33m?[39m{kind[33m:[39m[32m"autogen-label-from-site"[39m[33m,[39msite[33m:[39me}[33m:[39m[36mnull[39m}[36mconst[39m d[33m=[39m[[32m"Not
[23mAttempted"[39m[33m,[39m[32m"Solving"[39m[33m,[39m[32m"Solved"[39m[33m,[39m[32m"Reviewing"[39m[33m,[39m[32m"Skipped"[39m[33m,[39m[32m"Ignored"[39m][33m,[39mf[33m=[39m[[32m"Very
[23mEasy"[39m[33m,[39m[32m"Easy"[39m[33m,[39m[32m"Normal"[39m[33m,[39m[32m"Hard"[39m[33m,[39m[32m"Very
[23mHard"[39m[33m,[39m[32m"Insane"[39m]}[33m,[39m{[32m"../../content/ordering"[39m[33m:[39m[32m"f3k4J"[39m[33m,[39m[32m"@parcel/transformer-js/src/e
[23msmodule-helpers.js"[39m[33m:[39m[32m"iuhht"[39m}]}[33m,[39m[[32m"li0r4"[39m][33m,[39m[32m"li0r4"[39m[33m,[39m[32m"parcelRequire4e9a"[39m)[33m;[39m
 [90m   |[39m
























































































                                                                         [31m[1m^[22m[39m[0m

File: .cache\compiled\gatsby-node.js:1:7188


[2K[1A[2K[G
[0m
[0m  [0m[97m[41mError[0m[37m[41m:[0m[37m[41m [0m[97m[41mThe problem algebra-algebraic-expressions-polynomials-symmetric-functio[0m
  [0m[97m[41mns-auto-0120 is in both extraProblems.json and in another module at the same t[0m
  [0m[97m[41mime. Remove this problem from extraProblems.json.[0m
[0m  [0m
[0m  [0m[90m-[0m [0m[93mgatsby-node.js[0m[90m:[0m[93m1[0m[37m [0m
[0m  [0m  [0m[90mC:/Coding/USAMO/usaco-guide/.cache/compiled/gatsby-node.js:1:7188[0m
[0m  [0m
[0m  [0m[90m-[0m [0m[37mArray.forEach[0m
[0m  [0m
[0m  [0m[90m-[0m [0m[93mgatsby-node.js[0m[90m:[0m[93m1[0m[37m [0m[37mObject.n.createPages[0m
[0m  [0m  [0m[90mC:/Coding/USAMO/usaco-guide/.cache/compiled/gatsby-node.js:1:6928[0m
[0m  [0m
[0m  [0m[90m-[0m [0m[93mtask_queues[0m[90m:[0m[93m105[0m[37m [0m[37mprocessTicksAndRejections[0m
[0m  [0m  [0m[90mnode:internal/process/task_queues:105:5[0m
[0m  [0m
[0m  [0m[90m-[0m [0m[93mapi-runner-node.js[0m[90m:[0m[93m487[0m[37m [0m[37mrunAPI[0m
[0m  [0m  [0m[90m[usaco-guide]/[gatsby]/src/utils/api-runner-node.js:487:16[0m
[0m  [0m
[0m

[2K[1A[2K[Gfailed createPages - 4.164s

